     VMA      LMA     Size Align Out     In      Symbol
       0        0        0     1 PAGE_SIZE = 512
       0        0        0     1 STACK_MIN_SIZE = DEFINED ( stack_min_size ) ? stack_min_size : 1500
       0        0        0     1 END_STACK = ORIGIN ( SRAM ) + LENGTH ( SRAM )
c0de0000 c0de0000     943f     8 .text
c0de0000 c0de0000        0     1         _text = .
c0de0000 c0de0000        0     1         _nvram_start = .
c0de0000 c0de0000       28     2         build/nanos2/obj/sdk/lib_standard_app/main.o:(.boot)
c0de0000 c0de0000        0     1                 $t.6
c0de0001 c0de0001       28     1                 main
c0de0028 c0de0028        0     1         _code = .
c0de0028 c0de0028       4a     2         build/nanos2/obj/app/src/address.o:(.text.address_from_pubkey)
c0de0028 c0de0028        0     1                 $t.0
c0de0029 c0de0029       4a     1                 address_from_pubkey
c0de0072 c0de0072      2e0     2         build/nanos2/obj/app/src/apdu/dispatcher.o:(.text.apdu_dispatcher)
c0de0072 c0de0072        0     1                 $t.0
c0de0073 c0de0073      2e0     1                 apdu_dispatcher
c0de0352 c0de0352        e     2         build/nanos2/obj/app/src/apdu/dispatcher.o:(.text.io_send_sw)
c0de0352 c0de0352        0     1                 $t.1
c0de0353 c0de0353        e     1                 io_send_sw
c0de0360 c0de0360        8     2         build/nanos2/obj/app/src/apdu/dispatcher.o:(.text.OUTLINED_FUNCTION_0)
c0de0360 c0de0360        0     1                 $t.2
c0de0361 c0de0361        8     1                 OUTLINED_FUNCTION_0
c0de0368 c0de0368       94     4         build/nanos2/obj/app/src/app_main.o:(.text.app_main)
c0de0368 c0de0368        0     1                 $t.0
c0de0369 c0de0369       94     1                 app_main
c0de03e8 c0de03e8        0     1                 $d.1
c0de03fc c0de03fc       28     4         build/nanos2/obj/app/src/handler/get_app_name.o:(.text.handler_get_app_name)
c0de03fc c0de03fc        0     1                 $t.0
c0de03fd c0de03fd       28     1                 handler_get_app_name
c0de0420 c0de0420        0     1                 $d.1
c0de0424 c0de0424       98     4         build/nanos2/obj/app/src/handler/get_public_key.o:(.text.handler_get_public_key)
c0de0424 c0de0424        0     1                 $t.0
c0de0425 c0de0425       98     1                 handler_get_public_key
c0de04b8 c0de04b8        0     1                 $d.1
c0de04bc c0de04bc        e     2         build/nanos2/obj/app/src/handler/get_public_key.o:(.text.io_send_sw)
c0de04bc c0de04bc        0     1                 $t.2
c0de04bd c0de04bd        e     1                 io_send_sw
c0de04ca c0de04ca       2e     2         build/nanos2/obj/app/src/handler/get_version.o:(.text.handler_get_version)
c0de04ca c0de04ca        0     1                 $t.0
c0de04cb c0de04cb       2e     1                 handler_get_version
c0de04f8 c0de04f8      168     4         build/nanos2/obj/app/src/handler/sign_tx.o:(.text.handler_sign_tx)
c0de04f8 c0de04f8        0     1                 $t.0
c0de04f9 c0de04f9      168     1                 handler_sign_tx
c0de0650 c0de0650        0     1                 $d.1
c0de0660 c0de0660        e     2         build/nanos2/obj/app/src/handler/sign_tx.o:(.text.io_send_sw)
c0de0660 c0de0660        0     1                 $t.2
c0de0661 c0de0661        e     1                 io_send_sw
c0de066e c0de066e       4e     2         build/nanos2/obj/app/src/handler/zkn_magicbox.o:(.text.handler_cmd_blake2b512)
c0de066e c0de066e        0     1                 $t.0
c0de066f c0de066f       4e     1                 handler_cmd_blake2b512
c0de06bc c0de06bc       16     2         build/nanos2/obj/app/src/handler/zkn_magicbox.o:(.text.io_send_response_pointer)
c0de06bc c0de06bc        0     1                 $t.1
c0de06bd c0de06bd       16     1                 io_send_response_pointer
c0de06d2 c0de06d2        e     2         build/nanos2/obj/app/src/handler/zkn_magicbox.o:(.text.io_send_sw)
c0de06d2 c0de06d2        0     1                 $t.2
c0de06d3 c0de06d3        e     1                 io_send_sw
c0de06e0 c0de06e0       3a     2         build/nanos2/obj/app/src/handler/zkn_magicbox.o:(.text.handler_cmd_keccakH)
c0de06e0 c0de06e0        0     1                 $t.3
c0de06e1 c0de06e1       3a     1                 handler_cmd_keccakH
c0de071c c0de071c       94     4         build/nanos2/obj/app/src/handler/zkn_magicbox.o:(.text.handler_cmd_bolos_stretch)
c0de071c c0de071c        0     1                 $t.4
c0de071d c0de071d       94     1                 handler_cmd_bolos_stretch
c0de07a4 c0de07a4        0     1                 $d.5
c0de07b0 c0de07b0      10c     4         build/nanos2/obj/app/src/handler/zkn_magicbox.o:(.text.handler_cmd_Poseidon)
c0de07b0 c0de07b0        0     1                 $t.6
c0de07b1 c0de07b1      10c     1                 handler_cmd_Poseidon
c0de08b4 c0de08b4        0     1                 $d.7
c0de08bc c0de08bc       8c     4         build/nanos2/obj/app/src/handler/zkn_magicbox.o:(.text.handler_cmd_Poseidon_ithRC)
c0de08bc c0de08bc        0     1                 $t.8
c0de08bd c0de08bd       8c     1                 handler_cmd_Poseidon_ithRC
c0de0940 c0de0940        0     1                 $d.9
c0de0948 c0de0948       82     2         build/nanos2/obj/app/src/handler/zkn_magicbox.o:(.text.handler_cmd_tEddsaPoseidon_Kpub)
c0de0948 c0de0948        0     1                 $t.12
c0de0949 c0de0949       82     1                 handler_cmd_tEddsaPoseidon_Kpub
c0de09ca c0de09ca       b2     2         build/nanos2/obj/app/src/handler/zkn_magicbox.o:(.text.handler_cmd_tEddsaPoseidon_Sign)
c0de09ca c0de09ca        0     1                 $t.13
c0de09cb c0de09cb       b2     1                 handler_cmd_tEddsaPoseidon_Sign
c0de0a7c c0de0a7c       e8     4         build/nanos2/obj/app/src/handler/zkn_magicbox.o:(.text.handler_cmd_tEddsaPoseidon)
c0de0a7c c0de0a7c        0     1                 $t.14
c0de0a7d c0de0a7d       e8     1                 handler_cmd_tEddsaPoseidon
c0de0b5c c0de0b5c        0     1                 $d.15
c0de0b64 c0de0b64      16c     4         build/nanos2/obj/app/src/handler/zkn_magicbox.o:(.text.handler_cmd_tEdwards)
c0de0b64 c0de0b64        0     1                 $t.16
c0de0b65 c0de0b65      16c     1                 handler_cmd_tEdwards
c0de0cc0 c0de0cc0        0     1                 $d.17
c0de0cd0 c0de0cd0      16a     2         build/nanos2/obj/app/src/handler/zkn_magicbox.o:(.text.handler_cmd_Interpolate)
c0de0cd0 c0de0cd0        0     1                 $t.20
c0de0cd1 c0de0cd1      16a     1                 handler_cmd_Interpolate
c0de0e3a c0de0e3a      190     2         build/nanos2/obj/app/src/handler/zkn_magicbox.o:(.text.handler_cmd_Split)
c0de0e3a c0de0e3a        0     1                 $t.21
c0de0e3b c0de0e3b      190     1                 handler_cmd_Split
c0de0fca c0de0fca       a0     2         build/nanos2/obj/app/src/handler/zkn_magicbox.o:(.text.handler_cmd_frostH)
c0de0fca c0de0fca        0     1                 $t.22
c0de0fcb c0de0fcb       a0     1                 handler_cmd_frostH
c0de106c c0de106c       6c     4         build/nanos2/obj/app/src/handler/zkn_magicbox.o:(.text.handler_cmd_encodeCommitment)
c0de106c c0de106c        0     1                 $t.23
c0de106d c0de106d       6c     1                 handler_cmd_encodeCommitment
c0de10d4 c0de10d4        0     1                 $d.24
c0de10d8 c0de10d8       88     4         build/nanos2/obj/app/src/handler/zkn_magicbox.o:(.text.handler_cmd_GroupCommitment)
c0de10d8 c0de10d8        0     1                 $t.25
c0de10d9 c0de10d9       88     1                 handler_cmd_GroupCommitment
c0de1158 c0de1158        0     1                 $d.26
c0de1160 c0de1160      178     4         build/nanos2/obj/app/src/handler/zkn_magicbox.o:(.text.handler_cmd_BindingFactors)
c0de1160 c0de1160        0     1                 $t.27
c0de1161 c0de1161      178     1                 handler_cmd_BindingFactors
c0de12c0 c0de12c0        0     1                 $d.28
c0de12d8 c0de12d8       c0     4         build/nanos2/obj/app/src/handler/zkn_magicbox.o:(.text.handler_get_insecure_secret)
c0de12d8 c0de12d8        0     1                 $t.30
c0de12d9 c0de12d9       c0     1                 handler_get_insecure_secret
c0de1390 c0de1390        0     1                 $d.31
c0de1398 c0de1398       70     4         build/nanos2/obj/app/src/handler/zkn_magicbox.o:(.text.handler_get_insecure_public)
c0de1398 c0de1398        0     1                 $t.32
c0de1399 c0de1399       70     1                 handler_get_insecure_public
c0de1404 c0de1404        0     1                 $d.33
c0de1408 c0de1408       8c     4         build/nanos2/obj/app/src/handler/zkn_magicbox.o:(.text.handler_cmd_tEddsaPoseidon_Sign_with_secret)
c0de1408 c0de1408        0     1                 $t.34
c0de1409 c0de1409       8c     1                 handler_cmd_tEddsaPoseidon_Sign_with_secret
c0de1490 c0de1490        0     1                 $d.35
c0de1494 c0de1494       e4     4         build/nanos2/obj/app/src/handler/zkn_magicbox.o:(.text.handler_cmd_conciliation)
c0de1494 c0de1494        0     1                 $t.36
c0de1495 c0de1495       e4     1                 handler_cmd_conciliation
c0de1564 c0de1564        0     1                 $d.37
c0de1578 c0de1578       3e     2         build/nanos2/obj/app/src/handler/zkn_magicbox.o:(.text.handler_cmd_frost_commit)
c0de1578 c0de1578        0     1                 $t.38
c0de1579 c0de1579       3e     1                 handler_cmd_frost_commit
c0de15b6 c0de15b6        8     2         build/nanos2/obj/app/src/handler/zkn_magicbox.o:(.text.OUTLINED_FUNCTION_0)
c0de15b6 c0de15b6        0     1                 $t.39
c0de15b7 c0de15b7        8     1                 OUTLINED_FUNCTION_0
c0de15be c0de15be        6     2         build/nanos2/obj/app/src/handler/zkn_magicbox.o:(.text.OUTLINED_FUNCTION_1)
c0de15be c0de15be        0     1                 $t.40
c0de15bf c0de15bf        6     1                 OUTLINED_FUNCTION_1
c0de15c4 c0de15c4        6     2         build/nanos2/obj/app/src/handler/zkn_magicbox.o:(.text.OUTLINED_FUNCTION_2)
c0de15c4 c0de15c4        0     1                 $t.41
c0de15c5 c0de15c5        6     1                 OUTLINED_FUNCTION_2
c0de15ca c0de15ca        6     2         build/nanos2/obj/app/src/handler/zkn_magicbox.o:(.text.OUTLINED_FUNCTION_3)
c0de15ca c0de15ca        0     1                 $t.42
c0de15cb c0de15cb        6     1                 OUTLINED_FUNCTION_3
c0de15d0 c0de15d0        e     2         build/nanos2/obj/app/src/handler/zkn_magicbox.o:(.text.OUTLINED_FUNCTION_4)
c0de15d0 c0de15d0        0     1                 $t.43
c0de15d1 c0de15d1        e     1                 OUTLINED_FUNCTION_4
c0de15de c0de15de        8     2         build/nanos2/obj/app/src/handler/zkn_magicbox.o:(.text.OUTLINED_FUNCTION_5)
c0de15de c0de15de        0     1                 $t.44
c0de15df c0de15df        8     1                 OUTLINED_FUNCTION_5
c0de15e6 c0de15e6        6     2         build/nanos2/obj/app/src/handler/zkn_magicbox.o:(.text.OUTLINED_FUNCTION_6)
c0de15e6 c0de15e6        0     1                 $t.45
c0de15e7 c0de15e7        6     1                 OUTLINED_FUNCTION_6
c0de15ec c0de15ec        6     2         build/nanos2/obj/app/src/handler/zkn_magicbox.o:(.text.OUTLINED_FUNCTION_7)
c0de15ec c0de15ec        0     1                 $t.46
c0de15ed c0de15ed        6     1                 OUTLINED_FUNCTION_7
c0de15f2 c0de15f2        6     2         build/nanos2/obj/app/src/handler/zkn_magicbox.o:(.text.OUTLINED_FUNCTION_8)
c0de15f2 c0de15f2        0     1                 $t.47
c0de15f3 c0de15f3        6     1                 OUTLINED_FUNCTION_8
c0de15f8 c0de15f8        6     2         build/nanos2/obj/app/src/handler/zkn_magicbox.o:(.text.OUTLINED_FUNCTION_9)
c0de15f8 c0de15f8        0     1                 $t.48
c0de15f9 c0de15f9        6     1                 OUTLINED_FUNCTION_9
c0de1600 c0de1600       44     4         build/nanos2/obj/app/src/helper/send_reponse.o:(.text.helper_send_response_pubkey)
c0de1600 c0de1600        0     1                 $t.0
c0de1601 c0de1601       44     1                 helper_send_response_pubkey
c0de1640 c0de1640        0     1                 $d.1
c0de1644 c0de1644       18     2         build/nanos2/obj/app/src/helper/send_reponse.o:(.text.io_send_response_pointer)
c0de1644 c0de1644        0     1                 $t.2
c0de1645 c0de1645       18     1                 io_send_response_pointer
c0de165c c0de165c       38     4         build/nanos2/obj/app/src/helper/send_reponse.o:(.text.helper_send_response_sig)
c0de165c c0de165c        0     1                 $t.3
c0de165d c0de165d       38     1                 helper_send_response_sig
c0de1690 c0de1690        0     1                 $d.4
c0de1694 c0de1694       12     2         build/nanos2/obj/app/src/helper/send_reponse.o:(.text.OUTLINED_FUNCTION_0)
c0de1694 c0de1694        0     1                 $t.7
c0de1695 c0de1695       12     1                 OUTLINED_FUNCTION_0
c0de16a6 c0de16a6       b4     2         build/nanos2/obj/app/src/swap/handle_check_address.o:(.text.swap_handle_check_address)
c0de16a6 c0de16a6        0     1                 $t.0
c0de16a7 c0de16a7       b4     1                 swap_handle_check_address
c0de175c c0de175c       58     4         build/nanos2/obj/app/src/swap/handle_get_printable_amount.o:(.text.swap_handle_get_printable_amount)
c0de175c c0de175c        0     1                 $t.0
c0de175d c0de175d       58     1                 swap_handle_get_printable_amount
c0de17b0 c0de17b0        0     1                 $d.1
c0de17b4 c0de17b4       80     4         build/nanos2/obj/app/src/swap/handle_swap_sign_transaction.o:(.text.swap_copy_transaction_parameters)
c0de17b4 c0de17b4        0     1                 $t.0
c0de17b5 c0de17b5       80     1                 swap_copy_transaction_parameters
c0de1830 c0de1830        0     1                 $d.1
c0de1834 c0de1834       80     4         build/nanos2/obj/app/src/swap/handle_swap_sign_transaction.o:(.text.swap_check_validity)
c0de1834 c0de1834        0     1                 $t.2
c0de1835 c0de1835       80     1                 swap_check_validity
c0de18b0 c0de18b0        0     1                 $d.3
c0de18b4 c0de18b4       be     2         build/nanos2/obj/app/src/transaction/deserialize.o:(.text.transaction_deserialize)
c0de18b4 c0de18b4        0     1                 $t.0
c0de18b5 c0de18b5       be     1                 transaction_deserialize
c0de1972 c0de1972       3a     2         build/nanos2/obj/app/src/transaction/utils.o:(.text.transaction_utils_check_encoding)
c0de1972 c0de1972        0     1                 $t.0
c0de1973 c0de1973       3a     1                 transaction_utils_check_encoding
c0de19ac c0de19ac        e     2         build/nanos2/obj/app/src/ui/action/validate.o:(.text.validate_pubkey)
c0de19ac c0de19ac        0     1                 $t.0
c0de19ad c0de19ad        e     1                 validate_pubkey
c0de19ba c0de19ba        e     2         build/nanos2/obj/app/src/ui/action/validate.o:(.text.io_send_sw)
c0de19ba c0de19ba        0     1                 $t.1
c0de19bb c0de19bb        e     1                 io_send_sw
c0de19c8 c0de19c8       a4     4         build/nanos2/obj/app/src/ui/action/validate.o:(.text.validate_transaction)
c0de19c8 c0de19c8        0     1                 $t.2
c0de19c9 c0de19c9       a4     1                 validate_transaction
c0de1a68 c0de1a68        0     1                 $d.3
c0de1a6c c0de1a6c        6     2         build/nanos2/obj/app/src/ui/menu_nbgl.o:(.text.app_quit)
c0de1a6c c0de1a6c        0     1                 $t.0
c0de1a6d c0de1a6d        6     1                 app_quit
c0de1a74 c0de1a74       90     4         build/nanos2/obj/app/src/ui/menu_nbgl.o:(.text.ui_menu_main)
c0de1a74 c0de1a74        0     1                 $t.1
c0de1a75 c0de1a75       90     1                 ui_menu_main
c0de1ad8 c0de1ad8        0     1                 $d.2
c0de1b04 c0de1b04       b4     4         build/nanos2/obj/app/src/ui/menu_nbgl.o:(.text.controls_callback)
c0de1b04 c0de1b04        0     1                 $t.3
c0de1b05 c0de1b05       b4     1                 controls_callback
c0de1b90 c0de1b90        0     1                 $d.4
c0de1bb8 c0de1bb8       7c     4         build/nanos2/obj/app/src/ui/menu_nbgl.o:(.text.review_warning_choice)
c0de1bb8 c0de1bb8        0     1                 $t.5
c0de1bb9 c0de1bb9       7c     1                 review_warning_choice
c0de1c18 c0de1c18        0     1                 $d.6
c0de1c34 c0de1c34        6     2         build/nanos2/obj/app/src/ui/menu_nbgl.o:(.text.OUTLINED_FUNCTION_0)
c0de1c34 c0de1c34        0     1                 $t.7
c0de1c35 c0de1c35        6     1                 OUTLINED_FUNCTION_0
c0de1c3c c0de1c3c       a4     4         build/nanos2/obj/app/src/ui/nbgl_display_address.o:(.text.ui_display_address)
c0de1c3c c0de1c3c        0     1                 $t.0
c0de1c3d c0de1c3d       a4     1                 ui_display_address
c0de1ccc c0de1ccc        0     1                 $d.1
c0de1ce0 c0de1ce0        e     2         build/nanos2/obj/app/src/ui/nbgl_display_address.o:(.text.io_send_sw)
c0de1ce0 c0de1ce0        0     1                 $t.2
c0de1ce1 c0de1ce1        e     1                 io_send_sw
c0de1cf0 c0de1cf0       20     4         build/nanos2/obj/app/src/ui/nbgl_display_address.o:(.text.review_choice)
c0de1cf0 c0de1cf0        0     1                 $t.3
c0de1cf1 c0de1cf1       20     1                 review_choice
c0de1d0c c0de1d0c        0     1                 $d.4
c0de1d10 c0de1d10       dc     4         build/nanos2/obj/app/src/ui/nbgl_display_transaction.o:(.text.ui_display_transaction_bs_choice)
c0de1d10 c0de1d10        0     1                 $t.0
c0de1d11 c0de1d11       dc     1                 ui_display_transaction_bs_choice
c0de1dcc c0de1dcc        0     1                 $d.1
c0de1dec c0de1dec        e     2         build/nanos2/obj/app/src/ui/nbgl_display_transaction.o:(.text.io_send_sw)
c0de1dec c0de1dec        0     1                 $t.2
c0de1ded c0de1ded        e     1                 io_send_sw
c0de1dfc c0de1dfc       1c     4         build/nanos2/obj/app/src/ui/nbgl_display_transaction.o:(.text.review_choice)
c0de1dfc c0de1dfc        0     1                 $t.3
c0de1dfd c0de1dfd       1c     1                 review_choice
c0de1e14 c0de1e14        0     1                 $d.4
c0de1e18 c0de1e18        6     2         build/nanos2/obj/app/src/ui/nbgl_display_transaction.o:(.text.ui_display_blind_signed_transaction)
c0de1e18 c0de1e18        0     1                 $t.5
c0de1e19 c0de1e19        6     1                 ui_display_blind_signed_transaction
c0de1e1e c0de1e1e        6     2         build/nanos2/obj/app/src/ui/nbgl_display_transaction.o:(.text.ui_display_transaction)
c0de1e1e c0de1e1e        0     1                 $t.6
c0de1e1f c0de1e1f        6     1                 ui_display_transaction
c0de1e24 c0de1e24       6c     4         build/nanos2/obj/app/src/zknox/ecc/zkn_eddsa.o:(.text.zkn_prv_hash)
c0de1e24 c0de1e24        0     1                 $t.0
c0de1e25 c0de1e25       6c     1                 zkn_prv_hash
c0de1e8c c0de1e8c        0     1                 $d.1
c0de1e90 c0de1e90       4e     2         build/nanos2/obj/app/src/zknox/ecc/zkn_eddsa.o:(.text.zkn_prv2pub)
c0de1e90 c0de1e90        0     1                 $t.2
c0de1e91 c0de1e91       4e     1                 zkn_prv2pub
c0de1ee0 c0de1ee0      2b4     4         build/nanos2/obj/app/src/zknox/ecc/zkn_eddsa.o:(.text.EddsaPoseidon_Sign_final)
c0de1ee0 c0de1ee0        0     1                 $t.4
c0de1ee1 c0de1ee1      2b4     1                 EddsaPoseidon_Sign_final
c0de218c c0de218c        0     1                 $d.5
c0de2194 c0de2194        8     2         build/nanos2/obj/app/src/zknox/ecc/zkn_eddsa.o:(.text.rev64)
c0de2194 c0de2194        0     1                 $t.6
c0de2195 c0de2195        8     1                 rev64
c0de219c c0de219c        6     2         build/nanos2/obj/app/src/zknox/ecc/zkn_eddsa.o:(.text.OUTLINED_FUNCTION_0)
c0de219c c0de219c        0     1                 $t.7
c0de219d c0de219d        6     1                 OUTLINED_FUNCTION_0
c0de21a2 c0de21a2        a     2         build/nanos2/obj/app/src/zknox/ecc/zkn_eddsa.o:(.text.OUTLINED_FUNCTION_1)
c0de21a2 c0de21a2        0     1                 $t.8
c0de21a3 c0de21a3        a     1                 OUTLINED_FUNCTION_1
c0de21ac c0de21ac       c4     2         build/nanos2/obj/app/src/zknox/ecc/zkn_frost.o:(.text.zkn_frost_interpolate)
c0de21ac c0de21ac        0     1                 $t.0
c0de21ad c0de21ad       c4     1                 zkn_frost_interpolate
c0de2270 c0de2270       86     2         build/nanos2/obj/app/src/zknox/ecc/zkn_frost.o:(.text.zkn_frost_interpolate_secrets)
c0de2270 c0de2270        0     1                 $t.1
c0de2271 c0de2271       86     1                 zkn_frost_interpolate_secrets
c0de22f6 c0de22f6       72     2         build/nanos2/obj/app/src/zknox/ecc/zkn_frost.o:(.text.zkn_evalshare)
c0de22f6 c0de22f6        0     1                 $t.3
c0de22f7 c0de22f7       72     1                 zkn_evalshare
c0de2368 c0de2368       38     4         build/nanos2/obj/app/src/zknox/ecc/zkn_frost.o:(.text.zkn_frost_nonce_generate)
c0de2368 c0de2368        0     1                 $t.4
c0de2369 c0de2369       38     1                 zkn_frost_nonce_generate
c0de239c c0de239c        0     1                 $d.5
c0de23a0 c0de23a0       1a     2         build/nanos2/obj/app/src/zknox/ecc/zkn_frost.o:(.text.zkn_frost_commit)
c0de23a0 c0de23a0        0     1                 $t.6
c0de23a1 c0de23a1       1a     1                 zkn_frost_commit
c0de23ba c0de23ba       fa     2         build/nanos2/obj/app/src/zknox/ecc/zkn_frost.o:(.text.zkn_encode_group_commitmentHash)
c0de23ba c0de23ba        0     1                 $t.7
c0de23bb c0de23bb       fa     1                 zkn_encode_group_commitmentHash
c0de24b4 c0de24b4       e2     2         build/nanos2/obj/app/src/zknox/ecc/zkn_frost.o:(.text.zkn_compute_group_commitment)
c0de24b4 c0de24b4        0     1                 $t.8
c0de24b5 c0de24b5       e2     1                 zkn_compute_group_commitment
c0de2596 c0de2596      106     2         build/nanos2/obj/app/src/zknox/ecc/zkn_frost.o:(.text.zkn_compute_binding_factors)
c0de2596 c0de2596        0     1                 $t.9
c0de2597 c0de2597      106     1                 zkn_compute_binding_factors
c0de269c c0de269c       10     2         build/nanos2/obj/app/src/zknox/ecc/zkn_frost.o:(.text.zkn_serialize_scalar_for_hash)
c0de269c c0de269c        0     1                 $t.10
c0de269d c0de269d       10     1                 zkn_serialize_scalar_for_hash
c0de26ac c0de26ac       b4     4         build/nanos2/obj/app/src/zknox/ecc/zkn_frost.o:(.text.compute_challenge)
c0de26ac c0de26ac        0     1                 $t.13
c0de26ad c0de26ad       b4     1                 compute_challenge
c0de275c c0de275c        0     1                 $d.14
c0de2760 c0de2760       94     2         build/nanos2/obj/app/src/zknox/ecc/zkn_frost.o:(.text.zkn_reconciliation)
c0de2760 c0de2760        0     1                 $t.15
c0de2761 c0de2761       94     1                 zkn_reconciliation
c0de27f4 c0de27f4       16     2         build/nanos2/obj/app/src/zknox/ecc/zkn_frost.o:(.text.OUTLINED_FUNCTION_0)
c0de27f4 c0de27f4        0     1                 $t.16
c0de27f5 c0de27f5       16     1                 OUTLINED_FUNCTION_0
c0de280a c0de280a        8     2         build/nanos2/obj/app/src/zknox/ecc/zkn_frost.o:(.text.OUTLINED_FUNCTION_1)
c0de280a c0de280a        0     1                 $t.17
c0de280b c0de280b        8     1                 OUTLINED_FUNCTION_1
c0de2812 c0de2812        8     2         build/nanos2/obj/app/src/zknox/ecc/zkn_frost.o:(.text.OUTLINED_FUNCTION_2)
c0de2812 c0de2812        0     1                 $t.18
c0de2813 c0de2813        8     1                 OUTLINED_FUNCTION_2
c0de281a c0de281a        6     2         build/nanos2/obj/app/src/zknox/ecc/zkn_frost.o:(.text.OUTLINED_FUNCTION_3)
c0de281a c0de281a        0     1                 $t.19
c0de281b c0de281b        6     1                 OUTLINED_FUNCTION_3
c0de2820 c0de2820        a     2         build/nanos2/obj/app/src/zknox/ecc/zkn_frost.o:(.text.OUTLINED_FUNCTION_4)
c0de2820 c0de2820        0     1                 $t.20
c0de2821 c0de2821        a     1                 OUTLINED_FUNCTION_4
c0de282a c0de282a       2a     2         build/nanos2/obj/app/src/zknox/ecc/zkn_tEdwards.o:(.text.tEdwards_alloc)
c0de282a c0de282a        0     1                 $t.0
c0de282b c0de282b       2a     1                 tEdwards_alloc
c0de2854 c0de2854       22     2         build/nanos2/obj/app/src/zknox/ecc/zkn_tEdwards.o:(.text.tEdwards_destroy)
c0de2854 c0de2854        0     1                 $t.1
c0de2855 c0de2855       22     1                 tEdwards_destroy
c0de2876 c0de2876       d6     2         build/nanos2/obj/app/src/zknox/ecc/zkn_tEdwards.o:(.text.tEdwards_double)
c0de2876 c0de2876        0     1                 $t.2
c0de2877 c0de2877       d6     1                 tEdwards_double
c0de294c c0de294c      130     2         build/nanos2/obj/app/src/zknox/ecc/zkn_tEdwards.o:(.text.tEdwards_add)
c0de294c c0de294c        0     1                 $t.3
c0de294d c0de294d      130     1                 tEdwards_add
c0de2a7c c0de2a7c       ac     2         build/nanos2/obj/app/src/zknox/ecc/zkn_tEdwards.o:(.text.tEdwards_IsOnCurve)
c0de2a7c c0de2a7c        0     1                 $t.4
c0de2a7d c0de2a7d       ac     1                 tEdwards_IsOnCurve
c0de2b28 c0de2b28      1e0     4         build/nanos2/obj/app/src/zknox/ecc/zkn_tEdwards.o:(.text.tEdwards_Curve_alloc_init)
c0de2b28 c0de2b28        0     1                 $t.5
c0de2b29 c0de2b29      1e0     1                 tEdwards_Curve_alloc_init
c0de2cdc c0de2cdc        0     1                 $d.6
c0de2d08 c0de2d08       7e     2         build/nanos2/obj/app/src/zknox/ecc/zkn_tEdwards.o:(.text.tEdwards_init)
c0de2d08 c0de2d08        0     1                 $t.7
c0de2d09 c0de2d09       7e     1                 tEdwards_init
c0de2d86 c0de2d86       92     2         build/nanos2/obj/app/src/zknox/ecc/zkn_tEdwards.o:(.text.tEdwards_Curve_partial_destroy)
c0de2d86 c0de2d86        0     1                 $t.9
c0de2d87 c0de2d87       92     1                 tEdwards_Curve_partial_destroy
c0de2e18 c0de2e18       26     2         build/nanos2/obj/app/src/zknox/ecc/zkn_tEdwards.o:(.text.tEdwards_SetNeutral)
c0de2e18 c0de2e18        0     1                 $t.11
c0de2e19 c0de2e19       26     1                 tEdwards_SetNeutral
c0de2e3e c0de2e3e       4c     2         build/nanos2/obj/app/src/zknox/ecc/zkn_tEdwards.o:(.text.tEdwards_export)
c0de2e3e c0de2e3e        0     1                 $t.12
c0de2e3f c0de2e3f       4c     1                 tEdwards_export
c0de2e8a c0de2e8a       5a     2         build/nanos2/obj/app/src/zknox/ecc/zkn_tEdwards.o:(.text.tEdwards_normalize)
c0de2e8a c0de2e8a        0     1                 $t.13
c0de2e8b c0de2e8b       5a     1                 tEdwards_normalize
c0de2ee4 c0de2ee4       26     2         build/nanos2/obj/app/src/zknox/ecc/zkn_tEdwards.o:(.text.tEdwards_copy)
c0de2ee4 c0de2ee4        0     1                 $t.14
c0de2ee5 c0de2ee5       26     1                 tEdwards_copy
c0de2f0a c0de2f0a       3e     2         build/nanos2/obj/app/src/zknox/ecc/zkn_tEdwards.o:(.text.tEdwards_alloc_init)
c0de2f0a c0de2f0a        0     1                 $t.15
c0de2f0b c0de2f0b       3e     1                 tEdwards_alloc_init
c0de2f48 c0de2f48       ca     2         build/nanos2/obj/app/src/zknox/ecc/zkn_tEdwards.o:(.text.tEdwards_scalarMul_bn)
c0de2f48 c0de2f48        0     1                 $t.17
c0de2f49 c0de2f49       ca     1                 tEdwards_scalarMul_bn
c0de3014 c0de3014       40     4         build/nanos2/obj/app/src/zknox/ecc/zkn_tEdwards.o:(.text.tEdwards_scalarMul)
c0de3014 c0de3014        0     1                 $t.18
c0de3015 c0de3015       40     1                 tEdwards_scalarMul
c0de3050 c0de3050        0     1                 $d.19
c0de3054 c0de3054        6     2         build/nanos2/obj/app/src/zknox/ecc/zkn_tEdwards.o:(.text.OUTLINED_FUNCTION_0)
c0de3054 c0de3054        0     1                 $t.22
c0de3055 c0de3055        6     1                 OUTLINED_FUNCTION_0
c0de305a c0de305a        6     2         build/nanos2/obj/app/src/zknox/ecc/zkn_tEdwards.o:(.text.OUTLINED_FUNCTION_1)
c0de305a c0de305a        0     1                 $t.23
c0de305b c0de305b        6     1                 OUTLINED_FUNCTION_1
c0de3060 c0de3060        8     2         build/nanos2/obj/app/src/zknox/ecc/zkn_tEdwards.o:(.text.OUTLINED_FUNCTION_2)
c0de3060 c0de3060        0     1                 $t.24
c0de3061 c0de3061        8     1                 OUTLINED_FUNCTION_2
c0de3068 c0de3068        8     2         build/nanos2/obj/app/src/zknox/ecc/zkn_tEdwards.o:(.text.OUTLINED_FUNCTION_3)
c0de3068 c0de3068        0     1                 $t.25
c0de3069 c0de3069        8     1                 OUTLINED_FUNCTION_3
c0de3070 c0de3070        a     2         build/nanos2/obj/app/src/zknox/ecc/zkn_tEdwards.o:(.text.OUTLINED_FUNCTION_4)
c0de3070 c0de3070        0     1                 $t.26
c0de3071 c0de3071        a     1                 OUTLINED_FUNCTION_4
c0de307a c0de307a        a     2         build/nanos2/obj/app/src/zknox/ecc/zkn_tEdwards.o:(.text.OUTLINED_FUNCTION_5)
c0de307a c0de307a        0     1                 $t.27
c0de307b c0de307b        a     1                 OUTLINED_FUNCTION_5
c0de3084 c0de3084        a     2         build/nanos2/obj/app/src/zknox/ecc/zkn_tEdwards.o:(.text.OUTLINED_FUNCTION_6)
c0de3084 c0de3084        0     1                 $t.28
c0de3085 c0de3085        a     1                 OUTLINED_FUNCTION_6
c0de308e c0de308e        a     2         build/nanos2/obj/app/src/zknox/ecc/zkn_tEdwards.o:(.text.OUTLINED_FUNCTION_7)
c0de308e c0de308e        0     1                 $t.29
c0de308f c0de308f        a     1                 OUTLINED_FUNCTION_7
c0de3098 c0de3098        a     2         build/nanos2/obj/app/src/zknox/ecc/zkn_tEdwards.o:(.text.OUTLINED_FUNCTION_8)
c0de3098 c0de3098        0     1                 $t.30
c0de3099 c0de3099        a     1                 OUTLINED_FUNCTION_8
c0de30a2 c0de30a2        a     2         build/nanos2/obj/app/src/zknox/ecc/zkn_tEdwards.o:(.text.OUTLINED_FUNCTION_9)
c0de30a2 c0de30a2        0     1                 $t.31
c0de30a3 c0de30a3        a     1                 OUTLINED_FUNCTION_9
c0de30ac c0de30ac        a     2         build/nanos2/obj/app/src/zknox/ecc/zkn_tEdwards.o:(.text.OUTLINED_FUNCTION_10)
c0de30ac c0de30ac        0     1                 $t.32
c0de30ad c0de30ad        a     1                 OUTLINED_FUNCTION_10
c0de30b6 c0de30b6        6     2         build/nanos2/obj/app/src/zknox/ecc/zkn_tEdwards.o:(.text.OUTLINED_FUNCTION_11)
c0de30b6 c0de30b6        0     1                 $t.33
c0de30b7 c0de30b7        6     1                 OUTLINED_FUNCTION_11
c0de30bc c0de30bc       80     4         build/nanos2/obj/app/src/zknox/hash/zkn_poseidon_constants.o:(.text.grain_lfsr_advance)
c0de30bc c0de30bc        0     1                 $t.0
c0de30bd c0de30bd       80     1                 grain_lfsr_advance
c0de3134 c0de3134        0     1                 $d.1
c0de313c c0de313c       4a     2         build/nanos2/obj/app/src/zknox/hash/zkn_poseidon_constants.o:(.text.next64_graingen)
c0de313c c0de313c        0     1                 $t.2
c0de313d c0de313d       4a     1                 next64_graingen
c0de3188 c0de3188       30     4         build/nanos2/obj/app/src/zknox/hash/zkn_poseidon_constants.o:(.text.init_generator)
c0de3188 c0de3188        0     1                 $t.3
c0de3189 c0de3189       30     1                 init_generator
c0de31b0 c0de31b0        0     1                 $d.4
c0de31b8 c0de31b8       98     4         build/nanos2/obj/app/src/zknox/hash/zkn_poseidon_constants.o:(.text.gen_integer)
c0de31b8 c0de31b8        0     1                 $t.5
c0de31b9 c0de31b9       98     1                 gen_integer
c0de3240 c0de3240        0     1                 $d.6
c0de3250 c0de3250        8     2         build/nanos2/obj/app/src/zknox/hash/zkn_poseidon_constants.o:(.text.rev64)
c0de3250 c0de3250        0     1                 $t.7
c0de3251 c0de3251        8     1                 rev64
c0de3258 c0de3258        6     2         build/nanos2/obj/app/src/zknox/hash/zkn_poseidon_constants.o:(.text.Poseidon_getNext_RC)
c0de3258 c0de3258        0     1                 $t.8
c0de3259 c0de3259        6     1                 Poseidon_getNext_RC
c0de3260 c0de3260       cc     4         build/nanos2/obj/app/src/zknox/hash/zkn_poseidon_constants.o:(.text.Poseidon_alloc_init)
c0de3260 c0de3260        0     1                 $t.9
c0de3261 c0de3261       cc     1                 Poseidon_alloc_init
c0de3328 c0de3328        0     1                 $d.10
c0de332c c0de332c      1a0     4         build/nanos2/obj/app/src/zknox/hash/zkn_poseidon_constants.o:(.text.Poseidon)
c0de332c c0de332c        0     1                 $t.13
c0de332d c0de332d      1a0     1                 Poseidon
c0de34c8 c0de34c8        0     1                 $d.14
c0de34cc c0de34cc       98     4         build/nanos2/obj/app/src/zknox/hash/zkn_rfc9591frost.o:(.text.RFC9591_taggedHash)
c0de34cc c0de34cc        0     1                 $t.0
c0de34cd c0de34cd       98     1                 RFC9591_taggedHash
c0de3560 c0de3560        0     1                 $d.1
c0de3564 c0de3564       1c     2         build/nanos2/obj/app/src/zknox/hash/zkn_rfc9591frost.o:(.text.Babyfrost_H1)
c0de3564 c0de3564        0     1                 $t.2
c0de3565 c0de3565       1c     1                 Babyfrost_H1
c0de3580 c0de3580       28     4         build/nanos2/obj/app/src/zknox/hash/zkn_rfc9591frost.o:(.text.Babyfrost_H3)
c0de3580 c0de3580        0     1                 $t.3
c0de3581 c0de3581       28     1                 Babyfrost_H3
c0de35a4 c0de35a4        0     1                 $d.4
c0de35a8 c0de35a8       1c     2         build/nanos2/obj/app/src/zknox/hash/zkn_rfc9591frost.o:(.text.Babyfrost_H4)
c0de35a8 c0de35a8        0     1                 $t.5
c0de35a9 c0de35a9       1c     1                 Babyfrost_H4
c0de35c4 c0de35c4       1c     2         build/nanos2/obj/app/src/zknox/hash/zkn_rfc9591frost.o:(.text.Babyfrost_H5)
c0de35c4 c0de35c4        0     1                 $t.6
c0de35c5 c0de35c5       1c     1                 Babyfrost_H5
c0de35e0 c0de35e0       2c     2         build/nanos2/obj/app/src/zknox/hash/zkn_rfc9591frost.o:(.text.zkn_frost_hash_init)
c0de35e0 c0de35e0        0     1                 $t.7
c0de35e1 c0de35e1       2c     1                 zkn_frost_hash_init
c0de360c c0de360c       34     4         build/nanos2/obj/app/src/zknox/hash/zkn_rfc9591frost.o:(.text.zkn_frost_H1_init)
c0de360c c0de360c        0     1                 $t.8
c0de360d c0de360d       34     1                 zkn_frost_H1_init
c0de363c c0de363c        0     1                 $d.9
c0de3640 c0de3640       34     4         build/nanos2/obj/app/src/zknox/hash/zkn_rfc9591frost.o:(.text.zkn_frost_H5_init)
c0de3640 c0de3640        0     1                 $t.10
c0de3641 c0de3641       34     1                 zkn_frost_H5_init
c0de3670 c0de3670        0     1                 $d.11
c0de3674 c0de3674        4     2         build/nanos2/obj/app/src/zknox/hash/zkn_rfc9591frost.o:(.text.zkn_frost_hash_update)
c0de3674 c0de3674        0     1                 $t.12
c0de3675 c0de3675        4     1                 zkn_frost_hash_update
c0de3678 c0de3678       50     2         build/nanos2/obj/app/src/zknox/hash/zkn_rfc9591frost.o:(.text.zkn_frost_hash_final)
c0de3678 c0de3678        0     1                 $t.13
c0de3679 c0de3679       50     1                 zkn_frost_hash_final
c0de36c8 c0de36c8       14     2         build/nanos2/obj/app/src/zknox/hash/zkn_rfc9591frost.o:(.text.OUTLINED_FUNCTION_0)
c0de36c8 c0de36c8        0     1                 $t.14
c0de36c9 c0de36c9       14     1                 OUTLINED_FUNCTION_0
c0de36dc c0de36dc        e     2         build/nanos2/obj/app/src/zknox/hash/zkn_rfc9591frost.o:(.text.OUTLINED_FUNCTION_1)
c0de36dc c0de36dc        0     1                 $t.15
c0de36dd c0de36dd        e     1                 OUTLINED_FUNCTION_1
c0de36ea c0de36ea        a     2         build/nanos2/obj/app/src/zknox/hash/zkn_rfc9591frost.o:(.text.OUTLINED_FUNCTION_2)
c0de36ea c0de36ea        0     1                 $t.16
c0de36eb c0de36eb        a     1                 OUTLINED_FUNCTION_2
c0de36f4 c0de36f4        e     2         build/nanos2/obj/app/src/zknox/hash/zkn_rfc9591frost.o:(.text.OUTLINED_FUNCTION_3)
c0de36f4 c0de36f4        0     1                 $t.17
c0de36f5 c0de36f5        e     1                 OUTLINED_FUNCTION_3
c0de3702 c0de3702       d6     2         build/nanos2/obj/sdk/io/src/os_io_default_apdu.o:(.text.os_io_handle_default_apdu)
c0de3702 c0de3702        0     1                 $t.0
c0de3703 c0de3703       d6     1                 os_io_handle_default_apdu
c0de37d8 c0de37d8        e     2         build/nanos2/obj/sdk/io/src/os_io_default_apdu.o:(.text.OUTLINED_FUNCTION_0)
c0de37d8 c0de37d8        0     1                 $t.1
c0de37d9 c0de37d9        e     1                 OUTLINED_FUNCTION_0
c0de37e6 c0de37e6       1c     2         build/nanos2/obj/sdk/io/src/os_io_seph_ux.o:(.text.io_process_itc_ux_event)
c0de37e6 c0de37e6        0     1                 $t.2
c0de37e7 c0de37e7       1c     1                 io_process_itc_ux_event
c0de3804 c0de3804       28     4         build/nanos2/obj/sdk/io_legacy/src/os_io_legacy.o:(.text.io_legacy_apdu_tx)
c0de3804 c0de3804        0     1                 $t.12
c0de3805 c0de3805       28     1                 io_legacy_apdu_tx
c0de3824 c0de3824        0     1                 $d.13
c0de382c c0de382c      1b8     4         build/nanos2/obj/sdk/io_legacy/src/os_io_legacy.o:(.text.io_legacy_apdu_rx)
c0de382c c0de382c        0     1                 $t.14
c0de382d c0de382d      1b8     1                 io_legacy_apdu_rx
c0de39c8 c0de39c8        0     1                 $d.15
c0de39e4 c0de39e4       38     4         build/nanos2/obj/sdk/io_legacy/src/os_io_legacy.o:(.text.io_seproxyhal_init)
c0de39e4 c0de39e4        0     1                 $t.16
c0de39e5 c0de39e5       38     1                 io_seproxyhal_init
c0de3a18 c0de3a18        0     1                 $d.17
c0de3a1c c0de3a1c       78     4         build/nanos2/obj/sdk/lib_nbgl/src/nbgl_layout_nanos.o:(.text.nbgl_layoutGet)
c0de3a1c c0de3a1c        0     1                 $t.1
c0de3a1d c0de3a1d       78     1                 nbgl_layoutGet
c0de3a8c c0de3a8c        0     1                 $d.2
c0de3a94 c0de3a94       50     4         build/nanos2/obj/sdk/lib_nbgl/src/nbgl_layout_nanos.o:(.text.buttonCallback)
c0de3a94 c0de3a94        0     1                 $t.3
c0de3a95 c0de3a95       50     1                 buttonCallback
c0de3ae0 c0de3ae0        0     1                 $d.4
c0de3ae4 c0de3ae4       bc     4         build/nanos2/obj/sdk/lib_nbgl/src/nbgl_layout_nanos.o:(.text.nbgl_layoutAddNavigation)
c0de3ae4 c0de3ae4        0     1                 $t.5
c0de3ae5 c0de3ae5       bc     1                 nbgl_layoutAddNavigation
c0de3b90 c0de3b90        0     1                 $d.6
c0de3ba0 c0de3ba0      380     4         build/nanos2/obj/sdk/lib_nbgl/src/nbgl_layout_nanos.o:(.text.nbgl_layoutAddText)
c0de3ba0 c0de3ba0        0     1                 $t.7
c0de3ba1 c0de3ba1      380     1                 nbgl_layoutAddText
c0de3f1c c0de3f1c        0     1                 $d.8
c0de3f20 c0de3f20       a8     2         build/nanos2/obj/sdk/lib_nbgl/src/nbgl_layout_nanos.o:(.text.nbgl_layoutAddMenuList)
c0de3f20 c0de3f20        0     1                 $t.9
c0de3f21 c0de3f21       a8     1                 nbgl_layoutAddMenuList
c0de3fc8 c0de3fc8      340     2         build/nanos2/obj/sdk/lib_nbgl/src/nbgl_layout_nanos.o:(.text.nbgl_layoutAddCenteredInfo)
c0de3fc8 c0de3fc8        0     1                 $t.10
c0de3fc9 c0de3fc9      340     1                 nbgl_layoutAddCenteredInfo
c0de4308 c0de4308      1e8     4         build/nanos2/obj/sdk/lib_nbgl/src/nbgl_layout_nanos.o:(.text.nbgl_layoutAddSwitch)
c0de4308 c0de4308        0     1                 $t.13
c0de4309 c0de4309      1e8     1                 nbgl_layoutAddSwitch
c0de44e0 c0de44e0        0     1                 $d.14
c0de44f0 c0de44f0       10     2         build/nanos2/obj/sdk/lib_nbgl/src/nbgl_layout_nanos.o:(.text.nbgl_layoutDraw)
c0de44f0 c0de44f0        0     1                 $t.15
c0de44f1 c0de44f1       10     1                 nbgl_layoutDraw
c0de4500 c0de4500       1a     2         build/nanos2/obj/sdk/lib_nbgl/src/nbgl_layout_nanos.o:(.text.nbgl_layoutRelease)
c0de4500 c0de4500        0     1                 $t.16
c0de4501 c0de4501       1a     1                 nbgl_layoutRelease
c0de451a c0de451a       26     2         build/nanos2/obj/sdk/lib_nbgl/src/nbgl_layout_nanos.o:(.text.OUTLINED_FUNCTION_0)
c0de451a c0de451a        0     1                 $t.17
c0de451b c0de451b       26     1                 OUTLINED_FUNCTION_0
c0de4540 c0de4540       1a     2         build/nanos2/obj/sdk/lib_nbgl/src/nbgl_layout_nanos.o:(.text.OUTLINED_FUNCTION_2)
c0de4540 c0de4540        0     1                 $t.19
c0de4541 c0de4541       1a     1                 OUTLINED_FUNCTION_2
c0de455a c0de455a       12     2         build/nanos2/obj/sdk/lib_nbgl/src/nbgl_layout_nanos.o:(.text.OUTLINED_FUNCTION_3)
c0de455a c0de455a        0     1                 $t.20
c0de455b c0de455b       12     1                 OUTLINED_FUNCTION_3
c0de456c c0de456c        a     2         build/nanos2/obj/sdk/lib_nbgl/src/nbgl_layout_nanos.o:(.text.OUTLINED_FUNCTION_4)
c0de456c c0de456c        0     1                 $t.21
c0de456d c0de456d        a     1                 OUTLINED_FUNCTION_4
c0de4576 c0de4576        6     2         build/nanos2/obj/sdk/lib_nbgl/src/nbgl_layout_nanos.o:(.text.OUTLINED_FUNCTION_5)
c0de4576 c0de4576        0     1                 $t.22
c0de4577 c0de4577        6     1                 OUTLINED_FUNCTION_5
c0de457c c0de457c        8     2         build/nanos2/obj/sdk/lib_nbgl/src/nbgl_layout_nanos.o:(.text.OUTLINED_FUNCTION_6)
c0de457c c0de457c        0     1                 $t.23
c0de457d c0de457d        8     1                 OUTLINED_FUNCTION_6
c0de4584 c0de4584       10     2         build/nanos2/obj/sdk/lib_nbgl/src/nbgl_layout_nanos.o:(.text.OUTLINED_FUNCTION_7)
c0de4584 c0de4584        0     1                 $t.24
c0de4585 c0de4585       10     1                 OUTLINED_FUNCTION_7
c0de4594 c0de4594        6     2         build/nanos2/obj/sdk/lib_nbgl/src/nbgl_layout_nanos.o:(.text.OUTLINED_FUNCTION_8)
c0de4594 c0de4594        0     1                 $t.25
c0de4595 c0de4595        6     1                 OUTLINED_FUNCTION_8
c0de459a c0de459a        e     2         build/nanos2/obj/sdk/lib_nbgl/src/nbgl_layout_nanos.o:(.text.OUTLINED_FUNCTION_9)
c0de459a c0de459a        0     1                 $t.26
c0de459b c0de459b        e     1                 OUTLINED_FUNCTION_9
c0de45a8 c0de45a8       72     2         build/nanos2/obj/sdk/lib_nbgl/src/nbgl_step.o:(.text.nbgl_stepDrawText)
c0de45a8 c0de45a8        0     1                 $t.0
c0de45a9 c0de45a9       72     1                 nbgl_stepDrawText
c0de461c c0de461c       4c     4         build/nanos2/obj/sdk/lib_nbgl/src/nbgl_step.o:(.text.getFreeContext)
c0de461c c0de461c        0     1                 $t.1
c0de461d c0de461d       4c     1                 getFreeContext
c0de4664 c0de4664        0     1                 $d.2
c0de4668 c0de4668      1cc     4         build/nanos2/obj/sdk/lib_nbgl/src/nbgl_step.o:(.text.displayTextPage)
c0de4668 c0de4668        0     1                 $t.3
c0de4669 c0de4669      1cc     1                 displayTextPage
c0de482c c0de482c        0     1                 $d.4
c0de4834 c0de4834       7c     4         build/nanos2/obj/sdk/lib_nbgl/src/nbgl_step.o:(.text.nbgl_stepDrawCenteredInfo)
c0de4834 c0de4834        0     1                 $t.5
c0de4835 c0de4835       7c     1                 nbgl_stepDrawCenteredInfo
c0de48ac c0de48ac        0     1                 $d.6
c0de48b0 c0de48b0       6c     2         build/nanos2/obj/sdk/lib_nbgl/src/nbgl_step.o:(.text.actionCallback)
c0de48b0 c0de48b0        0     1                 $t.7
c0de48b1 c0de48b1       6c     1                 actionCallback
c0de491c c0de491c       38     2         build/nanos2/obj/sdk/lib_nbgl/src/nbgl_step.o:(.text.getNavigationInfo)
c0de491c c0de491c        0     1                 $t.8
c0de491d c0de491d       38     1                 getNavigationInfo
c0de4954 c0de4954       36     2         build/nanos2/obj/sdk/lib_nbgl/src/nbgl_step.o:(.text.nbgl_stepDrawMenuList)
c0de4954 c0de4954        0     1                 $t.9
c0de4955 c0de4955       36     1                 nbgl_stepDrawMenuList
c0de498c c0de498c       78     4         build/nanos2/obj/sdk/lib_nbgl/src/nbgl_step.o:(.text.displayMenuList)
c0de498c c0de498c        0     1                 $t.10
c0de498d c0de498d       78     1                 displayMenuList
c0de4a00 c0de4a00        0     1                 $d.11
c0de4a04 c0de4a04       7c     4         build/nanos2/obj/sdk/lib_nbgl/src/nbgl_step.o:(.text.nbgl_stepDrawSwitch)
c0de4a04 c0de4a04        0     1                 $t.13
c0de4a05 c0de4a05       7c     1                 nbgl_stepDrawSwitch
c0de4a7c c0de4a7c        0     1                 $d.14
c0de4a80 c0de4a80       18     2         build/nanos2/obj/sdk/lib_nbgl/src/nbgl_step.o:(.text.nbgl_stepRelease)
c0de4a80 c0de4a80        0     1                 $t.15
c0de4a81 c0de4a81       18     1                 nbgl_stepRelease
c0de4a98 c0de4a98       28     4         build/nanos2/obj/sdk/lib_nbgl/src/nbgl_step.o:(.text.getContextFromLayout)
c0de4a98 c0de4a98        0     1                 $t.16
c0de4a99 c0de4a99       28     1                 getContextFromLayout
c0de4abc c0de4abc        0     1                 $d.17
c0de4ac0 c0de4ac0       40     2         build/nanos2/obj/sdk/lib_nbgl/src/nbgl_step.o:(.text.menuListActionCallback)
c0de4ac0 c0de4ac0        0     1                 $t.18
c0de4ac1 c0de4ac1       40     1                 menuListActionCallback
c0de4b00 c0de4b00       8e     2         build/nanos2/obj/sdk/lib_nbgl/src/nbgl_step.o:(.text.OUTLINED_FUNCTION_0)
c0de4b00 c0de4b00        0     1                 $t.19
c0de4b01 c0de4b01       8e     1                 OUTLINED_FUNCTION_0
c0de4b8e c0de4b8e       4a     2         build/nanos2/obj/sdk/lib_nbgl/src/nbgl_step.o:(.text.OUTLINED_FUNCTION_1)
c0de4b8e c0de4b8e        0     1                 $t.20
c0de4b8f c0de4b8f       4a     1                 OUTLINED_FUNCTION_1
c0de4bd8 c0de4bd8       12     2         build/nanos2/obj/sdk/lib_nbgl/src/nbgl_step.o:(.text.OUTLINED_FUNCTION_2)
c0de4bd8 c0de4bd8        0     1                 $t.21
c0de4bd9 c0de4bd9       12     1                 OUTLINED_FUNCTION_2
c0de4bea c0de4bea        a     2         build/nanos2/obj/sdk/lib_nbgl/src/nbgl_step.o:(.text.OUTLINED_FUNCTION_3)
c0de4bea c0de4bea        0     1                 $t.22
c0de4beb c0de4beb        a     1                 OUTLINED_FUNCTION_3
c0de4bf4 c0de4bf4        6     2         build/nanos2/obj/sdk/lib_nbgl/src/nbgl_step.o:(.text.OUTLINED_FUNCTION_4)
c0de4bf4 c0de4bf4        0     1                 $t.23
c0de4bf5 c0de4bf5        6     1                 OUTLINED_FUNCTION_4
c0de4bfa c0de4bfa        e     2         build/nanos2/obj/sdk/lib_nbgl/src/nbgl_step.o:(.text.OUTLINED_FUNCTION_5)
c0de4bfa c0de4bfa        0     1                 $t.24
c0de4bfb c0de4bfb        e     1                 OUTLINED_FUNCTION_5
c0de4c08 c0de4c08       4c     4         build/nanos2/obj/sdk/lib_nbgl/src/nbgl_use_case_nanos.o:(.text.nbgl_useCaseHomeAndSettings)
c0de4c08 c0de4c08        0     1                 $t.11
c0de4c09 c0de4c09       4c     1                 nbgl_useCaseHomeAndSettings
c0de4c50 c0de4c50        0     1                 $d.12
c0de4c54 c0de4c54       78     4         build/nanos2/obj/sdk/lib_nbgl/src/nbgl_use_case_nanos.o:(.text.startUseCaseSettingsAtPage)
c0de4c54 c0de4c54        0     1                 $t.13
c0de4c55 c0de4c55       78     1                 startUseCaseSettingsAtPage
c0de4cc8 c0de4cc8        0     1                 $d.14
c0de4ccc c0de4ccc       8c     4         build/nanos2/obj/sdk/lib_nbgl/src/nbgl_use_case_nanos.o:(.text.startUseCaseHome)
c0de4ccc c0de4ccc        0     1                 $t.15
c0de4ccd c0de4ccd       8c     1                 startUseCaseHome
c0de4d54 c0de4d54        0     1                 $d.16
c0de4d58 c0de4d58       20     2         build/nanos2/obj/sdk/lib_nbgl/src/nbgl_use_case_nanos.o:(.text.nbgl_useCaseReview)
c0de4d58 c0de4d58        0     1                 $t.20
c0de4d59 c0de4d59       20     1                 nbgl_useCaseReview
c0de4d78 c0de4d78       50     4         build/nanos2/obj/sdk/lib_nbgl/src/nbgl_use_case_nanos.o:(.text.useCaseReview)
c0de4d78 c0de4d78        0     1                 $t.21
c0de4d79 c0de4d79       50     1                 useCaseReview
c0de4dc4 c0de4dc4        0     1                 $d.22
c0de4dc8 c0de4dc8       e0     4         build/nanos2/obj/sdk/lib_nbgl/src/nbgl_use_case_nanos.o:(.text.nbgl_useCaseAdvancedReview)
c0de4dc8 c0de4dc8        0     1                 $t.23
c0de4dc9 c0de4dc9       e0     1                 nbgl_useCaseAdvancedReview
c0de4ea4 c0de4ea4        0     1                 $d.24
c0de4ea8 c0de4ea8       18     4         build/nanos2/obj/sdk/lib_nbgl/src/nbgl_use_case_nanos.o:(.text.displayPrelude)
c0de4ea8 c0de4ea8        0     1                 $t.25
c0de4ea9 c0de4ea9       18     1                 displayPrelude
c0de4ebc c0de4ebc        0     1                 $d.26
c0de4ec0 c0de4ec0       18     4         build/nanos2/obj/sdk/lib_nbgl/src/nbgl_use_case_nanos.o:(.text.displayInitialWarning)
c0de4ec0 c0de4ec0        0     1                 $t.27
c0de4ec1 c0de4ec1       18     1                 displayInitialWarning
c0de4ed4 c0de4ed4        0     1                 $d.28
c0de4ed8 c0de4ed8       24     4         build/nanos2/obj/sdk/lib_nbgl/src/nbgl_use_case_nanos.o:(.text.nbgl_useCaseReviewBlindSigning)
c0de4ed8 c0de4ed8        0     1                 $t.29
c0de4ed9 c0de4ed9       24     1                 nbgl_useCaseReviewBlindSigning
c0de4ef8 c0de4ef8        0     1                 $d.30
c0de4efc c0de4efc       68     4         build/nanos2/obj/sdk/lib_nbgl/src/nbgl_use_case_nanos.o:(.text.nbgl_useCaseAddressReview)
c0de4efc c0de4efc        0     1                 $t.32
c0de4efd c0de4efd       68     1                 nbgl_useCaseAddressReview
c0de4f60 c0de4f60        0     1                 $d.33
c0de4f64 c0de4f64      198     4         build/nanos2/obj/sdk/lib_nbgl/src/nbgl_use_case_nanos.o:(.text.displayReviewPage)
c0de4f64 c0de4f64        0     1                 $t.34
c0de4f65 c0de4f65      198     1                 displayReviewPage
c0de50e0 c0de50e0        0     1                 $d.35
c0de50fc c0de50fc       40     4         build/nanos2/obj/sdk/lib_nbgl/src/nbgl_use_case_nanos.o:(.text.nbgl_useCaseStatus)
c0de50fc c0de50fc        0     1                 $t.38
c0de50fd c0de50fd       40     1                 nbgl_useCaseStatus
c0de5134 c0de5134        0     1                 $d.39
c0de513c c0de513c      188     4         build/nanos2/obj/sdk/lib_nbgl/src/nbgl_use_case_nanos.o:(.text.drawStep)
c0de513c c0de513c        0     1                 $t.40
c0de513d c0de513d      188     1                 drawStep
c0de52b0 c0de52b0        0     1                 $d.41
c0de52c4 c0de52c4       1c     4         build/nanos2/obj/sdk/lib_nbgl/src/nbgl_use_case_nanos.o:(.text.statusButtonCallback)
c0de52c4 c0de52c4        0     1                 $t.42
c0de52c5 c0de52c5       1c     1                 statusButtonCallback
c0de52dc c0de52dc        0     1                 $d.43
c0de52e0 c0de52e0       94     4         build/nanos2/obj/sdk/lib_nbgl/src/nbgl_use_case_nanos.o:(.text.nbgl_useCaseReviewStatus)
c0de52e0 c0de52e0        0     1                 $t.44
c0de52e1 c0de52e1       94     1                 nbgl_useCaseReviewStatus
c0de5354 c0de5354        0     1                 $d.45
c0de5374 c0de5374      184     4         build/nanos2/obj/sdk/lib_nbgl/src/nbgl_use_case_nanos.o:(.text.displayStreamingReviewPage)
c0de5374 c0de5374        0     1                 $t.48
c0de5375 c0de5375      184     1                 displayStreamingReviewPage
c0de54e4 c0de54e4        0     1                 $d.49
c0de54f8 c0de54f8       3c     4         build/nanos2/obj/sdk/lib_nbgl/src/nbgl_use_case_nanos.o:(.text.nbgl_useCaseSpinner)
c0de54f8 c0de54f8        0     1                 $t.59
c0de54f9 c0de54f9       3c     1                 nbgl_useCaseSpinner
c0de552c c0de552c        0     1                 $d.60
c0de5534 c0de5534       14     2         build/nanos2/obj/sdk/lib_nbgl/src/nbgl_use_case_nanos.o:(.text.nbgl_useCaseChoice)
c0de5534 c0de5534        0     1                 $t.61
c0de5535 c0de5535       14     1                 nbgl_useCaseChoice
c0de5548 c0de5548       78     4         build/nanos2/obj/sdk/lib_nbgl/src/nbgl_use_case_nanos.o:(.text.nbgl_useCaseChoiceWithDetails)
c0de5548 c0de5548        0     1                 $t.62
c0de5549 c0de5549       78     1                 nbgl_useCaseChoiceWithDetails
c0de55bc c0de55bc        0     1                 $d.63
c0de55c0 c0de55c0       e8     4         build/nanos2/obj/sdk/lib_nbgl/src/nbgl_use_case_nanos.o:(.text.displayChoicePage)
c0de55c0 c0de55c0        0     1                 $t.64
c0de55c1 c0de55c1       e8     1                 displayChoicePage
c0de5690 c0de5690        0     1                 $d.65
c0de56a8 c0de56a8       b4     4         build/nanos2/obj/sdk/lib_nbgl/src/nbgl_use_case_nanos.o:(.text.getContentAtIdx)
c0de56a8 c0de56a8        0     1                 $t.74
c0de56a9 c0de56a9       b4     1                 getContentAtIdx
c0de5758 c0de5758        0     1                 $d.75
c0de575c c0de575c       34     2         build/nanos2/obj/sdk/lib_nbgl/src/nbgl_use_case_nanos.o:(.text.getContentNbElement)
c0de575c c0de575c        0     1                 $t.76
c0de575d c0de575d       34     1                 getContentNbElement
c0de5790 c0de5790       ac     4         build/nanos2/obj/sdk/lib_nbgl/src/nbgl_use_case_nanos.o:(.text.displayContent)
c0de5790 c0de5790        0     1                 $t.77
c0de5791 c0de5791       ac     1                 displayContent
c0de5824 c0de5824        0     1                 $d.78
c0de583c c0de583c      144     4         build/nanos2/obj/sdk/lib_nbgl/src/nbgl_use_case_nanos.o:(.text.getContentPage)
c0de583c c0de583c        0     1                 $t.79
c0de583d c0de583d      144     1                 getContentPage
c0de5974 c0de5974        0     1                 $d.80
c0de5980 c0de5980       50     4         build/nanos2/obj/sdk/lib_nbgl/src/nbgl_use_case_nanos.o:(.text.drawSwitchStep)
c0de5980 c0de5980        0     1                 $t.81
c0de5981 c0de5981       50     1                 drawSwitchStep
c0de59cc c0de59cc        0     1                 $d.82
c0de59d0 c0de59d0       1e     2         build/nanos2/obj/sdk/lib_nbgl/src/nbgl_use_case_nanos.o:(.text.contentCallback)
c0de59d0 c0de59d0        0     1                 $t.83
c0de59d1 c0de59d1       1e     1                 contentCallback
c0de59f0 c0de59f0       88     4         build/nanos2/obj/sdk/lib_nbgl/src/nbgl_use_case_nanos.o:(.text.getContentElemAtIdx)
c0de59f0 c0de59f0        0     1                 $t.84
c0de59f1 c0de59f1       88     1                 getContentElemAtIdx
c0de5a70 c0de5a70        0     1                 $d.85
c0de5a78 c0de5a78       46     2         build/nanos2/obj/sdk/lib_nbgl/src/nbgl_use_case_nanos.o:(.text.getPairData)
c0de5a78 c0de5a78        0     1                 $t.86
c0de5a79 c0de5a79       46     1                 getPairData
c0de5ac0 c0de5ac0       b0     4         build/nanos2/obj/sdk/lib_nbgl/src/nbgl_use_case_nanos.o:(.text.onSwitchAction)
c0de5ac0 c0de5ac0        0     1                 $t.87
c0de5ac1 c0de5ac1       b0     1                 onSwitchAction
c0de5b68 c0de5b68        0     1                 $d.88
c0de5b70 c0de5b70       9c     4         build/nanos2/obj/sdk/lib_nbgl/src/nbgl_use_case_nanos.o:(.text.displaySettingsPage)
c0de5b70 c0de5b70        0     1                 $t.89
c0de5b71 c0de5b71       9c     1                 displaySettingsPage
c0de5bf4 c0de5bf4        0     1                 $d.90
c0de5c0c c0de5c0c       1e     2         build/nanos2/obj/sdk/lib_nbgl/src/nbgl_use_case_nanos.o:(.text.settingsCallback)
c0de5c0c c0de5c0c        0     1                 $t.91
c0de5c0d c0de5c0d       1e     1                 settingsCallback
c0de5c2c c0de5c2c      124     4         build/nanos2/obj/sdk/lib_nbgl/src/nbgl_use_case_nanos.o:(.text.buttonGenericCallback)
c0de5c2c c0de5c2c        0     1                 $t.92
c0de5c2d c0de5c2d      124     1                 buttonGenericCallback
c0de5d48 c0de5d48        0     1                 $d.93
c0de5d50 c0de5d50       fc     4         build/nanos2/obj/sdk/lib_nbgl/src/nbgl_use_case_nanos.o:(.text.displayHomePage)
c0de5d50 c0de5d50        0     1                 $t.94
c0de5d51 c0de5d51       fc     1                 displayHomePage
c0de5e20 c0de5e20        0     1                 $d.95
c0de5e4c c0de5e4c        6     2         build/nanos2/obj/sdk/lib_nbgl/src/nbgl_use_case_nanos.o:(.text.startUseCaseSettings)
c0de5e4c c0de5e4c        0     1                 $t.96
c0de5e4d c0de5e4d        6     1                 startUseCaseSettings
c0de5e54 c0de5e54       24     4         build/nanos2/obj/sdk/lib_nbgl/src/nbgl_use_case_nanos.o:(.text.startUseCaseInfo)
c0de5e54 c0de5e54        0     1                 $t.97
c0de5e55 c0de5e55       24     1                 startUseCaseInfo
c0de5e74 c0de5e74        0     1                 $d.98
c0de5e78 c0de5e78       1c     2         build/nanos2/obj/sdk/lib_nbgl/src/nbgl_use_case_nanos.o:(.text.homeCallback)
c0de5e78 c0de5e78        0     1                 $t.99
c0de5e79 c0de5e79       1c     1                 homeCallback
c0de5e94 c0de5e94       78     4         build/nanos2/obj/sdk/lib_nbgl/src/nbgl_use_case_nanos.o:(.text.displayInfoPage)
c0de5e94 c0de5e94        0     1                 $t.100
c0de5e95 c0de5e95       78     1                 displayInfoPage
c0de5ef4 c0de5ef4        0     1                 $d.101
c0de5f0c c0de5f0c       1c     2         build/nanos2/obj/sdk/lib_nbgl/src/nbgl_use_case_nanos.o:(.text.infoCallback)
c0de5f0c c0de5f0c        0     1                 $t.102
c0de5f0d c0de5f0d       1c     1                 infoCallback
c0de5f28 c0de5f28      10c     4         build/nanos2/obj/sdk/lib_nbgl/src/nbgl_use_case_nanos.o:(.text.displayWarningStep)
c0de5f28 c0de5f28        0     1                 $t.103
c0de5f29 c0de5f29      10c     1                 displayWarningStep
c0de601c c0de601c        0     1                 $d.104
c0de6034 c0de6034       8c     4         build/nanos2/obj/sdk/lib_nbgl/src/nbgl_use_case_nanos.o:(.text.warningNavigate)
c0de6034 c0de6034        0     1                 $t.105
c0de6035 c0de6035       8c     1                 warningNavigate
c0de60bc c0de60bc        0     1                 $d.106
c0de60c0 c0de60c0      128     4         build/nanos2/obj/sdk/lib_nbgl/src/nbgl_use_case_nanos.o:(.text.getLastPageInfo)
c0de60c0 c0de60c0        0     1                 $t.107
c0de60c1 c0de60c1      128     1                 getLastPageInfo
c0de618c c0de618c        0     1                 $d.108
c0de61e8 c0de61e8       38     4         build/nanos2/obj/sdk/lib_nbgl/src/nbgl_use_case_nanos.o:(.text.launchReviewAfterWarning)
c0de61e8 c0de61e8        0     1                 $t.109
c0de61e9 c0de61e9       38     1                 launchReviewAfterWarning
c0de621c c0de621c        0     1                 $d.110
c0de6220 c0de6220       14     4         build/nanos2/obj/sdk/lib_nbgl/src/nbgl_use_case_nanos.o:(.text.onReviewAccept)
c0de6220 c0de6220        0     1                 $t.111
c0de6221 c0de6221       14     1                 onReviewAccept
c0de6230 c0de6230        0     1                 $d.112
c0de6234 c0de6234       14     4         build/nanos2/obj/sdk/lib_nbgl/src/nbgl_use_case_nanos.o:(.text.onReviewReject)
c0de6234 c0de6234        0     1                 $t.113
c0de6235 c0de6235       14     1                 onReviewReject
c0de6244 c0de6244        0     1                 $d.114
c0de6248 c0de6248       b8     4         build/nanos2/obj/sdk/lib_nbgl/src/nbgl_use_case_nanos.o:(.text.buttonSkipCallback)
c0de6248 c0de6248        0     1                 $t.115
c0de6249 c0de6249       b8     1                 buttonSkipCallback
c0de62fc c0de62fc        0     1                 $d.116
c0de6300 c0de6300       74     4         build/nanos2/obj/sdk/lib_nbgl/src/nbgl_use_case_nanos.o:(.text.displayAliasFullValue)
c0de6300 c0de6300        0     1                 $t.117
c0de6301 c0de6301       74     1                 displayAliasFullValue
c0de6370 c0de6370        0     1                 $d.118
c0de6374 c0de6374       24     4         build/nanos2/obj/sdk/lib_nbgl/src/nbgl_use_case_nanos.o:(.text.reviewCallback)
c0de6374 c0de6374        0     1                 $t.119
c0de6375 c0de6375       24     1                 reviewCallback
c0de6394 c0de6394        0     1                 $d.120
c0de6398 c0de6398       f4     4         build/nanos2/obj/sdk/lib_nbgl/src/nbgl_use_case_nanos.o:(.text.displayExtensionStep)
c0de6398 c0de6398        0     1                 $t.121
c0de6399 c0de6399       f4     1                 displayExtensionStep
c0de6478 c0de6478        0     1                 $d.122
c0de648c c0de648c       74     4         build/nanos2/obj/sdk/lib_nbgl/src/nbgl_use_case_nanos.o:(.text.extensionNavigate)
c0de648c c0de648c        0     1                 $t.123
c0de648d c0de648d       74     1                 extensionNavigate
c0de64fc c0de64fc        0     1                 $d.124
c0de6500 c0de6500       10     4         build/nanos2/obj/sdk/lib_nbgl/src/nbgl_use_case_nanos.o:(.text.statusTickerCallback)
c0de6500 c0de6500        0     1                 $t.125
c0de6501 c0de6501       10     1                 statusTickerCallback
c0de650c c0de650c        0     1                 $d.126
c0de6510 c0de6510       64     4         build/nanos2/obj/sdk/lib_nbgl/src/nbgl_use_case_nanos.o:(.text.getChoiceName)
c0de6510 c0de6510        0     1                 $t.127
c0de6511 c0de6511       64     1                 getChoiceName
c0de656c c0de656c        0     1                 $d.128
c0de6574 c0de6574       6c     4         build/nanos2/obj/sdk/lib_nbgl/src/nbgl_use_case_nanos.o:(.text.onChoiceSelected)
c0de6574 c0de6574        0     1                 $t.129
c0de6575 c0de6575       6c     1                 onChoiceSelected
c0de65dc c0de65dc        0     1                 $d.130
c0de65e0 c0de65e0       24     4         build/nanos2/obj/sdk/lib_nbgl/src/nbgl_use_case_nanos.o:(.text.streamingReviewCallback)
c0de65e0 c0de65e0        0     1                 $t.131
c0de65e1 c0de65e1       24     1                 streamingReviewCallback
c0de6600 c0de6600        0     1                 $d.132
c0de6604 c0de6604       14     4         build/nanos2/obj/sdk/lib_nbgl/src/nbgl_use_case_nanos.o:(.text.onChoiceAccept)
c0de6604 c0de6604        0     1                 $t.133
c0de6605 c0de6605       14     1                 onChoiceAccept
c0de6614 c0de6614        0     1                 $d.134
c0de6618 c0de6618       14     4         build/nanos2/obj/sdk/lib_nbgl/src/nbgl_use_case_nanos.o:(.text.onChoiceReject)
c0de6618 c0de6618        0     1                 $t.135
c0de6619 c0de6619       14     1                 onChoiceReject
c0de6628 c0de6628        0     1                 $d.136
c0de662c c0de662c       1c     2         build/nanos2/obj/sdk/lib_nbgl/src/nbgl_use_case_nanos.o:(.text.genericChoiceCallback)
c0de662c c0de662c        0     1                 $t.137
c0de662d c0de662d       1c     1                 genericChoiceCallback
c0de6648 c0de6648        c     2         build/nanos2/obj/sdk/lib_nbgl/src/nbgl_use_case_nanos.o:(.text.OUTLINED_FUNCTION_0)
c0de6648 c0de6648        0     1                 $t.143
c0de6649 c0de6649        c     1                 OUTLINED_FUNCTION_0
c0de6654 c0de6654       16     2         build/nanos2/obj/sdk/lib_nbgl/src/nbgl_use_case_nanos.o:(.text.OUTLINED_FUNCTION_1)
c0de6654 c0de6654        0     1                 $t.144
c0de6655 c0de6655       16     1                 OUTLINED_FUNCTION_1
c0de666a c0de666a        c     2         build/nanos2/obj/sdk/lib_nbgl/src/nbgl_use_case_nanos.o:(.text.OUTLINED_FUNCTION_2)
c0de666a c0de666a        0     1                 $t.145
c0de666b c0de666b        c     1                 OUTLINED_FUNCTION_2
c0de6676 c0de6676       14     2         build/nanos2/obj/sdk/lib_nbgl/src/nbgl_use_case_nanos.o:(.text.OUTLINED_FUNCTION_3)
c0de6676 c0de6676        0     1                 $t.146
c0de6677 c0de6677       14     1                 OUTLINED_FUNCTION_3
c0de668a c0de668a        8     2         build/nanos2/obj/sdk/lib_nbgl/src/nbgl_use_case_nanos.o:(.text.OUTLINED_FUNCTION_4)
c0de668a c0de668a        0     1                 $t.147
c0de668b c0de668b        8     1                 OUTLINED_FUNCTION_4
c0de6692 c0de6692        6     2         build/nanos2/obj/sdk/lib_nbgl/src/nbgl_use_case_nanos.o:(.text.OUTLINED_FUNCTION_5)
c0de6692 c0de6692        0     1                 $t.148
c0de6693 c0de6693        6     1                 OUTLINED_FUNCTION_5
c0de6698 c0de6698        8     2         build/nanos2/obj/sdk/lib_nbgl/src/nbgl_use_case_nanos.o:(.text.OUTLINED_FUNCTION_6)
c0de6698 c0de6698        0     1                 $t.149
c0de6699 c0de6699        8     1                 OUTLINED_FUNCTION_6
c0de66a0 c0de66a0        e     2         build/nanos2/obj/sdk/lib_nbgl/src/nbgl_use_case_nanos.o:(.text.OUTLINED_FUNCTION_7)
c0de66a0 c0de66a0        0     1                 $t.150
c0de66a1 c0de66a1        e     1                 OUTLINED_FUNCTION_7
c0de66ae c0de66ae        e     2         build/nanos2/obj/sdk/lib_nbgl/src/nbgl_use_case_nanos.o:(.text.OUTLINED_FUNCTION_8)
c0de66ae c0de66ae        0     1                 $t.151
c0de66af c0de66af        e     1                 OUTLINED_FUNCTION_8
c0de66bc c0de66bc        a     2         build/nanos2/obj/sdk/lib_nbgl/src/nbgl_use_case_nanos.o:(.text.OUTLINED_FUNCTION_9)
c0de66bc c0de66bc        0     1                 $t.152
c0de66bd c0de66bd        a     1                 OUTLINED_FUNCTION_9
c0de66c6 c0de66c6        a     2         build/nanos2/obj/sdk/lib_nbgl/src/nbgl_use_case_nanos.o:(.text.OUTLINED_FUNCTION_10)
c0de66c6 c0de66c6        0     1                 $t.153
c0de66c7 c0de66c7        a     1                 OUTLINED_FUNCTION_10
c0de66d0 c0de66d0       4e     2         build/nanos2/obj/sdk/lib_standard_app/bip32.o:(.text.bip32_path_read)
c0de66d0 c0de66d0        0     1                 $t.0
c0de66d1 c0de66d1       4e     1                 bip32_path_read
c0de671e c0de671e       16     2         build/nanos2/obj/sdk/lib_standard_app/buffer.o:(.text.buffer_seek_cur)
c0de671e c0de671e        0     1                 $t.2
c0de671f c0de671f       16     1                 buffer_seek_cur
c0de6734 c0de6734       2c     2         build/nanos2/obj/sdk/lib_standard_app/buffer.o:(.text.buffer_read_u8)
c0de6734 c0de6734        0     1                 $t.4
c0de6735 c0de6735       2c     1                 buffer_read_u8
c0de6760 c0de6760       40     2         build/nanos2/obj/sdk/lib_standard_app/buffer.o:(.text.buffer_read_u64)
c0de6760 c0de6760        0     1                 $t.7
c0de6761 c0de6761       40     1                 buffer_read_u64
c0de67a0 c0de67a0       3a     2         build/nanos2/obj/sdk/lib_standard_app/buffer.o:(.text.buffer_read_varint)
c0de67a0 c0de67a0        0     1                 $t.8
c0de67a1 c0de67a1       3a     1                 buffer_read_varint
c0de67da c0de67da       2e     2         build/nanos2/obj/sdk/lib_standard_app/buffer.o:(.text.buffer_read_bip32_path)
c0de67da c0de67da        0     1                 $t.9
c0de67db c0de67db       2e     1                 buffer_read_bip32_path
c0de6808 c0de6808       26     2         build/nanos2/obj/sdk/lib_standard_app/buffer.o:(.text.buffer_copy)
c0de6808 c0de6808        0     1                 $t.10
c0de6809 c0de6809       26     1                 buffer_copy
c0de682e c0de682e       32     2         build/nanos2/obj/sdk/lib_standard_app/buffer.o:(.text.buffer_move)
c0de682e c0de682e        0     1                 $t.11
c0de682f c0de682f       32     1                 buffer_move
c0de6860 c0de6860        c     2         build/nanos2/obj/sdk/lib_standard_app/buffer.o:(.text.OUTLINED_FUNCTION_0)
c0de6860 c0de6860        0     1                 $t.12
c0de6861 c0de6861        c     1                 OUTLINED_FUNCTION_0
c0de686c c0de686c       70     2         build/nanos2/obj/sdk/lib_standard_app/crypto_helpers.o:(.text.bip32_derive_with_seed_init_privkey_256)
c0de686c c0de686c        0     1                 $t.0
c0de686d c0de686d       70     1                 bip32_derive_with_seed_init_privkey_256
c0de68dc c0de68dc       80     2         build/nanos2/obj/sdk/lib_standard_app/crypto_helpers.o:(.text.os_derive_bip32_with_seed_no_throw)
c0de68dc c0de68dc        0     1                 $t.1
c0de68dd c0de68dd       80     1                 os_derive_bip32_with_seed_no_throw
c0de695c c0de695c       68     2         build/nanos2/obj/sdk/lib_standard_app/crypto_helpers.o:(.text.bip32_derive_with_seed_get_pubkey_256)
c0de695c c0de695c        0     1                 $t.2
c0de695d c0de695d       68     1                 bip32_derive_with_seed_get_pubkey_256
c0de69c4 c0de69c4       4e     2         build/nanos2/obj/sdk/lib_standard_app/crypto_helpers.o:(.text.bip32_derive_with_seed_ecdsa_sign_hash_256)
c0de69c4 c0de69c4        0     1                 $t.3
c0de69c5 c0de69c5       4e     1                 bip32_derive_with_seed_ecdsa_sign_hash_256
c0de6a12 c0de6a12        6     2         build/nanos2/obj/sdk/lib_standard_app/crypto_helpers.o:(.text.OUTLINED_FUNCTION_0)
c0de6a12 c0de6a12        0     1                 $t.6
c0de6a13 c0de6a13        6     1                 OUTLINED_FUNCTION_0
c0de6a18 c0de6a18       72     2         build/nanos2/obj/sdk/lib_standard_app/format.o:(.text.format_u64)
c0de6a18 c0de6a18        0     1                 $t.2
c0de6a19 c0de6a19       72     1                 format_u64
c0de6a8a c0de6a8a       8e     2         build/nanos2/obj/sdk/lib_standard_app/format.o:(.text.format_fpu64)
c0de6a8a c0de6a8a        0     1                 $t.3
c0de6a8b c0de6a8b       8e     1                 format_fpu64
c0de6b18 c0de6b18       50     4         build/nanos2/obj/sdk/lib_standard_app/format.o:(.text.format_hex)
c0de6b18 c0de6b18        0     1                 $t.5
c0de6b19 c0de6b19       50     1                 format_hex
c0de6b64 c0de6b64        0     1                 $d.6
c0de6b68 c0de6b68        2     2         build/nanos2/obj/sdk/lib_standard_app/io.o:(.text.app_ticker_event_callback)
c0de6b68 c0de6b68        0     1                 $t.0
c0de6b69 c0de6b69        2     1                 app_ticker_event_callback
c0de6b6c c0de6b6c       30     4         build/nanos2/obj/sdk/lib_standard_app/io.o:(.text.io_event)
c0de6b6c c0de6b6c        0     1                 $t.1
c0de6b6d c0de6b6d       30     1                 io_event
c0de6b98 c0de6b98        0     1                 $d.2
c0de6b9c c0de6b9c       10     4         build/nanos2/obj/sdk/lib_standard_app/io.o:(.text.io_init)
c0de6b9c c0de6b9c        0     1                 $t.3
c0de6b9d c0de6b9d       10     1                 io_init
c0de6ba8 c0de6ba8        0     1                 $d.4
c0de6bac c0de6bac       2c     4         build/nanos2/obj/sdk/lib_standard_app/io.o:(.text.io_recv_command)
c0de6bac c0de6bac        0     1                 $t.5
c0de6bad c0de6bad       2c     1                 io_recv_command
c0de6bd4 c0de6bd4        0     1                 $d.6
c0de6bd8 c0de6bd8       a8     4         build/nanos2/obj/sdk/lib_standard_app/io.o:(.text.io_send_response_buffers)
c0de6bd8 c0de6bd8        0     1                 $t.7
c0de6bd9 c0de6bd9       a8     1                 io_send_response_buffers
c0de6c70 c0de6c70        0     1                 $d.8
c0de6c80 c0de6c80        a     2         build/nanos2/obj/sdk/lib_standard_app/io.o:(.text.OUTLINED_FUNCTION_0)
c0de6c80 c0de6c80        0     1                 $t.10
c0de6c81 c0de6c81        a     1                 OUTLINED_FUNCTION_0
c0de6c8a c0de6c8a        6     2         build/nanos2/obj/sdk/lib_standard_app/main.o:(.text.app_exit)
c0de6c8a c0de6c8a        0     1                 $t.0
c0de6c8b c0de6c8b        6     1                 app_exit
c0de6c90 c0de6c90        e     2         build/nanos2/obj/sdk/lib_standard_app/main.o:(.text.common_app_init)
c0de6c90 c0de6c90        0     1                 $t.1
c0de6c91 c0de6c91        e     1                 common_app_init
c0de6ca0 c0de6ca0       6c     4         build/nanos2/obj/sdk/lib_standard_app/main.o:(.text.standalone_app_main)
c0de6ca0 c0de6ca0        0     1                 $t.2
c0de6ca1 c0de6ca1       6c     1                 standalone_app_main
c0de6d00 c0de6d00        0     1                 $d.3
c0de6d0c c0de6d0c       a0     4         build/nanos2/obj/sdk/lib_standard_app/main.o:(.text.library_app_main)
c0de6d0c c0de6d0c        0     1                 $t.4
c0de6d0d c0de6d0d       a0     1                 library_app_main
c0de6d9c c0de6d9c        0     1                 $d.5
c0de6dac c0de6dac       36     2         build/nanos2/obj/sdk/lib_standard_app/parser.o:(.text.apdu_parser)
c0de6dac c0de6dac        0     1                 $t.0
c0de6dad c0de6dad       36     1                 apdu_parser
c0de6de2 c0de6de2       18     2         build/nanos2/obj/sdk/lib_standard_app/read.o:(.text.read_u32_be)
c0de6de2 c0de6de2        0     1                 $t.1
c0de6de3 c0de6de3       18     1                 read_u32_be
c0de6dfa c0de6dfa       30     2         build/nanos2/obj/sdk/lib_standard_app/read.o:(.text.read_u64_be)
c0de6dfa c0de6dfa        0     1                 $t.2
c0de6dfb c0de6dfb       30     1                 read_u64_be
c0de6e2a c0de6e2a        e     2         build/nanos2/obj/sdk/lib_standard_app/read.o:(.text.read_u16_le)
c0de6e2a c0de6e2a        0     1                 $t.3
c0de6e2b c0de6e2b        e     1                 read_u16_le
c0de6e38 c0de6e38       18     2         build/nanos2/obj/sdk/lib_standard_app/read.o:(.text.read_u32_le)
c0de6e38 c0de6e38        0     1                 $t.4
c0de6e39 c0de6e39       18     1                 read_u32_le
c0de6e50 c0de6e50       2e     2         build/nanos2/obj/sdk/lib_standard_app/read.o:(.text.read_u64_le)
c0de6e50 c0de6e50        0     1                 $t.5
c0de6e51 c0de6e51       2e     1                 read_u64_le
c0de6e7e c0de6e7e        c     2         build/nanos2/obj/sdk/lib_standard_app/swap_error_code_helpers.o:(.text.send_swap_error_simple)
c0de6e7e c0de6e7e        0     1                 $t.0
c0de6e7f c0de6e7f        c     1                 send_swap_error_simple
c0de6e8c c0de6e8c       64     4         build/nanos2/obj/sdk/lib_standard_app/swap_error_code_helpers.o:(.text.send_swap_error_with_buffers)
c0de6e8c c0de6e8c        0     1                 $t.1
c0de6e8d c0de6e8d       64     1                 send_swap_error_with_buffers
c0de6ee8 c0de6ee8        0     1                 $d.2
c0de6ef0 c0de6ef0       34     2         build/nanos2/obj/sdk/lib_standard_app/swap_utils.o:(.text.swap_str_to_u64)
c0de6ef0 c0de6ef0        0     1                 $t.0
c0de6ef1 c0de6ef1       34     1                 swap_str_to_u64
c0de6f24 c0de6f24       5c     2         build/nanos2/obj/sdk/lib_standard_app/varint.o:(.text.varint_read)
c0de6f24 c0de6f24        0     1                 $t.1
c0de6f25 c0de6f25       5c     1                 varint_read
c0de6f80 c0de6f80        a     2         build/nanos2/obj/sdk/lib_standard_app/write.o:(.text.write_u16_be)
c0de6f80 c0de6f80        0     1                 $t.0
c0de6f81 c0de6f81        a     1                 write_u16_be
c0de6f8c c0de6f8c       34     4         build/nanos2/obj/sdk/lib_ux_nbgl/ux.o:(.text.ux_process_button_event)
c0de6f8c c0de6f8c        0     1                 $t.0
c0de6f8d c0de6f8d       34     1                 ux_process_button_event
c0de6fbc c0de6fbc        0     1                 $d.1
c0de6fc0 c0de6fc0       54     4         build/nanos2/obj/sdk/lib_ux_nbgl/ux.o:(.text.ux_forward_event)
c0de6fc0 c0de6fc0        0     1                 $t.2
c0de6fc1 c0de6fc1       54     1                 ux_forward_event
c0de7010 c0de7010        0     1                 $d.3
c0de7014 c0de7014       30     4         build/nanos2/obj/sdk/lib_ux_nbgl/ux.o:(.text.ux_process_ticker_event)
c0de7014 c0de7014        0     1                 $t.4
c0de7015 c0de7015       30     1                 ux_process_ticker_event
c0de7040 c0de7040        0     1                 $d.5
c0de7044 c0de7044        6     2         build/nanos2/obj/sdk/lib_ux_nbgl/ux.o:(.text.ux_process_default_event)
c0de7044 c0de7044        0     1                 $t.6
c0de7045 c0de7045        6     1                 ux_process_default_event
c0de704a c0de704a       4a     2         build/nanos2/obj/sdk/src/cx_hash_iovec.o:(.text.hash_iovec)
c0de704a c0de704a        0     1                 $t.1
c0de704b c0de704b       4a     1                 hash_iovec
c0de7094 c0de7094       16     2         build/nanos2/obj/sdk/src/cx_hash_iovec.o:(.text.cx_sha256_hash_iovec)
c0de7094 c0de7094        0     1                 $t.3
c0de7095 c0de7095       16     1                 cx_sha256_hash_iovec
c0de70aa c0de70aa       4e     2         build/nanos2/obj/sdk/src/cx_hash_iovec.o:(.text.hash_iovec_ex)
c0de70aa c0de70aa        0     1                 $t.7
c0de70ab c0de70ab       4e     1                 hash_iovec_ex
c0de70f8 c0de70f8       1a     2         build/nanos2/obj/sdk/src/cx_hash_iovec.o:(.text.cx_keccak_256_hash_iovec)
c0de70f8 c0de70f8        0     1                 $t.12
c0de70f9 c0de70f9       1a     1                 cx_keccak_256_hash_iovec
c0de7112 c0de7112       1a     2         build/nanos2/obj/sdk/src/cx_hash_iovec.o:(.text.cx_blake2b_512_hash_iovec)
c0de7112 c0de7112        0     1                 $t.18
c0de7113 c0de7113       1a     1                 cx_blake2b_512_hash_iovec
c0de712c c0de712c        8     2         build/nanos2/obj/sdk/src/cx_hash_iovec.o:(.text.OUTLINED_FUNCTION_0)
c0de712c c0de712c        0     1                 $t.19
c0de712d c0de712d        8     1                 OUTLINED_FUNCTION_0
c0de7134 c0de7134        a     1         build/nanos2/obj/sdk/src/cx_stubs.o:(.text.cx_ecdsa_sign_no_throw)
c0de7134 c0de7134        0     1                 $t.44
c0de7135 c0de7135        0     1                 cx_ecdsa_sign_no_throw
c0de713e c0de713e        a     1         build/nanos2/obj/sdk/src/cx_stubs.o:(.text.cx_ecfp_generate_pair2_no_throw)
c0de713e c0de713e        0     1                 $t.49
c0de713f c0de713f        0     1                 cx_ecfp_generate_pair2_no_throw
c0de7148 c0de7148        a     1         build/nanos2/obj/sdk/src/cx_stubs.o:(.text.cx_ecfp_init_private_key_no_throw)
c0de7148 c0de7148        0     1                 $t.51
c0de7149 c0de7149        0     1                 cx_ecfp_init_private_key_no_throw
c0de7152 c0de7152        a     1         build/nanos2/obj/sdk/src/cx_stubs.o:(.text.cx_hash_final)
c0de7152 c0de7152        0     1                 $t.63
c0de7153 c0de7153        0     1                 cx_hash_final
[...]
c0de7bec c0de7bec        0     1                 $t
c0de7bed c0de7bed        4     1                 explicit_bzero
c0de7bf0 c0de7bf0        8     2         /opt/nanosplus-secure-sdk/arch/st33k1/lib/libc.a(lib_a-bzero.o):(.text.bzero)
c0de7bf0 c0de7bf0        0     1                 $t
c0de7bf1 c0de7bf1        8     1                 bzero
c0de7bf8 c0de7bf8       1c     2         /opt/nanosplus-secure-sdk/arch/st33k1/lib/libc.a(lib_a-memcpy-stub.o):(.text.memcpy)
c0de7bf8 c0de7bf8        0     1                 $t
c0de7bf9 c0de7bf9       1c     1                 memcpy
c0de7c14 c0de7c14       34     2         /opt/nanosplus-secure-sdk/arch/st33k1/lib/libc.a(lib_a-memmove.o):(.text.memmove)
c0de7c14 c0de7c14        0     1                 $t
c0de7c15 c0de7c15       34     1                 memmove
c0de7c48 c0de7c48       10     2         /opt/nanosplus-secure-sdk/arch/st33k1/lib/libc.a(lib_a-memset.o):(.text.memset)
c0de7c48 c0de7c48        0     1                 $t
c0de7c49 c0de7c49       10     1                 memset
c0de7c58 c0de7c58       1c     4         /opt/nanosplus-secure-sdk/arch/st33k1/lib/libc.a(lib_a-setjmp.o):(.text)
c0de7c58 c0de7c58        0     1                 $t
c0de7c59 c0de7c59        c     1                 setjmp
c0de7c65 c0de7c65        e     1                 longjmp
c0de7c74 c0de7c74       14     2         /opt/nanosplus-secure-sdk/arch/st33k1/lib/libc.a(lib_a-strcmp.o):(.text)
c0de7c74 c0de7c74        0     1                 $t
c0de7c75 c0de7c75       14     1                 strcmp
c0de7c88 c0de7c88       10     2         /opt/nanosplus-secure-sdk/arch/st33k1/lib/libc.a(lib_a-strlen.o):(.text)
c0de7c88 c0de7c88        0     1                 $t
c0de7c89 c0de7c89       10     1                 strlen
c0de7c98 c0de7c98       24     2         /opt/nanosplus-secure-sdk/arch/st33k1/lib/libc.a(lib_a-strncmp.o):(.text.strncmp)
c0de7c98 c0de7c98        0     1                 $t
c0de7c99 c0de7c99       24     1                 strncmp
c0de7cbc c0de7cbc       26     2         /opt/nanosplus-secure-sdk/arch/st33k1/lib/libc.a(lib_a-strncpy.o):(.text.strncpy)
c0de7cbc c0de7cbc        0     1                 $t
c0de7cbd c0de7cbd       26     1                 strncpy
c0de7ce2 c0de7ce2        0     1         _ecode = .
c0de7ce2 c0de7ce2       19     1         build/nanos2/gen_src/glyphs.o:(.rodata.C_home_boilerplate_14px_bitmap)
c0de7ce2 c0de7ce2       19     1                 C_home_boilerplate_14px_bitmap
c0de7cfb c0de7cfb        a     1         build/nanos2/gen_src/glyphs.o:(.rodata.C_home_boilerplate_14px)
c0de7cfb c0de7cfb        a     1                 C_home_boilerplate_14px
c0de7d05 c0de7d05       19     1         build/nanos2/gen_src/glyphs.o:(.rodata.C_Information_circle_14px_bitmap)
c0de7d05 c0de7d05       19     1                 C_Information_circle_14px_bitmap
c0de7d1e c0de7d1e        a     1         build/nanos2/gen_src/glyphs.o:(.rodata.C_Information_circle_14px)
c0de7d1e c0de7d1e        a     1                 C_Information_circle_14px
c0de7d28 c0de7d28       19     1         build/nanos2/gen_src/glyphs.o:(.rodata.C_Quit_14px_bitmap)
c0de7d28 c0de7d28       19     1                 C_Quit_14px_bitmap
c0de7d41 c0de7d41        a     1         build/nanos2/gen_src/glyphs.o:(.rodata.C_Quit_14px)
c0de7d41 c0de7d41        a     1                 C_Quit_14px
c0de7d4b c0de7d4b        c     1         build/nanos2/gen_src/glyphs.o:(.rodata.C_Switch_Off_8px_bitmap)
c0de7d4b c0de7d4b        c     1                 C_Switch_Off_8px_bitmap
c0de7d57 c0de7d57        a     1         build/nanos2/gen_src/glyphs.o:(.rodata.C_Switch_Off_8px)
c0de7d57 c0de7d57        a     1                 C_Switch_Off_8px
c0de7d61 c0de7d61        c     1         build/nanos2/gen_src/glyphs.o:(.rodata.C_Switch_On_8px_bitmap)
c0de7d61 c0de7d61        c     1                 C_Switch_On_8px_bitmap
c0de7d6d c0de7d6d        a     1         build/nanos2/gen_src/glyphs.o:(.rodata.C_Switch_On_8px)
c0de7d6d c0de7d6d        a     1                 C_Switch_On_8px
c0de7d77 c0de7d77       19     1         build/nanos2/gen_src/glyphs.o:(.rodata.C_icon_back_x_bitmap)
c0de7d77 c0de7d77       19     1                 C_icon_back_x_bitmap
c0de7d90 c0de7d90        a     1         build/nanos2/gen_src/glyphs.o:(.rodata.C_icon_back_x)
c0de7d90 c0de7d90        a     1                 C_icon_back_x
c0de7d9a c0de7d9a       19     1         build/nanos2/gen_src/glyphs.o:(.rodata.C_icon_coggle_bitmap)
c0de7d9a c0de7d9a       19     1                 C_icon_coggle_bitmap
c0de7db3 c0de7db3        a     1         build/nanos2/gen_src/glyphs.o:(.rodata.C_icon_coggle)
c0de7db3 c0de7db3        a     1                 C_icon_coggle
c0de7dbd c0de7dbd       19     1         build/nanos2/gen_src/glyphs.o:(.rodata.C_icon_crossmark_bitmap)
c0de7dbd c0de7dbd       19     1                 C_icon_crossmark_bitmap
c0de7dd6 c0de7dd6        a     1         build/nanos2/gen_src/glyphs.o:(.rodata.C_icon_crossmark)
c0de7dd6 c0de7dd6        a     1                 C_icon_crossmark
c0de7de0 c0de7de0        4     1         build/nanos2/gen_src/glyphs.o:(.rodata.C_icon_down_bitmap)
c0de7de0 c0de7de0        4     1                 C_icon_down_bitmap
c0de7de4 c0de7de4        a     1         build/nanos2/gen_src/glyphs.o:(.rodata.C_icon_down)
c0de7de4 c0de7de4        a     1                 C_icon_down
c0de7dee c0de7dee        4     1         build/nanos2/gen_src/glyphs.o:(.rodata.C_icon_left_bitmap)
c0de7dee c0de7dee        4     1                 C_icon_left_bitmap
c0de7df2 c0de7df2        a     1         build/nanos2/gen_src/glyphs.o:(.rodata.C_icon_left)
c0de7df2 c0de7df2        a     1                 C_icon_left
c0de7dfc c0de7dfc       19     1         build/nanos2/gen_src/glyphs.o:(.rodata.C_icon_processing_bitmap)
c0de7dfc c0de7dfc       19     1                 C_icon_processing_bitmap
c0de7e15 c0de7e15        a     1         build/nanos2/gen_src/glyphs.o:(.rodata.C_icon_processing)
c0de7e15 c0de7e15        a     1                 C_icon_processing
c0de7e1f c0de7e1f        4     1         build/nanos2/gen_src/glyphs.o:(.rodata.C_icon_right_bitmap)
c0de7e1f c0de7e1f        4     1                 C_icon_right_bitmap
c0de7e23 c0de7e23        a     1         build/nanos2/gen_src/glyphs.o:(.rodata.C_icon_right)
c0de7e23 c0de7e23        a     1                 C_icon_right
c0de7e2d c0de7e2d        4     1         build/nanos2/gen_src/glyphs.o:(.rodata.C_icon_up_bitmap)
c0de7e2d c0de7e2d        4     1                 C_icon_up_bitmap
c0de7e31 c0de7e31        a     1         build/nanos2/gen_src/glyphs.o:(.rodata.C_icon_up)
c0de7e31 c0de7e31        a     1                 C_icon_up
c0de7e3b c0de7e3b       17     1         build/nanos2/gen_src/glyphs.o:(.rodata.C_icon_validate_14_bitmap)
c0de7e3b c0de7e3b       17     1                 C_icon_validate_14_bitmap
c0de7e52 c0de7e52        a     1         build/nanos2/gen_src/glyphs.o:(.rodata.C_icon_validate_14)
c0de7e52 c0de7e52        a     1                 C_icon_validate_14
c0de7e5c c0de7e5c       19     1         build/nanos2/gen_src/glyphs.o:(.rodata.C_icon_warning_bitmap)
c0de7e5c c0de7e5c       19     1                 C_icon_warning_bitmap
c0de7e75 c0de7e75        a     1         build/nanos2/gen_src/glyphs.o:(.rodata.C_icon_warning)
c0de7e75 c0de7e75        a     1                 C_icon_warning
c0de7e7f c0de7e7f       19     1         build/nanos2/gen_src/glyphs.o:(.rodata.C_app_boilerplate_14px_bitmap)
c0de7e7f c0de7e7f       19     1                 C_app_boilerplate_14px_bitmap
c0de7e98 c0de7e98        a     1         build/nanos2/gen_src/glyphs.o:(.rodata.C_app_boilerplate_14px)
c0de7e98 c0de7e98        a     1                 C_app_boilerplate_14px
c0de7ea2 c0de7ea2      356     1         <internal>:(.text)
c0de81f8 c0de81f8      280     8         <internal>:(.text)
c0de8478 c0de8478       a0     4         build/nanos2/obj/app/src/handler/zkn_magicbox.o:(.rodata..L__const.handler_cmd_Poseidon.input)
c0de8478 c0de8478       a0     1                 .L__const.handler_cmd_Poseidon.input
c0de8518 c0de8518      1e0     4         build/nanos2/obj/app/src/handler/zkn_magicbox.o:(.rodata..L__const.handler_cmd_encodeCommitment.commitmentlist_be)
c0de8518 c0de8518      1e0     1                 .L__const.handler_cmd_encodeCommitment.commitmentlist_be
c0de86f8 c0de86f8      1e0     4         build/nanos2/obj/app/src/handler/zkn_magicbox.o:(.rodata..L__const.handler_cmd_GroupCommitment.commitmentlist_be)
c0de86f8 c0de86f8      1e0     1                 .L__const.handler_cmd_GroupCommitment.commitmentlist_be
c0de88d8 c0de88d8       60     4         build/nanos2/obj/app/src/handler/zkn_magicbox.o:(.rodata..L__const.handler_cmd_GroupCommitment.binding_factors)
c0de88d8 c0de88d8       60     1                 .L__const.handler_cmd_GroupCommitment.binding_factors
c0de8938 c0de8938      1e0     4         build/nanos2/obj/app/src/handler/zkn_magicbox.o:(.rodata..L__const.handler_cmd_conciliation.commitmentlist_be)
c0de8938 c0de8938      1e0     1                 .L__const.handler_cmd_conciliation.commitmentlist_be
c0de8b18 c0de8b18       40     4         build/nanos2/obj/app/src/handler/zkn_magicbox.o:(.rodata..L__const.handler_cmd_conciliation.groupkey_be)
c0de8b18 c0de8b18       40     1                 .L__const.handler_cmd_conciliation.groupkey_be
c0de8b58 c0de8b58        c     4         build/nanos2/obj/app/src/ui/menu_nbgl.o:(.rodata.settingContents)
c0de8b58 c0de8b58        c     1                 settingContents
c0de8b64 c0de8b64       10     4         build/nanos2/obj/app/src/ui/menu_nbgl.o:(.rodata.infoList)
c0de8b64 c0de8b64       10     1                 infoList
c0de8b74 c0de8b74       38     4         build/nanos2/obj/app/src/ui/menu_nbgl.o:(.rodata.contents)
c0de8b74 c0de8b74       38     1                 contents
c0de8bac c0de8bac        8     4         build/nanos2/obj/app/src/ui/menu_nbgl.o:(.rodata.INFO_TYPES)
c0de8bac c0de8bac        8     1                 INFO_TYPES
c0de8bb4 c0de8bb4        8     4         build/nanos2/obj/app/src/ui/menu_nbgl.o:(.rodata.INFO_CONTENTS)
c0de8bb4 c0de8bb4        8     1                 INFO_CONTENTS
c0de8bbc c0de8bbc       40     4         build/nanos2/obj/app/src/zknox/ecc/zkn_eddsa.o:(.rodata..L__const.EddsaPoseidon_Sign_final.big_n)
c0de8bbc c0de8bbc       40     1                 .L__const.EddsaPoseidon_Sign_final.big_n
c0de8bfc c0de8bfc      480     4         build/nanos2/obj/app/src/zknox/hash/zkn_poseidon_constants.o:(.rodata..L__const.Poseidon_alloc_init.MixColumn)
c0de8bfc c0de8bfc      480     1                 .L__const.Poseidon_alloc_init.MixColumn
c0de907c c0de907c       1d     4         build/nanos2/obj/app/src/zknox/hash/zkn_rfc9591frost.o:(.rodata..L__const.zkn_frost_H5_init.contextString_BabyFROST)
c0de907c c0de907c       1d     1                 .L__const.zkn_frost_H5_init.contextString_BabyFROST
c0de909c c0de909c       2c     4         build/nanos2/obj/sdk/lib_nbgl/src/nbgl_use_case_nanos.o:(.rodata.blindSigningWarning)
c0de909c c0de909c       2c     1                 blindSigningWarning
c0de90c8 c0de90c8       20     1         <internal>:(.text)
c0de90e8 c0de90e8        0     1         . = ALIGN ( 4 )
c0de90e8 c0de90e8        0     1         _etext = .
c0de90e8 c0de90e8      118     1         . = ALIGN ( PAGE_SIZE )
c0de9200 c0de9200        0     1         _nvram_data = .
c0de9200 c0de9200        3     1         build/nanos2/obj/app/src/app_main.o:(.rodata.N_storage_real)
c0de9200 c0de9200        3     1                 N_storage_real
c0de9203 c0de9203      1fd     1         . = ALIGN ( PAGE_SIZE )
c0de9400 c0de9400        0     1         _envram_data = .
c0de9400 c0de9400        0     1         _install_parameters = .
c0de9400 c0de9400       3f     1         build/nanos2/obj/sdk/src/app_metadata.o:(.install_parameters)
c0de9400 c0de9400       3f     1                 install_parameters
c0de943f c0de943f        0     1         _einstall_parameters = .
c0de943f c0de943f        0     1         _nvram_end = .
d0000000 d0000000        0     1 .data
d0000000 d0000000        0     1         . = ALIGN ( 4 )
d0000000 d0000000        0     1         _data = .
d0000000 d0000000        0     1         _edata = .
d0000000 d0000000        0     1 
da7a0000 da7a0000      8ec     8 .bss
da7a0000 da7a0000        0     1         _bss = .
da7a0000 da7a0000      2f0     8         build/nanos2/obj/app/src/app_main.o:(.bss.G_context)
da7a0000 da7a0000      2f0     1                 G_context
da7a02f0 da7a02f0       20     1         build/nanos2/obj/app/src/app_main.o:(.bss.g_insecure_secret)
da7a02f0 da7a02f0       20     1                 g_insecure_secret
da7a0310 da7a0310       48     8         build/nanos2/obj/app/src/swap/handle_swap_sign_transaction.o:(.bss.G_swap_validated)
da7a0310 da7a0310       48     1                 G_swap_validated
da7a0358 da7a0358       1c     4         build/nanos2/obj/app/src/ui/menu_nbgl.o:(.bss..L_MergedGlobals)
da7a0358 da7a0358       1c     1                 .L_MergedGlobals
da7a0358 da7a0358        1     1                 initSettingPage
da7a035c da7a035c       18     1                 switches
da7a0374 da7a0374       2b     4         build/nanos2/obj/app/src/ui/nbgl_display_address.o:(.bss.g_address)
da7a0374 da7a0374       2b     1                 g_address
da7a03a0 da7a03a0       74     4         build/nanos2/obj/app/src/ui/nbgl_display_transaction.o:(.bss..L_MergedGlobals)
da7a03a0 da7a03a0       74     1                 .L_MergedGlobals
da7a03a0 da7a03a0       14     1                 pairList
da7a03b4 da7a03b4       20     1                 pairs
da7a03d4 da7a03d4       40     1                 g_tx_hash
da7a0414 da7a0414      111     1         build/nanos2/obj/sdk/io/src/os_io.o:(.bss.G_io_tx_buffer)
da7a0414 da7a0414      111     1                 G_io_tx_buffer
da7a0525 da7a0525      111     1         build/nanos2/obj/sdk/io/src/os_io.o:(.bss.G_io_rx_buffer)
da7a0525 da7a0525      111     1                 G_io_rx_buffer
da7a0636 da7a0636        8     2         build/nanos2/obj/sdk/io_legacy/src/os_io_legacy.o:(.bss.G_io_app)
da7a0636 da7a0636        8     1                 G_io_app
da7a063e da7a063e        2     1         build/nanos2/obj/sdk/io_legacy/src/os_io_legacy.o:(.bss..L_MergedGlobals)
da7a063e da7a063e        2     1                 .L_MergedGlobals
da7a063e da7a063e        1     1                 need_to_start_io
da7a063f da7a063f        1     1                 io_os_legacy_apdu_type
da7a0640 da7a0640       24     4         build/nanos2/obj/sdk/lib_nbgl/src/nbgl_layout_nanos.o:(.bss.gLayout)
da7a0640 da7a0640       24     1                 gLayout
da7a0664 da7a0664       14     4         build/nanos2/obj/sdk/lib_nbgl/src/nbgl_layout_nanos.o:(.bss.nbgl_layoutAddText.tmpString)
da7a0664 da7a0664       14     1                 nbgl_layoutAddText.tmpString
da7a0678 da7a0678       d8     4         build/nanos2/obj/sdk/lib_nbgl/src/nbgl_step.o:(.bss.contexts)
da7a0678 da7a0678       d8     1                 contexts
da7a0750 da7a0750       6c     4         build/nanos2/obj/sdk/lib_nbgl/src/nbgl_use_case_nanos.o:(.bss..L_MergedGlobals)
da7a0750 da7a0750       6c     1                 .L_MergedGlobals
da7a0750 da7a0750       2c     1                 reviewWithWarnCtx
da7a077c da7a077c       40     1                 context
da7a07bc da7a07bc      110     1         build/nanos2/obj/sdk/lib_standard_app/io.o:(.bss.G_io_seproxyhal_spi_buffer)
da7a07bc da7a07bc      110     1                 G_io_seproxyhal_spi_buffer
da7a08cc da7a08cc        1     1         build/nanos2/obj/sdk/lib_standard_app/io.o:(.bss.need_to_start_io)
da7a08cc da7a08cc        1     1                 need_to_start_io
da7a08d0 da7a08d0        c     4         build/nanos2/obj/sdk/lib_standard_app/main.o:(.bss.G_ux_params)
da7a08d0 da7a08d0        c     1                 G_ux_params
da7a08dc da7a08dc        1     1         build/nanos2/obj/sdk/lib_standard_app/swap_utils.o:(.bss.G_called_from_swap)
da7a08dc da7a08dc        1     1                 G_called_from_swap
da7a08dd da7a08dd        1     1         build/nanos2/obj/sdk/lib_standard_app/swap_utils.o:(.bss.G_swap_response_ready)
da7a08dd da7a08dd        1     1                 G_swap_response_ready
da7a08e0 da7a08e0        4     4         build/nanos2/obj/sdk/lib_standard_app/swap_utils.o:(.bss.G_swap_signing_return_value_address)
da7a08e0 da7a08e0        4     1                 G_swap_signing_return_value_address
da7a08e4 da7a08e4        4     4         build/nanos2/obj/sdk/lib_ux_nbgl/ux.o:(.bss.nbTicks)
da7a08e4 da7a08e4        4     1                 nbTicks
da7a08e8 da7a08e8        0     1         _ebss = .
da7a08e8 da7a08e8        0     1         . = ALIGN ( 4 )
da7a08e8 da7a08e8        0     1         app_stack_canary = .
da7a08e8 da7a08e8        4     1         . += 4
da7a08ec da7a08ec        0     1         _stack = .
da7a08ec da7a08ec        0     1         _estack = ABSOLUTE ( END_STACK )
da7a08ec da7a08ec        0     1 
d0000000 d0000000       10     4 DEBUG
d0000000 d0000000       10     4         <internal>:(.ARM.exidx)
       0        0       5d     1 .comment
       0        0       5d     1         <internal>:(.comment)
       0        0        6     1 ledger.target
       0        0        6     1         build/nanos2/obj/sdk/src/app_metadata.o:(ledger.target)
       0        0        6     1                 target
       0        0        d     1 ledger.target_name
       0        0        d     1         build/nanos2/obj/sdk/src/app_metadata.o:(ledger.target_name)
       0        0        d     1                 target_name
       0        0        a     1 ledger.target_id
       0        0        a     1         build/nanos2/obj/sdk/src/app_metadata.o:(ledger.target_id)
       0        0        a     1                 target_id
       0        0        7     1 ledger.app_name
       0        0        7     1         build/nanos2/obj/sdk/src/app_metadata.o:(ledger.app_name)
       0        0        7     1                 app_name
       0        0        5     1 ledger.app_version
       0        0        5     1         build/nanos2/obj/sdk/src/app_metadata.o:(ledger.app_version)
       0        0        5     1                 app_version
       0        0        2     1 ledger.api_level
       0        0        2     1         build/nanos2/obj/sdk/src/app_metadata.o:(ledger.api_level)
       0        0        2     1                 api_level
       0        0       11     1 ledger.sdk_name
       0        0       11     1         build/nanos2/obj/sdk/src/app_metadata.o:(ledger.sdk_name)
       0        0       11     1                 sdk_name
       0        0        7     1 ledger.sdk_version
       0        0        7     1         build/nanos2/obj/sdk/src/app_metadata.o:(ledger.sdk_version)
       0        0        7     1                 sdk_version
       0        0       28     1 ledger.sdk_hash
       0        0       28     1         build/nanos2/obj/sdk/src/app_metadata.o:(ledger.sdk_hash)
       0        0       28     1                 sdk_hash
       0        0        4     1 ledger.sdk_graphics
       0        0        4     1         build/nanos2/obj/sdk/src/app_metadata.o:(ledger.sdk_graphics)
       0        0        4     1                 sdk_graphics
d0000010 d0000010        0     1 PROVIDE ( _nvram = ABSOLUTE ( _nvram_start ) )
d0000010 d0000010        0     1 PROVIDE ( _envram = ABSOLUTE ( _nvram_end ) )
       0        0       45     1 .ARM.attributes
       0        0       45     1         build/nanos2/gen_src/glyphs.o:(.ARM.attributes)
       0        0     48b0     4 .symtab
       0        0     48b0     4         <internal>:(.symtab)
       0        0       f8     1 .shstrtab
       0        0       f8     1         <internal>:(.shstrtab)
       0        0     3717     1 .strtab
       0        0     3717     1         <internal>:(.strtab)
