     VMA      LMA     Size Align Out     In      Symbol
       0        0        0     1 PAGE_SIZE = 512
       0        0        0     1 STACK_MIN_SIZE = DEFINED ( stack_min_size ) ? stack_min_size : 1500
       0        0        0     1 END_STACK = ORIGIN ( SRAM ) + LENGTH ( SRAM )
c0de0000 c0de0000     903f     8 .text
c0de0000 c0de0000        0     1         _text = .
c0de0000 c0de0000        0     1         _nvram_start = .
c0de0000 c0de0000       28     2         build/nanos2/obj/sdk/lib_standard_app/main.o:(.boot)
c0de0000 c0de0000        0     1                 $t.6
c0de0001 c0de0001       28     1                 main
c0de0028 c0de0028        0     1         _code = .
c0de0028 c0de0028       4a     2         build/nanos2/obj/app/src/address.o:(.text.address_from_pubkey)
c0de0028 c0de0028        0     1                 $t.0
c0de0029 c0de0029       4a     1                 address_from_pubkey
c0de0072 c0de0072      2ae     2         build/nanos2/obj/app/src/apdu/dispatcher.o:(.text.apdu_dispatcher)
c0de0072 c0de0072        0     1                 $t.0
c0de0073 c0de0073      2ae     1                 apdu_dispatcher
c0de0320 c0de0320        e     2         build/nanos2/obj/app/src/apdu/dispatcher.o:(.text.io_send_sw)
c0de0320 c0de0320        0     1                 $t.1
c0de0321 c0de0321        e     1                 io_send_sw
c0de032e c0de032e        8     2         build/nanos2/obj/app/src/apdu/dispatcher.o:(.text.OUTLINED_FUNCTION_0)
c0de032e c0de032e        0     1                 $t.2
c0de032f c0de032f        8     1                 OUTLINED_FUNCTION_0
c0de0338 c0de0338       94     4         build/nanos2/obj/app/src/app_main.o:(.text.app_main)
c0de0338 c0de0338        0     1                 $t.0
c0de0339 c0de0339       94     1                 app_main
c0de03b8 c0de03b8        0     1                 $d.1
c0de03cc c0de03cc       28     4         build/nanos2/obj/app/src/handler/get_app_name.o:(.text.handler_get_app_name)
c0de03cc c0de03cc        0     1                 $t.0
c0de03cd c0de03cd       28     1                 handler_get_app_name
c0de03f0 c0de03f0        0     1                 $d.1
c0de03f4 c0de03f4       98     4         build/nanos2/obj/app/src/handler/get_public_key.o:(.text.handler_get_public_key)
c0de03f4 c0de03f4        0     1                 $t.0
c0de03f5 c0de03f5       98     1                 handler_get_public_key
c0de0488 c0de0488        0     1                 $d.1
c0de048c c0de048c        e     2         build/nanos2/obj/app/src/handler/get_public_key.o:(.text.io_send_sw)
c0de048c c0de048c        0     1                 $t.2
c0de048d c0de048d        e     1                 io_send_sw
c0de049a c0de049a       2e     2         build/nanos2/obj/app/src/handler/get_version.o:(.text.handler_get_version)
c0de049a c0de049a        0     1                 $t.0
c0de049b c0de049b       2e     1                 handler_get_version
c0de04c8 c0de04c8      168     4         build/nanos2/obj/app/src/handler/sign_tx.o:(.text.handler_sign_tx)
c0de04c8 c0de04c8        0     1                 $t.0
c0de04c9 c0de04c9      168     1                 handler_sign_tx
c0de0620 c0de0620        0     1                 $d.1
c0de0630 c0de0630        e     2         build/nanos2/obj/app/src/handler/sign_tx.o:(.text.io_send_sw)
c0de0630 c0de0630        0     1                 $t.2
c0de0631 c0de0631        e     1                 io_send_sw
c0de063e c0de063e       4e     2         build/nanos2/obj/app/src/handler/zkn_magicbox.o:(.text.handler_cmd_blake2b512)
c0de063e c0de063e        0     1                 $t.0
c0de063f c0de063f       4e     1                 handler_cmd_blake2b512
c0de068c c0de068c       16     2         build/nanos2/obj/app/src/handler/zkn_magicbox.o:(.text.io_send_response_pointer)
c0de068c c0de068c        0     1                 $t.1
c0de068d c0de068d       16     1                 io_send_response_pointer
c0de06a2 c0de06a2        e     2         build/nanos2/obj/app/src/handler/zkn_magicbox.o:(.text.io_send_sw)
c0de06a2 c0de06a2        0     1                 $t.2
c0de06a3 c0de06a3        e     1                 io_send_sw
c0de06b0 c0de06b0       3a     2         build/nanos2/obj/app/src/handler/zkn_magicbox.o:(.text.handler_cmd_keccakH)
c0de06b0 c0de06b0        0     1                 $t.3
c0de06b1 c0de06b1       3a     1                 handler_cmd_keccakH
c0de06ec c0de06ec       94     4         build/nanos2/obj/app/src/handler/zkn_magicbox.o:(.text.handler_cmd_bolos_stretch)
c0de06ec c0de06ec        0     1                 $t.4
c0de06ed c0de06ed       94     1                 handler_cmd_bolos_stretch
c0de0774 c0de0774        0     1                 $d.5
c0de0780 c0de0780      10c     4         build/nanos2/obj/app/src/handler/zkn_magicbox.o:(.text.handler_cmd_Poseidon)
c0de0780 c0de0780        0     1                 $t.6
c0de0781 c0de0781      10c     1                 handler_cmd_Poseidon
c0de0884 c0de0884        0     1                 $d.7
c0de088c c0de088c       8c     4         build/nanos2/obj/app/src/handler/zkn_magicbox.o:(.text.handler_cmd_Poseidon_ithRC)
c0de088c c0de088c        0     1                 $t.8
c0de088d c0de088d       8c     1                 handler_cmd_Poseidon_ithRC
c0de0910 c0de0910        0     1                 $d.9
c0de0918 c0de0918       82     2         build/nanos2/obj/app/src/handler/zkn_magicbox.o:(.text.handler_cmd_tEddsaPoseidon_Kpub)
c0de0918 c0de0918        0     1                 $t.12
c0de0919 c0de0919       82     1                 handler_cmd_tEddsaPoseidon_Kpub
c0de099a c0de099a       b2     2         build/nanos2/obj/app/src/handler/zkn_magicbox.o:(.text.handler_cmd_tEddsaPoseidon_Sign)
c0de099a c0de099a        0     1                 $t.13
c0de099b c0de099b       b2     1                 handler_cmd_tEddsaPoseidon_Sign
c0de0a4c c0de0a4c       e8     4         build/nanos2/obj/app/src/handler/zkn_magicbox.o:(.text.handler_cmd_tEddsaPoseidon)
c0de0a4c c0de0a4c        0     1                 $t.14
c0de0a4d c0de0a4d       e8     1                 handler_cmd_tEddsaPoseidon
c0de0b2c c0de0b2c        0     1                 $d.15
c0de0b34 c0de0b34      16c     4         build/nanos2/obj/app/src/handler/zkn_magicbox.o:(.text.handler_cmd_tEdwards)
c0de0b34 c0de0b34        0     1                 $t.16
c0de0b35 c0de0b35      16c     1                 handler_cmd_tEdwards
c0de0c90 c0de0c90        0     1                 $d.17
c0de0ca0 c0de0ca0      16a     2         build/nanos2/obj/app/src/handler/zkn_magicbox.o:(.text.handler_cmd_Interpolate)
c0de0ca0 c0de0ca0        0     1                 $t.20
c0de0ca1 c0de0ca1      16a     1                 handler_cmd_Interpolate
c0de0e0a c0de0e0a      190     2         build/nanos2/obj/app/src/handler/zkn_magicbox.o:(.text.handler_cmd_Split)
c0de0e0a c0de0e0a        0     1                 $t.21
c0de0e0b c0de0e0b      190     1                 handler_cmd_Split
c0de0f9a c0de0f9a       a0     2         build/nanos2/obj/app/src/handler/zkn_magicbox.o:(.text.handler_cmd_frostH)
c0de0f9a c0de0f9a        0     1                 $t.22
c0de0f9b c0de0f9b       a0     1                 handler_cmd_frostH
c0de103c c0de103c       6c     4         build/nanos2/obj/app/src/handler/zkn_magicbox.o:(.text.handler_cmd_encodeCommitment)
c0de103c c0de103c        0     1                 $t.23
c0de103d c0de103d       6c     1                 handler_cmd_encodeCommitment
c0de10a4 c0de10a4        0     1                 $d.24
c0de10a8 c0de10a8       84     4         build/nanos2/obj/app/src/handler/zkn_magicbox.o:(.text.handler_cmd_GroupCommitment)
c0de10a8 c0de10a8        0     1                 $t.25
c0de10a9 c0de10a9       84     1                 handler_cmd_GroupCommitment
c0de1124 c0de1124        0     1                 $d.26
c0de112c c0de112c       e8     4         build/nanos2/obj/app/src/handler/zkn_magicbox.o:(.text.handler_cmd_BindingFactors)
c0de112c c0de112c        0     1                 $t.29
c0de112d c0de112d       e8     1                 handler_cmd_BindingFactors
c0de1208 c0de1208        0     1                 $d.30
c0de1214 c0de1214       c0     4         build/nanos2/obj/app/src/handler/zkn_magicbox.o:(.text.handler_get_insecure_secret)
c0de1214 c0de1214        0     1                 $t.32
c0de1215 c0de1215       c0     1                 handler_get_insecure_secret
c0de12cc c0de12cc        0     1                 $d.33
c0de12d4 c0de12d4       70     4         build/nanos2/obj/app/src/handler/zkn_magicbox.o:(.text.handler_get_insecure_public)
c0de12d4 c0de12d4        0     1                 $t.34
c0de12d5 c0de12d5       70     1                 handler_get_insecure_public
c0de1340 c0de1340        0     1                 $d.35
c0de1344 c0de1344       9c     4         build/nanos2/obj/app/src/handler/zkn_magicbox.o:(.text.handler_cmd_tEddsaPoseidon_Sign_with_secret)
c0de1344 c0de1344        0     1                 $t.36
c0de1345 c0de1345       9c     1                 handler_cmd_tEddsaPoseidon_Sign_with_secret
c0de13dc c0de13dc        0     1                 $d.37
c0de13e0 c0de13e0        8     2         build/nanos2/obj/app/src/handler/zkn_magicbox.o:(.text.OUTLINED_FUNCTION_0)
c0de13e0 c0de13e0        0     1                 $t.38
c0de13e1 c0de13e1        8     1                 OUTLINED_FUNCTION_0
c0de13e8 c0de13e8        6     2         build/nanos2/obj/app/src/handler/zkn_magicbox.o:(.text.OUTLINED_FUNCTION_1)
c0de13e8 c0de13e8        0     1                 $t.39
c0de13e9 c0de13e9        6     1                 OUTLINED_FUNCTION_1
c0de13ee c0de13ee        6     2         build/nanos2/obj/app/src/handler/zkn_magicbox.o:(.text.OUTLINED_FUNCTION_2)
c0de13ee c0de13ee        0     1                 $t.40
c0de13ef c0de13ef        6     1                 OUTLINED_FUNCTION_2
c0de13f4 c0de13f4        6     2         build/nanos2/obj/app/src/handler/zkn_magicbox.o:(.text.OUTLINED_FUNCTION_3)
c0de13f4 c0de13f4        0     1                 $t.41
c0de13f5 c0de13f5        6     1                 OUTLINED_FUNCTION_3
c0de13fa c0de13fa        e     2         build/nanos2/obj/app/src/handler/zkn_magicbox.o:(.text.OUTLINED_FUNCTION_4)
c0de13fa c0de13fa        0     1                 $t.42
c0de13fb c0de13fb        e     1                 OUTLINED_FUNCTION_4
c0de1408 c0de1408        8     2         build/nanos2/obj/app/src/handler/zkn_magicbox.o:(.text.OUTLINED_FUNCTION_5)
c0de1408 c0de1408        0     1                 $t.43
c0de1409 c0de1409        8     1                 OUTLINED_FUNCTION_5
c0de1410 c0de1410        6     2         build/nanos2/obj/app/src/handler/zkn_magicbox.o:(.text.OUTLINED_FUNCTION_6)
c0de1410 c0de1410        0     1                 $t.44
c0de1411 c0de1411        6     1                 OUTLINED_FUNCTION_6
c0de1416 c0de1416        6     2         build/nanos2/obj/app/src/handler/zkn_magicbox.o:(.text.OUTLINED_FUNCTION_7)
c0de1416 c0de1416        0     1                 $t.45
c0de1417 c0de1417        6     1                 OUTLINED_FUNCTION_7
c0de141c c0de141c       10     2         build/nanos2/obj/app/src/handler/zkn_magicbox.o:(.text.OUTLINED_FUNCTION_8)
c0de141c c0de141c        0     1                 $t.46
c0de141d c0de141d       10     1                 OUTLINED_FUNCTION_8
c0de142c c0de142c        c     2         build/nanos2/obj/app/src/handler/zkn_magicbox.o:(.text.OUTLINED_FUNCTION_9)
c0de142c c0de142c        0     1                 $t.47
c0de142d c0de142d        c     1                 OUTLINED_FUNCTION_9
c0de1438 c0de1438        8     2         build/nanos2/obj/app/src/handler/zkn_magicbox.o:(.text.OUTLINED_FUNCTION_10)
c0de1438 c0de1438        0     1                 $t.48
c0de1439 c0de1439        8     1                 OUTLINED_FUNCTION_10
c0de1440 c0de1440        6     2         build/nanos2/obj/app/src/handler/zkn_magicbox.o:(.text.OUTLINED_FUNCTION_11)
c0de1440 c0de1440        0     1                 $t.49
c0de1441 c0de1441        6     1                 OUTLINED_FUNCTION_11
c0de1446 c0de1446        6     2         build/nanos2/obj/app/src/handler/zkn_magicbox.o:(.text.OUTLINED_FUNCTION_12)
c0de1446 c0de1446        0     1                 $t.50
c0de1447 c0de1447        6     1                 OUTLINED_FUNCTION_12
c0de144c c0de144c       44     4         build/nanos2/obj/app/src/helper/send_reponse.o:(.text.helper_send_response_pubkey)
c0de144c c0de144c        0     1                 $t.0
c0de144d c0de144d       44     1                 helper_send_response_pubkey
c0de148c c0de148c        0     1                 $d.1
c0de1490 c0de1490       18     2         build/nanos2/obj/app/src/helper/send_reponse.o:(.text.io_send_response_pointer)
c0de1490 c0de1490        0     1                 $t.2
c0de1491 c0de1491       18     1                 io_send_response_pointer
c0de14a8 c0de14a8       44     4         build/nanos2/obj/app/src/helper/send_reponse.o:(.text.helper_send_response_sig)
c0de14a8 c0de14a8        0     1                 $t.3
c0de14a9 c0de14a9       44     1                 helper_send_response_sig
c0de14e8 c0de14e8        0     1                 $d.4
c0de14ec c0de14ec       b4     2         build/nanos2/obj/app/src/swap/handle_check_address.o:(.text.swap_handle_check_address)
c0de14ec c0de14ec        0     1                 $t.0
c0de14ed c0de14ed       b4     1                 swap_handle_check_address
c0de15a0 c0de15a0       58     4         build/nanos2/obj/app/src/swap/handle_get_printable_amount.o:(.text.swap_handle_get_printable_amount)
c0de15a0 c0de15a0        0     1                 $t.0
c0de15a1 c0de15a1       58     1                 swap_handle_get_printable_amount
c0de15f4 c0de15f4        0     1                 $d.1
c0de15f8 c0de15f8       80     4         build/nanos2/obj/app/src/swap/handle_swap_sign_transaction.o:(.text.swap_copy_transaction_parameters)
c0de15f8 c0de15f8        0     1                 $t.0
c0de15f9 c0de15f9       80     1                 swap_copy_transaction_parameters
c0de1674 c0de1674        0     1                 $d.1
c0de1678 c0de1678       80     4         build/nanos2/obj/app/src/swap/handle_swap_sign_transaction.o:(.text.swap_check_validity)
c0de1678 c0de1678        0     1                 $t.2
c0de1679 c0de1679       80     1                 swap_check_validity
c0de16f4 c0de16f4        0     1                 $d.3
c0de16f8 c0de16f8       be     2         build/nanos2/obj/app/src/transaction/deserialize.o:(.text.transaction_deserialize)
c0de16f8 c0de16f8        0     1                 $t.0
c0de16f9 c0de16f9       be     1                 transaction_deserialize
c0de17b6 c0de17b6       3a     2         build/nanos2/obj/app/src/transaction/utils.o:(.text.transaction_utils_check_encoding)
c0de17b6 c0de17b6        0     1                 $t.0
c0de17b7 c0de17b7       3a     1                 transaction_utils_check_encoding
c0de17f0 c0de17f0        e     2         build/nanos2/obj/app/src/ui/action/validate.o:(.text.validate_pubkey)
c0de17f0 c0de17f0        0     1                 $t.0
c0de17f1 c0de17f1        e     1                 validate_pubkey
c0de17fe c0de17fe        e     2         build/nanos2/obj/app/src/ui/action/validate.o:(.text.io_send_sw)
c0de17fe c0de17fe        0     1                 $t.1
c0de17ff c0de17ff        e     1                 io_send_sw
c0de180c c0de180c       a4     4         build/nanos2/obj/app/src/ui/action/validate.o:(.text.validate_transaction)
c0de180c c0de180c        0     1                 $t.2
c0de180d c0de180d       a4     1                 validate_transaction
c0de18ac c0de18ac        0     1                 $d.3
c0de18b0 c0de18b0        6     2         build/nanos2/obj/app/src/ui/menu_nbgl.o:(.text.app_quit)
c0de18b0 c0de18b0        0     1                 $t.0
c0de18b1 c0de18b1        6     1                 app_quit
c0de18b8 c0de18b8       90     4         build/nanos2/obj/app/src/ui/menu_nbgl.o:(.text.ui_menu_main)
c0de18b8 c0de18b8        0     1                 $t.1
c0de18b9 c0de18b9       90     1                 ui_menu_main
c0de191c c0de191c        0     1                 $d.2
c0de1948 c0de1948       b4     4         build/nanos2/obj/app/src/ui/menu_nbgl.o:(.text.controls_callback)
c0de1948 c0de1948        0     1                 $t.3
c0de1949 c0de1949       b4     1                 controls_callback
c0de19d4 c0de19d4        0     1                 $d.4
c0de19fc c0de19fc       7c     4         build/nanos2/obj/app/src/ui/menu_nbgl.o:(.text.review_warning_choice)
c0de19fc c0de19fc        0     1                 $t.5
c0de19fd c0de19fd       7c     1                 review_warning_choice
c0de1a5c c0de1a5c        0     1                 $d.6
c0de1a78 c0de1a78        6     2         build/nanos2/obj/app/src/ui/menu_nbgl.o:(.text.OUTLINED_FUNCTION_0)
c0de1a78 c0de1a78        0     1                 $t.7
c0de1a79 c0de1a79        6     1                 OUTLINED_FUNCTION_0
c0de1a80 c0de1a80       a4     4         build/nanos2/obj/app/src/ui/nbgl_display_address.o:(.text.ui_display_address)
c0de1a80 c0de1a80        0     1                 $t.0
c0de1a81 c0de1a81       a4     1                 ui_display_address
c0de1b10 c0de1b10        0     1                 $d.1
c0de1b24 c0de1b24        e     2         build/nanos2/obj/app/src/ui/nbgl_display_address.o:(.text.io_send_sw)
c0de1b24 c0de1b24        0     1                 $t.2
c0de1b25 c0de1b25        e     1                 io_send_sw
c0de1b34 c0de1b34       20     4         build/nanos2/obj/app/src/ui/nbgl_display_address.o:(.text.review_choice)
c0de1b34 c0de1b34        0     1                 $t.3
c0de1b35 c0de1b35       20     1                 review_choice
c0de1b50 c0de1b50        0     1                 $d.4
c0de1b54 c0de1b54      13c     4         build/nanos2/obj/app/src/ui/nbgl_display_transaction.o:(.text.ui_display_transaction_bs_choice)
c0de1b54 c0de1b54        0     1                 $t.0
c0de1b55 c0de1b55      13c     1                 ui_display_transaction_bs_choice
c0de1c68 c0de1c68        0     1                 $d.1
c0de1c90 c0de1c90        e     2         build/nanos2/obj/app/src/ui/nbgl_display_transaction.o:(.text.io_send_sw)
c0de1c90 c0de1c90        0     1                 $t.2
c0de1c91 c0de1c91        e     1                 io_send_sw
c0de1ca0 c0de1ca0       1c     4         build/nanos2/obj/app/src/ui/nbgl_display_transaction.o:(.text.review_choice)
c0de1ca0 c0de1ca0        0     1                 $t.3
c0de1ca1 c0de1ca1       1c     1                 review_choice
c0de1cb8 c0de1cb8        0     1                 $d.4
c0de1cbc c0de1cbc        6     2         build/nanos2/obj/app/src/ui/nbgl_display_transaction.o:(.text.ui_display_blind_signed_transaction)
c0de1cbc c0de1cbc        0     1                 $t.5
c0de1cbd c0de1cbd        6     1                 ui_display_blind_signed_transaction
c0de1cc2 c0de1cc2        6     2         build/nanos2/obj/app/src/ui/nbgl_display_transaction.o:(.text.ui_display_transaction)
c0de1cc2 c0de1cc2        0     1                 $t.6
c0de1cc3 c0de1cc3        6     1                 ui_display_transaction
c0de1cc8 c0de1cc8       6c     4         build/nanos2/obj/app/src/zknox/ecc/zkn_eddsa.o:(.text.zkn_prv_hash)
c0de1cc8 c0de1cc8        0     1                 $t.0
c0de1cc9 c0de1cc9       6c     1                 zkn_prv_hash
c0de1d30 c0de1d30        0     1                 $d.1
c0de1d34 c0de1d34       4e     2         build/nanos2/obj/app/src/zknox/ecc/zkn_eddsa.o:(.text.zkn_prv2pub)
c0de1d34 c0de1d34        0     1                 $t.2
c0de1d35 c0de1d35       4e     1                 zkn_prv2pub
c0de1d84 c0de1d84      2b8     4         build/nanos2/obj/app/src/zknox/ecc/zkn_eddsa.o:(.text.EddsaPoseidon_Sign_final)
c0de1d84 c0de1d84        0     1                 $t.3
c0de1d85 c0de1d85      2b8     1                 EddsaPoseidon_Sign_final
c0de2034 c0de2034        0     1                 $d.4
c0de203c c0de203c        8     2         build/nanos2/obj/app/src/zknox/ecc/zkn_eddsa.o:(.text.rev64)
c0de203c c0de203c        0     1                 $t.5
c0de203d c0de203d        8     1                 rev64
c0de2044 c0de2044        8     2         build/nanos2/obj/app/src/zknox/ecc/zkn_eddsa.o:(.text.OUTLINED_FUNCTION_0)
c0de2044 c0de2044        0     1                 $t.6
c0de2045 c0de2045        8     1                 OUTLINED_FUNCTION_0
c0de204c c0de204c        6     2         build/nanos2/obj/app/src/zknox/ecc/zkn_eddsa.o:(.text.OUTLINED_FUNCTION_1)
c0de204c c0de204c        0     1                 $t.7
c0de204d c0de204d        6     1                 OUTLINED_FUNCTION_1
c0de2052 c0de2052       c0     2         build/nanos2/obj/app/src/zknox/ecc/zkn_frost.o:(.text.zkn_frost_interpolate)
c0de2052 c0de2052        0     1                 $t.0
c0de2053 c0de2053       c0     1                 zkn_frost_interpolate
c0de2112 c0de2112       84     2         build/nanos2/obj/app/src/zknox/ecc/zkn_frost.o:(.text.zkn_frost_interpolate_secrets)
c0de2112 c0de2112        0     1                 $t.1
c0de2113 c0de2113       84     1                 zkn_frost_interpolate_secrets
c0de2196 c0de2196       72     2         build/nanos2/obj/app/src/zknox/ecc/zkn_frost.o:(.text.zkn_evalshare)
c0de2196 c0de2196        0     1                 $t.3
c0de2197 c0de2197       72     1                 zkn_evalshare
c0de2208 c0de2208       fa     2         build/nanos2/obj/app/src/zknox/ecc/zkn_frost.o:(.text.zkn_encode_group_commitmentHash)
c0de2208 c0de2208        0     1                 $t.6
c0de2209 c0de2209       fa     1                 zkn_encode_group_commitmentHash
c0de2302 c0de2302       d6     2         build/nanos2/obj/app/src/zknox/ecc/zkn_frost.o:(.text.zkn_compute_group_commitment)
c0de2302 c0de2302        0     1                 $t.7
c0de2303 c0de2303       d6     1                 zkn_compute_group_commitment
c0de23d8 c0de23d8      106     2         build/nanos2/obj/app/src/zknox/ecc/zkn_frost.o:(.text.zkn_compute_binding_factors)
c0de23d8 c0de23d8        0     1                 $t.8
c0de23d9 c0de23d9      106     1                 zkn_compute_binding_factors
c0de24de c0de24de       10     2         build/nanos2/obj/app/src/zknox/ecc/zkn_frost.o:(.text.zkn_serialize_scalar_for_hash)
c0de24de c0de24de        0     1                 $t.9
c0de24df c0de24df       10     1                 zkn_serialize_scalar_for_hash
c0de24ee c0de24ee       16     2         build/nanos2/obj/app/src/zknox/ecc/zkn_frost.o:(.text.OUTLINED_FUNCTION_0)
c0de24ee c0de24ee        0     1                 $t.16
c0de24ef c0de24ef       16     1                 OUTLINED_FUNCTION_0
c0de2504 c0de2504        8     2         build/nanos2/obj/app/src/zknox/ecc/zkn_frost.o:(.text.OUTLINED_FUNCTION_2)
c0de2504 c0de2504        0     1                 $t.18
c0de2505 c0de2505        8     1                 OUTLINED_FUNCTION_2
c0de250c c0de250c        6     2         build/nanos2/obj/app/src/zknox/ecc/zkn_frost.o:(.text.OUTLINED_FUNCTION_3)
c0de250c c0de250c        0     1                 $t.19
c0de250d c0de250d        6     1                 OUTLINED_FUNCTION_3
c0de2512 c0de2512        6     2         build/nanos2/obj/app/src/zknox/ecc/zkn_frost.o:(.text.OUTLINED_FUNCTION_4)
c0de2512 c0de2512        0     1                 $t.20
c0de2513 c0de2513        6     1                 OUTLINED_FUNCTION_4
c0de2518 c0de2518       2a     2         build/nanos2/obj/app/src/zknox/ecc/zkn_tEdwards.o:(.text.tEdwards_alloc)
c0de2518 c0de2518        0     1                 $t.0
c0de2519 c0de2519       2a     1                 tEdwards_alloc
c0de2542 c0de2542       22     2         build/nanos2/obj/app/src/zknox/ecc/zkn_tEdwards.o:(.text.tEdwards_destroy)
c0de2542 c0de2542        0     1                 $t.1
c0de2543 c0de2543       22     1                 tEdwards_destroy
c0de2564 c0de2564       d6     2         build/nanos2/obj/app/src/zknox/ecc/zkn_tEdwards.o:(.text.tEdwards_double)
c0de2564 c0de2564        0     1                 $t.2
c0de2565 c0de2565       d6     1                 tEdwards_double
c0de263a c0de263a      130     2         build/nanos2/obj/app/src/zknox/ecc/zkn_tEdwards.o:(.text.tEdwards_add)
c0de263a c0de263a        0     1                 $t.3
c0de263b c0de263b      130     1                 tEdwards_add
c0de276a c0de276a       ac     2         build/nanos2/obj/app/src/zknox/ecc/zkn_tEdwards.o:(.text.tEdwards_IsOnCurve)
c0de276a c0de276a        0     1                 $t.4
c0de276b c0de276b       ac     1                 tEdwards_IsOnCurve
c0de2818 c0de2818      1e0     4         build/nanos2/obj/app/src/zknox/ecc/zkn_tEdwards.o:(.text.tEdwards_Curve_alloc_init)
c0de2818 c0de2818        0     1                 $t.5
c0de2819 c0de2819      1e0     1                 tEdwards_Curve_alloc_init
c0de29cc c0de29cc        0     1                 $d.6
c0de29f8 c0de29f8       7e     2         build/nanos2/obj/app/src/zknox/ecc/zkn_tEdwards.o:(.text.tEdwards_init)
c0de29f8 c0de29f8        0     1                 $t.7
c0de29f9 c0de29f9       7e     1                 tEdwards_init
c0de2a76 c0de2a76       92     2         build/nanos2/obj/app/src/zknox/ecc/zkn_tEdwards.o:(.text.tEdwards_Curve_partial_destroy)
c0de2a76 c0de2a76        0     1                 $t.9
c0de2a77 c0de2a77       92     1                 tEdwards_Curve_partial_destroy
c0de2b08 c0de2b08       26     2         build/nanos2/obj/app/src/zknox/ecc/zkn_tEdwards.o:(.text.tEdwards_SetNeutral)
c0de2b08 c0de2b08        0     1                 $t.11
c0de2b09 c0de2b09       26     1                 tEdwards_SetNeutral
c0de2b2e c0de2b2e       4c     2         build/nanos2/obj/app/src/zknox/ecc/zkn_tEdwards.o:(.text.tEdwards_export)
c0de2b2e c0de2b2e        0     1                 $t.12
c0de2b2f c0de2b2f       4c     1                 tEdwards_export
c0de2b7a c0de2b7a       5a     2         build/nanos2/obj/app/src/zknox/ecc/zkn_tEdwards.o:(.text.tEdwards_normalize)
c0de2b7a c0de2b7a        0     1                 $t.13
c0de2b7b c0de2b7b       5a     1                 tEdwards_normalize
c0de2bd4 c0de2bd4       26     2         build/nanos2/obj/app/src/zknox/ecc/zkn_tEdwards.o:(.text.tEdwards_copy)
c0de2bd4 c0de2bd4        0     1                 $t.14
c0de2bd5 c0de2bd5       26     1                 tEdwards_copy
c0de2bfa c0de2bfa       3e     2         build/nanos2/obj/app/src/zknox/ecc/zkn_tEdwards.o:(.text.tEdwards_alloc_init)
c0de2bfa c0de2bfa        0     1                 $t.15
c0de2bfb c0de2bfb       3e     1                 tEdwards_alloc_init
c0de2c38 c0de2c38       ca     2         build/nanos2/obj/app/src/zknox/ecc/zkn_tEdwards.o:(.text.tEdwards_scalarMul_bn)
c0de2c38 c0de2c38        0     1                 $t.17
c0de2c39 c0de2c39       ca     1                 tEdwards_scalarMul_bn
c0de2d04 c0de2d04       40     4         build/nanos2/obj/app/src/zknox/ecc/zkn_tEdwards.o:(.text.tEdwards_scalarMul)
c0de2d04 c0de2d04        0     1                 $t.18
c0de2d05 c0de2d05       40     1                 tEdwards_scalarMul
c0de2d40 c0de2d40        0     1                 $d.19
c0de2d44 c0de2d44        6     2         build/nanos2/obj/app/src/zknox/ecc/zkn_tEdwards.o:(.text.OUTLINED_FUNCTION_0)
c0de2d44 c0de2d44        0     1                 $t.22
c0de2d45 c0de2d45        6     1                 OUTLINED_FUNCTION_0
c0de2d4a c0de2d4a        6     2         build/nanos2/obj/app/src/zknox/ecc/zkn_tEdwards.o:(.text.OUTLINED_FUNCTION_1)
c0de2d4a c0de2d4a        0     1                 $t.23
c0de2d4b c0de2d4b        6     1                 OUTLINED_FUNCTION_1
c0de2d50 c0de2d50        8     2         build/nanos2/obj/app/src/zknox/ecc/zkn_tEdwards.o:(.text.OUTLINED_FUNCTION_2)
c0de2d50 c0de2d50        0     1                 $t.24
c0de2d51 c0de2d51        8     1                 OUTLINED_FUNCTION_2
c0de2d58 c0de2d58        8     2         build/nanos2/obj/app/src/zknox/ecc/zkn_tEdwards.o:(.text.OUTLINED_FUNCTION_3)
c0de2d58 c0de2d58        0     1                 $t.25
c0de2d59 c0de2d59        8     1                 OUTLINED_FUNCTION_3
c0de2d60 c0de2d60        a     2         build/nanos2/obj/app/src/zknox/ecc/zkn_tEdwards.o:(.text.OUTLINED_FUNCTION_4)
c0de2d60 c0de2d60        0     1                 $t.26
c0de2d61 c0de2d61        a     1                 OUTLINED_FUNCTION_4
c0de2d6a c0de2d6a        a     2         build/nanos2/obj/app/src/zknox/ecc/zkn_tEdwards.o:(.text.OUTLINED_FUNCTION_5)
c0de2d6a c0de2d6a        0     1                 $t.27
c0de2d6b c0de2d6b        a     1                 OUTLINED_FUNCTION_5
c0de2d74 c0de2d74        a     2         build/nanos2/obj/app/src/zknox/ecc/zkn_tEdwards.o:(.text.OUTLINED_FUNCTION_6)
c0de2d74 c0de2d74        0     1                 $t.28
c0de2d75 c0de2d75        a     1                 OUTLINED_FUNCTION_6
c0de2d7e c0de2d7e        a     2         build/nanos2/obj/app/src/zknox/ecc/zkn_tEdwards.o:(.text.OUTLINED_FUNCTION_7)
c0de2d7e c0de2d7e        0     1                 $t.29
c0de2d7f c0de2d7f        a     1                 OUTLINED_FUNCTION_7
c0de2d88 c0de2d88        a     2         build/nanos2/obj/app/src/zknox/ecc/zkn_tEdwards.o:(.text.OUTLINED_FUNCTION_8)
c0de2d88 c0de2d88        0     1                 $t.30
c0de2d89 c0de2d89        a     1                 OUTLINED_FUNCTION_8
c0de2d92 c0de2d92        a     2         build/nanos2/obj/app/src/zknox/ecc/zkn_tEdwards.o:(.text.OUTLINED_FUNCTION_9)
c0de2d92 c0de2d92        0     1                 $t.31
c0de2d93 c0de2d93        a     1                 OUTLINED_FUNCTION_9
c0de2d9c c0de2d9c        a     2         build/nanos2/obj/app/src/zknox/ecc/zkn_tEdwards.o:(.text.OUTLINED_FUNCTION_10)
c0de2d9c c0de2d9c        0     1                 $t.32
c0de2d9d c0de2d9d        a     1                 OUTLINED_FUNCTION_10
c0de2da6 c0de2da6        6     2         build/nanos2/obj/app/src/zknox/ecc/zkn_tEdwards.o:(.text.OUTLINED_FUNCTION_11)
c0de2da6 c0de2da6        0     1                 $t.33
c0de2da7 c0de2da7        6     1                 OUTLINED_FUNCTION_11
c0de2dac c0de2dac       80     4         build/nanos2/obj/app/src/zknox/hash/zkn_poseidon_constants.o:(.text.grain_lfsr_advance)
c0de2dac c0de2dac        0     1                 $t.0
c0de2dad c0de2dad       80     1                 grain_lfsr_advance
c0de2e24 c0de2e24        0     1                 $d.1
c0de2e2c c0de2e2c       4a     2         build/nanos2/obj/app/src/zknox/hash/zkn_poseidon_constants.o:(.text.next64_graingen)
c0de2e2c c0de2e2c        0     1                 $t.2
c0de2e2d c0de2e2d       4a     1                 next64_graingen
c0de2e78 c0de2e78       30     4         build/nanos2/obj/app/src/zknox/hash/zkn_poseidon_constants.o:(.text.init_generator)
c0de2e78 c0de2e78        0     1                 $t.3
c0de2e79 c0de2e79       30     1                 init_generator
c0de2ea0 c0de2ea0        0     1                 $d.4
c0de2ea8 c0de2ea8       98     4         build/nanos2/obj/app/src/zknox/hash/zkn_poseidon_constants.o:(.text.gen_integer)
c0de2ea8 c0de2ea8        0     1                 $t.5
c0de2ea9 c0de2ea9       98     1                 gen_integer
c0de2f30 c0de2f30        0     1                 $d.6
c0de2f40 c0de2f40        8     2         build/nanos2/obj/app/src/zknox/hash/zkn_poseidon_constants.o:(.text.rev64)
c0de2f40 c0de2f40        0     1                 $t.7
c0de2f41 c0de2f41        8     1                 rev64
c0de2f48 c0de2f48        6     2         build/nanos2/obj/app/src/zknox/hash/zkn_poseidon_constants.o:(.text.Poseidon_getNext_RC)
c0de2f48 c0de2f48        0     1                 $t.8
c0de2f49 c0de2f49        6     1                 Poseidon_getNext_RC
c0de2f50 c0de2f50       cc     4         build/nanos2/obj/app/src/zknox/hash/zkn_poseidon_constants.o:(.text.Poseidon_alloc_init)
c0de2f50 c0de2f50        0     1                 $t.9
c0de2f51 c0de2f51       cc     1                 Poseidon_alloc_init
c0de3018 c0de3018        0     1                 $d.10
c0de301c c0de301c      1a0     4         build/nanos2/obj/app/src/zknox/hash/zkn_poseidon_constants.o:(.text.Poseidon)
c0de301c c0de301c        0     1                 $t.13
c0de301d c0de301d      1a0     1                 Poseidon
c0de31b8 c0de31b8        0     1                 $d.14
c0de31bc c0de31bc       98     4         build/nanos2/obj/app/src/zknox/hash/zkn_rfc9591frost.o:(.text.RFC9591_taggedHash)
c0de31bc c0de31bc        0     1                 $t.0
c0de31bd c0de31bd       98     1                 RFC9591_taggedHash
c0de3250 c0de3250        0     1                 $d.1
c0de3254 c0de3254       1c     2         build/nanos2/obj/app/src/zknox/hash/zkn_rfc9591frost.o:(.text.Babyfrost_H1)
c0de3254 c0de3254        0     1                 $t.2
c0de3255 c0de3255       1c     1                 Babyfrost_H1
c0de3270 c0de3270       28     4         build/nanos2/obj/app/src/zknox/hash/zkn_rfc9591frost.o:(.text.Babyfrost_H3)
c0de3270 c0de3270        0     1                 $t.3
c0de3271 c0de3271       28     1                 Babyfrost_H3
c0de3294 c0de3294        0     1                 $d.4
c0de3298 c0de3298       1c     2         build/nanos2/obj/app/src/zknox/hash/zkn_rfc9591frost.o:(.text.Babyfrost_H4)
c0de3298 c0de3298        0     1                 $t.5
c0de3299 c0de3299       1c     1                 Babyfrost_H4
c0de32b4 c0de32b4       1c     2         build/nanos2/obj/app/src/zknox/hash/zkn_rfc9591frost.o:(.text.Babyfrost_H5)
c0de32b4 c0de32b4        0     1                 $t.6
c0de32b5 c0de32b5       1c     1                 Babyfrost_H5
c0de32d0 c0de32d0       2c     2         build/nanos2/obj/app/src/zknox/hash/zkn_rfc9591frost.o:(.text.zkn_frost_hash_init)
c0de32d0 c0de32d0        0     1                 $t.7
c0de32d1 c0de32d1       2c     1                 zkn_frost_hash_init
c0de32fc c0de32fc       34     4         build/nanos2/obj/app/src/zknox/hash/zkn_rfc9591frost.o:(.text.zkn_frost_H1_init)
c0de32fc c0de32fc        0     1                 $t.8
c0de32fd c0de32fd       34     1                 zkn_frost_H1_init
c0de332c c0de332c        0     1                 $d.9
c0de3330 c0de3330       34     4         build/nanos2/obj/app/src/zknox/hash/zkn_rfc9591frost.o:(.text.zkn_frost_H5_init)
c0de3330 c0de3330        0     1                 $t.10
c0de3331 c0de3331       34     1                 zkn_frost_H5_init
c0de3360 c0de3360        0     1                 $d.11
c0de3364 c0de3364        4     2         build/nanos2/obj/app/src/zknox/hash/zkn_rfc9591frost.o:(.text.zkn_frost_hash_update)
c0de3364 c0de3364        0     1                 $t.12
c0de3365 c0de3365        4     1                 zkn_frost_hash_update
c0de3368 c0de3368       50     2         build/nanos2/obj/app/src/zknox/hash/zkn_rfc9591frost.o:(.text.zkn_frost_hash_final)
c0de3368 c0de3368        0     1                 $t.13
c0de3369 c0de3369       50     1                 zkn_frost_hash_final
c0de33b8 c0de33b8       14     2         build/nanos2/obj/app/src/zknox/hash/zkn_rfc9591frost.o:(.text.OUTLINED_FUNCTION_0)
c0de33b8 c0de33b8        0     1                 $t.14
c0de33b9 c0de33b9       14     1                 OUTLINED_FUNCTION_0
c0de33cc c0de33cc        e     2         build/nanos2/obj/app/src/zknox/hash/zkn_rfc9591frost.o:(.text.OUTLINED_FUNCTION_1)
c0de33cc c0de33cc        0     1                 $t.15
c0de33cd c0de33cd        e     1                 OUTLINED_FUNCTION_1
c0de33da c0de33da        a     2         build/nanos2/obj/app/src/zknox/hash/zkn_rfc9591frost.o:(.text.OUTLINED_FUNCTION_2)
c0de33da c0de33da        0     1                 $t.16
c0de33db c0de33db        a     1                 OUTLINED_FUNCTION_2
c0de33e4 c0de33e4        e     2         build/nanos2/obj/app/src/zknox/hash/zkn_rfc9591frost.o:(.text.OUTLINED_FUNCTION_3)
c0de33e4 c0de33e4        0     1                 $t.17
c0de33e5 c0de33e5        e     1                 OUTLINED_FUNCTION_3
c0de33f2 c0de33f2       d6     2         build/nanos2/obj/sdk/io/src/os_io_default_apdu.o:(.text.os_io_handle_default_apdu)
c0de33f2 c0de33f2        0     1                 $t.0
c0de33f3 c0de33f3       d6     1                 os_io_handle_default_apdu
c0de34c8 c0de34c8        e     2         build/nanos2/obj/sdk/io/src/os_io_default_apdu.o:(.text.OUTLINED_FUNCTION_0)
c0de34c8 c0de34c8        0     1                 $t.1
c0de34c9 c0de34c9        e     1                 OUTLINED_FUNCTION_0
c0de34d6 c0de34d6       1c     2         build/nanos2/obj/sdk/io/src/os_io_seph_ux.o:(.text.io_process_itc_ux_event)
c0de34d6 c0de34d6        0     1                 $t.2
c0de34d7 c0de34d7       1c     1                 io_process_itc_ux_event
c0de34f4 c0de34f4       28     4         build/nanos2/obj/sdk/io_legacy/src/os_io_legacy.o:(.text.io_legacy_apdu_tx)
c0de34f4 c0de34f4        0     1                 $t.12
c0de34f5 c0de34f5       28     1                 io_legacy_apdu_tx
c0de3514 c0de3514        0     1                 $d.13
c0de351c c0de351c      1b4     4         build/nanos2/obj/sdk/io_legacy/src/os_io_legacy.o:(.text.io_legacy_apdu_rx)
c0de351c c0de351c        0     1                 $t.14
c0de351d c0de351d      1b4     1                 io_legacy_apdu_rx
c0de36b4 c0de36b4        0     1                 $d.15
c0de36d0 c0de36d0       38     4         build/nanos2/obj/sdk/io_legacy/src/os_io_legacy.o:(.text.io_seproxyhal_init)
c0de36d0 c0de36d0        0     1                 $t.16
c0de36d1 c0de36d1       38     1                 io_seproxyhal_init
c0de3704 c0de3704        0     1                 $d.17
c0de3708 c0de3708       ac     2         build/nanos2/obj/sdk/lib_nbgl/src/nbgl_layout_nanos.o:(.text.getTextMaxLenAndWidth)
c0de3708 c0de3708        0     1                 $t.0
c0de3709 c0de3709       ac     1                 getTextMaxLenAndWidth
c0de37b4 c0de37b4       78     4         build/nanos2/obj/sdk/lib_nbgl/src/nbgl_layout_nanos.o:(.text.nbgl_layoutGet)
c0de37b4 c0de37b4        0     1                 $t.2
c0de37b5 c0de37b5       78     1                 nbgl_layoutGet
c0de3824 c0de3824        0     1                 $d.3
c0de382c c0de382c       50     4         build/nanos2/obj/sdk/lib_nbgl/src/nbgl_layout_nanos.o:(.text.buttonCallback)
c0de382c c0de382c        0     1                 $t.4
c0de382d c0de382d       50     1                 buttonCallback
c0de3878 c0de3878        0     1                 $d.5
c0de387c c0de387c       bc     4         build/nanos2/obj/sdk/lib_nbgl/src/nbgl_layout_nanos.o:(.text.nbgl_layoutAddNavigation)
c0de387c c0de387c        0     1                 $t.6
c0de387d c0de387d       bc     1                 nbgl_layoutAddNavigation
c0de3928 c0de3928        0     1                 $d.7
c0de3938 c0de3938      380     4         build/nanos2/obj/sdk/lib_nbgl/src/nbgl_layout_nanos.o:(.text.nbgl_layoutAddText)
c0de3938 c0de3938        0     1                 $t.8
c0de3939 c0de3939      380     1                 nbgl_layoutAddText
c0de3cb4 c0de3cb4        0     1                 $d.9
c0de3cb8 c0de3cb8       a8     2         build/nanos2/obj/sdk/lib_nbgl/src/nbgl_layout_nanos.o:(.text.nbgl_layoutAddMenuList)
c0de3cb8 c0de3cb8        0     1                 $t.10
c0de3cb9 c0de3cb9       a8     1                 nbgl_layoutAddMenuList
c0de3d60 c0de3d60      340     2         build/nanos2/obj/sdk/lib_nbgl/src/nbgl_layout_nanos.o:(.text.nbgl_layoutAddCenteredInfo)
c0de3d60 c0de3d60        0     1                 $t.11
c0de3d61 c0de3d61      340     1                 nbgl_layoutAddCenteredInfo
c0de40a0 c0de40a0      1dc     4         build/nanos2/obj/sdk/lib_nbgl/src/nbgl_layout_nanos.o:(.text.nbgl_layoutAddSwitch)
c0de40a0 c0de40a0        0     1                 $t.14
c0de40a1 c0de40a1      1dc     1                 nbgl_layoutAddSwitch
c0de426c c0de426c        0     1                 $d.15
c0de427c c0de427c       10     2         build/nanos2/obj/sdk/lib_nbgl/src/nbgl_layout_nanos.o:(.text.nbgl_layoutDraw)
c0de427c c0de427c        0     1                 $t.16
c0de427d c0de427d       10     1                 nbgl_layoutDraw
c0de428c c0de428c       1a     2         build/nanos2/obj/sdk/lib_nbgl/src/nbgl_layout_nanos.o:(.text.nbgl_layoutRelease)
c0de428c c0de428c        0     1                 $t.17
c0de428d c0de428d       1a     1                 nbgl_layoutRelease
c0de42a6 c0de42a6       1a     2         build/nanos2/obj/sdk/lib_nbgl/src/nbgl_layout_nanos.o:(.text.OUTLINED_FUNCTION_1)
c0de42a6 c0de42a6        0     1                 $t.19
c0de42a7 c0de42a7       1a     1                 OUTLINED_FUNCTION_1
c0de42c0 c0de42c0       1a     2         build/nanos2/obj/sdk/lib_nbgl/src/nbgl_layout_nanos.o:(.text.OUTLINED_FUNCTION_2)
c0de42c0 c0de42c0        0     1                 $t.20
c0de42c1 c0de42c1       1a     1                 OUTLINED_FUNCTION_2
c0de42da c0de42da       12     2         build/nanos2/obj/sdk/lib_nbgl/src/nbgl_layout_nanos.o:(.text.OUTLINED_FUNCTION_3)
c0de42da c0de42da        0     1                 $t.21
c0de42db c0de42db       12     1                 OUTLINED_FUNCTION_3
c0de42ec c0de42ec        6     2         build/nanos2/obj/sdk/lib_nbgl/src/nbgl_layout_nanos.o:(.text.OUTLINED_FUNCTION_4)
c0de42ec c0de42ec        0     1                 $t.22
c0de42ed c0de42ed        6     1                 OUTLINED_FUNCTION_4
c0de42f2 c0de42f2        a     2         build/nanos2/obj/sdk/lib_nbgl/src/nbgl_layout_nanos.o:(.text.OUTLINED_FUNCTION_5)
c0de42f2 c0de42f2        0     1                 $t.23
c0de42f3 c0de42f3        a     1                 OUTLINED_FUNCTION_5
c0de42fc c0de42fc       10     2         build/nanos2/obj/sdk/lib_nbgl/src/nbgl_layout_nanos.o:(.text.OUTLINED_FUNCTION_6)
c0de42fc c0de42fc        0     1                 $t.24
c0de42fd c0de42fd       10     1                 OUTLINED_FUNCTION_6
c0de430c c0de430c        8     2         build/nanos2/obj/sdk/lib_nbgl/src/nbgl_layout_nanos.o:(.text.OUTLINED_FUNCTION_7)
c0de430c c0de430c        0     1                 $t.25
c0de430d c0de430d        8     1                 OUTLINED_FUNCTION_7
c0de4314 c0de4314        6     2         build/nanos2/obj/sdk/lib_nbgl/src/nbgl_layout_nanos.o:(.text.OUTLINED_FUNCTION_8)
c0de4314 c0de4314        0     1                 $t.26
c0de4315 c0de4315        6     1                 OUTLINED_FUNCTION_8
c0de431a c0de431a        e     2         build/nanos2/obj/sdk/lib_nbgl/src/nbgl_layout_nanos.o:(.text.OUTLINED_FUNCTION_9)
c0de431a c0de431a        0     1                 $t.27
c0de431b c0de431b        e     1                 OUTLINED_FUNCTION_9
c0de4328 c0de4328       72     2         build/nanos2/obj/sdk/lib_nbgl/src/nbgl_step.o:(.text.nbgl_stepDrawText)
c0de4328 c0de4328        0     1                 $t.0
c0de4329 c0de4329       72     1                 nbgl_stepDrawText
c0de439c c0de439c       4c     4         build/nanos2/obj/sdk/lib_nbgl/src/nbgl_step.o:(.text.getFreeContext)
c0de439c c0de439c        0     1                 $t.1
c0de439d c0de439d       4c     1                 getFreeContext
c0de43e4 c0de43e4        0     1                 $d.2
c0de43e8 c0de43e8      1cc     4         build/nanos2/obj/sdk/lib_nbgl/src/nbgl_step.o:(.text.displayTextPage)
c0de43e8 c0de43e8        0     1                 $t.3
c0de43e9 c0de43e9      1cc     1                 displayTextPage
c0de45ac c0de45ac        0     1                 $d.4
c0de45b4 c0de45b4       7c     4         build/nanos2/obj/sdk/lib_nbgl/src/nbgl_step.o:(.text.nbgl_stepDrawCenteredInfo)
c0de45b4 c0de45b4        0     1                 $t.5
c0de45b5 c0de45b5       7c     1                 nbgl_stepDrawCenteredInfo
c0de462c c0de462c        0     1                 $d.6
c0de4630 c0de4630       6c     2         build/nanos2/obj/sdk/lib_nbgl/src/nbgl_step.o:(.text.actionCallback)
c0de4630 c0de4630        0     1                 $t.7
c0de4631 c0de4631       6c     1                 actionCallback
c0de469c c0de469c       38     2         build/nanos2/obj/sdk/lib_nbgl/src/nbgl_step.o:(.text.getNavigationInfo)
c0de469c c0de469c        0     1                 $t.8
c0de469d c0de469d       38     1                 getNavigationInfo
c0de46d4 c0de46d4       36     2         build/nanos2/obj/sdk/lib_nbgl/src/nbgl_step.o:(.text.nbgl_stepDrawMenuList)
c0de46d4 c0de46d4        0     1                 $t.9
c0de46d5 c0de46d5       36     1                 nbgl_stepDrawMenuList
c0de470c c0de470c       78     4         build/nanos2/obj/sdk/lib_nbgl/src/nbgl_step.o:(.text.displayMenuList)
c0de470c c0de470c        0     1                 $t.10
c0de470d c0de470d       78     1                 displayMenuList
c0de4780 c0de4780        0     1                 $d.11
c0de4784 c0de4784       7c     4         build/nanos2/obj/sdk/lib_nbgl/src/nbgl_step.o:(.text.nbgl_stepDrawSwitch)
c0de4784 c0de4784        0     1                 $t.13
c0de4785 c0de4785       7c     1                 nbgl_stepDrawSwitch
c0de47fc c0de47fc        0     1                 $d.14
c0de4800 c0de4800       18     2         build/nanos2/obj/sdk/lib_nbgl/src/nbgl_step.o:(.text.nbgl_stepRelease)
c0de4800 c0de4800        0     1                 $t.15
c0de4801 c0de4801       18     1                 nbgl_stepRelease
c0de4818 c0de4818       28     4         build/nanos2/obj/sdk/lib_nbgl/src/nbgl_step.o:(.text.getContextFromLayout)
c0de4818 c0de4818        0     1                 $t.16
c0de4819 c0de4819       28     1                 getContextFromLayout
c0de483c c0de483c        0     1                 $d.17
c0de4840 c0de4840       40     2         build/nanos2/obj/sdk/lib_nbgl/src/nbgl_step.o:(.text.menuListActionCallback)
c0de4840 c0de4840        0     1                 $t.18
c0de4841 c0de4841       40     1                 menuListActionCallback
c0de4880 c0de4880       8e     2         build/nanos2/obj/sdk/lib_nbgl/src/nbgl_step.o:(.text.OUTLINED_FUNCTION_0)
c0de4880 c0de4880        0     1                 $t.19
c0de4881 c0de4881       8e     1                 OUTLINED_FUNCTION_0
c0de490e c0de490e       4a     2         build/nanos2/obj/sdk/lib_nbgl/src/nbgl_step.o:(.text.OUTLINED_FUNCTION_1)
c0de490e c0de490e        0     1                 $t.20
c0de490f c0de490f       4a     1                 OUTLINED_FUNCTION_1
c0de4958 c0de4958       12     2         build/nanos2/obj/sdk/lib_nbgl/src/nbgl_step.o:(.text.OUTLINED_FUNCTION_2)
c0de4958 c0de4958        0     1                 $t.21
c0de4959 c0de4959       12     1                 OUTLINED_FUNCTION_2
c0de496a c0de496a        a     2         build/nanos2/obj/sdk/lib_nbgl/src/nbgl_step.o:(.text.OUTLINED_FUNCTION_3)
c0de496a c0de496a        0     1                 $t.22
c0de496b c0de496b        a     1                 OUTLINED_FUNCTION_3
c0de4974 c0de4974        6     2         build/nanos2/obj/sdk/lib_nbgl/src/nbgl_step.o:(.text.OUTLINED_FUNCTION_4)
c0de4974 c0de4974        0     1                 $t.23
c0de4975 c0de4975        6     1                 OUTLINED_FUNCTION_4
c0de497a c0de497a        e     2         build/nanos2/obj/sdk/lib_nbgl/src/nbgl_step.o:(.text.OUTLINED_FUNCTION_5)
c0de497a c0de497a        0     1                 $t.24
c0de497b c0de497b        e     1                 OUTLINED_FUNCTION_5
c0de4988 c0de4988       4c     4         build/nanos2/obj/sdk/lib_nbgl/src/nbgl_use_case_nanos.o:(.text.nbgl_useCaseHomeAndSettings)
c0de4988 c0de4988        0     1                 $t.11
c0de4989 c0de4989       4c     1                 nbgl_useCaseHomeAndSettings
c0de49d0 c0de49d0        0     1                 $d.12
c0de49d4 c0de49d4       78     4         build/nanos2/obj/sdk/lib_nbgl/src/nbgl_use_case_nanos.o:(.text.startUseCaseSettingsAtPage)
c0de49d4 c0de49d4        0     1                 $t.13
c0de49d5 c0de49d5       78     1                 startUseCaseSettingsAtPage
c0de4a48 c0de4a48        0     1                 $d.14
c0de4a4c c0de4a4c       8c     4         build/nanos2/obj/sdk/lib_nbgl/src/nbgl_use_case_nanos.o:(.text.startUseCaseHome)
c0de4a4c c0de4a4c        0     1                 $t.15
c0de4a4d c0de4a4d       8c     1                 startUseCaseHome
c0de4ad4 c0de4ad4        0     1                 $d.16
c0de4ad8 c0de4ad8       20     2         build/nanos2/obj/sdk/lib_nbgl/src/nbgl_use_case_nanos.o:(.text.nbgl_useCaseReview)
c0de4ad8 c0de4ad8        0     1                 $t.20
c0de4ad9 c0de4ad9       20     1                 nbgl_useCaseReview
c0de4af8 c0de4af8       50     4         build/nanos2/obj/sdk/lib_nbgl/src/nbgl_use_case_nanos.o:(.text.useCaseReview)
c0de4af8 c0de4af8        0     1                 $t.21
c0de4af9 c0de4af9       50     1                 useCaseReview
c0de4b44 c0de4b44        0     1                 $d.22
c0de4b48 c0de4b48       bc     4         build/nanos2/obj/sdk/lib_nbgl/src/nbgl_use_case_nanos.o:(.text.nbgl_useCaseAdvancedReview)
c0de4b48 c0de4b48        0     1                 $t.23
c0de4b49 c0de4b49       bc     1                 nbgl_useCaseAdvancedReview
c0de4c00 c0de4c00        0     1                 $d.24
c0de4c04 c0de4c04       14     4         build/nanos2/obj/sdk/lib_nbgl/src/nbgl_use_case_nanos.o:(.text.displayInitialWarning)
c0de4c04 c0de4c04        0     1                 $t.25
c0de4c05 c0de4c05       14     1                 displayInitialWarning
c0de4c14 c0de4c14        0     1                 $d.26
c0de4c18 c0de4c18       24     4         build/nanos2/obj/sdk/lib_nbgl/src/nbgl_use_case_nanos.o:(.text.nbgl_useCaseReviewBlindSigning)
c0de4c18 c0de4c18        0     1                 $t.27
c0de4c19 c0de4c19       24     1                 nbgl_useCaseReviewBlindSigning
c0de4c38 c0de4c38        0     1                 $d.28
c0de4c3c c0de4c3c       68     4         build/nanos2/obj/sdk/lib_nbgl/src/nbgl_use_case_nanos.o:(.text.nbgl_useCaseAddressReview)
c0de4c3c c0de4c3c        0     1                 $t.30
c0de4c3d c0de4c3d       68     1                 nbgl_useCaseAddressReview
c0de4ca0 c0de4ca0        0     1                 $d.31
c0de4ca4 c0de4ca4      198     4         build/nanos2/obj/sdk/lib_nbgl/src/nbgl_use_case_nanos.o:(.text.displayReviewPage)
c0de4ca4 c0de4ca4        0     1                 $t.32
c0de4ca5 c0de4ca5      198     1                 displayReviewPage
c0de4e20 c0de4e20        0     1                 $d.33
c0de4e3c c0de4e3c       40     4         build/nanos2/obj/sdk/lib_nbgl/src/nbgl_use_case_nanos.o:(.text.nbgl_useCaseStatus)
c0de4e3c c0de4e3c        0     1                 $t.36
c0de4e3d c0de4e3d       40     1                 nbgl_useCaseStatus
c0de4e74 c0de4e74        0     1                 $d.37
c0de4e7c c0de4e7c      188     4         build/nanos2/obj/sdk/lib_nbgl/src/nbgl_use_case_nanos.o:(.text.drawStep)
c0de4e7c c0de4e7c        0     1                 $t.38
c0de4e7d c0de4e7d      188     1                 drawStep
c0de4ff0 c0de4ff0        0     1                 $d.39
c0de5004 c0de5004       1c     4         build/nanos2/obj/sdk/lib_nbgl/src/nbgl_use_case_nanos.o:(.text.statusButtonCallback)
c0de5004 c0de5004        0     1                 $t.40
c0de5005 c0de5005       1c     1                 statusButtonCallback
c0de501c c0de501c        0     1                 $d.41
c0de5020 c0de5020       94     4         build/nanos2/obj/sdk/lib_nbgl/src/nbgl_use_case_nanos.o:(.text.nbgl_useCaseReviewStatus)
c0de5020 c0de5020        0     1                 $t.42
c0de5021 c0de5021       94     1                 nbgl_useCaseReviewStatus
c0de5094 c0de5094        0     1                 $d.43
c0de50b4 c0de50b4      184     4         build/nanos2/obj/sdk/lib_nbgl/src/nbgl_use_case_nanos.o:(.text.displayStreamingReviewPage)
c0de50b4 c0de50b4        0     1                 $t.46
c0de50b5 c0de50b5      184     1                 displayStreamingReviewPage
c0de5224 c0de5224        0     1                 $d.47
c0de5238 c0de5238       3c     4         build/nanos2/obj/sdk/lib_nbgl/src/nbgl_use_case_nanos.o:(.text.nbgl_useCaseSpinner)
c0de5238 c0de5238        0     1                 $t.57
c0de5239 c0de5239       3c     1                 nbgl_useCaseSpinner
c0de526c c0de526c        0     1                 $d.58
c0de5274 c0de5274       38     4         build/nanos2/obj/sdk/lib_nbgl/src/nbgl_use_case_nanos.o:(.text.nbgl_useCaseChoice)
c0de5274 c0de5274        0     1                 $t.59
c0de5275 c0de5275       38     1                 nbgl_useCaseChoice
c0de52a8 c0de52a8        0     1                 $d.60
c0de52ac c0de52ac       bc     4         build/nanos2/obj/sdk/lib_nbgl/src/nbgl_use_case_nanos.o:(.text.displayChoicePage)
c0de52ac c0de52ac        0     1                 $t.61
c0de52ad c0de52ad       bc     1                 displayChoicePage
c0de5350 c0de5350        0     1                 $d.62
c0de5368 c0de5368       b4     4         build/nanos2/obj/sdk/lib_nbgl/src/nbgl_use_case_nanos.o:(.text.getContentAtIdx)
c0de5368 c0de5368        0     1                 $t.71
c0de5369 c0de5369       b4     1                 getContentAtIdx
c0de5418 c0de5418        0     1                 $d.72
c0de541c c0de541c       34     2         build/nanos2/obj/sdk/lib_nbgl/src/nbgl_use_case_nanos.o:(.text.getContentNbElement)
c0de541c c0de541c        0     1                 $t.73
c0de541d c0de541d       34     1                 getContentNbElement
c0de5450 c0de5450       ac     4         build/nanos2/obj/sdk/lib_nbgl/src/nbgl_use_case_nanos.o:(.text.displayContent)
c0de5450 c0de5450        0     1                 $t.74
c0de5451 c0de5451       ac     1                 displayContent
c0de54e4 c0de54e4        0     1                 $d.75
c0de54fc c0de54fc      144     4         build/nanos2/obj/sdk/lib_nbgl/src/nbgl_use_case_nanos.o:(.text.getContentPage)
c0de54fc c0de54fc        0     1                 $t.76
c0de54fd c0de54fd      144     1                 getContentPage
c0de5634 c0de5634        0     1                 $d.77
c0de5640 c0de5640       50     4         build/nanos2/obj/sdk/lib_nbgl/src/nbgl_use_case_nanos.o:(.text.drawSwitchStep)
c0de5640 c0de5640        0     1                 $t.78
c0de5641 c0de5641       50     1                 drawSwitchStep
c0de568c c0de568c        0     1                 $d.79
c0de5690 c0de5690       1e     2         build/nanos2/obj/sdk/lib_nbgl/src/nbgl_use_case_nanos.o:(.text.contentCallback)
c0de5690 c0de5690        0     1                 $t.80
c0de5691 c0de5691       1e     1                 contentCallback
c0de56b0 c0de56b0       88     4         build/nanos2/obj/sdk/lib_nbgl/src/nbgl_use_case_nanos.o:(.text.getContentElemAtIdx)
c0de56b0 c0de56b0        0     1                 $t.81
c0de56b1 c0de56b1       88     1                 getContentElemAtIdx
c0de5730 c0de5730        0     1                 $d.82
c0de5738 c0de5738       46     2         build/nanos2/obj/sdk/lib_nbgl/src/nbgl_use_case_nanos.o:(.text.getPairData)
c0de5738 c0de5738        0     1                 $t.83
c0de5739 c0de5739       46     1                 getPairData
c0de5780 c0de5780       b0     4         build/nanos2/obj/sdk/lib_nbgl/src/nbgl_use_case_nanos.o:(.text.onSwitchAction)
c0de5780 c0de5780        0     1                 $t.84
c0de5781 c0de5781       b0     1                 onSwitchAction
c0de5828 c0de5828        0     1                 $d.85
c0de5830 c0de5830       9c     4         build/nanos2/obj/sdk/lib_nbgl/src/nbgl_use_case_nanos.o:(.text.displaySettingsPage)
c0de5830 c0de5830        0     1                 $t.86
c0de5831 c0de5831       9c     1                 displaySettingsPage
c0de58b4 c0de58b4        0     1                 $d.87
c0de58cc c0de58cc       1e     2         build/nanos2/obj/sdk/lib_nbgl/src/nbgl_use_case_nanos.o:(.text.settingsCallback)
c0de58cc c0de58cc        0     1                 $t.88
c0de58cd c0de58cd       1e     1                 settingsCallback
c0de58ec c0de58ec      124     4         build/nanos2/obj/sdk/lib_nbgl/src/nbgl_use_case_nanos.o:(.text.buttonGenericCallback)
c0de58ec c0de58ec        0     1                 $t.89
c0de58ed c0de58ed      124     1                 buttonGenericCallback
c0de5a08 c0de5a08        0     1                 $d.90
c0de5a10 c0de5a10       fc     4         build/nanos2/obj/sdk/lib_nbgl/src/nbgl_use_case_nanos.o:(.text.displayHomePage)
c0de5a10 c0de5a10        0     1                 $t.91
c0de5a11 c0de5a11       fc     1                 displayHomePage
c0de5ae0 c0de5ae0        0     1                 $d.92
c0de5b0c c0de5b0c        6     2         build/nanos2/obj/sdk/lib_nbgl/src/nbgl_use_case_nanos.o:(.text.startUseCaseSettings)
c0de5b0c c0de5b0c        0     1                 $t.93
c0de5b0d c0de5b0d        6     1                 startUseCaseSettings
c0de5b14 c0de5b14       24     4         build/nanos2/obj/sdk/lib_nbgl/src/nbgl_use_case_nanos.o:(.text.startUseCaseInfo)
c0de5b14 c0de5b14        0     1                 $t.94
c0de5b15 c0de5b15       24     1                 startUseCaseInfo
c0de5b34 c0de5b34        0     1                 $d.95
c0de5b38 c0de5b38       1c     2         build/nanos2/obj/sdk/lib_nbgl/src/nbgl_use_case_nanos.o:(.text.homeCallback)
c0de5b38 c0de5b38        0     1                 $t.96
c0de5b39 c0de5b39       1c     1                 homeCallback
c0de5b54 c0de5b54       78     4         build/nanos2/obj/sdk/lib_nbgl/src/nbgl_use_case_nanos.o:(.text.displayInfoPage)
c0de5b54 c0de5b54        0     1                 $t.97
c0de5b55 c0de5b55       78     1                 displayInfoPage
c0de5bb4 c0de5bb4        0     1                 $d.98
c0de5bcc c0de5bcc       1c     2         build/nanos2/obj/sdk/lib_nbgl/src/nbgl_use_case_nanos.o:(.text.infoCallback)
c0de5bcc c0de5bcc        0     1                 $t.99
c0de5bcd c0de5bcd       1c     1                 infoCallback
c0de5be8 c0de5be8       d0     4         build/nanos2/obj/sdk/lib_nbgl/src/nbgl_use_case_nanos.o:(.text.displayWarningStep)
c0de5be8 c0de5be8        0     1                 $t.100
c0de5be9 c0de5be9       d0     1                 displayWarningStep
c0de5ca4 c0de5ca4        0     1                 $d.101
c0de5cb8 c0de5cb8      128     4         build/nanos2/obj/sdk/lib_nbgl/src/nbgl_use_case_nanos.o:(.text.getLastPageInfo)
c0de5cb8 c0de5cb8        0     1                 $t.102
c0de5cb9 c0de5cb9      128     1                 getLastPageInfo
c0de5d84 c0de5d84        0     1                 $d.103
c0de5de0 c0de5de0       84     4         build/nanos2/obj/sdk/lib_nbgl/src/nbgl_use_case_nanos.o:(.text.warningNavigate)
c0de5de0 c0de5de0        0     1                 $t.104
c0de5de1 c0de5de1       84     1                 warningNavigate
c0de5e60 c0de5e60        0     1                 $d.105
c0de5e64 c0de5e64       14     4         build/nanos2/obj/sdk/lib_nbgl/src/nbgl_use_case_nanos.o:(.text.onReviewAccept)
c0de5e64 c0de5e64        0     1                 $t.106
c0de5e65 c0de5e65       14     1                 onReviewAccept
c0de5e74 c0de5e74        0     1                 $d.107
c0de5e78 c0de5e78       14     4         build/nanos2/obj/sdk/lib_nbgl/src/nbgl_use_case_nanos.o:(.text.onReviewReject)
c0de5e78 c0de5e78        0     1                 $t.108
c0de5e79 c0de5e79       14     1                 onReviewReject
c0de5e88 c0de5e88        0     1                 $d.109
c0de5e8c c0de5e8c       38     4         build/nanos2/obj/sdk/lib_nbgl/src/nbgl_use_case_nanos.o:(.text.launchReviewAfterWarning)
c0de5e8c c0de5e8c        0     1                 $t.110
c0de5e8d c0de5e8d       38     1                 launchReviewAfterWarning
c0de5ec0 c0de5ec0        0     1                 $d.111
c0de5ec4 c0de5ec4       b8     4         build/nanos2/obj/sdk/lib_nbgl/src/nbgl_use_case_nanos.o:(.text.buttonSkipCallback)
c0de5ec4 c0de5ec4        0     1                 $t.112
c0de5ec5 c0de5ec5       b8     1                 buttonSkipCallback
c0de5f78 c0de5f78        0     1                 $d.113
c0de5f7c c0de5f7c       74     4         build/nanos2/obj/sdk/lib_nbgl/src/nbgl_use_case_nanos.o:(.text.displayAliasFullValue)
c0de5f7c c0de5f7c        0     1                 $t.114
c0de5f7d c0de5f7d       74     1                 displayAliasFullValue
c0de5fec c0de5fec        0     1                 $d.115
c0de5ff0 c0de5ff0       24     4         build/nanos2/obj/sdk/lib_nbgl/src/nbgl_use_case_nanos.o:(.text.reviewCallback)
c0de5ff0 c0de5ff0        0     1                 $t.116
c0de5ff1 c0de5ff1       24     1                 reviewCallback
c0de6010 c0de6010        0     1                 $d.117
c0de6014 c0de6014       f4     4         build/nanos2/obj/sdk/lib_nbgl/src/nbgl_use_case_nanos.o:(.text.displayExtensionStep)
c0de6014 c0de6014        0     1                 $t.118
c0de6015 c0de6015       f4     1                 displayExtensionStep
c0de60f4 c0de60f4        0     1                 $d.119
c0de6108 c0de6108       74     4         build/nanos2/obj/sdk/lib_nbgl/src/nbgl_use_case_nanos.o:(.text.extensionNavigate)
c0de6108 c0de6108        0     1                 $t.120
c0de6109 c0de6109       74     1                 extensionNavigate
c0de6178 c0de6178        0     1                 $d.121
c0de617c c0de617c       10     4         build/nanos2/obj/sdk/lib_nbgl/src/nbgl_use_case_nanos.o:(.text.statusTickerCallback)
c0de617c c0de617c        0     1                 $t.122
c0de617d c0de617d       10     1                 statusTickerCallback
c0de6188 c0de6188        0     1                 $d.123
c0de618c c0de618c       64     4         build/nanos2/obj/sdk/lib_nbgl/src/nbgl_use_case_nanos.o:(.text.getChoiceName)
c0de618c c0de618c        0     1                 $t.124
c0de618d c0de618d       64     1                 getChoiceName
c0de61e8 c0de61e8        0     1                 $d.125
c0de61f0 c0de61f0       6c     4         build/nanos2/obj/sdk/lib_nbgl/src/nbgl_use_case_nanos.o:(.text.onChoiceSelected)
c0de61f0 c0de61f0        0     1                 $t.126
c0de61f1 c0de61f1       6c     1                 onChoiceSelected
c0de6258 c0de6258        0     1                 $d.127
c0de625c c0de625c       24     4         build/nanos2/obj/sdk/lib_nbgl/src/nbgl_use_case_nanos.o:(.text.streamingReviewCallback)
c0de625c c0de625c        0     1                 $t.128
c0de625d c0de625d       24     1                 streamingReviewCallback
c0de627c c0de627c        0     1                 $d.129
c0de6280 c0de6280       14     4         build/nanos2/obj/sdk/lib_nbgl/src/nbgl_use_case_nanos.o:(.text.onChoiceAccept)
c0de6280 c0de6280        0     1                 $t.130
c0de6281 c0de6281       14     1                 onChoiceAccept
c0de6290 c0de6290        0     1                 $d.131
c0de6294 c0de6294       14     4         build/nanos2/obj/sdk/lib_nbgl/src/nbgl_use_case_nanos.o:(.text.onChoiceReject)
c0de6294 c0de6294        0     1                 $t.132
c0de6295 c0de6295       14     1                 onChoiceReject
c0de62a4 c0de62a4        0     1                 $d.133
c0de62a8 c0de62a8       1c     2         build/nanos2/obj/sdk/lib_nbgl/src/nbgl_use_case_nanos.o:(.text.genericChoiceCallback)
c0de62a8 c0de62a8        0     1                 $t.134
c0de62a9 c0de62a9       1c     1                 genericChoiceCallback
c0de62c4 c0de62c4       14     2         build/nanos2/obj/sdk/lib_nbgl/src/nbgl_use_case_nanos.o:(.text.OUTLINED_FUNCTION_0)
c0de62c4 c0de62c4        0     1                 $t.140
c0de62c5 c0de62c5       14     1                 OUTLINED_FUNCTION_0
c0de62d8 c0de62d8       16     2         build/nanos2/obj/sdk/lib_nbgl/src/nbgl_use_case_nanos.o:(.text.OUTLINED_FUNCTION_1)
c0de62d8 c0de62d8        0     1                 $t.141
c0de62d9 c0de62d9       16     1                 OUTLINED_FUNCTION_1
c0de62ee c0de62ee        c     2         build/nanos2/obj/sdk/lib_nbgl/src/nbgl_use_case_nanos.o:(.text.OUTLINED_FUNCTION_2)
c0de62ee c0de62ee        0     1                 $t.142
c0de62ef c0de62ef        c     1                 OUTLINED_FUNCTION_2
c0de62fa c0de62fa        c     2         build/nanos2/obj/sdk/lib_nbgl/src/nbgl_use_case_nanos.o:(.text.OUTLINED_FUNCTION_3)
c0de62fa c0de62fa        0     1                 $t.143
c0de62fb c0de62fb        c     1                 OUTLINED_FUNCTION_3
c0de6306 c0de6306        8     2         build/nanos2/obj/sdk/lib_nbgl/src/nbgl_use_case_nanos.o:(.text.OUTLINED_FUNCTION_4)
c0de6306 c0de6306        0     1                 $t.144
c0de6307 c0de6307        8     1                 OUTLINED_FUNCTION_4
c0de630e c0de630e        6     2         build/nanos2/obj/sdk/lib_nbgl/src/nbgl_use_case_nanos.o:(.text.OUTLINED_FUNCTION_5)
c0de630e c0de630e        0     1                 $t.145
c0de630f c0de630f        6     1                 OUTLINED_FUNCTION_5
c0de6314 c0de6314        8     2         build/nanos2/obj/sdk/lib_nbgl/src/nbgl_use_case_nanos.o:(.text.OUTLINED_FUNCTION_6)
c0de6314 c0de6314        0     1                 $t.146
c0de6315 c0de6315        8     1                 OUTLINED_FUNCTION_6
c0de631c c0de631c        a     2         build/nanos2/obj/sdk/lib_nbgl/src/nbgl_use_case_nanos.o:(.text.OUTLINED_FUNCTION_7)
c0de631c c0de631c        0     1                 $t.147
c0de631d c0de631d        a     1                 OUTLINED_FUNCTION_7
c0de6326 c0de6326        e     2         build/nanos2/obj/sdk/lib_nbgl/src/nbgl_use_case_nanos.o:(.text.OUTLINED_FUNCTION_8)
c0de6326 c0de6326        0     1                 $t.148
c0de6327 c0de6327        e     1                 OUTLINED_FUNCTION_8
c0de6334 c0de6334        a     2         build/nanos2/obj/sdk/lib_nbgl/src/nbgl_use_case_nanos.o:(.text.OUTLINED_FUNCTION_9)
c0de6334 c0de6334        0     1                 $t.149
c0de6335 c0de6335        a     1                 OUTLINED_FUNCTION_9
c0de633e c0de633e        e     2         build/nanos2/obj/sdk/lib_nbgl/src/nbgl_use_case_nanos.o:(.text.OUTLINED_FUNCTION_10)
c0de633e c0de633e        0     1                 $t.150
c0de633f c0de633f        e     1                 OUTLINED_FUNCTION_10
c0de634c c0de634c       4e     2         build/nanos2/obj/sdk/lib_standard_app/bip32.o:(.text.bip32_path_read)
c0de634c c0de634c        0     1                 $t.0
c0de634d c0de634d       4e     1                 bip32_path_read
c0de639a c0de639a       16     2         build/nanos2/obj/sdk/lib_standard_app/buffer.o:(.text.buffer_seek_cur)
c0de639a c0de639a        0     1                 $t.2
c0de639b c0de639b       16     1                 buffer_seek_cur
c0de63b0 c0de63b0       2c     2         build/nanos2/obj/sdk/lib_standard_app/buffer.o:(.text.buffer_read_u8)
c0de63b0 c0de63b0        0     1                 $t.4
c0de63b1 c0de63b1       2c     1                 buffer_read_u8
c0de63dc c0de63dc       40     2         build/nanos2/obj/sdk/lib_standard_app/buffer.o:(.text.buffer_read_u64)
c0de63dc c0de63dc        0     1                 $t.7
c0de63dd c0de63dd       40     1                 buffer_read_u64
c0de641c c0de641c       3a     2         build/nanos2/obj/sdk/lib_standard_app/buffer.o:(.text.buffer_read_varint)
c0de641c c0de641c        0     1                 $t.8
c0de641d c0de641d       3a     1                 buffer_read_varint
c0de6456 c0de6456       2e     2         build/nanos2/obj/sdk/lib_standard_app/buffer.o:(.text.buffer_read_bip32_path)
c0de6456 c0de6456        0     1                 $t.9
c0de6457 c0de6457       2e     1                 buffer_read_bip32_path
c0de6484 c0de6484       26     2         build/nanos2/obj/sdk/lib_standard_app/buffer.o:(.text.buffer_copy)
c0de6484 c0de6484        0     1                 $t.10
c0de6485 c0de6485       26     1                 buffer_copy
c0de64aa c0de64aa       32     2         build/nanos2/obj/sdk/lib_standard_app/buffer.o:(.text.buffer_move)
c0de64aa c0de64aa        0     1                 $t.11
c0de64ab c0de64ab       32     1                 buffer_move
c0de64dc c0de64dc        c     2         build/nanos2/obj/sdk/lib_standard_app/buffer.o:(.text.OUTLINED_FUNCTION_0)
c0de64dc c0de64dc        0     1                 $t.12
c0de64dd c0de64dd        c     1                 OUTLINED_FUNCTION_0
c0de64e8 c0de64e8       70     2         build/nanos2/obj/sdk/lib_standard_app/crypto_helpers.o:(.text.bip32_derive_with_seed_init_privkey_256)
c0de64e8 c0de64e8        0     1                 $t.0
c0de64e9 c0de64e9       70     1                 bip32_derive_with_seed_init_privkey_256
c0de6558 c0de6558       80     2         build/nanos2/obj/sdk/lib_standard_app/crypto_helpers.o:(.text.os_derive_bip32_with_seed_no_throw)
c0de6558 c0de6558        0     1                 $t.1
c0de6559 c0de6559       80     1                 os_derive_bip32_with_seed_no_throw
c0de65d8 c0de65d8       68     2         build/nanos2/obj/sdk/lib_standard_app/crypto_helpers.o:(.text.bip32_derive_with_seed_get_pubkey_256)
c0de65d8 c0de65d8        0     1                 $t.2
c0de65d9 c0de65d9       68     1                 bip32_derive_with_seed_get_pubkey_256
c0de6640 c0de6640       4e     2         build/nanos2/obj/sdk/lib_standard_app/crypto_helpers.o:(.text.bip32_derive_with_seed_ecdsa_sign_hash_256)
c0de6640 c0de6640        0     1                 $t.3
c0de6641 c0de6641       4e     1                 bip32_derive_with_seed_ecdsa_sign_hash_256
c0de668e c0de668e        6     2         build/nanos2/obj/sdk/lib_standard_app/crypto_helpers.o:(.text.OUTLINED_FUNCTION_0)
c0de668e c0de668e        0     1                 $t.6
c0de668f c0de668f        6     1                 OUTLINED_FUNCTION_0
c0de6694 c0de6694       72     2         build/nanos2/obj/sdk/lib_standard_app/format.o:(.text.format_u64)
c0de6694 c0de6694        0     1                 $t.2
c0de6695 c0de6695       72     1                 format_u64
c0de6706 c0de6706       8e     2         build/nanos2/obj/sdk/lib_standard_app/format.o:(.text.format_fpu64)
c0de6706 c0de6706        0     1                 $t.3
c0de6707 c0de6707       8e     1                 format_fpu64
c0de6794 c0de6794       50     4         build/nanos2/obj/sdk/lib_standard_app/format.o:(.text.format_hex)
c0de6794 c0de6794        0     1                 $t.5
c0de6795 c0de6795       50     1                 format_hex
c0de67e0 c0de67e0        0     1                 $d.6
c0de67e4 c0de67e4        2     2         build/nanos2/obj/sdk/lib_standard_app/io.o:(.text.app_ticker_event_callback)
c0de67e4 c0de67e4        0     1                 $t.0
c0de67e5 c0de67e5        2     1                 app_ticker_event_callback
c0de67e8 c0de67e8       30     4         build/nanos2/obj/sdk/lib_standard_app/io.o:(.text.io_event)
c0de67e8 c0de67e8        0     1                 $t.1
c0de67e9 c0de67e9       30     1                 io_event
c0de6814 c0de6814        0     1                 $d.2
c0de6818 c0de6818       10     4         build/nanos2/obj/sdk/lib_standard_app/io.o:(.text.io_init)
c0de6818 c0de6818        0     1                 $t.3
c0de6819 c0de6819       10     1                 io_init
c0de6824 c0de6824        0     1                 $d.4
c0de6828 c0de6828       2c     4         build/nanos2/obj/sdk/lib_standard_app/io.o:(.text.io_recv_command)
c0de6828 c0de6828        0     1                 $t.5
c0de6829 c0de6829       2c     1                 io_recv_command
c0de6850 c0de6850        0     1                 $d.6
c0de6854 c0de6854       a8     4         build/nanos2/obj/sdk/lib_standard_app/io.o:(.text.io_send_response_buffers)
c0de6854 c0de6854        0     1                 $t.7
c0de6855 c0de6855       a8     1                 io_send_response_buffers
c0de68ec c0de68ec        0     1                 $d.8
c0de68fc c0de68fc        a     2         build/nanos2/obj/sdk/lib_standard_app/io.o:(.text.OUTLINED_FUNCTION_0)
c0de68fc c0de68fc        0     1                 $t.10
c0de68fd c0de68fd        a     1                 OUTLINED_FUNCTION_0
c0de6906 c0de6906        6     2         build/nanos2/obj/sdk/lib_standard_app/main.o:(.text.app_exit)
c0de6906 c0de6906        0     1                 $t.0
c0de6907 c0de6907        6     1                 app_exit
c0de690c c0de690c        e     2         build/nanos2/obj/sdk/lib_standard_app/main.o:(.text.common_app_init)
c0de690c c0de690c        0     1                 $t.1
c0de690d c0de690d        e     1                 common_app_init
c0de691c c0de691c       6c     4         build/nanos2/obj/sdk/lib_standard_app/main.o:(.text.standalone_app_main)
c0de691c c0de691c        0     1                 $t.2
c0de691d c0de691d       6c     1                 standalone_app_main
c0de697c c0de697c        0     1                 $d.3
c0de6988 c0de6988       a0     4         build/nanos2/obj/sdk/lib_standard_app/main.o:(.text.library_app_main)
c0de6988 c0de6988        0     1                 $t.4
c0de6989 c0de6989       a0     1                 library_app_main
c0de6a18 c0de6a18        0     1                 $d.5
c0de6a28 c0de6a28       36     2         build/nanos2/obj/sdk/lib_standard_app/parser.o:(.text.apdu_parser)
c0de6a28 c0de6a28        0     1                 $t.0
c0de6a29 c0de6a29       36     1                 apdu_parser
c0de6a5e c0de6a5e       18     2         build/nanos2/obj/sdk/lib_standard_app/read.o:(.text.read_u32_be)
c0de6a5e c0de6a5e        0     1                 $t.1
c0de6a5f c0de6a5f       18     1                 read_u32_be
c0de6a76 c0de6a76       30     2         build/nanos2/obj/sdk/lib_standard_app/read.o:(.text.read_u64_be)
c0de6a76 c0de6a76        0     1                 $t.2
c0de6a77 c0de6a77       30     1                 read_u64_be
c0de6aa6 c0de6aa6        e     2         build/nanos2/obj/sdk/lib_standard_app/read.o:(.text.read_u16_le)
c0de6aa6 c0de6aa6        0     1                 $t.3
c0de6aa7 c0de6aa7        e     1                 read_u16_le
c0de6ab4 c0de6ab4       18     2         build/nanos2/obj/sdk/lib_standard_app/read.o:(.text.read_u32_le)
c0de6ab4 c0de6ab4        0     1                 $t.4
c0de6ab5 c0de6ab5       18     1                 read_u32_le
c0de6acc c0de6acc       2e     2         build/nanos2/obj/sdk/lib_standard_app/read.o:(.text.read_u64_le)
c0de6acc c0de6acc        0     1                 $t.5
c0de6acd c0de6acd       2e     1                 read_u64_le
c0de6afa c0de6afa        c     2         build/nanos2/obj/sdk/lib_standard_app/swap_error_code_helpers.o:(.text.send_swap_error_simple)
c0de6afa c0de6afa        0     1                 $t.0
c0de6afb c0de6afb        c     1                 send_swap_error_simple
c0de6b08 c0de6b08       64     4         build/nanos2/obj/sdk/lib_standard_app/swap_error_code_helpers.o:(.text.send_swap_error_with_buffers)
c0de6b08 c0de6b08        0     1                 $t.1
c0de6b09 c0de6b09       64     1                 send_swap_error_with_buffers
c0de6b64 c0de6b64        0     1                 $d.2
c0de6b6c c0de6b6c       34     2         build/nanos2/obj/sdk/lib_standard_app/swap_utils.o:(.text.swap_str_to_u64)
c0de6b6c c0de6b6c        0     1                 $t.0
c0de6b6d c0de6b6d       34     1                 swap_str_to_u64
c0de6ba0 c0de6ba0       5c     2         build/nanos2/obj/sdk/lib_standard_app/varint.o:(.text.varint_read)
c0de6ba0 c0de6ba0        0     1                 $t.1
c0de6ba1 c0de6ba1       5c     1                 varint_read
c0de6bfc c0de6bfc        a     2         build/nanos2/obj/sdk/lib_standard_app/write.o:(.text.write_u16_be)
c0de6bfc c0de6bfc        0     1                 $t.0
c0de6bfd c0de6bfd        a     1                 write_u16_be
c0de6c08 c0de6c08       34     4         build/nanos2/obj/sdk/lib_ux_nbgl/ux.o:(.text.ux_process_button_event)
c0de6c08 c0de6c08        0     1                 $t.0
c0de6c09 c0de6c09       34     1                 ux_process_button_event
c0de6c38 c0de6c38        0     1                 $d.1
c0de6c3c c0de6c3c       54     4         build/nanos2/obj/sdk/lib_ux_nbgl/ux.o:(.text.ux_forward_event)
c0de6c3c c0de6c3c        0     1                 $t.2
c0de6c3d c0de6c3d       54     1                 ux_forward_event
c0de6c8c c0de6c8c        0     1                 $d.3
c0de6c90 c0de6c90       30     4         build/nanos2/obj/sdk/lib_ux_nbgl/ux.o:(.text.ux_process_ticker_event)
c0de6c90 c0de6c90        0     1                 $t.4
c0de6c91 c0de6c91       30     1                 ux_process_ticker_event
c0de6cbc c0de6cbc        0     1                 $d.5
c0de6cc0 c0de6cc0        6     2         build/nanos2/obj/sdk/lib_ux_nbgl/ux.o:(.text.ux_process_default_event)
c0de6cc0 c0de6cc0        0     1                 $t.6
c0de6cc1 c0de6cc1        6     1                 ux_process_default_event
c0de6cc6 c0de6cc6       4e     2         build/nanos2/obj/sdk/src/cx_hash_iovec.o:(.text.hash_iovec_ex)
c0de6cc6 c0de6cc6        0     1                 $t.7
c0de6cc7 c0de6cc7       4e     1                 hash_iovec_ex
c0de6d14 c0de6d14       1a     2         build/nanos2/obj/sdk/src/cx_hash_iovec.o:(.text.cx_keccak_256_hash_iovec)
c0de6d14 c0de6d14        0     1                 $t.12
c0de6d15 c0de6d15       1a     1                 cx_keccak_256_hash_iovec
c0de6d2e c0de6d2e       1a     2         build/nanos2/obj/sdk/src/cx_hash_iovec.o:(.text.cx_blake2b_512_hash_iovec)
c0de6d2e c0de6d2e        0     1                 $t.18
c0de6d2f c0de6d2f       1a     1                 cx_blake2b_512_hash_iovec
c0de6d48 c0de6d48        a     1         build/nanos2/obj/sdk/src/cx_stubs.o:(.text.cx_ecdsa_sign_no_throw)
c0de6d48 c0de6d48        0     1                 $t.44
c0de6d49 c0de6d49        0     1                 cx_ecdsa_sign_no_throw
c0de6d52 c0de6d52        a     1         build/nanos2/obj/sdk/src/cx_stubs.o:(.text.cx_ecfp_generate_pair2_no_throw)
c0de6d52 c0de6d52        0     1                 $t.49
c0de6d53 c0de6d53        0     1                 cx_ecfp_generate_pair2_no_throw
c0de6d5c c0de6d5c        a     1         build/nanos2/obj/sdk/src/cx_stubs.o:(.text.cx_ecfp_init_private_key_no_throw)
c0de6d5c c0de6d5c        0     1                 $t.51
c0de6d5d c0de6d5d        0     1                 cx_ecfp_init_private_key_no_throw
c0de6d66 c0de6d66        a     1         build/nanos2/obj/sdk/src/cx_stubs.o:(.text.cx_hash_final)
c0de6d66 c0de6d66        0     1                 $t.63
c0de6d67 c0de6d67        0     1                 cx_hash_final
c0de6d70 c0de6d70        a     1         build/nanos2/obj/sdk/src/cx_stubs.o:(.text.cx_hash_init_ex)
c0de6d70 c0de6d70        0     1                 $t.67
c0de6d71 c0de6d71        0     1                 cx_hash_init_ex
c0de6d7a c0de6d7a        a     1         build/nanos2/obj/sdk/src/cx_stubs.o:(.text.cx_hash_update)
c0de6d7a c0de6d7a        0     1                 $t.72
c0de6d7b c0de6d7b        0     1                 cx_hash_update
c0de6d84 c0de6d84       10     4         build/nanos2/obj/sdk/src/cx_stubs.o:(.text.cx_aes_siv_reset)
c0de6d84 c0de6d84        0     1                 $t.144
c0de6d85 c0de6d85        0     1                 cx_aes_siv_reset
c0de6d8d c0de6d8d        0     1                 cx_trampoline_helper
c0de6d90 c0de6d90        0     1                 $d.145
c0de6d94 c0de6d94        6     2         build/nanos2/obj/sdk/src/ledger_assert.o:(.text.assert_exit)
c0de6d94 c0de6d94        0     1                 $t.0
c0de6d95 c0de6d95        6     1                 assert_exit
c0de6d9a c0de6d9a        a     1         build/nanos2/obj/sdk/src/nbgl_stubs.o:(.text.nbgl_refresh)
c0de6d9a c0de6d9a        0     1                 $t.0
c0de6d9b c0de6d9b        0     1                 nbgl_refresh
c0de6da4 c0de6da4        a     1         build/nanos2/obj/sdk/src/nbgl_stubs.o:(.text.nbgl_objInit)
c0de6da4 c0de6da4        0     1                 $t.5
c0de6da5 c0de6da5        0     1                 nbgl_objInit
c0de6dae c0de6dae        a     1         build/nanos2/obj/sdk/src/nbgl_stubs.o:(.text.nbgl_objAllowDrawing)
c0de6dae c0de6dae        0     1                 $t.7
c0de6daf c0de6daf        0     1                 nbgl_objAllowDrawing
c0de6db8 c0de6db8        a     1         build/nanos2/obj/sdk/src/nbgl_stubs.o:(.text.nbgl_screenSet)
c0de6db8 c0de6db8        0     1                 $t.10
c0de6db9 c0de6db9        0     1                 nbgl_screenSet
c0de6dc2 c0de6dc2        a     1         build/nanos2/obj/sdk/src/nbgl_stubs.o:(.text.nbgl_screenPush)
c0de6dc2 c0de6dc2        0     1                 $t.11
c0de6dc3 c0de6dc3        0     1                 nbgl_screenPush
c0de6dcc c0de6dcc        a     1         build/nanos2/obj/sdk/src/nbgl_stubs.o:(.text.nbgl_screenRedraw)
c0de6dcc c0de6dcc        0     1                 $t.12
c0de6dcd c0de6dcd        0     1                 nbgl_screenRedraw
[...]
c0de77d0 c0de77d0        0     1                 $t.0
c0de77d1 c0de77d1       14     1                 __aeabi_uldivmod
c0de77e4 c0de77e4        4     2         /opt/nanosplus-secure-sdk/arch/st33k1/lib/libc.a(lib_a-explicit_bzero.o):(.text.explicit_bzero)
c0de77e4 c0de77e4        0     1                 $t
c0de77e5 c0de77e5        4     1                 explicit_bzero
c0de77e8 c0de77e8        8     2         /opt/nanosplus-secure-sdk/arch/st33k1/lib/libc.a(lib_a-bzero.o):(.text.bzero)
c0de77e8 c0de77e8        0     1                 $t
c0de77e9 c0de77e9        8     1                 bzero
c0de77f0 c0de77f0       1c     2         /opt/nanosplus-secure-sdk/arch/st33k1/lib/libc.a(lib_a-memcpy-stub.o):(.text.memcpy)
c0de77f0 c0de77f0        0     1                 $t
c0de77f1 c0de77f1       1c     1                 memcpy
c0de780c c0de780c       34     2         /opt/nanosplus-secure-sdk/arch/st33k1/lib/libc.a(lib_a-memmove.o):(.text.memmove)
c0de780c c0de780c        0     1                 $t
c0de780d c0de780d       34     1                 memmove
c0de7840 c0de7840       10     2         /opt/nanosplus-secure-sdk/arch/st33k1/lib/libc.a(lib_a-memset.o):(.text.memset)
c0de7840 c0de7840        0     1                 $t
c0de7841 c0de7841       10     1                 memset
c0de7850 c0de7850       1c     4         /opt/nanosplus-secure-sdk/arch/st33k1/lib/libc.a(lib_a-setjmp.o):(.text)
c0de7850 c0de7850        0     1                 $t
c0de7851 c0de7851        c     1                 setjmp
c0de785d c0de785d        e     1                 longjmp
c0de786c c0de786c       14     2         /opt/nanosplus-secure-sdk/arch/st33k1/lib/libc.a(lib_a-strcmp.o):(.text)
c0de786c c0de786c        0     1                 $t
c0de786d c0de786d       14     1                 strcmp
c0de7880 c0de7880       10     2         /opt/nanosplus-secure-sdk/arch/st33k1/lib/libc.a(lib_a-strlen.o):(.text)
c0de7880 c0de7880        0     1                 $t
c0de7881 c0de7881       10     1                 strlen
c0de7890 c0de7890       24     2         /opt/nanosplus-secure-sdk/arch/st33k1/lib/libc.a(lib_a-strncmp.o):(.text.strncmp)
c0de7890 c0de7890        0     1                 $t
c0de7891 c0de7891       24     1                 strncmp
c0de78b4 c0de78b4       26     2         /opt/nanosplus-secure-sdk/arch/st33k1/lib/libc.a(lib_a-strncpy.o):(.text.strncpy)
c0de78b4 c0de78b4        0     1                 $t
c0de78b5 c0de78b5       26     1                 strncpy
c0de78da c0de78da        0     1         _ecode = .
c0de78da c0de78da       19     1         build/nanos2/gen_src/glyphs.o:(.rodata.C_home_boilerplate_14px_bitmap)
c0de78da c0de78da       19     1                 C_home_boilerplate_14px_bitmap
c0de78f3 c0de78f3        a     1         build/nanos2/gen_src/glyphs.o:(.rodata.C_home_boilerplate_14px)
c0de78f3 c0de78f3        a     1                 C_home_boilerplate_14px
c0de78fd c0de78fd       19     1         build/nanos2/gen_src/glyphs.o:(.rodata.C_Information_circle_14px_bitmap)
c0de78fd c0de78fd       19     1                 C_Information_circle_14px_bitmap
c0de7916 c0de7916        a     1         build/nanos2/gen_src/glyphs.o:(.rodata.C_Information_circle_14px)
c0de7916 c0de7916        a     1                 C_Information_circle_14px
c0de7920 c0de7920       19     1         build/nanos2/gen_src/glyphs.o:(.rodata.C_Quit_14px_bitmap)
c0de7920 c0de7920       19     1                 C_Quit_14px_bitmap
c0de7939 c0de7939        a     1         build/nanos2/gen_src/glyphs.o:(.rodata.C_Quit_14px)
c0de7939 c0de7939        a     1                 C_Quit_14px
c0de7943 c0de7943        c     1         build/nanos2/gen_src/glyphs.o:(.rodata.C_Switch_Off_8px_bitmap)
c0de7943 c0de7943        c     1                 C_Switch_Off_8px_bitmap
c0de794f c0de794f        a     1         build/nanos2/gen_src/glyphs.o:(.rodata.C_Switch_Off_8px)
c0de794f c0de794f        a     1                 C_Switch_Off_8px
c0de7959 c0de7959        c     1         build/nanos2/gen_src/glyphs.o:(.rodata.C_Switch_On_8px_bitmap)
c0de7959 c0de7959        c     1                 C_Switch_On_8px_bitmap
c0de7965 c0de7965        a     1         build/nanos2/gen_src/glyphs.o:(.rodata.C_Switch_On_8px)
c0de7965 c0de7965        a     1                 C_Switch_On_8px
c0de796f c0de796f       19     1         build/nanos2/gen_src/glyphs.o:(.rodata.C_icon_back_x_bitmap)
c0de796f c0de796f       19     1                 C_icon_back_x_bitmap
c0de7988 c0de7988        a     1         build/nanos2/gen_src/glyphs.o:(.rodata.C_icon_back_x)
c0de7988 c0de7988        a     1                 C_icon_back_x
c0de7992 c0de7992       19     1         build/nanos2/gen_src/glyphs.o:(.rodata.C_icon_coggle_bitmap)
c0de7992 c0de7992       19     1                 C_icon_coggle_bitmap
c0de79ab c0de79ab        a     1         build/nanos2/gen_src/glyphs.o:(.rodata.C_icon_coggle)
c0de79ab c0de79ab        a     1                 C_icon_coggle
c0de79b5 c0de79b5       19     1         build/nanos2/gen_src/glyphs.o:(.rodata.C_icon_crossmark_bitmap)
c0de79b5 c0de79b5       19     1                 C_icon_crossmark_bitmap
c0de79ce c0de79ce        a     1         build/nanos2/gen_src/glyphs.o:(.rodata.C_icon_crossmark)
c0de79ce c0de79ce        a     1                 C_icon_crossmark
c0de79d8 c0de79d8        4     1         build/nanos2/gen_src/glyphs.o:(.rodata.C_icon_down_bitmap)
c0de79d8 c0de79d8        4     1                 C_icon_down_bitmap
c0de79dc c0de79dc        a     1         build/nanos2/gen_src/glyphs.o:(.rodata.C_icon_down)
c0de79dc c0de79dc        a     1                 C_icon_down
c0de79e6 c0de79e6        4     1         build/nanos2/gen_src/glyphs.o:(.rodata.C_icon_left_bitmap)
c0de79e6 c0de79e6        4     1                 C_icon_left_bitmap
c0de79ea c0de79ea        a     1         build/nanos2/gen_src/glyphs.o:(.rodata.C_icon_left)
c0de79ea c0de79ea        a     1                 C_icon_left
c0de79f4 c0de79f4       19     1         build/nanos2/gen_src/glyphs.o:(.rodata.C_icon_processing_bitmap)
c0de79f4 c0de79f4       19     1                 C_icon_processing_bitmap
c0de7a0d c0de7a0d        a     1         build/nanos2/gen_src/glyphs.o:(.rodata.C_icon_processing)
c0de7a0d c0de7a0d        a     1                 C_icon_processing
c0de7a17 c0de7a17        4     1         build/nanos2/gen_src/glyphs.o:(.rodata.C_icon_right_bitmap)
c0de7a17 c0de7a17        4     1                 C_icon_right_bitmap
c0de7a1b c0de7a1b        a     1         build/nanos2/gen_src/glyphs.o:(.rodata.C_icon_right)
c0de7a1b c0de7a1b        a     1                 C_icon_right
c0de7a25 c0de7a25        4     1         build/nanos2/gen_src/glyphs.o:(.rodata.C_icon_up_bitmap)
c0de7a25 c0de7a25        4     1                 C_icon_up_bitmap
c0de7a29 c0de7a29        a     1         build/nanos2/gen_src/glyphs.o:(.rodata.C_icon_up)
c0de7a29 c0de7a29        a     1                 C_icon_up
c0de7a33 c0de7a33       17     1         build/nanos2/gen_src/glyphs.o:(.rodata.C_icon_validate_14_bitmap)
c0de7a33 c0de7a33       17     1                 C_icon_validate_14_bitmap
c0de7a4a c0de7a4a        a     1         build/nanos2/gen_src/glyphs.o:(.rodata.C_icon_validate_14)
c0de7a4a c0de7a4a        a     1                 C_icon_validate_14
c0de7a54 c0de7a54       19     1         build/nanos2/gen_src/glyphs.o:(.rodata.C_icon_warning_bitmap)
c0de7a54 c0de7a54       19     1                 C_icon_warning_bitmap
c0de7a6d c0de7a6d        a     1         build/nanos2/gen_src/glyphs.o:(.rodata.C_icon_warning)
c0de7a6d c0de7a6d        a     1                 C_icon_warning
c0de7a77 c0de7a77       19     1         build/nanos2/gen_src/glyphs.o:(.rodata.C_app_boilerplate_14px_bitmap)
c0de7a77 c0de7a77       19     1                 C_app_boilerplate_14px_bitmap
c0de7a90 c0de7a90        a     1         build/nanos2/gen_src/glyphs.o:(.rodata.C_app_boilerplate_14px)
c0de7a90 c0de7a90        a     1                 C_app_boilerplate_14px
c0de7a9a c0de7a9a      350     1         <internal>:(.text)
c0de7df0 c0de7df0      260     8         <internal>:(.text)
c0de8050 c0de8050       a0     4         build/nanos2/obj/app/src/handler/zkn_magicbox.o:(.rodata..L__const.handler_cmd_Poseidon.input)
c0de8050 c0de8050       a0     1                 .L__const.handler_cmd_Poseidon.input
c0de80f0 c0de80f0      1e0     4         build/nanos2/obj/app/src/handler/zkn_magicbox.o:(.rodata..L__const.handler_cmd_encodeCommitment.commitmentlist_be)
c0de80f0 c0de80f0      1e0     1                 .L__const.handler_cmd_encodeCommitment.commitmentlist_be
c0de82d0 c0de82d0      1e0     4         build/nanos2/obj/app/src/handler/zkn_magicbox.o:(.rodata..L__const.handler_cmd_GroupCommitment.commitmentlist_be)
c0de82d0 c0de82d0      1e0     1                 .L__const.handler_cmd_GroupCommitment.commitmentlist_be
c0de84b0 c0de84b0       60     4         build/nanos2/obj/app/src/handler/zkn_magicbox.o:(.rodata..L__const.handler_cmd_GroupCommitment.binding_factors)
c0de84b0 c0de84b0       60     1                 .L__const.handler_cmd_GroupCommitment.binding_factors
c0de8510 c0de8510      1e0     4         build/nanos2/obj/app/src/handler/zkn_magicbox.o:(.rodata..L__const.handler_cmd_BindingFactors.commitmentlist_be)
c0de8510 c0de8510      1e0     1                 .L__const.handler_cmd_BindingFactors.commitmentlist_be
c0de86f0 c0de86f0        c     4         build/nanos2/obj/app/src/ui/menu_nbgl.o:(.rodata.settingContents)
c0de86f0 c0de86f0        c     1                 settingContents
c0de86fc c0de86fc       10     4         build/nanos2/obj/app/src/ui/menu_nbgl.o:(.rodata.infoList)
c0de86fc c0de86fc       10     1                 infoList
c0de870c c0de870c       38     4         build/nanos2/obj/app/src/ui/menu_nbgl.o:(.rodata.contents)
c0de870c c0de870c       38     1                 contents
c0de8744 c0de8744        8     4         build/nanos2/obj/app/src/ui/menu_nbgl.o:(.rodata.INFO_TYPES)
c0de8744 c0de8744        8     1                 INFO_TYPES
c0de874c c0de874c        8     4         build/nanos2/obj/app/src/ui/menu_nbgl.o:(.rodata.INFO_CONTENTS)
c0de874c c0de874c        8     1                 INFO_CONTENTS
c0de8754 c0de8754       40     4         build/nanos2/obj/app/src/zknox/ecc/zkn_eddsa.o:(.rodata..L__const.EddsaPoseidon_Sign_final.big_n)
c0de8754 c0de8754       40     1                 .L__const.EddsaPoseidon_Sign_final.big_n
c0de8794 c0de8794      480     4         build/nanos2/obj/app/src/zknox/hash/zkn_poseidon_constants.o:(.rodata..L__const.Poseidon_alloc_init.MixColumn)
c0de8794 c0de8794      480     1                 .L__const.Poseidon_alloc_init.MixColumn
c0de8c14 c0de8c14       1d     4         build/nanos2/obj/app/src/zknox/hash/zkn_rfc9591frost.o:(.rodata..L__const.zkn_frost_H5_init.contextString_BabyFROST)
c0de8c14 c0de8c14       1d     1                 .L__const.zkn_frost_H5_init.contextString_BabyFROST
c0de8c34 c0de8c34       28     4         build/nanos2/obj/sdk/lib_nbgl/src/nbgl_use_case_nanos.o:(.rodata.blindSigningWarning)
c0de8c34 c0de8c34       28     1                 blindSigningWarning
c0de8c5c c0de8c5c       20     1         <internal>:(.text)
c0de8c7c c0de8c7c        0     1         . = ALIGN ( 4 )
c0de8c7c c0de8c7c        0     1         _etext = .
c0de8c7c c0de8c7c      184     1         . = ALIGN ( PAGE_SIZE )
c0de8e00 c0de8e00        0     1         _nvram_data = .
c0de8e00 c0de8e00        3     1         build/nanos2/obj/app/src/app_main.o:(.rodata.N_storage_real)
c0de8e00 c0de8e00        3     1                 N_storage_real
c0de8e03 c0de8e03      1fd     1         . = ALIGN ( PAGE_SIZE )
c0de9000 c0de9000        0     1         _envram_data = .
c0de9000 c0de9000        0     1         _install_parameters = .
c0de9000 c0de9000       3f     1         build/nanos2/obj/sdk/src/app_metadata.o:(.install_parameters)
c0de9000 c0de9000       3f     1                 install_parameters
c0de903f c0de903f        0     1         _einstall_parameters = .
c0de903f c0de903f        0     1         _nvram_end = .
d0000000 d0000000        0     1 .data
d0000000 d0000000        0     1         . = ALIGN ( 4 )
d0000000 d0000000        0     1         _data = .
d0000000 d0000000        0     1         _edata = .
d0000000 d0000000        0     1 
da7a0000 da7a0000      8dc     8 .bss
da7a0000 da7a0000        0     1         _bss = .
da7a0000 da7a0000      2d8     8         build/nanos2/obj/app/src/app_main.o:(.bss.G_context)
da7a0000 da7a0000      2d8     1                 G_context
da7a02d8 da7a02d8       20     1         build/nanos2/obj/app/src/app_main.o:(.bss.g_insecure_secret)
da7a02d8 da7a02d8       20     1                 g_insecure_secret
da7a02f8 da7a02f8       48     8         build/nanos2/obj/app/src/swap/handle_swap_sign_transaction.o:(.bss.G_swap_validated)
da7a02f8 da7a02f8       48     1                 G_swap_validated
da7a0340 da7a0340       1c     4         build/nanos2/obj/app/src/ui/menu_nbgl.o:(.bss..L_MergedGlobals)
da7a0340 da7a0340       1c     1                 .L_MergedGlobals
da7a0340 da7a0340        1     1                 initSettingPage
da7a0344 da7a0344       18     1                 switches
da7a035c da7a035c       2b     4         build/nanos2/obj/app/src/ui/nbgl_display_address.o:(.bss.g_address)
da7a035c da7a035c       2b     1                 g_address
da7a0388 da7a0388       7f     4         build/nanos2/obj/app/src/ui/nbgl_display_transaction.o:(.bss..L_MergedGlobals)
da7a0388 da7a0388       7f     1                 .L_MergedGlobals
da7a0388 da7a0388       14     1                 pairList
da7a039c da7a039c       1e     1                 g_amount
da7a03bc da7a03bc       20     1                 pairs
da7a03dc da7a03dc       2b     1                 g_address
da7a0407 da7a0407      111     1         build/nanos2/obj/sdk/io/src/os_io.o:(.bss.G_io_tx_buffer)
da7a0407 da7a0407      111     1                 G_io_tx_buffer
da7a0518 da7a0518      111     1         build/nanos2/obj/sdk/io/src/os_io.o:(.bss.G_io_rx_buffer)
da7a0518 da7a0518      111     1                 G_io_rx_buffer
da7a062a da7a062a        8     2         build/nanos2/obj/sdk/io_legacy/src/os_io_legacy.o:(.bss.G_io_app)
da7a062a da7a062a        8     1                 G_io_app
da7a0632 da7a0632        2     1         build/nanos2/obj/sdk/io_legacy/src/os_io_legacy.o:(.bss..L_MergedGlobals)
da7a0632 da7a0632        2     1                 .L_MergedGlobals
da7a0632 da7a0632        1     1                 need_to_start_io
da7a0633 da7a0633        1     1                 io_os_legacy_apdu_type
da7a0634 da7a0634       24     4         build/nanos2/obj/sdk/lib_nbgl/src/nbgl_layout_nanos.o:(.bss.gLayout)
da7a0634 da7a0634       24     1                 gLayout
da7a0658 da7a0658       14     4         build/nanos2/obj/sdk/lib_nbgl/src/nbgl_layout_nanos.o:(.bss.nbgl_layoutAddText.tmpString)
da7a0658 da7a0658       14     1                 nbgl_layoutAddText.tmpString
da7a066c da7a066c       d8     4         build/nanos2/obj/sdk/lib_nbgl/src/nbgl_step.o:(.bss.contexts)
da7a066c da7a066c       d8     1                 contexts
da7a0744 da7a0744       68     4         build/nanos2/obj/sdk/lib_nbgl/src/nbgl_use_case_nanos.o:(.bss..L_MergedGlobals)
da7a0744 da7a0744       68     1                 .L_MergedGlobals
da7a0744 da7a0744       28     1                 reviewWithWarnCtx
da7a076c da7a076c       40     1                 context
da7a07ac da7a07ac      110     1         build/nanos2/obj/sdk/lib_standard_app/io.o:(.bss.G_io_seproxyhal_spi_buffer)
da7a07ac da7a07ac      110     1                 G_io_seproxyhal_spi_buffer
da7a08bc da7a08bc        1     1         build/nanos2/obj/sdk/lib_standard_app/io.o:(.bss.need_to_start_io)
da7a08bc da7a08bc        1     1                 need_to_start_io
da7a08c0 da7a08c0        c     4         build/nanos2/obj/sdk/lib_standard_app/main.o:(.bss.G_ux_params)
da7a08c0 da7a08c0        c     1                 G_ux_params
da7a08cc da7a08cc        1     1         build/nanos2/obj/sdk/lib_standard_app/swap_utils.o:(.bss.G_called_from_swap)
da7a08cc da7a08cc        1     1                 G_called_from_swap
da7a08cd da7a08cd        1     1         build/nanos2/obj/sdk/lib_standard_app/swap_utils.o:(.bss.G_swap_response_ready)
da7a08cd da7a08cd        1     1                 G_swap_response_ready
da7a08d0 da7a08d0        4     4         build/nanos2/obj/sdk/lib_standard_app/swap_utils.o:(.bss.G_swap_signing_return_value_address)
da7a08d0 da7a08d0        4     1                 G_swap_signing_return_value_address
da7a08d4 da7a08d4        4     4         build/nanos2/obj/sdk/lib_ux_nbgl/ux.o:(.bss.nbTicks)
da7a08d4 da7a08d4        4     1                 nbTicks
da7a08d8 da7a08d8        0     1         _ebss = .
da7a08d8 da7a08d8        0     1         . = ALIGN ( 4 )
da7a08d8 da7a08d8        0     1         app_stack_canary = .
da7a08d8 da7a08d8        4     1         . += 4
da7a08dc da7a08dc        0     1         _stack = .
da7a08dc da7a08dc        0     1         _estack = ABSOLUTE ( END_STACK )
da7a08dc da7a08dc        0     1 
d0000000 d0000000       10     4 DEBUG
d0000000 d0000000       10     4         <internal>:(.ARM.exidx)
       0        0       5d     1 .comment
       0        0       5d     1         <internal>:(.comment)
       0        0        6     1 ledger.target
       0        0        6     1         build/nanos2/obj/sdk/src/app_metadata.o:(ledger.target)
       0        0        6     1                 target
       0        0        d     1 ledger.target_name
       0        0        d     1         build/nanos2/obj/sdk/src/app_metadata.o:(ledger.target_name)
       0        0        d     1                 target_name
       0        0        a     1 ledger.target_id
       0        0        a     1         build/nanos2/obj/sdk/src/app_metadata.o:(ledger.target_id)
       0        0        a     1                 target_id
       0        0        7     1 ledger.app_name
       0        0        7     1         build/nanos2/obj/sdk/src/app_metadata.o:(ledger.app_name)
       0        0        7     1                 app_name
       0        0        5     1 ledger.app_version
       0        0        5     1         build/nanos2/obj/sdk/src/app_metadata.o:(ledger.app_version)
       0        0        5     1                 app_version
       0        0        2     1 ledger.api_level
       0        0        2     1         build/nanos2/obj/sdk/src/app_metadata.o:(ledger.api_level)
       0        0        2     1                 api_level
       0        0       11     1 ledger.sdk_name
       0        0       11     1         build/nanos2/obj/sdk/src/app_metadata.o:(ledger.sdk_name)
       0        0       11     1                 sdk_name
       0        0        7     1 ledger.sdk_version
       0        0        7     1         build/nanos2/obj/sdk/src/app_metadata.o:(ledger.sdk_version)
       0        0        7     1                 sdk_version
       0        0       28     1 ledger.sdk_hash
       0        0       28     1         build/nanos2/obj/sdk/src/app_metadata.o:(ledger.sdk_hash)
       0        0       28     1                 sdk_hash
       0        0        4     1 ledger.sdk_graphics
       0        0        4     1         build/nanos2/obj/sdk/src/app_metadata.o:(ledger.sdk_graphics)
       0        0        4     1                 sdk_graphics
d0000010 d0000010        0     1 PROVIDE ( _nvram = ABSOLUTE ( _nvram_start ) )
d0000010 d0000010        0     1 PROVIDE ( _envram = ABSOLUTE ( _nvram_end ) )
       0        0       45     1 .ARM.attributes
       0        0       45     1         build/nanos2/gen_src/glyphs.o:(.ARM.attributes)
       0        0     46f0     4 .symtab
       0        0     46f0     4         <internal>:(.symtab)
       0        0       f8     1 .shstrtab
       0        0       f8     1         <internal>:(.shstrtab)
       0        0     35a7     1 .strtab
       0        0     35a7     1         <internal>:(.strtab)
