     VMA      LMA     Size Align Out     In      Symbol
       0        0        0     1 PAGE_SIZE = 512
       0        0        0     1 STACK_MIN_SIZE = DEFINED ( stack_min_size ) ? stack_min_size : 1500
       0        0        0     1 END_STACK = ORIGIN ( SRAM ) + LENGTH ( SRAM )
c0de0000 c0de0000     943f     8 .text
c0de0000 c0de0000        0     1         _text = .
c0de0000 c0de0000        0     1         _nvram_start = .
c0de0000 c0de0000       28     2         build/nanos2/obj/sdk/lib_standard_app/main.o:(.boot)
c0de0000 c0de0000        0     1                 $t.6
c0de0001 c0de0001       28     1                 main
c0de0028 c0de0028        0     1         _code = .
c0de0028 c0de0028       4a     2         build/nanos2/obj/app/src/address.o:(.text.address_from_pubkey)
c0de0028 c0de0028        0     1                 $t.0
c0de0029 c0de0029       4a     1                 address_from_pubkey
c0de0072 c0de0072      2e0     2         build/nanos2/obj/app/src/apdu/dispatcher.o:(.text.apdu_dispatcher)
c0de0072 c0de0072        0     1                 $t.0
c0de0073 c0de0073      2e0     1                 apdu_dispatcher
c0de0352 c0de0352        e     2         build/nanos2/obj/app/src/apdu/dispatcher.o:(.text.io_send_sw)
c0de0352 c0de0352        0     1                 $t.1
c0de0353 c0de0353        e     1                 io_send_sw
c0de0360 c0de0360        8     2         build/nanos2/obj/app/src/apdu/dispatcher.o:(.text.OUTLINED_FUNCTION_0)
c0de0360 c0de0360        0     1                 $t.2
c0de0361 c0de0361        8     1                 OUTLINED_FUNCTION_0
c0de0368 c0de0368       94     4         build/nanos2/obj/app/src/app_main.o:(.text.app_main)
c0de0368 c0de0368        0     1                 $t.0
c0de0369 c0de0369       94     1                 app_main
c0de03e8 c0de03e8        0     1                 $d.1
c0de03fc c0de03fc       28     4         build/nanos2/obj/app/src/handler/get_app_name.o:(.text.handler_get_app_name)
c0de03fc c0de03fc        0     1                 $t.0
c0de03fd c0de03fd       28     1                 handler_get_app_name
c0de0420 c0de0420        0     1                 $d.1
c0de0424 c0de0424       98     4         build/nanos2/obj/app/src/handler/get_public_key.o:(.text.handler_get_public_key)
c0de0424 c0de0424        0     1                 $t.0
c0de0425 c0de0425       98     1                 handler_get_public_key
c0de04b8 c0de04b8        0     1                 $d.1
c0de04bc c0de04bc        e     2         build/nanos2/obj/app/src/handler/get_public_key.o:(.text.io_send_sw)
c0de04bc c0de04bc        0     1                 $t.2
c0de04bd c0de04bd        e     1                 io_send_sw
c0de04ca c0de04ca       2e     2         build/nanos2/obj/app/src/handler/get_version.o:(.text.handler_get_version)
c0de04ca c0de04ca        0     1                 $t.0
c0de04cb c0de04cb       2e     1                 handler_get_version
c0de04f8 c0de04f8      168     4         build/nanos2/obj/app/src/handler/sign_tx.o:(.text.handler_sign_tx)
c0de04f8 c0de04f8        0     1                 $t.0
c0de04f9 c0de04f9      168     1                 handler_sign_tx
c0de0650 c0de0650        0     1                 $d.1
c0de0660 c0de0660        e     2         build/nanos2/obj/app/src/handler/sign_tx.o:(.text.io_send_sw)
c0de0660 c0de0660        0     1                 $t.2
c0de0661 c0de0661        e     1                 io_send_sw
c0de066e c0de066e       4e     2         build/nanos2/obj/app/src/handler/zkn_magicbox.o:(.text.handler_cmd_blake2b512)
c0de066e c0de066e        0     1                 $t.0
c0de066f c0de066f       4e     1                 handler_cmd_blake2b512
c0de06bc c0de06bc       16     2         build/nanos2/obj/app/src/handler/zkn_magicbox.o:(.text.io_send_response_pointer)
c0de06bc c0de06bc        0     1                 $t.1
c0de06bd c0de06bd       16     1                 io_send_response_pointer
c0de06d2 c0de06d2        e     2         build/nanos2/obj/app/src/handler/zkn_magicbox.o:(.text.io_send_sw)
c0de06d2 c0de06d2        0     1                 $t.2
c0de06d3 c0de06d3        e     1                 io_send_sw
c0de06e0 c0de06e0       3a     2         build/nanos2/obj/app/src/handler/zkn_magicbox.o:(.text.handler_cmd_keccakH)
c0de06e0 c0de06e0        0     1                 $t.3
c0de06e1 c0de06e1       3a     1                 handler_cmd_keccakH
c0de071c c0de071c       94     4         build/nanos2/obj/app/src/handler/zkn_magicbox.o:(.text.handler_cmd_bolos_stretch)
c0de071c c0de071c        0     1                 $t.4
c0de071d c0de071d       94     1                 handler_cmd_bolos_stretch
c0de07a4 c0de07a4        0     1                 $d.5
c0de07b0 c0de07b0      10c     4         build/nanos2/obj/app/src/handler/zkn_magicbox.o:(.text.handler_cmd_Poseidon)
c0de07b0 c0de07b0        0     1                 $t.6
c0de07b1 c0de07b1      10c     1                 handler_cmd_Poseidon
c0de08b4 c0de08b4        0     1                 $d.7
c0de08bc c0de08bc       8c     4         build/nanos2/obj/app/src/handler/zkn_magicbox.o:(.text.handler_cmd_Poseidon_ithRC)
c0de08bc c0de08bc        0     1                 $t.8
c0de08bd c0de08bd       8c     1                 handler_cmd_Poseidon_ithRC
c0de0940 c0de0940        0     1                 $d.9
c0de0948 c0de0948       82     2         build/nanos2/obj/app/src/handler/zkn_magicbox.o:(.text.handler_cmd_tEddsaPoseidon_Kpub)
c0de0948 c0de0948        0     1                 $t.12
c0de0949 c0de0949       82     1                 handler_cmd_tEddsaPoseidon_Kpub
c0de09ca c0de09ca       b2     2         build/nanos2/obj/app/src/handler/zkn_magicbox.o:(.text.handler_cmd_tEddsaPoseidon_Sign)
c0de09ca c0de09ca        0     1                 $t.13
c0de09cb c0de09cb       b2     1                 handler_cmd_tEddsaPoseidon_Sign
c0de0a7c c0de0a7c       e8     4         build/nanos2/obj/app/src/handler/zkn_magicbox.o:(.text.handler_cmd_tEddsaPoseidon)
c0de0a7c c0de0a7c        0     1                 $t.14
c0de0a7d c0de0a7d       e8     1                 handler_cmd_tEddsaPoseidon
c0de0b5c c0de0b5c        0     1                 $d.15
c0de0b64 c0de0b64      16c     4         build/nanos2/obj/app/src/handler/zkn_magicbox.o:(.text.handler_cmd_tEdwards)
c0de0b64 c0de0b64        0     1                 $t.16
c0de0b65 c0de0b65      16c     1                 handler_cmd_tEdwards
c0de0cc0 c0de0cc0        0     1                 $d.17
c0de0cd0 c0de0cd0      16a     2         build/nanos2/obj/app/src/handler/zkn_magicbox.o:(.text.handler_cmd_Interpolate)
c0de0cd0 c0de0cd0        0     1                 $t.20
c0de0cd1 c0de0cd1      16a     1                 handler_cmd_Interpolate
c0de0e3a c0de0e3a      190     2         build/nanos2/obj/app/src/handler/zkn_magicbox.o:(.text.handler_cmd_Split)
c0de0e3a c0de0e3a        0     1                 $t.21
c0de0e3b c0de0e3b      190     1                 handler_cmd_Split
c0de0fca c0de0fca       a0     2         build/nanos2/obj/app/src/handler/zkn_magicbox.o:(.text.handler_cmd_frostH)
c0de0fca c0de0fca        0     1                 $t.22
c0de0fcb c0de0fcb       a0     1                 handler_cmd_frostH
c0de106c c0de106c       6c     4         build/nanos2/obj/app/src/handler/zkn_magicbox.o:(.text.handler_cmd_encodeCommitment)
c0de106c c0de106c        0     1                 $t.23
c0de106d c0de106d       6c     1                 handler_cmd_encodeCommitment
c0de10d4 c0de10d4        0     1                 $d.24
c0de10d8 c0de10d8       88     4         build/nanos2/obj/app/src/handler/zkn_magicbox.o:(.text.handler_cmd_GroupCommitment)
c0de10d8 c0de10d8        0     1                 $t.25
c0de10d9 c0de10d9       88     1                 handler_cmd_GroupCommitment
c0de1158 c0de1158        0     1                 $d.26
c0de1160 c0de1160      178     4         build/nanos2/obj/app/src/handler/zkn_magicbox.o:(.text.handler_cmd_BindingFactors)
c0de1160 c0de1160        0     1                 $t.27
c0de1161 c0de1161      178     1                 handler_cmd_BindingFactors
c0de12c0 c0de12c0        0     1                 $d.28
c0de12d8 c0de12d8       c0     4         build/nanos2/obj/app/src/handler/zkn_magicbox.o:(.text.handler_get_insecure_secret)
c0de12d8 c0de12d8        0     1                 $t.30
c0de12d9 c0de12d9       c0     1                 handler_get_insecure_secret
c0de1390 c0de1390        0     1                 $d.31
c0de1398 c0de1398       70     4         build/nanos2/obj/app/src/handler/zkn_magicbox.o:(.text.handler_get_insecure_public)
c0de1398 c0de1398        0     1                 $t.32
c0de1399 c0de1399       70     1                 handler_get_insecure_public
c0de1404 c0de1404        0     1                 $d.33
c0de1408 c0de1408       8c     4         build/nanos2/obj/app/src/handler/zkn_magicbox.o:(.text.handler_cmd_tEddsaPoseidon_Sign_with_secret)
c0de1408 c0de1408        0     1                 $t.34
c0de1409 c0de1409       8c     1                 handler_cmd_tEddsaPoseidon_Sign_with_secret
c0de1490 c0de1490        0     1                 $d.35
c0de1494 c0de1494       e4     4         build/nanos2/obj/app/src/handler/zkn_magicbox.o:(.text.handler_cmd_conciliation)
c0de1494 c0de1494        0     1                 $t.36
c0de1495 c0de1495       e4     1                 handler_cmd_conciliation
c0de1564 c0de1564        0     1                 $d.37
c0de1578 c0de1578       3e     2         build/nanos2/obj/app/src/handler/zkn_magicbox.o:(.text.handler_cmd_frost_commit)
c0de1578 c0de1578        0     1                 $t.38
c0de1579 c0de1579       3e     1                 handler_cmd_frost_commit
c0de15b6 c0de15b6        8     2         build/nanos2/obj/app/src/handler/zkn_magicbox.o:(.text.OUTLINED_FUNCTION_0)
c0de15b6 c0de15b6        0     1                 $t.39
c0de15b7 c0de15b7        8     1                 OUTLINED_FUNCTION_0
c0de15be c0de15be        6     2         build/nanos2/obj/app/src/handler/zkn_magicbox.o:(.text.OUTLINED_FUNCTION_1)
c0de15be c0de15be        0     1                 $t.40
c0de15bf c0de15bf        6     1                 OUTLINED_FUNCTION_1
c0de15c4 c0de15c4        6     2         build/nanos2/obj/app/src/handler/zkn_magicbox.o:(.text.OUTLINED_FUNCTION_2)
c0de15c4 c0de15c4        0     1                 $t.41
c0de15c5 c0de15c5        6     1                 OUTLINED_FUNCTION_2
c0de15ca c0de15ca        6     2         build/nanos2/obj/app/src/handler/zkn_magicbox.o:(.text.OUTLINED_FUNCTION_3)
c0de15ca c0de15ca        0     1                 $t.42
c0de15cb c0de15cb        6     1                 OUTLINED_FUNCTION_3
c0de15d0 c0de15d0        e     2         build/nanos2/obj/app/src/handler/zkn_magicbox.o:(.text.OUTLINED_FUNCTION_4)
c0de15d0 c0de15d0        0     1                 $t.43
c0de15d1 c0de15d1        e     1                 OUTLINED_FUNCTION_4
c0de15de c0de15de        8     2         build/nanos2/obj/app/src/handler/zkn_magicbox.o:(.text.OUTLINED_FUNCTION_5)
c0de15de c0de15de        0     1                 $t.44
c0de15df c0de15df        8     1                 OUTLINED_FUNCTION_5
c0de15e6 c0de15e6        6     2         build/nanos2/obj/app/src/handler/zkn_magicbox.o:(.text.OUTLINED_FUNCTION_6)
c0de15e6 c0de15e6        0     1                 $t.45
c0de15e7 c0de15e7        6     1                 OUTLINED_FUNCTION_6
c0de15ec c0de15ec        6     2         build/nanos2/obj/app/src/handler/zkn_magicbox.o:(.text.OUTLINED_FUNCTION_7)
c0de15ec c0de15ec        0     1                 $t.46
c0de15ed c0de15ed        6     1                 OUTLINED_FUNCTION_7
c0de15f2 c0de15f2        6     2         build/nanos2/obj/app/src/handler/zkn_magicbox.o:(.text.OUTLINED_FUNCTION_8)
c0de15f2 c0de15f2        0     1                 $t.47
c0de15f3 c0de15f3        6     1                 OUTLINED_FUNCTION_8
c0de15f8 c0de15f8        6     2         build/nanos2/obj/app/src/handler/zkn_magicbox.o:(.text.OUTLINED_FUNCTION_9)
c0de15f8 c0de15f8        0     1                 $t.48
c0de15f9 c0de15f9        6     1                 OUTLINED_FUNCTION_9
c0de1600 c0de1600       44     4         build/nanos2/obj/app/src/helper/send_reponse.o:(.text.helper_send_response_pubkey)
c0de1600 c0de1600        0     1                 $t.0
c0de1601 c0de1601       44     1                 helper_send_response_pubkey
c0de1640 c0de1640        0     1                 $d.1
c0de1644 c0de1644       18     2         build/nanos2/obj/app/src/helper/send_reponse.o:(.text.io_send_response_pointer)
c0de1644 c0de1644        0     1                 $t.2
c0de1645 c0de1645       18     1                 io_send_response_pointer
c0de165c c0de165c       38     4         build/nanos2/obj/app/src/helper/send_reponse.o:(.text.helper_send_response_sig)
c0de165c c0de165c        0     1                 $t.3
c0de165d c0de165d       38     1                 helper_send_response_sig
c0de1690 c0de1690        0     1                 $d.4
c0de1694 c0de1694       12     2         build/nanos2/obj/app/src/helper/send_reponse.o:(.text.OUTLINED_FUNCTION_0)
c0de1694 c0de1694        0     1                 $t.7
c0de1695 c0de1695       12     1                 OUTLINED_FUNCTION_0
c0de16a6 c0de16a6       b4     2         build/nanos2/obj/app/src/swap/handle_check_address.o:(.text.swap_handle_check_address)
c0de16a6 c0de16a6        0     1                 $t.0
c0de16a7 c0de16a7       b4     1                 swap_handle_check_address
c0de175c c0de175c       58     4         build/nanos2/obj/app/src/swap/handle_get_printable_amount.o:(.text.swap_handle_get_printable_amount)
c0de175c c0de175c        0     1                 $t.0
c0de175d c0de175d       58     1                 swap_handle_get_printable_amount
c0de17b0 c0de17b0        0     1                 $d.1
c0de17b4 c0de17b4       80     4         build/nanos2/obj/app/src/swap/handle_swap_sign_transaction.o:(.text.swap_copy_transaction_parameters)
c0de17b4 c0de17b4        0     1                 $t.0
c0de17b5 c0de17b5       80     1                 swap_copy_transaction_parameters
c0de1830 c0de1830        0     1                 $d.1
c0de1834 c0de1834       80     4         build/nanos2/obj/app/src/swap/handle_swap_sign_transaction.o:(.text.swap_check_validity)
c0de1834 c0de1834        0     1                 $t.2
c0de1835 c0de1835       80     1                 swap_check_validity
c0de18b0 c0de18b0        0     1                 $d.3
c0de18b4 c0de18b4       be     2         build/nanos2/obj/app/src/transaction/deserialize.o:(.text.transaction_deserialize)
c0de18b4 c0de18b4        0     1                 $t.0
c0de18b5 c0de18b5       be     1                 transaction_deserialize
c0de1972 c0de1972       3a     2         build/nanos2/obj/app/src/transaction/utils.o:(.text.transaction_utils_check_encoding)
c0de1972 c0de1972        0     1                 $t.0
c0de1973 c0de1973       3a     1                 transaction_utils_check_encoding
c0de19ac c0de19ac        e     2         build/nanos2/obj/app/src/ui/action/validate.o:(.text.validate_pubkey)
c0de19ac c0de19ac        0     1                 $t.0
c0de19ad c0de19ad        e     1                 validate_pubkey
c0de19ba c0de19ba        e     2         build/nanos2/obj/app/src/ui/action/validate.o:(.text.io_send_sw)
c0de19ba c0de19ba        0     1                 $t.1
c0de19bb c0de19bb        e     1                 io_send_sw
c0de19c8 c0de19c8       a4     4         build/nanos2/obj/app/src/ui/action/validate.o:(.text.validate_transaction)
c0de19c8 c0de19c8        0     1                 $t.2
c0de19c9 c0de19c9       a4     1                 validate_transaction
c0de1a68 c0de1a68        0     1                 $d.3
c0de1a6c c0de1a6c        6     2         build/nanos2/obj/app/src/ui/menu_nbgl.o:(.text.app_quit)
c0de1a6c c0de1a6c        0     1                 $t.0
c0de1a6d c0de1a6d        6     1                 app_quit
c0de1a74 c0de1a74       90     4         build/nanos2/obj/app/src/ui/menu_nbgl.o:(.text.ui_menu_main)
c0de1a74 c0de1a74        0     1                 $t.1
c0de1a75 c0de1a75       90     1                 ui_menu_main
c0de1ad8 c0de1ad8        0     1                 $d.2
c0de1b04 c0de1b04       b4     4         build/nanos2/obj/app/src/ui/menu_nbgl.o:(.text.controls_callback)
c0de1b04 c0de1b04        0     1                 $t.3
c0de1b05 c0de1b05       b4     1                 controls_callback
c0de1b90 c0de1b90        0     1                 $d.4
c0de1bb8 c0de1bb8       7c     4         build/nanos2/obj/app/src/ui/menu_nbgl.o:(.text.review_warning_choice)
c0de1bb8 c0de1bb8        0     1                 $t.5
c0de1bb9 c0de1bb9       7c     1                 review_warning_choice
c0de1c18 c0de1c18        0     1                 $d.6
c0de1c34 c0de1c34        6     2         build/nanos2/obj/app/src/ui/menu_nbgl.o:(.text.OUTLINED_FUNCTION_0)
c0de1c34 c0de1c34        0     1                 $t.7
c0de1c35 c0de1c35        6     1                 OUTLINED_FUNCTION_0
c0de1c3c c0de1c3c       a4     4         build/nanos2/obj/app/src/ui/nbgl_display_address.o:(.text.ui_display_address)
c0de1c3c c0de1c3c        0     1                 $t.0
c0de1c3d c0de1c3d       a4     1                 ui_display_address
c0de1ccc c0de1ccc        0     1                 $d.1
c0de1ce0 c0de1ce0        e     2         build/nanos2/obj/app/src/ui/nbgl_display_address.o:(.text.io_send_sw)
c0de1ce0 c0de1ce0        0     1                 $t.2
c0de1ce1 c0de1ce1        e     1                 io_send_sw
c0de1cf0 c0de1cf0       20     4         build/nanos2/obj/app/src/ui/nbgl_display_address.o:(.text.review_choice)
c0de1cf0 c0de1cf0        0     1                 $t.3
c0de1cf1 c0de1cf1       20     1                 review_choice
c0de1d0c c0de1d0c        0     1                 $d.4
c0de1d10 c0de1d10       dc     4         build/nanos2/obj/app/src/ui/nbgl_display_transaction.o:(.text.ui_display_transaction_bs_choice)
c0de1d10 c0de1d10        0     1                 $t.0
c0de1d11 c0de1d11       dc     1                 ui_display_transaction_bs_choice
c0de1dcc c0de1dcc        0     1                 $d.1
c0de1dec c0de1dec        e     2         build/nanos2/obj/app/src/ui/nbgl_display_transaction.o:(.text.io_send_sw)
c0de1dec c0de1dec        0     1                 $t.2
c0de1ded c0de1ded        e     1                 io_send_sw
c0de1dfc c0de1dfc       1c     4         build/nanos2/obj/app/src/ui/nbgl_display_transaction.o:(.text.review_choice)
c0de1dfc c0de1dfc        0     1                 $t.3
c0de1dfd c0de1dfd       1c     1                 review_choice
c0de1e14 c0de1e14        0     1                 $d.4
c0de1e18 c0de1e18        6     2         build/nanos2/obj/app/src/ui/nbgl_display_transaction.o:(.text.ui_display_blind_signed_transaction)
c0de1e18 c0de1e18        0     1                 $t.5
c0de1e19 c0de1e19        6     1                 ui_display_blind_signed_transaction
c0de1e1e c0de1e1e        6     2         build/nanos2/obj/app/src/ui/nbgl_display_transaction.o:(.text.ui_display_transaction)
c0de1e1e c0de1e1e        0     1                 $t.6
c0de1e1f c0de1e1f        6     1                 ui_display_transaction
c0de1e24 c0de1e24       6c     4         build/nanos2/obj/app/src/zknox/ecc/zkn_eddsa.o:(.text.zkn_prv_hash)
c0de1e24 c0de1e24        0     1                 $t.0
c0de1e25 c0de1e25       6c     1                 zkn_prv_hash
c0de1e8c c0de1e8c        0     1                 $d.1
c0de1e90 c0de1e90       4e     2         build/nanos2/obj/app/src/zknox/ecc/zkn_eddsa.o:(.text.zkn_prv2pub)
c0de1e90 c0de1e90        0     1                 $t.2
c0de1e91 c0de1e91       4e     1                 zkn_prv2pub
c0de1ee0 c0de1ee0      29c     4         build/nanos2/obj/app/src/zknox/ecc/zkn_eddsa.o:(.text.EddsaPoseidon_Sign_final)
c0de1ee0 c0de1ee0        0     1                 $t.4
c0de1ee1 c0de1ee1      29c     1                 EddsaPoseidon_Sign_final
c0de2174 c0de2174        0     1                 $d.5
c0de217c c0de217c        8     2         build/nanos2/obj/app/src/zknox/ecc/zkn_eddsa.o:(.text.rev64)
c0de217c c0de217c        0     1                 $t.6
c0de217d c0de217d        8     1                 rev64
c0de2184 c0de2184        a     2         build/nanos2/obj/app/src/zknox/ecc/zkn_eddsa.o:(.text.OUTLINED_FUNCTION_0)
c0de2184 c0de2184        0     1                 $t.7
c0de2185 c0de2185        a     1                 OUTLINED_FUNCTION_0
c0de218e c0de218e       c4     2         build/nanos2/obj/app/src/zknox/ecc/zkn_frost.o:(.text.zkn_frost_interpolate)
c0de218e c0de218e        0     1                 $t.0
c0de218f c0de218f       c4     1                 zkn_frost_interpolate
c0de2252 c0de2252       86     2         build/nanos2/obj/app/src/zknox/ecc/zkn_frost.o:(.text.zkn_frost_interpolate_secrets)
c0de2252 c0de2252        0     1                 $t.1
c0de2253 c0de2253       86     1                 zkn_frost_interpolate_secrets
c0de22d8 c0de22d8       72     2         build/nanos2/obj/app/src/zknox/ecc/zkn_frost.o:(.text.zkn_evalshare)
c0de22d8 c0de22d8        0     1                 $t.3
c0de22d9 c0de22d9       72     1                 zkn_evalshare
c0de234c c0de234c       38     4         build/nanos2/obj/app/src/zknox/ecc/zkn_frost.o:(.text.zkn_frost_nonce_generate)
c0de234c c0de234c        0     1                 $t.4
c0de234d c0de234d       38     1                 zkn_frost_nonce_generate
c0de2380 c0de2380        0     1                 $d.5
c0de2384 c0de2384       1a     2         build/nanos2/obj/app/src/zknox/ecc/zkn_frost.o:(.text.zkn_frost_commit)
c0de2384 c0de2384        0     1                 $t.6
c0de2385 c0de2385       1a     1                 zkn_frost_commit
c0de239e c0de239e       fa     2         build/nanos2/obj/app/src/zknox/ecc/zkn_frost.o:(.text.zkn_encode_group_commitmentHash)
c0de239e c0de239e        0     1                 $t.7
c0de239f c0de239f       fa     1                 zkn_encode_group_commitmentHash
c0de2498 c0de2498       e2     2         build/nanos2/obj/app/src/zknox/ecc/zkn_frost.o:(.text.zkn_compute_group_commitment)
c0de2498 c0de2498        0     1                 $t.8
c0de2499 c0de2499       e2     1                 zkn_compute_group_commitment
c0de257a c0de257a      106     2         build/nanos2/obj/app/src/zknox/ecc/zkn_frost.o:(.text.zkn_compute_binding_factors)
c0de257a c0de257a        0     1                 $t.9
c0de257b c0de257b      106     1                 zkn_compute_binding_factors
c0de2680 c0de2680       10     2         build/nanos2/obj/app/src/zknox/ecc/zkn_frost.o:(.text.zkn_serialize_scalar_for_hash)
c0de2680 c0de2680        0     1                 $t.10
c0de2681 c0de2681       10     1                 zkn_serialize_scalar_for_hash
c0de2690 c0de2690       b4     4         build/nanos2/obj/app/src/zknox/ecc/zkn_frost.o:(.text.compute_challenge)
c0de2690 c0de2690        0     1                 $t.13
c0de2691 c0de2691       b4     1                 compute_challenge
c0de2740 c0de2740        0     1                 $d.14
c0de2744 c0de2744       94     2         build/nanos2/obj/app/src/zknox/ecc/zkn_frost.o:(.text.zkn_reconciliation)
c0de2744 c0de2744        0     1                 $t.15
c0de2745 c0de2745       94     1                 zkn_reconciliation
c0de27d8 c0de27d8       16     2         build/nanos2/obj/app/src/zknox/ecc/zkn_frost.o:(.text.OUTLINED_FUNCTION_0)
c0de27d8 c0de27d8        0     1                 $t.16
c0de27d9 c0de27d9       16     1                 OUTLINED_FUNCTION_0
c0de27ee c0de27ee        8     2         build/nanos2/obj/app/src/zknox/ecc/zkn_frost.o:(.text.OUTLINED_FUNCTION_1)
c0de27ee c0de27ee        0     1                 $t.17
c0de27ef c0de27ef        8     1                 OUTLINED_FUNCTION_1
c0de27f6 c0de27f6        8     2         build/nanos2/obj/app/src/zknox/ecc/zkn_frost.o:(.text.OUTLINED_FUNCTION_2)
c0de27f6 c0de27f6        0     1                 $t.18
c0de27f7 c0de27f7        8     1                 OUTLINED_FUNCTION_2
c0de27fe c0de27fe        6     2         build/nanos2/obj/app/src/zknox/ecc/zkn_frost.o:(.text.OUTLINED_FUNCTION_3)
c0de27fe c0de27fe        0     1                 $t.19
c0de27ff c0de27ff        6     1                 OUTLINED_FUNCTION_3
c0de2804 c0de2804        a     2         build/nanos2/obj/app/src/zknox/ecc/zkn_frost.o:(.text.OUTLINED_FUNCTION_4)
c0de2804 c0de2804        0     1                 $t.20
c0de2805 c0de2805        a     1                 OUTLINED_FUNCTION_4
c0de280e c0de280e       2a     2         build/nanos2/obj/app/src/zknox/ecc/zkn_tEdwards.o:(.text.tEdwards_alloc)
c0de280e c0de280e        0     1                 $t.0
c0de280f c0de280f       2a     1                 tEdwards_alloc
c0de2838 c0de2838       22     2         build/nanos2/obj/app/src/zknox/ecc/zkn_tEdwards.o:(.text.tEdwards_destroy)
c0de2838 c0de2838        0     1                 $t.1
c0de2839 c0de2839       22     1                 tEdwards_destroy
c0de285a c0de285a       d6     2         build/nanos2/obj/app/src/zknox/ecc/zkn_tEdwards.o:(.text.tEdwards_double)
c0de285a c0de285a        0     1                 $t.2
c0de285b c0de285b       d6     1                 tEdwards_double
c0de2930 c0de2930      130     2         build/nanos2/obj/app/src/zknox/ecc/zkn_tEdwards.o:(.text.tEdwards_add)
c0de2930 c0de2930        0     1                 $t.3
c0de2931 c0de2931      130     1                 tEdwards_add
c0de2a60 c0de2a60       ac     2         build/nanos2/obj/app/src/zknox/ecc/zkn_tEdwards.o:(.text.tEdwards_IsOnCurve)
c0de2a60 c0de2a60        0     1                 $t.4
c0de2a61 c0de2a61       ac     1                 tEdwards_IsOnCurve
c0de2b0c c0de2b0c      1e0     4         build/nanos2/obj/app/src/zknox/ecc/zkn_tEdwards.o:(.text.tEdwards_Curve_alloc_init)
c0de2b0c c0de2b0c        0     1                 $t.5
c0de2b0d c0de2b0d      1e0     1                 tEdwards_Curve_alloc_init
c0de2cc0 c0de2cc0        0     1                 $d.6
c0de2cec c0de2cec       7e     2         build/nanos2/obj/app/src/zknox/ecc/zkn_tEdwards.o:(.text.tEdwards_init)
c0de2cec c0de2cec        0     1                 $t.7
c0de2ced c0de2ced       7e     1                 tEdwards_init
c0de2d6a c0de2d6a       92     2         build/nanos2/obj/app/src/zknox/ecc/zkn_tEdwards.o:(.text.tEdwards_Curve_partial_destroy)
c0de2d6a c0de2d6a        0     1                 $t.9
c0de2d6b c0de2d6b       92     1                 tEdwards_Curve_partial_destroy
c0de2dfc c0de2dfc       26     2         build/nanos2/obj/app/src/zknox/ecc/zkn_tEdwards.o:(.text.tEdwards_SetNeutral)
c0de2dfc c0de2dfc        0     1                 $t.11
c0de2dfd c0de2dfd       26     1                 tEdwards_SetNeutral
c0de2e22 c0de2e22       4c     2         build/nanos2/obj/app/src/zknox/ecc/zkn_tEdwards.o:(.text.tEdwards_export)
c0de2e22 c0de2e22        0     1                 $t.12
c0de2e23 c0de2e23       4c     1                 tEdwards_export
c0de2e6e c0de2e6e       5a     2         build/nanos2/obj/app/src/zknox/ecc/zkn_tEdwards.o:(.text.tEdwards_normalize)
c0de2e6e c0de2e6e        0     1                 $t.13
c0de2e6f c0de2e6f       5a     1                 tEdwards_normalize
c0de2ec8 c0de2ec8       26     2         build/nanos2/obj/app/src/zknox/ecc/zkn_tEdwards.o:(.text.tEdwards_copy)
c0de2ec8 c0de2ec8        0     1                 $t.14
c0de2ec9 c0de2ec9       26     1                 tEdwards_copy
c0de2eee c0de2eee       3e     2         build/nanos2/obj/app/src/zknox/ecc/zkn_tEdwards.o:(.text.tEdwards_alloc_init)
c0de2eee c0de2eee        0     1                 $t.15
c0de2eef c0de2eef       3e     1                 tEdwards_alloc_init
c0de2f2c c0de2f2c       ca     2         build/nanos2/obj/app/src/zknox/ecc/zkn_tEdwards.o:(.text.tEdwards_scalarMul_bn)
c0de2f2c c0de2f2c        0     1                 $t.17
c0de2f2d c0de2f2d       ca     1                 tEdwards_scalarMul_bn
c0de2ff8 c0de2ff8       40     4         build/nanos2/obj/app/src/zknox/ecc/zkn_tEdwards.o:(.text.tEdwards_scalarMul)
c0de2ff8 c0de2ff8        0     1                 $t.18
c0de2ff9 c0de2ff9       40     1                 tEdwards_scalarMul
c0de3034 c0de3034        0     1                 $d.19
c0de3038 c0de3038        6     2         build/nanos2/obj/app/src/zknox/ecc/zkn_tEdwards.o:(.text.OUTLINED_FUNCTION_0)
c0de3038 c0de3038        0     1                 $t.22
c0de3039 c0de3039        6     1                 OUTLINED_FUNCTION_0
c0de303e c0de303e        6     2         build/nanos2/obj/app/src/zknox/ecc/zkn_tEdwards.o:(.text.OUTLINED_FUNCTION_1)
c0de303e c0de303e        0     1                 $t.23
c0de303f c0de303f        6     1                 OUTLINED_FUNCTION_1
c0de3044 c0de3044        8     2         build/nanos2/obj/app/src/zknox/ecc/zkn_tEdwards.o:(.text.OUTLINED_FUNCTION_2)
c0de3044 c0de3044        0     1                 $t.24
c0de3045 c0de3045        8     1                 OUTLINED_FUNCTION_2
c0de304c c0de304c        8     2         build/nanos2/obj/app/src/zknox/ecc/zkn_tEdwards.o:(.text.OUTLINED_FUNCTION_3)
c0de304c c0de304c        0     1                 $t.25
c0de304d c0de304d        8     1                 OUTLINED_FUNCTION_3
c0de3054 c0de3054        a     2         build/nanos2/obj/app/src/zknox/ecc/zkn_tEdwards.o:(.text.OUTLINED_FUNCTION_4)
c0de3054 c0de3054        0     1                 $t.26
c0de3055 c0de3055        a     1                 OUTLINED_FUNCTION_4
c0de305e c0de305e        a     2         build/nanos2/obj/app/src/zknox/ecc/zkn_tEdwards.o:(.text.OUTLINED_FUNCTION_5)
c0de305e c0de305e        0     1                 $t.27
c0de305f c0de305f        a     1                 OUTLINED_FUNCTION_5
c0de3068 c0de3068        a     2         build/nanos2/obj/app/src/zknox/ecc/zkn_tEdwards.o:(.text.OUTLINED_FUNCTION_6)
c0de3068 c0de3068        0     1                 $t.28
c0de3069 c0de3069        a     1                 OUTLINED_FUNCTION_6
c0de3072 c0de3072        a     2         build/nanos2/obj/app/src/zknox/ecc/zkn_tEdwards.o:(.text.OUTLINED_FUNCTION_7)
c0de3072 c0de3072        0     1                 $t.29
c0de3073 c0de3073        a     1                 OUTLINED_FUNCTION_7
c0de307c c0de307c        a     2         build/nanos2/obj/app/src/zknox/ecc/zkn_tEdwards.o:(.text.OUTLINED_FUNCTION_8)
c0de307c c0de307c        0     1                 $t.30
c0de307d c0de307d        a     1                 OUTLINED_FUNCTION_8
c0de3086 c0de3086        a     2         build/nanos2/obj/app/src/zknox/ecc/zkn_tEdwards.o:(.text.OUTLINED_FUNCTION_9)
c0de3086 c0de3086        0     1                 $t.31
c0de3087 c0de3087        a     1                 OUTLINED_FUNCTION_9
c0de3090 c0de3090        a     2         build/nanos2/obj/app/src/zknox/ecc/zkn_tEdwards.o:(.text.OUTLINED_FUNCTION_10)
c0de3090 c0de3090        0     1                 $t.32
c0de3091 c0de3091        a     1                 OUTLINED_FUNCTION_10
c0de309a c0de309a        6     2         build/nanos2/obj/app/src/zknox/ecc/zkn_tEdwards.o:(.text.OUTLINED_FUNCTION_11)
c0de309a c0de309a        0     1                 $t.33
c0de309b c0de309b        6     1                 OUTLINED_FUNCTION_11
c0de30a0 c0de30a0       80     4         build/nanos2/obj/app/src/zknox/hash/zkn_poseidon_constants.o:(.text.grain_lfsr_advance)
c0de30a0 c0de30a0        0     1                 $t.0
c0de30a1 c0de30a1       80     1                 grain_lfsr_advance
c0de3118 c0de3118        0     1                 $d.1
c0de3120 c0de3120       4a     2         build/nanos2/obj/app/src/zknox/hash/zkn_poseidon_constants.o:(.text.next64_graingen)
c0de3120 c0de3120        0     1                 $t.2
c0de3121 c0de3121       4a     1                 next64_graingen
c0de316c c0de316c       30     4         build/nanos2/obj/app/src/zknox/hash/zkn_poseidon_constants.o:(.text.init_generator)
c0de316c c0de316c        0     1                 $t.3
c0de316d c0de316d       30     1                 init_generator
c0de3194 c0de3194        0     1                 $d.4
c0de319c c0de319c       98     4         build/nanos2/obj/app/src/zknox/hash/zkn_poseidon_constants.o:(.text.gen_integer)
c0de319c c0de319c        0     1                 $t.5
c0de319d c0de319d       98     1                 gen_integer
c0de3224 c0de3224        0     1                 $d.6
c0de3234 c0de3234        8     2         build/nanos2/obj/app/src/zknox/hash/zkn_poseidon_constants.o:(.text.rev64)
c0de3234 c0de3234        0     1                 $t.7
c0de3235 c0de3235        8     1                 rev64
c0de323c c0de323c        6     2         build/nanos2/obj/app/src/zknox/hash/zkn_poseidon_constants.o:(.text.Poseidon_getNext_RC)
c0de323c c0de323c        0     1                 $t.8
c0de323d c0de323d        6     1                 Poseidon_getNext_RC
c0de3244 c0de3244       cc     4         build/nanos2/obj/app/src/zknox/hash/zkn_poseidon_constants.o:(.text.Poseidon_alloc_init)
c0de3244 c0de3244        0     1                 $t.9
c0de3245 c0de3245       cc     1                 Poseidon_alloc_init
c0de330c c0de330c        0     1                 $d.10
c0de3310 c0de3310      1a0     4         build/nanos2/obj/app/src/zknox/hash/zkn_poseidon_constants.o:(.text.Poseidon)
c0de3310 c0de3310        0     1                 $t.13
c0de3311 c0de3311      1a0     1                 Poseidon
c0de34ac c0de34ac        0     1                 $d.14
c0de34b0 c0de34b0       98     4         build/nanos2/obj/app/src/zknox/hash/zkn_rfc9591frost.o:(.text.RFC9591_taggedHash)
c0de34b0 c0de34b0        0     1                 $t.0
c0de34b1 c0de34b1       98     1                 RFC9591_taggedHash
c0de3544 c0de3544        0     1                 $d.1
c0de3548 c0de3548       1c     2         build/nanos2/obj/app/src/zknox/hash/zkn_rfc9591frost.o:(.text.Babyfrost_H1)
c0de3548 c0de3548        0     1                 $t.2
c0de3549 c0de3549       1c     1                 Babyfrost_H1
c0de3564 c0de3564       28     4         build/nanos2/obj/app/src/zknox/hash/zkn_rfc9591frost.o:(.text.Babyfrost_H3)
c0de3564 c0de3564        0     1                 $t.3
c0de3565 c0de3565       28     1                 Babyfrost_H3
c0de3588 c0de3588        0     1                 $d.4
c0de358c c0de358c       1c     2         build/nanos2/obj/app/src/zknox/hash/zkn_rfc9591frost.o:(.text.Babyfrost_H4)
c0de358c c0de358c        0     1                 $t.5
c0de358d c0de358d       1c     1                 Babyfrost_H4
c0de35a8 c0de35a8       1c     2         build/nanos2/obj/app/src/zknox/hash/zkn_rfc9591frost.o:(.text.Babyfrost_H5)
c0de35a8 c0de35a8        0     1                 $t.6
c0de35a9 c0de35a9       1c     1                 Babyfrost_H5
c0de35c4 c0de35c4       2c     2         build/nanos2/obj/app/src/zknox/hash/zkn_rfc9591frost.o:(.text.zkn_frost_hash_init)
c0de35c4 c0de35c4        0     1                 $t.7
c0de35c5 c0de35c5       2c     1                 zkn_frost_hash_init
c0de35f0 c0de35f0       34     4         build/nanos2/obj/app/src/zknox/hash/zkn_rfc9591frost.o:(.text.zkn_frost_H1_init)
c0de35f0 c0de35f0        0     1                 $t.8
c0de35f1 c0de35f1       34     1                 zkn_frost_H1_init
c0de3620 c0de3620        0     1                 $d.9
c0de3624 c0de3624       34     4         build/nanos2/obj/app/src/zknox/hash/zkn_rfc9591frost.o:(.text.zkn_frost_H5_init)
c0de3624 c0de3624        0     1                 $t.10
c0de3625 c0de3625       34     1                 zkn_frost_H5_init
c0de3654 c0de3654        0     1                 $d.11
c0de3658 c0de3658        4     2         build/nanos2/obj/app/src/zknox/hash/zkn_rfc9591frost.o:(.text.zkn_frost_hash_update)
c0de3658 c0de3658        0     1                 $t.12
c0de3659 c0de3659        4     1                 zkn_frost_hash_update
c0de365c c0de365c       50     2         build/nanos2/obj/app/src/zknox/hash/zkn_rfc9591frost.o:(.text.zkn_frost_hash_final)
c0de365c c0de365c        0     1                 $t.13
c0de365d c0de365d       50     1                 zkn_frost_hash_final
c0de36ac c0de36ac       14     2         build/nanos2/obj/app/src/zknox/hash/zkn_rfc9591frost.o:(.text.OUTLINED_FUNCTION_0)
c0de36ac c0de36ac        0     1                 $t.14
c0de36ad c0de36ad       14     1                 OUTLINED_FUNCTION_0
c0de36c0 c0de36c0        e     2         build/nanos2/obj/app/src/zknox/hash/zkn_rfc9591frost.o:(.text.OUTLINED_FUNCTION_1)
c0de36c0 c0de36c0        0     1                 $t.15
c0de36c1 c0de36c1        e     1                 OUTLINED_FUNCTION_1
c0de36ce c0de36ce        a     2         build/nanos2/obj/app/src/zknox/hash/zkn_rfc9591frost.o:(.text.OUTLINED_FUNCTION_2)
c0de36ce c0de36ce        0     1                 $t.16
c0de36cf c0de36cf        a     1                 OUTLINED_FUNCTION_2
c0de36d8 c0de36d8        e     2         build/nanos2/obj/app/src/zknox/hash/zkn_rfc9591frost.o:(.text.OUTLINED_FUNCTION_3)
c0de36d8 c0de36d8        0     1                 $t.17
c0de36d9 c0de36d9        e     1                 OUTLINED_FUNCTION_3
c0de36e6 c0de36e6       d6     2         build/nanos2/obj/sdk/io/src/os_io_default_apdu.o:(.text.os_io_handle_default_apdu)
c0de36e6 c0de36e6        0     1                 $t.0
c0de36e7 c0de36e7       d6     1                 os_io_handle_default_apdu
c0de37bc c0de37bc        e     2         build/nanos2/obj/sdk/io/src/os_io_default_apdu.o:(.text.OUTLINED_FUNCTION_0)
c0de37bc c0de37bc        0     1                 $t.1
c0de37bd c0de37bd        e     1                 OUTLINED_FUNCTION_0
c0de37ca c0de37ca       1c     2         build/nanos2/obj/sdk/io/src/os_io_seph_ux.o:(.text.io_process_itc_ux_event)
c0de37ca c0de37ca        0     1                 $t.2
c0de37cb c0de37cb       1c     1                 io_process_itc_ux_event
c0de37e8 c0de37e8       28     4         build/nanos2/obj/sdk/io_legacy/src/os_io_legacy.o:(.text.io_legacy_apdu_tx)
c0de37e8 c0de37e8        0     1                 $t.12
c0de37e9 c0de37e9       28     1                 io_legacy_apdu_tx
c0de3808 c0de3808        0     1                 $d.13
c0de3810 c0de3810      1b8     4         build/nanos2/obj/sdk/io_legacy/src/os_io_legacy.o:(.text.io_legacy_apdu_rx)
c0de3810 c0de3810        0     1                 $t.14
c0de3811 c0de3811      1b8     1                 io_legacy_apdu_rx
c0de39ac c0de39ac        0     1                 $d.15
c0de39c8 c0de39c8       38     4         build/nanos2/obj/sdk/io_legacy/src/os_io_legacy.o:(.text.io_seproxyhal_init)
c0de39c8 c0de39c8        0     1                 $t.16
c0de39c9 c0de39c9       38     1                 io_seproxyhal_init
c0de39fc c0de39fc        0     1                 $d.17
c0de3a00 c0de3a00       78     4         build/nanos2/obj/sdk/lib_nbgl/src/nbgl_layout_nanos.o:(.text.nbgl_layoutGet)
c0de3a00 c0de3a00        0     1                 $t.1
c0de3a01 c0de3a01       78     1                 nbgl_layoutGet
c0de3a70 c0de3a70        0     1                 $d.2
c0de3a78 c0de3a78       50     4         build/nanos2/obj/sdk/lib_nbgl/src/nbgl_layout_nanos.o:(.text.buttonCallback)
c0de3a78 c0de3a78        0     1                 $t.3
c0de3a79 c0de3a79       50     1                 buttonCallback
c0de3ac4 c0de3ac4        0     1                 $d.4
c0de3ac8 c0de3ac8       bc     4         build/nanos2/obj/sdk/lib_nbgl/src/nbgl_layout_nanos.o:(.text.nbgl_layoutAddNavigation)
c0de3ac8 c0de3ac8        0     1                 $t.5
c0de3ac9 c0de3ac9       bc     1                 nbgl_layoutAddNavigation
c0de3b74 c0de3b74        0     1                 $d.6
c0de3b84 c0de3b84      380     4         build/nanos2/obj/sdk/lib_nbgl/src/nbgl_layout_nanos.o:(.text.nbgl_layoutAddText)
c0de3b84 c0de3b84        0     1                 $t.7
c0de3b85 c0de3b85      380     1                 nbgl_layoutAddText
c0de3f00 c0de3f00        0     1                 $d.8
c0de3f04 c0de3f04       a8     2         build/nanos2/obj/sdk/lib_nbgl/src/nbgl_layout_nanos.o:(.text.nbgl_layoutAddMenuList)
c0de3f04 c0de3f04        0     1                 $t.9
c0de3f05 c0de3f05       a8     1                 nbgl_layoutAddMenuList
c0de3fac c0de3fac      340     2         build/nanos2/obj/sdk/lib_nbgl/src/nbgl_layout_nanos.o:(.text.nbgl_layoutAddCenteredInfo)
c0de3fac c0de3fac        0     1                 $t.10
c0de3fad c0de3fad      340     1                 nbgl_layoutAddCenteredInfo
c0de42ec c0de42ec      1e8     4         build/nanos2/obj/sdk/lib_nbgl/src/nbgl_layout_nanos.o:(.text.nbgl_layoutAddSwitch)
c0de42ec c0de42ec        0     1                 $t.13
c0de42ed c0de42ed      1e8     1                 nbgl_layoutAddSwitch
c0de44c4 c0de44c4        0     1                 $d.14
c0de44d4 c0de44d4       10     2         build/nanos2/obj/sdk/lib_nbgl/src/nbgl_layout_nanos.o:(.text.nbgl_layoutDraw)
c0de44d4 c0de44d4        0     1                 $t.15
c0de44d5 c0de44d5       10     1                 nbgl_layoutDraw
c0de44e4 c0de44e4       1a     2         build/nanos2/obj/sdk/lib_nbgl/src/nbgl_layout_nanos.o:(.text.nbgl_layoutRelease)
c0de44e4 c0de44e4        0     1                 $t.16
c0de44e5 c0de44e5       1a     1                 nbgl_layoutRelease
c0de44fe c0de44fe       26     2         build/nanos2/obj/sdk/lib_nbgl/src/nbgl_layout_nanos.o:(.text.OUTLINED_FUNCTION_0)
c0de44fe c0de44fe        0     1                 $t.17
c0de44ff c0de44ff       26     1                 OUTLINED_FUNCTION_0
c0de4524 c0de4524       1a     2         build/nanos2/obj/sdk/lib_nbgl/src/nbgl_layout_nanos.o:(.text.OUTLINED_FUNCTION_2)
c0de4524 c0de4524        0     1                 $t.19
c0de4525 c0de4525       1a     1                 OUTLINED_FUNCTION_2
c0de453e c0de453e       12     2         build/nanos2/obj/sdk/lib_nbgl/src/nbgl_layout_nanos.o:(.text.OUTLINED_FUNCTION_3)
c0de453e c0de453e        0     1                 $t.20
c0de453f c0de453f       12     1                 OUTLINED_FUNCTION_3
c0de4550 c0de4550        a     2         build/nanos2/obj/sdk/lib_nbgl/src/nbgl_layout_nanos.o:(.text.OUTLINED_FUNCTION_4)
c0de4550 c0de4550        0     1                 $t.21
c0de4551 c0de4551        a     1                 OUTLINED_FUNCTION_4
c0de455a c0de455a        6     2         build/nanos2/obj/sdk/lib_nbgl/src/nbgl_layout_nanos.o:(.text.OUTLINED_FUNCTION_5)
c0de455a c0de455a        0     1                 $t.22
c0de455b c0de455b        6     1                 OUTLINED_FUNCTION_5
c0de4560 c0de4560        8     2         build/nanos2/obj/sdk/lib_nbgl/src/nbgl_layout_nanos.o:(.text.OUTLINED_FUNCTION_6)
c0de4560 c0de4560        0     1                 $t.23
c0de4561 c0de4561        8     1                 OUTLINED_FUNCTION_6
c0de4568 c0de4568       10     2         build/nanos2/obj/sdk/lib_nbgl/src/nbgl_layout_nanos.o:(.text.OUTLINED_FUNCTION_7)
c0de4568 c0de4568        0     1                 $t.24
c0de4569 c0de4569       10     1                 OUTLINED_FUNCTION_7
c0de4578 c0de4578        6     2         build/nanos2/obj/sdk/lib_nbgl/src/nbgl_layout_nanos.o:(.text.OUTLINED_FUNCTION_8)
c0de4578 c0de4578        0     1                 $t.25
c0de4579 c0de4579        6     1                 OUTLINED_FUNCTION_8
c0de457e c0de457e        e     2         build/nanos2/obj/sdk/lib_nbgl/src/nbgl_layout_nanos.o:(.text.OUTLINED_FUNCTION_9)
c0de457e c0de457e        0     1                 $t.26
c0de457f c0de457f        e     1                 OUTLINED_FUNCTION_9
c0de458c c0de458c       72     2         build/nanos2/obj/sdk/lib_nbgl/src/nbgl_step.o:(.text.nbgl_stepDrawText)
c0de458c c0de458c        0     1                 $t.0
c0de458d c0de458d       72     1                 nbgl_stepDrawText
c0de4600 c0de4600       4c     4         build/nanos2/obj/sdk/lib_nbgl/src/nbgl_step.o:(.text.getFreeContext)
c0de4600 c0de4600        0     1                 $t.1
c0de4601 c0de4601       4c     1                 getFreeContext
c0de4648 c0de4648        0     1                 $d.2
c0de464c c0de464c      1cc     4         build/nanos2/obj/sdk/lib_nbgl/src/nbgl_step.o:(.text.displayTextPage)
c0de464c c0de464c        0     1                 $t.3
c0de464d c0de464d      1cc     1                 displayTextPage
c0de4810 c0de4810        0     1                 $d.4
c0de4818 c0de4818       7c     4         build/nanos2/obj/sdk/lib_nbgl/src/nbgl_step.o:(.text.nbgl_stepDrawCenteredInfo)
c0de4818 c0de4818        0     1                 $t.5
c0de4819 c0de4819       7c     1                 nbgl_stepDrawCenteredInfo
c0de4890 c0de4890        0     1                 $d.6
c0de4894 c0de4894       6c     2         build/nanos2/obj/sdk/lib_nbgl/src/nbgl_step.o:(.text.actionCallback)
c0de4894 c0de4894        0     1                 $t.7
c0de4895 c0de4895       6c     1                 actionCallback
c0de4900 c0de4900       38     2         build/nanos2/obj/sdk/lib_nbgl/src/nbgl_step.o:(.text.getNavigationInfo)
c0de4900 c0de4900        0     1                 $t.8
c0de4901 c0de4901       38     1                 getNavigationInfo
c0de4938 c0de4938       36     2         build/nanos2/obj/sdk/lib_nbgl/src/nbgl_step.o:(.text.nbgl_stepDrawMenuList)
c0de4938 c0de4938        0     1                 $t.9
c0de4939 c0de4939       36     1                 nbgl_stepDrawMenuList
c0de4970 c0de4970       78     4         build/nanos2/obj/sdk/lib_nbgl/src/nbgl_step.o:(.text.displayMenuList)
c0de4970 c0de4970        0     1                 $t.10
c0de4971 c0de4971       78     1                 displayMenuList
c0de49e4 c0de49e4        0     1                 $d.11
c0de49e8 c0de49e8       7c     4         build/nanos2/obj/sdk/lib_nbgl/src/nbgl_step.o:(.text.nbgl_stepDrawSwitch)
c0de49e8 c0de49e8        0     1                 $t.13
c0de49e9 c0de49e9       7c     1                 nbgl_stepDrawSwitch
c0de4a60 c0de4a60        0     1                 $d.14
c0de4a64 c0de4a64       18     2         build/nanos2/obj/sdk/lib_nbgl/src/nbgl_step.o:(.text.nbgl_stepRelease)
c0de4a64 c0de4a64        0     1                 $t.15
c0de4a65 c0de4a65       18     1                 nbgl_stepRelease
c0de4a7c c0de4a7c       28     4         build/nanos2/obj/sdk/lib_nbgl/src/nbgl_step.o:(.text.getContextFromLayout)
c0de4a7c c0de4a7c        0     1                 $t.16
c0de4a7d c0de4a7d       28     1                 getContextFromLayout
c0de4aa0 c0de4aa0        0     1                 $d.17
c0de4aa4 c0de4aa4       40     2         build/nanos2/obj/sdk/lib_nbgl/src/nbgl_step.o:(.text.menuListActionCallback)
c0de4aa4 c0de4aa4        0     1                 $t.18
c0de4aa5 c0de4aa5       40     1                 menuListActionCallback
c0de4ae4 c0de4ae4       8e     2         build/nanos2/obj/sdk/lib_nbgl/src/nbgl_step.o:(.text.OUTLINED_FUNCTION_0)
c0de4ae4 c0de4ae4        0     1                 $t.19
c0de4ae5 c0de4ae5       8e     1                 OUTLINED_FUNCTION_0
c0de4b72 c0de4b72       4a     2         build/nanos2/obj/sdk/lib_nbgl/src/nbgl_step.o:(.text.OUTLINED_FUNCTION_1)
c0de4b72 c0de4b72        0     1                 $t.20
c0de4b73 c0de4b73       4a     1                 OUTLINED_FUNCTION_1
c0de4bbc c0de4bbc       12     2         build/nanos2/obj/sdk/lib_nbgl/src/nbgl_step.o:(.text.OUTLINED_FUNCTION_2)
c0de4bbc c0de4bbc        0     1                 $t.21
c0de4bbd c0de4bbd       12     1                 OUTLINED_FUNCTION_2
c0de4bce c0de4bce        a     2         build/nanos2/obj/sdk/lib_nbgl/src/nbgl_step.o:(.text.OUTLINED_FUNCTION_3)
c0de4bce c0de4bce        0     1                 $t.22
c0de4bcf c0de4bcf        a     1                 OUTLINED_FUNCTION_3
c0de4bd8 c0de4bd8        6     2         build/nanos2/obj/sdk/lib_nbgl/src/nbgl_step.o:(.text.OUTLINED_FUNCTION_4)
c0de4bd8 c0de4bd8        0     1                 $t.23
c0de4bd9 c0de4bd9        6     1                 OUTLINED_FUNCTION_4
c0de4bde c0de4bde        e     2         build/nanos2/obj/sdk/lib_nbgl/src/nbgl_step.o:(.text.OUTLINED_FUNCTION_5)
c0de4bde c0de4bde        0     1                 $t.24
c0de4bdf c0de4bdf        e     1                 OUTLINED_FUNCTION_5
c0de4bec c0de4bec       4c     4         build/nanos2/obj/sdk/lib_nbgl/src/nbgl_use_case_nanos.o:(.text.nbgl_useCaseHomeAndSettings)
c0de4bec c0de4bec        0     1                 $t.11
c0de4bed c0de4bed       4c     1                 nbgl_useCaseHomeAndSettings
c0de4c34 c0de4c34        0     1                 $d.12
c0de4c38 c0de4c38       78     4         build/nanos2/obj/sdk/lib_nbgl/src/nbgl_use_case_nanos.o:(.text.startUseCaseSettingsAtPage)
c0de4c38 c0de4c38        0     1                 $t.13
c0de4c39 c0de4c39       78     1                 startUseCaseSettingsAtPage
c0de4cac c0de4cac        0     1                 $d.14
c0de4cb0 c0de4cb0       8c     4         build/nanos2/obj/sdk/lib_nbgl/src/nbgl_use_case_nanos.o:(.text.startUseCaseHome)
c0de4cb0 c0de4cb0        0     1                 $t.15
c0de4cb1 c0de4cb1       8c     1                 startUseCaseHome
c0de4d38 c0de4d38        0     1                 $d.16
c0de4d3c c0de4d3c       20     2         build/nanos2/obj/sdk/lib_nbgl/src/nbgl_use_case_nanos.o:(.text.nbgl_useCaseReview)
c0de4d3c c0de4d3c        0     1                 $t.20
c0de4d3d c0de4d3d       20     1                 nbgl_useCaseReview
c0de4d5c c0de4d5c       50     4         build/nanos2/obj/sdk/lib_nbgl/src/nbgl_use_case_nanos.o:(.text.useCaseReview)
c0de4d5c c0de4d5c        0     1                 $t.21
c0de4d5d c0de4d5d       50     1                 useCaseReview
c0de4da8 c0de4da8        0     1                 $d.22
c0de4dac c0de4dac       e0     4         build/nanos2/obj/sdk/lib_nbgl/src/nbgl_use_case_nanos.o:(.text.nbgl_useCaseAdvancedReview)
c0de4dac c0de4dac        0     1                 $t.23
c0de4dad c0de4dad       e0     1                 nbgl_useCaseAdvancedReview
c0de4e88 c0de4e88        0     1                 $d.24
c0de4e8c c0de4e8c       18     4         build/nanos2/obj/sdk/lib_nbgl/src/nbgl_use_case_nanos.o:(.text.displayPrelude)
c0de4e8c c0de4e8c        0     1                 $t.25
c0de4e8d c0de4e8d       18     1                 displayPrelude
c0de4ea0 c0de4ea0        0     1                 $d.26
c0de4ea4 c0de4ea4       18     4         build/nanos2/obj/sdk/lib_nbgl/src/nbgl_use_case_nanos.o:(.text.displayInitialWarning)
c0de4ea4 c0de4ea4        0     1                 $t.27
c0de4ea5 c0de4ea5       18     1                 displayInitialWarning
c0de4eb8 c0de4eb8        0     1                 $d.28
c0de4ebc c0de4ebc       24     4         build/nanos2/obj/sdk/lib_nbgl/src/nbgl_use_case_nanos.o:(.text.nbgl_useCaseReviewBlindSigning)
c0de4ebc c0de4ebc        0     1                 $t.29
c0de4ebd c0de4ebd       24     1                 nbgl_useCaseReviewBlindSigning
c0de4edc c0de4edc        0     1                 $d.30
c0de4ee0 c0de4ee0       68     4         build/nanos2/obj/sdk/lib_nbgl/src/nbgl_use_case_nanos.o:(.text.nbgl_useCaseAddressReview)
c0de4ee0 c0de4ee0        0     1                 $t.32
c0de4ee1 c0de4ee1       68     1                 nbgl_useCaseAddressReview
c0de4f44 c0de4f44        0     1                 $d.33
c0de4f48 c0de4f48      198     4         build/nanos2/obj/sdk/lib_nbgl/src/nbgl_use_case_nanos.o:(.text.displayReviewPage)
c0de4f48 c0de4f48        0     1                 $t.34
c0de4f49 c0de4f49      198     1                 displayReviewPage
c0de50c4 c0de50c4        0     1                 $d.35
c0de50e0 c0de50e0       40     4         build/nanos2/obj/sdk/lib_nbgl/src/nbgl_use_case_nanos.o:(.text.nbgl_useCaseStatus)
c0de50e0 c0de50e0        0     1                 $t.38
c0de50e1 c0de50e1       40     1                 nbgl_useCaseStatus
c0de5118 c0de5118        0     1                 $d.39
c0de5120 c0de5120      188     4         build/nanos2/obj/sdk/lib_nbgl/src/nbgl_use_case_nanos.o:(.text.drawStep)
c0de5120 c0de5120        0     1                 $t.40
c0de5121 c0de5121      188     1                 drawStep
c0de5294 c0de5294        0     1                 $d.41
c0de52a8 c0de52a8       1c     4         build/nanos2/obj/sdk/lib_nbgl/src/nbgl_use_case_nanos.o:(.text.statusButtonCallback)
c0de52a8 c0de52a8        0     1                 $t.42
c0de52a9 c0de52a9       1c     1                 statusButtonCallback
c0de52c0 c0de52c0        0     1                 $d.43
c0de52c4 c0de52c4       94     4         build/nanos2/obj/sdk/lib_nbgl/src/nbgl_use_case_nanos.o:(.text.nbgl_useCaseReviewStatus)
c0de52c4 c0de52c4        0     1                 $t.44
c0de52c5 c0de52c5       94     1                 nbgl_useCaseReviewStatus
c0de5338 c0de5338        0     1                 $d.45
c0de5358 c0de5358      184     4         build/nanos2/obj/sdk/lib_nbgl/src/nbgl_use_case_nanos.o:(.text.displayStreamingReviewPage)
c0de5358 c0de5358        0     1                 $t.48
c0de5359 c0de5359      184     1                 displayStreamingReviewPage
c0de54c8 c0de54c8        0     1                 $d.49
c0de54dc c0de54dc       3c     4         build/nanos2/obj/sdk/lib_nbgl/src/nbgl_use_case_nanos.o:(.text.nbgl_useCaseSpinner)
c0de54dc c0de54dc        0     1                 $t.59
c0de54dd c0de54dd       3c     1                 nbgl_useCaseSpinner
c0de5510 c0de5510        0     1                 $d.60
c0de5518 c0de5518       14     2         build/nanos2/obj/sdk/lib_nbgl/src/nbgl_use_case_nanos.o:(.text.nbgl_useCaseChoice)
c0de5518 c0de5518        0     1                 $t.61
c0de5519 c0de5519       14     1                 nbgl_useCaseChoice
c0de552c c0de552c       78     4         build/nanos2/obj/sdk/lib_nbgl/src/nbgl_use_case_nanos.o:(.text.nbgl_useCaseChoiceWithDetails)
c0de552c c0de552c        0     1                 $t.62
c0de552d c0de552d       78     1                 nbgl_useCaseChoiceWithDetails
c0de55a0 c0de55a0        0     1                 $d.63
c0de55a4 c0de55a4       e8     4         build/nanos2/obj/sdk/lib_nbgl/src/nbgl_use_case_nanos.o:(.text.displayChoicePage)
c0de55a4 c0de55a4        0     1                 $t.64
c0de55a5 c0de55a5       e8     1                 displayChoicePage
c0de5674 c0de5674        0     1                 $d.65
c0de568c c0de568c       b4     4         build/nanos2/obj/sdk/lib_nbgl/src/nbgl_use_case_nanos.o:(.text.getContentAtIdx)
c0de568c c0de568c        0     1                 $t.74
c0de568d c0de568d       b4     1                 getContentAtIdx
c0de573c c0de573c        0     1                 $d.75
c0de5740 c0de5740       34     2         build/nanos2/obj/sdk/lib_nbgl/src/nbgl_use_case_nanos.o:(.text.getContentNbElement)
c0de5740 c0de5740        0     1                 $t.76
c0de5741 c0de5741       34     1                 getContentNbElement
c0de5774 c0de5774       ac     4         build/nanos2/obj/sdk/lib_nbgl/src/nbgl_use_case_nanos.o:(.text.displayContent)
c0de5774 c0de5774        0     1                 $t.77
c0de5775 c0de5775       ac     1                 displayContent
c0de5808 c0de5808        0     1                 $d.78
c0de5820 c0de5820      144     4         build/nanos2/obj/sdk/lib_nbgl/src/nbgl_use_case_nanos.o:(.text.getContentPage)
c0de5820 c0de5820        0     1                 $t.79
c0de5821 c0de5821      144     1                 getContentPage
c0de5958 c0de5958        0     1                 $d.80
c0de5964 c0de5964       50     4         build/nanos2/obj/sdk/lib_nbgl/src/nbgl_use_case_nanos.o:(.text.drawSwitchStep)
c0de5964 c0de5964        0     1                 $t.81
c0de5965 c0de5965       50     1                 drawSwitchStep
c0de59b0 c0de59b0        0     1                 $d.82
c0de59b4 c0de59b4       1e     2         build/nanos2/obj/sdk/lib_nbgl/src/nbgl_use_case_nanos.o:(.text.contentCallback)
c0de59b4 c0de59b4        0     1                 $t.83
c0de59b5 c0de59b5       1e     1                 contentCallback
c0de59d4 c0de59d4       88     4         build/nanos2/obj/sdk/lib_nbgl/src/nbgl_use_case_nanos.o:(.text.getContentElemAtIdx)
c0de59d4 c0de59d4        0     1                 $t.84
c0de59d5 c0de59d5       88     1                 getContentElemAtIdx
c0de5a54 c0de5a54        0     1                 $d.85
c0de5a5c c0de5a5c       46     2         build/nanos2/obj/sdk/lib_nbgl/src/nbgl_use_case_nanos.o:(.text.getPairData)
c0de5a5c c0de5a5c        0     1                 $t.86
c0de5a5d c0de5a5d       46     1                 getPairData
c0de5aa4 c0de5aa4       b0     4         build/nanos2/obj/sdk/lib_nbgl/src/nbgl_use_case_nanos.o:(.text.onSwitchAction)
c0de5aa4 c0de5aa4        0     1                 $t.87
c0de5aa5 c0de5aa5       b0     1                 onSwitchAction
c0de5b4c c0de5b4c        0     1                 $d.88
c0de5b54 c0de5b54       9c     4         build/nanos2/obj/sdk/lib_nbgl/src/nbgl_use_case_nanos.o:(.text.displaySettingsPage)
c0de5b54 c0de5b54        0     1                 $t.89
c0de5b55 c0de5b55       9c     1                 displaySettingsPage
c0de5bd8 c0de5bd8        0     1                 $d.90
c0de5bf0 c0de5bf0       1e     2         build/nanos2/obj/sdk/lib_nbgl/src/nbgl_use_case_nanos.o:(.text.settingsCallback)
c0de5bf0 c0de5bf0        0     1                 $t.91
c0de5bf1 c0de5bf1       1e     1                 settingsCallback
c0de5c10 c0de5c10      124     4         build/nanos2/obj/sdk/lib_nbgl/src/nbgl_use_case_nanos.o:(.text.buttonGenericCallback)
c0de5c10 c0de5c10        0     1                 $t.92
c0de5c11 c0de5c11      124     1                 buttonGenericCallback
c0de5d2c c0de5d2c        0     1                 $d.93
c0de5d34 c0de5d34       fc     4         build/nanos2/obj/sdk/lib_nbgl/src/nbgl_use_case_nanos.o:(.text.displayHomePage)
c0de5d34 c0de5d34        0     1                 $t.94
c0de5d35 c0de5d35       fc     1                 displayHomePage
c0de5e04 c0de5e04        0     1                 $d.95
c0de5e30 c0de5e30        6     2         build/nanos2/obj/sdk/lib_nbgl/src/nbgl_use_case_nanos.o:(.text.startUseCaseSettings)
c0de5e30 c0de5e30        0     1                 $t.96
c0de5e31 c0de5e31        6     1                 startUseCaseSettings
c0de5e38 c0de5e38       24     4         build/nanos2/obj/sdk/lib_nbgl/src/nbgl_use_case_nanos.o:(.text.startUseCaseInfo)
c0de5e38 c0de5e38        0     1                 $t.97
c0de5e39 c0de5e39       24     1                 startUseCaseInfo
c0de5e58 c0de5e58        0     1                 $d.98
c0de5e5c c0de5e5c       1c     2         build/nanos2/obj/sdk/lib_nbgl/src/nbgl_use_case_nanos.o:(.text.homeCallback)
c0de5e5c c0de5e5c        0     1                 $t.99
c0de5e5d c0de5e5d       1c     1                 homeCallback
c0de5e78 c0de5e78       78     4         build/nanos2/obj/sdk/lib_nbgl/src/nbgl_use_case_nanos.o:(.text.displayInfoPage)
c0de5e78 c0de5e78        0     1                 $t.100
c0de5e79 c0de5e79       78     1                 displayInfoPage
c0de5ed8 c0de5ed8        0     1                 $d.101
c0de5ef0 c0de5ef0       1c     2         build/nanos2/obj/sdk/lib_nbgl/src/nbgl_use_case_nanos.o:(.text.infoCallback)
c0de5ef0 c0de5ef0        0     1                 $t.102
c0de5ef1 c0de5ef1       1c     1                 infoCallback
c0de5f0c c0de5f0c      10c     4         build/nanos2/obj/sdk/lib_nbgl/src/nbgl_use_case_nanos.o:(.text.displayWarningStep)
c0de5f0c c0de5f0c        0     1                 $t.103
c0de5f0d c0de5f0d      10c     1                 displayWarningStep
c0de6000 c0de6000        0     1                 $d.104
c0de6018 c0de6018       8c     4         build/nanos2/obj/sdk/lib_nbgl/src/nbgl_use_case_nanos.o:(.text.warningNavigate)
c0de6018 c0de6018        0     1                 $t.105
c0de6019 c0de6019       8c     1                 warningNavigate
c0de60a0 c0de60a0        0     1                 $d.106
c0de60a4 c0de60a4      128     4         build/nanos2/obj/sdk/lib_nbgl/src/nbgl_use_case_nanos.o:(.text.getLastPageInfo)
c0de60a4 c0de60a4        0     1                 $t.107
c0de60a5 c0de60a5      128     1                 getLastPageInfo
c0de6170 c0de6170        0     1                 $d.108
c0de61cc c0de61cc       38     4         build/nanos2/obj/sdk/lib_nbgl/src/nbgl_use_case_nanos.o:(.text.launchReviewAfterWarning)
c0de61cc c0de61cc        0     1                 $t.109
c0de61cd c0de61cd       38     1                 launchReviewAfterWarning
c0de6200 c0de6200        0     1                 $d.110
c0de6204 c0de6204       14     4         build/nanos2/obj/sdk/lib_nbgl/src/nbgl_use_case_nanos.o:(.text.onReviewAccept)
c0de6204 c0de6204        0     1                 $t.111
c0de6205 c0de6205       14     1                 onReviewAccept
c0de6214 c0de6214        0     1                 $d.112
c0de6218 c0de6218       14     4         build/nanos2/obj/sdk/lib_nbgl/src/nbgl_use_case_nanos.o:(.text.onReviewReject)
c0de6218 c0de6218        0     1                 $t.113
c0de6219 c0de6219       14     1                 onReviewReject
c0de6228 c0de6228        0     1                 $d.114
c0de622c c0de622c       b8     4         build/nanos2/obj/sdk/lib_nbgl/src/nbgl_use_case_nanos.o:(.text.buttonSkipCallback)
c0de622c c0de622c        0     1                 $t.115
c0de622d c0de622d       b8     1                 buttonSkipCallback
c0de62e0 c0de62e0        0     1                 $d.116
c0de62e4 c0de62e4       74     4         build/nanos2/obj/sdk/lib_nbgl/src/nbgl_use_case_nanos.o:(.text.displayAliasFullValue)
c0de62e4 c0de62e4        0     1                 $t.117
c0de62e5 c0de62e5       74     1                 displayAliasFullValue
c0de6354 c0de6354        0     1                 $d.118
c0de6358 c0de6358       24     4         build/nanos2/obj/sdk/lib_nbgl/src/nbgl_use_case_nanos.o:(.text.reviewCallback)
c0de6358 c0de6358        0     1                 $t.119
c0de6359 c0de6359       24     1                 reviewCallback
c0de6378 c0de6378        0     1                 $d.120
c0de637c c0de637c       f4     4         build/nanos2/obj/sdk/lib_nbgl/src/nbgl_use_case_nanos.o:(.text.displayExtensionStep)
c0de637c c0de637c        0     1                 $t.121
c0de637d c0de637d       f4     1                 displayExtensionStep
c0de645c c0de645c        0     1                 $d.122
c0de6470 c0de6470       74     4         build/nanos2/obj/sdk/lib_nbgl/src/nbgl_use_case_nanos.o:(.text.extensionNavigate)
c0de6470 c0de6470        0     1                 $t.123
c0de6471 c0de6471       74     1                 extensionNavigate
c0de64e0 c0de64e0        0     1                 $d.124
c0de64e4 c0de64e4       10     4         build/nanos2/obj/sdk/lib_nbgl/src/nbgl_use_case_nanos.o:(.text.statusTickerCallback)
c0de64e4 c0de64e4        0     1                 $t.125
c0de64e5 c0de64e5       10     1                 statusTickerCallback
c0de64f0 c0de64f0        0     1                 $d.126
c0de64f4 c0de64f4       64     4         build/nanos2/obj/sdk/lib_nbgl/src/nbgl_use_case_nanos.o:(.text.getChoiceName)
c0de64f4 c0de64f4        0     1                 $t.127
c0de64f5 c0de64f5       64     1                 getChoiceName
c0de6550 c0de6550        0     1                 $d.128
c0de6558 c0de6558       6c     4         build/nanos2/obj/sdk/lib_nbgl/src/nbgl_use_case_nanos.o:(.text.onChoiceSelected)
c0de6558 c0de6558        0     1                 $t.129
c0de6559 c0de6559       6c     1                 onChoiceSelected
c0de65c0 c0de65c0        0     1                 $d.130
c0de65c4 c0de65c4       24     4         build/nanos2/obj/sdk/lib_nbgl/src/nbgl_use_case_nanos.o:(.text.streamingReviewCallback)
c0de65c4 c0de65c4        0     1                 $t.131
c0de65c5 c0de65c5       24     1                 streamingReviewCallback
c0de65e4 c0de65e4        0     1                 $d.132
c0de65e8 c0de65e8       14     4         build/nanos2/obj/sdk/lib_nbgl/src/nbgl_use_case_nanos.o:(.text.onChoiceAccept)
c0de65e8 c0de65e8        0     1                 $t.133
c0de65e9 c0de65e9       14     1                 onChoiceAccept
c0de65f8 c0de65f8        0     1                 $d.134
c0de65fc c0de65fc       14     4         build/nanos2/obj/sdk/lib_nbgl/src/nbgl_use_case_nanos.o:(.text.onChoiceReject)
c0de65fc c0de65fc        0     1                 $t.135
c0de65fd c0de65fd       14     1                 onChoiceReject
c0de660c c0de660c        0     1                 $d.136
c0de6610 c0de6610       1c     2         build/nanos2/obj/sdk/lib_nbgl/src/nbgl_use_case_nanos.o:(.text.genericChoiceCallback)
c0de6610 c0de6610        0     1                 $t.137
c0de6611 c0de6611       1c     1                 genericChoiceCallback
c0de662c c0de662c        c     2         build/nanos2/obj/sdk/lib_nbgl/src/nbgl_use_case_nanos.o:(.text.OUTLINED_FUNCTION_0)
c0de662c c0de662c        0     1                 $t.143
c0de662d c0de662d        c     1                 OUTLINED_FUNCTION_0
c0de6638 c0de6638       16     2         build/nanos2/obj/sdk/lib_nbgl/src/nbgl_use_case_nanos.o:(.text.OUTLINED_FUNCTION_1)
c0de6638 c0de6638        0     1                 $t.144
c0de6639 c0de6639       16     1                 OUTLINED_FUNCTION_1
c0de664e c0de664e        c     2         build/nanos2/obj/sdk/lib_nbgl/src/nbgl_use_case_nanos.o:(.text.OUTLINED_FUNCTION_2)
c0de664e c0de664e        0     1                 $t.145
c0de664f c0de664f        c     1                 OUTLINED_FUNCTION_2
c0de665a c0de665a       14     2         build/nanos2/obj/sdk/lib_nbgl/src/nbgl_use_case_nanos.o:(.text.OUTLINED_FUNCTION_3)
c0de665a c0de665a        0     1                 $t.146
c0de665b c0de665b       14     1                 OUTLINED_FUNCTION_3
c0de666e c0de666e        8     2         build/nanos2/obj/sdk/lib_nbgl/src/nbgl_use_case_nanos.o:(.text.OUTLINED_FUNCTION_4)
c0de666e c0de666e        0     1                 $t.147
c0de666f c0de666f        8     1                 OUTLINED_FUNCTION_4
c0de6676 c0de6676        6     2         build/nanos2/obj/sdk/lib_nbgl/src/nbgl_use_case_nanos.o:(.text.OUTLINED_FUNCTION_5)
c0de6676 c0de6676        0     1                 $t.148
c0de6677 c0de6677        6     1                 OUTLINED_FUNCTION_5
c0de667c c0de667c        8     2         build/nanos2/obj/sdk/lib_nbgl/src/nbgl_use_case_nanos.o:(.text.OUTLINED_FUNCTION_6)
c0de667c c0de667c        0     1                 $t.149
c0de667d c0de667d        8     1                 OUTLINED_FUNCTION_6
c0de6684 c0de6684        e     2         build/nanos2/obj/sdk/lib_nbgl/src/nbgl_use_case_nanos.o:(.text.OUTLINED_FUNCTION_7)
c0de6684 c0de6684        0     1                 $t.150
c0de6685 c0de6685        e     1                 OUTLINED_FUNCTION_7
c0de6692 c0de6692        e     2         build/nanos2/obj/sdk/lib_nbgl/src/nbgl_use_case_nanos.o:(.text.OUTLINED_FUNCTION_8)
c0de6692 c0de6692        0     1                 $t.151
c0de6693 c0de6693        e     1                 OUTLINED_FUNCTION_8
c0de66a0 c0de66a0        a     2         build/nanos2/obj/sdk/lib_nbgl/src/nbgl_use_case_nanos.o:(.text.OUTLINED_FUNCTION_9)
c0de66a0 c0de66a0        0     1                 $t.152
c0de66a1 c0de66a1        a     1                 OUTLINED_FUNCTION_9
c0de66aa c0de66aa        a     2         build/nanos2/obj/sdk/lib_nbgl/src/nbgl_use_case_nanos.o:(.text.OUTLINED_FUNCTION_10)
c0de66aa c0de66aa        0     1                 $t.153
c0de66ab c0de66ab        a     1                 OUTLINED_FUNCTION_10
c0de66b4 c0de66b4       4e     2         build/nanos2/obj/sdk/lib_standard_app/bip32.o:(.text.bip32_path_read)
c0de66b4 c0de66b4        0     1                 $t.0
c0de66b5 c0de66b5       4e     1                 bip32_path_read
c0de6702 c0de6702       16     2         build/nanos2/obj/sdk/lib_standard_app/buffer.o:(.text.buffer_seek_cur)
c0de6702 c0de6702        0     1                 $t.2
c0de6703 c0de6703       16     1                 buffer_seek_cur
c0de6718 c0de6718       2c     2         build/nanos2/obj/sdk/lib_standard_app/buffer.o:(.text.buffer_read_u8)
c0de6718 c0de6718        0     1                 $t.4
c0de6719 c0de6719       2c     1                 buffer_read_u8
c0de6744 c0de6744       40     2         build/nanos2/obj/sdk/lib_standard_app/buffer.o:(.text.buffer_read_u64)
c0de6744 c0de6744        0     1                 $t.7
c0de6745 c0de6745       40     1                 buffer_read_u64
c0de6784 c0de6784       3a     2         build/nanos2/obj/sdk/lib_standard_app/buffer.o:(.text.buffer_read_varint)
c0de6784 c0de6784        0     1                 $t.8
c0de6785 c0de6785       3a     1                 buffer_read_varint
c0de67be c0de67be       2e     2         build/nanos2/obj/sdk/lib_standard_app/buffer.o:(.text.buffer_read_bip32_path)
c0de67be c0de67be        0     1                 $t.9
c0de67bf c0de67bf       2e     1                 buffer_read_bip32_path
c0de67ec c0de67ec       26     2         build/nanos2/obj/sdk/lib_standard_app/buffer.o:(.text.buffer_copy)
c0de67ec c0de67ec        0     1                 $t.10
c0de67ed c0de67ed       26     1                 buffer_copy
c0de6812 c0de6812       32     2         build/nanos2/obj/sdk/lib_standard_app/buffer.o:(.text.buffer_move)
c0de6812 c0de6812        0     1                 $t.11
c0de6813 c0de6813       32     1                 buffer_move
c0de6844 c0de6844        c     2         build/nanos2/obj/sdk/lib_standard_app/buffer.o:(.text.OUTLINED_FUNCTION_0)
c0de6844 c0de6844        0     1                 $t.12
c0de6845 c0de6845        c     1                 OUTLINED_FUNCTION_0
c0de6850 c0de6850       70     2         build/nanos2/obj/sdk/lib_standard_app/crypto_helpers.o:(.text.bip32_derive_with_seed_init_privkey_256)
c0de6850 c0de6850        0     1                 $t.0
c0de6851 c0de6851       70     1                 bip32_derive_with_seed_init_privkey_256
c0de68c0 c0de68c0       80     2         build/nanos2/obj/sdk/lib_standard_app/crypto_helpers.o:(.text.os_derive_bip32_with_seed_no_throw)
c0de68c0 c0de68c0        0     1                 $t.1
c0de68c1 c0de68c1       80     1                 os_derive_bip32_with_seed_no_throw
c0de6940 c0de6940       68     2         build/nanos2/obj/sdk/lib_standard_app/crypto_helpers.o:(.text.bip32_derive_with_seed_get_pubkey_256)
c0de6940 c0de6940        0     1                 $t.2
c0de6941 c0de6941       68     1                 bip32_derive_with_seed_get_pubkey_256
c0de69a8 c0de69a8       4e     2         build/nanos2/obj/sdk/lib_standard_app/crypto_helpers.o:(.text.bip32_derive_with_seed_ecdsa_sign_hash_256)
c0de69a8 c0de69a8        0     1                 $t.3
c0de69a9 c0de69a9       4e     1                 bip32_derive_with_seed_ecdsa_sign_hash_256
c0de69f6 c0de69f6        6     2         build/nanos2/obj/sdk/lib_standard_app/crypto_helpers.o:(.text.OUTLINED_FUNCTION_0)
c0de69f6 c0de69f6        0     1                 $t.6
c0de69f7 c0de69f7        6     1                 OUTLINED_FUNCTION_0
c0de69fc c0de69fc       72     2         build/nanos2/obj/sdk/lib_standard_app/format.o:(.text.format_u64)
c0de69fc c0de69fc        0     1                 $t.2
c0de69fd c0de69fd       72     1                 format_u64
c0de6a6e c0de6a6e       8e     2         build/nanos2/obj/sdk/lib_standard_app/format.o:(.text.format_fpu64)
c0de6a6e c0de6a6e        0     1                 $t.3
c0de6a6f c0de6a6f       8e     1                 format_fpu64
c0de6afc c0de6afc       50     4         build/nanos2/obj/sdk/lib_standard_app/format.o:(.text.format_hex)
c0de6afc c0de6afc        0     1                 $t.5
c0de6afd c0de6afd       50     1                 format_hex
c0de6b48 c0de6b48        0     1                 $d.6
c0de6b4c c0de6b4c        2     2         build/nanos2/obj/sdk/lib_standard_app/io.o:(.text.app_ticker_event_callback)
c0de6b4c c0de6b4c        0     1                 $t.0
c0de6b4d c0de6b4d        2     1                 app_ticker_event_callback
c0de6b50 c0de6b50       30     4         build/nanos2/obj/sdk/lib_standard_app/io.o:(.text.io_event)
c0de6b50 c0de6b50        0     1                 $t.1
c0de6b51 c0de6b51       30     1                 io_event
c0de6b7c c0de6b7c        0     1                 $d.2
c0de6b80 c0de6b80       10     4         build/nanos2/obj/sdk/lib_standard_app/io.o:(.text.io_init)
c0de6b80 c0de6b80        0     1                 $t.3
c0de6b81 c0de6b81       10     1                 io_init
c0de6b8c c0de6b8c        0     1                 $d.4
c0de6b90 c0de6b90       2c     4         build/nanos2/obj/sdk/lib_standard_app/io.o:(.text.io_recv_command)
c0de6b90 c0de6b90        0     1                 $t.5
c0de6b91 c0de6b91       2c     1                 io_recv_command
c0de6bb8 c0de6bb8        0     1                 $d.6
c0de6bbc c0de6bbc       a8     4         build/nanos2/obj/sdk/lib_standard_app/io.o:(.text.io_send_response_buffers)
c0de6bbc c0de6bbc        0     1                 $t.7
c0de6bbd c0de6bbd       a8     1                 io_send_response_buffers
c0de6c54 c0de6c54        0     1                 $d.8
c0de6c64 c0de6c64        a     2         build/nanos2/obj/sdk/lib_standard_app/io.o:(.text.OUTLINED_FUNCTION_0)
c0de6c64 c0de6c64        0     1                 $t.10
c0de6c65 c0de6c65        a     1                 OUTLINED_FUNCTION_0
c0de6c6e c0de6c6e        6     2         build/nanos2/obj/sdk/lib_standard_app/main.o:(.text.app_exit)
c0de6c6e c0de6c6e        0     1                 $t.0
c0de6c6f c0de6c6f        6     1                 app_exit
c0de6c74 c0de6c74        e     2         build/nanos2/obj/sdk/lib_standard_app/main.o:(.text.common_app_init)
c0de6c74 c0de6c74        0     1                 $t.1
c0de6c75 c0de6c75        e     1                 common_app_init
c0de6c84 c0de6c84       6c     4         build/nanos2/obj/sdk/lib_standard_app/main.o:(.text.standalone_app_main)
c0de6c84 c0de6c84        0     1                 $t.2
c0de6c85 c0de6c85       6c     1                 standalone_app_main
c0de6ce4 c0de6ce4        0     1                 $d.3
c0de6cf0 c0de6cf0       a0     4         build/nanos2/obj/sdk/lib_standard_app/main.o:(.text.library_app_main)
c0de6cf0 c0de6cf0        0     1                 $t.4
c0de6cf1 c0de6cf1       a0     1                 library_app_main
c0de6d80 c0de6d80        0     1                 $d.5
c0de6d90 c0de6d90       36     2         build/nanos2/obj/sdk/lib_standard_app/parser.o:(.text.apdu_parser)
c0de6d90 c0de6d90        0     1                 $t.0
c0de6d91 c0de6d91       36     1                 apdu_parser
c0de6dc6 c0de6dc6       18     2         build/nanos2/obj/sdk/lib_standard_app/read.o:(.text.read_u32_be)
c0de6dc6 c0de6dc6        0     1                 $t.1
c0de6dc7 c0de6dc7       18     1                 read_u32_be
c0de6dde c0de6dde       30     2         build/nanos2/obj/sdk/lib_standard_app/read.o:(.text.read_u64_be)
c0de6dde c0de6dde        0     1                 $t.2
c0de6ddf c0de6ddf       30     1                 read_u64_be
c0de6e0e c0de6e0e        e     2         build/nanos2/obj/sdk/lib_standard_app/read.o:(.text.read_u16_le)
c0de6e0e c0de6e0e        0     1                 $t.3
c0de6e0f c0de6e0f        e     1                 read_u16_le
c0de6e1c c0de6e1c       18     2         build/nanos2/obj/sdk/lib_standard_app/read.o:(.text.read_u32_le)
c0de6e1c c0de6e1c        0     1                 $t.4
c0de6e1d c0de6e1d       18     1                 read_u32_le
c0de6e34 c0de6e34       2e     2         build/nanos2/obj/sdk/lib_standard_app/read.o:(.text.read_u64_le)
c0de6e34 c0de6e34        0     1                 $t.5
c0de6e35 c0de6e35       2e     1                 read_u64_le
c0de6e62 c0de6e62        c     2         build/nanos2/obj/sdk/lib_standard_app/swap_error_code_helpers.o:(.text.send_swap_error_simple)
c0de6e62 c0de6e62        0     1                 $t.0
c0de6e63 c0de6e63        c     1                 send_swap_error_simple
c0de6e70 c0de6e70       64     4         build/nanos2/obj/sdk/lib_standard_app/swap_error_code_helpers.o:(.text.send_swap_error_with_buffers)
c0de6e70 c0de6e70        0     1                 $t.1
c0de6e71 c0de6e71       64     1                 send_swap_error_with_buffers
c0de6ecc c0de6ecc        0     1                 $d.2
c0de6ed4 c0de6ed4       34     2         build/nanos2/obj/sdk/lib_standard_app/swap_utils.o:(.text.swap_str_to_u64)
c0de6ed4 c0de6ed4        0     1                 $t.0
c0de6ed5 c0de6ed5       34     1                 swap_str_to_u64
c0de6f08 c0de6f08       5c     2         build/nanos2/obj/sdk/lib_standard_app/varint.o:(.text.varint_read)
c0de6f08 c0de6f08        0     1                 $t.1
c0de6f09 c0de6f09       5c     1                 varint_read
c0de6f64 c0de6f64        a     2         build/nanos2/obj/sdk/lib_standard_app/write.o:(.text.write_u16_be)
c0de6f64 c0de6f64        0     1                 $t.0
c0de6f65 c0de6f65        a     1                 write_u16_be
c0de6f70 c0de6f70       34     4         build/nanos2/obj/sdk/lib_ux_nbgl/ux.o:(.text.ux_process_button_event)
c0de6f70 c0de6f70        0     1                 $t.0
c0de6f71 c0de6f71       34     1                 ux_process_button_event
c0de6fa0 c0de6fa0        0     1                 $d.1
c0de6fa4 c0de6fa4       54     4         build/nanos2/obj/sdk/lib_ux_nbgl/ux.o:(.text.ux_forward_event)
c0de6fa4 c0de6fa4        0     1                 $t.2
c0de6fa5 c0de6fa5       54     1                 ux_forward_event
c0de6ff4 c0de6ff4        0     1                 $d.3
c0de6ff8 c0de6ff8       30     4         build/nanos2/obj/sdk/lib_ux_nbgl/ux.o:(.text.ux_process_ticker_event)
c0de6ff8 c0de6ff8        0     1                 $t.4
c0de6ff9 c0de6ff9       30     1                 ux_process_ticker_event
c0de7024 c0de7024        0     1                 $d.5
c0de7028 c0de7028        6     2         build/nanos2/obj/sdk/lib_ux_nbgl/ux.o:(.text.ux_process_default_event)
c0de7028 c0de7028        0     1                 $t.6
c0de7029 c0de7029        6     1                 ux_process_default_event
c0de702e c0de702e       4a     2         build/nanos2/obj/sdk/src/cx_hash_iovec.o:(.text.hash_iovec)
c0de702e c0de702e        0     1                 $t.1
c0de702f c0de702f       4a     1                 hash_iovec
c0de7078 c0de7078       16     2         build/nanos2/obj/sdk/src/cx_hash_iovec.o:(.text.cx_sha256_hash_iovec)
c0de7078 c0de7078        0     1                 $t.3
c0de7079 c0de7079       16     1                 cx_sha256_hash_iovec
c0de708e c0de708e       4e     2         build/nanos2/obj/sdk/src/cx_hash_iovec.o:(.text.hash_iovec_ex)
c0de708e c0de708e        0     1                 $t.7
c0de708f c0de708f       4e     1                 hash_iovec_ex
c0de70dc c0de70dc       1a     2         build/nanos2/obj/sdk/src/cx_hash_iovec.o:(.text.cx_keccak_256_hash_iovec)
c0de70dc c0de70dc        0     1                 $t.12
c0de70dd c0de70dd       1a     1                 cx_keccak_256_hash_iovec
c0de70f6 c0de70f6       1a     2         build/nanos2/obj/sdk/src/cx_hash_iovec.o:(.text.cx_blake2b_512_hash_iovec)
c0de70f6 c0de70f6        0     1                 $t.18
c0de70f7 c0de70f7       1a     1                 cx_blake2b_512_hash_iovec
c0de7110 c0de7110        8     2         build/nanos2/obj/sdk/src/cx_hash_iovec.o:(.text.OUTLINED_FUNCTION_0)
c0de7110 c0de7110        0     1                 $t.19
c0de7111 c0de7111        8     1                 OUTLINED_FUNCTION_0
c0de7118 c0de7118        a     1         build/nanos2/obj/sdk/src/cx_stubs.o:(.text.cx_ecdsa_sign_no_throw)
c0de7118 c0de7118        0     1                 $t.44
c0de7119 c0de7119        0     1                 cx_ecdsa_sign_no_throw
c0de7122 c0de7122        a     1         build/nanos2/obj/sdk/src/cx_stubs.o:(.text.cx_ecfp_generate_pair2_no_throw)
c0de7122 c0de7122        0     1                 $t.49
c0de7123 c0de7123        0     1                 cx_ecfp_generate_pair2_no_throw
c0de712c c0de712c        a     1         build/nanos2/obj/sdk/src/cx_stubs.o:(.text.cx_ecfp_init_private_key_no_throw)
c0de712c c0de712c        0     1                 $t.51
c0de712d c0de712d        0     1                 cx_ecfp_init_private_key_no_throw
c0de7136 c0de7136        a     1         build/nanos2/obj/sdk/src/cx_stubs.o:(.text.cx_hash_final)
c0de7136 c0de7136        0     1                 $t.63
c0de7137 c0de7137        0     1                 cx_hash_final
c0de7140 c0de7140        a     1         build/nanos2/obj/sdk/src/cx_stubs.o:(.text.cx_hash_init)
c0de7140 c0de7140        0     1                 $t.66
c0de7141 c0de7141        0     1                 cx_hash_init
[...]
c0de7bd0 c0de7bd0        0     1                 $t
c0de7bd1 c0de7bd1        4     1                 explicit_bzero
c0de7bd4 c0de7bd4        8     2         /opt/nanosplus-secure-sdk/arch/st33k1/lib/libc.a(lib_a-bzero.o):(.text.bzero)
c0de7bd4 c0de7bd4        0     1                 $t
c0de7bd5 c0de7bd5        8     1                 bzero
c0de7bdc c0de7bdc       1c     2         /opt/nanosplus-secure-sdk/arch/st33k1/lib/libc.a(lib_a-memcpy-stub.o):(.text.memcpy)
c0de7bdc c0de7bdc        0     1                 $t
c0de7bdd c0de7bdd       1c     1                 memcpy
c0de7bf8 c0de7bf8       34     2         /opt/nanosplus-secure-sdk/arch/st33k1/lib/libc.a(lib_a-memmove.o):(.text.memmove)
c0de7bf8 c0de7bf8        0     1                 $t
c0de7bf9 c0de7bf9       34     1                 memmove
c0de7c2c c0de7c2c       10     2         /opt/nanosplus-secure-sdk/arch/st33k1/lib/libc.a(lib_a-memset.o):(.text.memset)
c0de7c2c c0de7c2c        0     1                 $t
c0de7c2d c0de7c2d       10     1                 memset
c0de7c3c c0de7c3c       1c     4         /opt/nanosplus-secure-sdk/arch/st33k1/lib/libc.a(lib_a-setjmp.o):(.text)
c0de7c3c c0de7c3c        0     1                 $t
c0de7c3d c0de7c3d        c     1                 setjmp
c0de7c49 c0de7c49        e     1                 longjmp
c0de7c58 c0de7c58       14     2         /opt/nanosplus-secure-sdk/arch/st33k1/lib/libc.a(lib_a-strcmp.o):(.text)
c0de7c58 c0de7c58        0     1                 $t
c0de7c59 c0de7c59       14     1                 strcmp
c0de7c6c c0de7c6c       10     2         /opt/nanosplus-secure-sdk/arch/st33k1/lib/libc.a(lib_a-strlen.o):(.text)
c0de7c6c c0de7c6c        0     1                 $t
c0de7c6d c0de7c6d       10     1                 strlen
c0de7c7c c0de7c7c       24     2         /opt/nanosplus-secure-sdk/arch/st33k1/lib/libc.a(lib_a-strncmp.o):(.text.strncmp)
c0de7c7c c0de7c7c        0     1                 $t
c0de7c7d c0de7c7d       24     1                 strncmp
c0de7ca0 c0de7ca0       26     2         /opt/nanosplus-secure-sdk/arch/st33k1/lib/libc.a(lib_a-strncpy.o):(.text.strncpy)
c0de7ca0 c0de7ca0        0     1                 $t
c0de7ca1 c0de7ca1       26     1                 strncpy
c0de7cc6 c0de7cc6        0     1         _ecode = .
c0de7cc6 c0de7cc6       19     1         build/nanos2/gen_src/glyphs.o:(.rodata.C_home_boilerplate_14px_bitmap)
c0de7cc6 c0de7cc6       19     1                 C_home_boilerplate_14px_bitmap
c0de7cdf c0de7cdf        a     1         build/nanos2/gen_src/glyphs.o:(.rodata.C_home_boilerplate_14px)
c0de7cdf c0de7cdf        a     1                 C_home_boilerplate_14px
c0de7ce9 c0de7ce9       19     1         build/nanos2/gen_src/glyphs.o:(.rodata.C_Information_circle_14px_bitmap)
c0de7ce9 c0de7ce9       19     1                 C_Information_circle_14px_bitmap
c0de7d02 c0de7d02        a     1         build/nanos2/gen_src/glyphs.o:(.rodata.C_Information_circle_14px)
c0de7d02 c0de7d02        a     1                 C_Information_circle_14px
c0de7d0c c0de7d0c       19     1         build/nanos2/gen_src/glyphs.o:(.rodata.C_Quit_14px_bitmap)
c0de7d0c c0de7d0c       19     1                 C_Quit_14px_bitmap
c0de7d25 c0de7d25        a     1         build/nanos2/gen_src/glyphs.o:(.rodata.C_Quit_14px)
c0de7d25 c0de7d25        a     1                 C_Quit_14px
c0de7d2f c0de7d2f        c     1         build/nanos2/gen_src/glyphs.o:(.rodata.C_Switch_Off_8px_bitmap)
c0de7d2f c0de7d2f        c     1                 C_Switch_Off_8px_bitmap
c0de7d3b c0de7d3b        a     1         build/nanos2/gen_src/glyphs.o:(.rodata.C_Switch_Off_8px)
c0de7d3b c0de7d3b        a     1                 C_Switch_Off_8px
c0de7d45 c0de7d45        c     1         build/nanos2/gen_src/glyphs.o:(.rodata.C_Switch_On_8px_bitmap)
c0de7d45 c0de7d45        c     1                 C_Switch_On_8px_bitmap
c0de7d51 c0de7d51        a     1         build/nanos2/gen_src/glyphs.o:(.rodata.C_Switch_On_8px)
c0de7d51 c0de7d51        a     1                 C_Switch_On_8px
c0de7d5b c0de7d5b       19     1         build/nanos2/gen_src/glyphs.o:(.rodata.C_icon_back_x_bitmap)
c0de7d5b c0de7d5b       19     1                 C_icon_back_x_bitmap
c0de7d74 c0de7d74        a     1         build/nanos2/gen_src/glyphs.o:(.rodata.C_icon_back_x)
c0de7d74 c0de7d74        a     1                 C_icon_back_x
c0de7d7e c0de7d7e       19     1         build/nanos2/gen_src/glyphs.o:(.rodata.C_icon_coggle_bitmap)
c0de7d7e c0de7d7e       19     1                 C_icon_coggle_bitmap
c0de7d97 c0de7d97        a     1         build/nanos2/gen_src/glyphs.o:(.rodata.C_icon_coggle)
c0de7d97 c0de7d97        a     1                 C_icon_coggle
c0de7da1 c0de7da1       19     1         build/nanos2/gen_src/glyphs.o:(.rodata.C_icon_crossmark_bitmap)
c0de7da1 c0de7da1       19     1                 C_icon_crossmark_bitmap
c0de7dba c0de7dba        a     1         build/nanos2/gen_src/glyphs.o:(.rodata.C_icon_crossmark)
c0de7dba c0de7dba        a     1                 C_icon_crossmark
c0de7dc4 c0de7dc4        4     1         build/nanos2/gen_src/glyphs.o:(.rodata.C_icon_down_bitmap)
c0de7dc4 c0de7dc4        4     1                 C_icon_down_bitmap
c0de7dc8 c0de7dc8        a     1         build/nanos2/gen_src/glyphs.o:(.rodata.C_icon_down)
c0de7dc8 c0de7dc8        a     1                 C_icon_down
c0de7dd2 c0de7dd2        4     1         build/nanos2/gen_src/glyphs.o:(.rodata.C_icon_left_bitmap)
c0de7dd2 c0de7dd2        4     1                 C_icon_left_bitmap
c0de7dd6 c0de7dd6        a     1         build/nanos2/gen_src/glyphs.o:(.rodata.C_icon_left)
c0de7dd6 c0de7dd6        a     1                 C_icon_left
c0de7de0 c0de7de0       19     1         build/nanos2/gen_src/glyphs.o:(.rodata.C_icon_processing_bitmap)
c0de7de0 c0de7de0       19     1                 C_icon_processing_bitmap
c0de7df9 c0de7df9        a     1         build/nanos2/gen_src/glyphs.o:(.rodata.C_icon_processing)
c0de7df9 c0de7df9        a     1                 C_icon_processing
c0de7e03 c0de7e03        4     1         build/nanos2/gen_src/glyphs.o:(.rodata.C_icon_right_bitmap)
c0de7e03 c0de7e03        4     1                 C_icon_right_bitmap
c0de7e07 c0de7e07        a     1         build/nanos2/gen_src/glyphs.o:(.rodata.C_icon_right)
c0de7e07 c0de7e07        a     1                 C_icon_right
c0de7e11 c0de7e11        4     1         build/nanos2/gen_src/glyphs.o:(.rodata.C_icon_up_bitmap)
c0de7e11 c0de7e11        4     1                 C_icon_up_bitmap
c0de7e15 c0de7e15        a     1         build/nanos2/gen_src/glyphs.o:(.rodata.C_icon_up)
c0de7e15 c0de7e15        a     1                 C_icon_up
c0de7e1f c0de7e1f       17     1         build/nanos2/gen_src/glyphs.o:(.rodata.C_icon_validate_14_bitmap)
c0de7e1f c0de7e1f       17     1                 C_icon_validate_14_bitmap
c0de7e36 c0de7e36        a     1         build/nanos2/gen_src/glyphs.o:(.rodata.C_icon_validate_14)
c0de7e36 c0de7e36        a     1                 C_icon_validate_14
c0de7e40 c0de7e40       19     1         build/nanos2/gen_src/glyphs.o:(.rodata.C_icon_warning_bitmap)
c0de7e40 c0de7e40       19     1                 C_icon_warning_bitmap
c0de7e59 c0de7e59        a     1         build/nanos2/gen_src/glyphs.o:(.rodata.C_icon_warning)
c0de7e59 c0de7e59        a     1                 C_icon_warning
c0de7e63 c0de7e63       19     1         build/nanos2/gen_src/glyphs.o:(.rodata.C_app_boilerplate_14px_bitmap)
c0de7e63 c0de7e63       19     1                 C_app_boilerplate_14px_bitmap
c0de7e7c c0de7e7c        a     1         build/nanos2/gen_src/glyphs.o:(.rodata.C_app_boilerplate_14px)
c0de7e7c c0de7e7c        a     1                 C_app_boilerplate_14px
c0de7e86 c0de7e86      356     1         <internal>:(.text)
c0de81e0 c0de81e0      280     8         <internal>:(.text)
c0de8460 c0de8460       a0     4         build/nanos2/obj/app/src/handler/zkn_magicbox.o:(.rodata..L__const.handler_cmd_Poseidon.input)
c0de8460 c0de8460       a0     1                 .L__const.handler_cmd_Poseidon.input
c0de8500 c0de8500      1e0     4         build/nanos2/obj/app/src/handler/zkn_magicbox.o:(.rodata..L__const.handler_cmd_encodeCommitment.commitmentlist_be)
c0de8500 c0de8500      1e0     1                 .L__const.handler_cmd_encodeCommitment.commitmentlist_be
c0de86e0 c0de86e0      1e0     4         build/nanos2/obj/app/src/handler/zkn_magicbox.o:(.rodata..L__const.handler_cmd_GroupCommitment.commitmentlist_be)
c0de86e0 c0de86e0      1e0     1                 .L__const.handler_cmd_GroupCommitment.commitmentlist_be
c0de88c0 c0de88c0       60     4         build/nanos2/obj/app/src/handler/zkn_magicbox.o:(.rodata..L__const.handler_cmd_GroupCommitment.binding_factors)
c0de88c0 c0de88c0       60     1                 .L__const.handler_cmd_GroupCommitment.binding_factors
c0de8920 c0de8920      1e0     4         build/nanos2/obj/app/src/handler/zkn_magicbox.o:(.rodata..L__const.handler_cmd_conciliation.commitmentlist_be)
c0de8920 c0de8920      1e0     1                 .L__const.handler_cmd_conciliation.commitmentlist_be
c0de8b00 c0de8b00       40     4         build/nanos2/obj/app/src/handler/zkn_magicbox.o:(.rodata..L__const.handler_cmd_conciliation.groupkey_be)
c0de8b00 c0de8b00       40     1                 .L__const.handler_cmd_conciliation.groupkey_be
c0de8b40 c0de8b40        c     4         build/nanos2/obj/app/src/ui/menu_nbgl.o:(.rodata.settingContents)
c0de8b40 c0de8b40        c     1                 settingContents
c0de8b4c c0de8b4c       10     4         build/nanos2/obj/app/src/ui/menu_nbgl.o:(.rodata.infoList)
c0de8b4c c0de8b4c       10     1                 infoList
c0de8b5c c0de8b5c       38     4         build/nanos2/obj/app/src/ui/menu_nbgl.o:(.rodata.contents)
c0de8b5c c0de8b5c       38     1                 contents
c0de8b94 c0de8b94        8     4         build/nanos2/obj/app/src/ui/menu_nbgl.o:(.rodata.INFO_TYPES)
c0de8b94 c0de8b94        8     1                 INFO_TYPES
c0de8b9c c0de8b9c        8     4         build/nanos2/obj/app/src/ui/menu_nbgl.o:(.rodata.INFO_CONTENTS)
c0de8b9c c0de8b9c        8     1                 INFO_CONTENTS
c0de8ba4 c0de8ba4       40     4         build/nanos2/obj/app/src/zknox/ecc/zkn_eddsa.o:(.rodata..L__const.EddsaPoseidon_Sign_final.big_n)
c0de8ba4 c0de8ba4       40     1                 .L__const.EddsaPoseidon_Sign_final.big_n
c0de8be4 c0de8be4      480     4         build/nanos2/obj/app/src/zknox/hash/zkn_poseidon_constants.o:(.rodata..L__const.Poseidon_alloc_init.MixColumn)
c0de8be4 c0de8be4      480     1                 .L__const.Poseidon_alloc_init.MixColumn
c0de9064 c0de9064       1d     4         build/nanos2/obj/app/src/zknox/hash/zkn_rfc9591frost.o:(.rodata..L__const.zkn_frost_H5_init.contextString_BabyFROST)
c0de9064 c0de9064       1d     1                 .L__const.zkn_frost_H5_init.contextString_BabyFROST
c0de9084 c0de9084       2c     4         build/nanos2/obj/sdk/lib_nbgl/src/nbgl_use_case_nanos.o:(.rodata.blindSigningWarning)
c0de9084 c0de9084       2c     1                 blindSigningWarning
c0de90b0 c0de90b0       20     1         <internal>:(.text)
c0de90d0 c0de90d0        0     1         . = ALIGN ( 4 )
c0de90d0 c0de90d0        0     1         _etext = .
c0de90d0 c0de90d0      130     1         . = ALIGN ( PAGE_SIZE )
c0de9200 c0de9200        0     1         _nvram_data = .
c0de9200 c0de9200        3     1         build/nanos2/obj/app/src/app_main.o:(.rodata.N_storage_real)
c0de9200 c0de9200        3     1                 N_storage_real
c0de9203 c0de9203      1fd     1         . = ALIGN ( PAGE_SIZE )
c0de9400 c0de9400        0     1         _envram_data = .
c0de9400 c0de9400        0     1         _install_parameters = .
c0de9400 c0de9400       3f     1         build/nanos2/obj/sdk/src/app_metadata.o:(.install_parameters)
c0de9400 c0de9400       3f     1                 install_parameters
c0de943f c0de943f        0     1         _einstall_parameters = .
c0de943f c0de943f        0     1         _nvram_end = .
d0000000 d0000000        0     1 .data
d0000000 d0000000        0     1         . = ALIGN ( 4 )
d0000000 d0000000        0     1         _data = .
d0000000 d0000000        0     1         _edata = .
d0000000 d0000000        0     1 
da7a0000 da7a0000      8ec     8 .bss
da7a0000 da7a0000        0     1         _bss = .
da7a0000 da7a0000      2f0     8         build/nanos2/obj/app/src/app_main.o:(.bss.G_context)
da7a0000 da7a0000      2f0     1                 G_context
da7a02f0 da7a02f0       20     1         build/nanos2/obj/app/src/app_main.o:(.bss.g_insecure_secret)
da7a02f0 da7a02f0       20     1                 g_insecure_secret
da7a0310 da7a0310       48     8         build/nanos2/obj/app/src/swap/handle_swap_sign_transaction.o:(.bss.G_swap_validated)
da7a0310 da7a0310       48     1                 G_swap_validated
da7a0358 da7a0358       1c     4         build/nanos2/obj/app/src/ui/menu_nbgl.o:(.bss..L_MergedGlobals)
da7a0358 da7a0358       1c     1                 .L_MergedGlobals
da7a0358 da7a0358        1     1                 initSettingPage
da7a035c da7a035c       18     1                 switches
da7a0374 da7a0374       2b     4         build/nanos2/obj/app/src/ui/nbgl_display_address.o:(.bss.g_address)
da7a0374 da7a0374       2b     1                 g_address
da7a03a0 da7a03a0       74     4         build/nanos2/obj/app/src/ui/nbgl_display_transaction.o:(.bss..L_MergedGlobals)
da7a03a0 da7a03a0       74     1                 .L_MergedGlobals
da7a03a0 da7a03a0       14     1                 pairList
da7a03b4 da7a03b4       20     1                 pairs
da7a03d4 da7a03d4       40     1                 g_tx_hash
da7a0414 da7a0414      111     1         build/nanos2/obj/sdk/io/src/os_io.o:(.bss.G_io_tx_buffer)
da7a0414 da7a0414      111     1                 G_io_tx_buffer
da7a0525 da7a0525      111     1         build/nanos2/obj/sdk/io/src/os_io.o:(.bss.G_io_rx_buffer)
da7a0525 da7a0525      111     1                 G_io_rx_buffer
da7a0636 da7a0636        8     2         build/nanos2/obj/sdk/io_legacy/src/os_io_legacy.o:(.bss.G_io_app)
da7a0636 da7a0636        8     1                 G_io_app
da7a063e da7a063e        2     1         build/nanos2/obj/sdk/io_legacy/src/os_io_legacy.o:(.bss..L_MergedGlobals)
da7a063e da7a063e        2     1                 .L_MergedGlobals
da7a063e da7a063e        1     1                 need_to_start_io
da7a063f da7a063f        1     1                 io_os_legacy_apdu_type
da7a0640 da7a0640       24     4         build/nanos2/obj/sdk/lib_nbgl/src/nbgl_layout_nanos.o:(.bss.gLayout)
da7a0640 da7a0640       24     1                 gLayout
da7a0664 da7a0664       14     4         build/nanos2/obj/sdk/lib_nbgl/src/nbgl_layout_nanos.o:(.bss.nbgl_layoutAddText.tmpString)
da7a0664 da7a0664       14     1                 nbgl_layoutAddText.tmpString
da7a0678 da7a0678       d8     4         build/nanos2/obj/sdk/lib_nbgl/src/nbgl_step.o:(.bss.contexts)
da7a0678 da7a0678       d8     1                 contexts
da7a0750 da7a0750       6c     4         build/nanos2/obj/sdk/lib_nbgl/src/nbgl_use_case_nanos.o:(.bss..L_MergedGlobals)
da7a0750 da7a0750       6c     1                 .L_MergedGlobals
da7a0750 da7a0750       2c     1                 reviewWithWarnCtx
da7a077c da7a077c       40     1                 context
da7a07bc da7a07bc      110     1         build/nanos2/obj/sdk/lib_standard_app/io.o:(.bss.G_io_seproxyhal_spi_buffer)
da7a07bc da7a07bc      110     1                 G_io_seproxyhal_spi_buffer
da7a08cc da7a08cc        1     1         build/nanos2/obj/sdk/lib_standard_app/io.o:(.bss.need_to_start_io)
da7a08cc da7a08cc        1     1                 need_to_start_io
da7a08d0 da7a08d0        c     4         build/nanos2/obj/sdk/lib_standard_app/main.o:(.bss.G_ux_params)
da7a08d0 da7a08d0        c     1                 G_ux_params
da7a08dc da7a08dc        1     1         build/nanos2/obj/sdk/lib_standard_app/swap_utils.o:(.bss.G_called_from_swap)
da7a08dc da7a08dc        1     1                 G_called_from_swap
da7a08dd da7a08dd        1     1         build/nanos2/obj/sdk/lib_standard_app/swap_utils.o:(.bss.G_swap_response_ready)
da7a08dd da7a08dd        1     1                 G_swap_response_ready
da7a08e0 da7a08e0        4     4         build/nanos2/obj/sdk/lib_standard_app/swap_utils.o:(.bss.G_swap_signing_return_value_address)
da7a08e0 da7a08e0        4     1                 G_swap_signing_return_value_address
da7a08e4 da7a08e4        4     4         build/nanos2/obj/sdk/lib_ux_nbgl/ux.o:(.bss.nbTicks)
da7a08e4 da7a08e4        4     1                 nbTicks
da7a08e8 da7a08e8        0     1         _ebss = .
da7a08e8 da7a08e8        0     1         . = ALIGN ( 4 )
da7a08e8 da7a08e8        0     1         app_stack_canary = .
da7a08e8 da7a08e8        4     1         . += 4
da7a08ec da7a08ec        0     1         _stack = .
da7a08ec da7a08ec        0     1         _estack = ABSOLUTE ( END_STACK )
da7a08ec da7a08ec        0     1 
d0000000 d0000000       10     4 DEBUG
d0000000 d0000000       10     4         <internal>:(.ARM.exidx)
       0        0       5d     1 .comment
       0        0       5d     1         <internal>:(.comment)
       0        0        6     1 ledger.target
       0        0        6     1         build/nanos2/obj/sdk/src/app_metadata.o:(ledger.target)
       0        0        6     1                 target
       0        0        d     1 ledger.target_name
       0        0        d     1         build/nanos2/obj/sdk/src/app_metadata.o:(ledger.target_name)
       0        0        d     1                 target_name
       0        0        a     1 ledger.target_id
       0        0        a     1         build/nanos2/obj/sdk/src/app_metadata.o:(ledger.target_id)
       0        0        a     1                 target_id
       0        0        7     1 ledger.app_name
       0        0        7     1         build/nanos2/obj/sdk/src/app_metadata.o:(ledger.app_name)
       0        0        7     1                 app_name
       0        0        5     1 ledger.app_version
       0        0        5     1         build/nanos2/obj/sdk/src/app_metadata.o:(ledger.app_version)
       0        0        5     1                 app_version
       0        0        2     1 ledger.api_level
       0        0        2     1         build/nanos2/obj/sdk/src/app_metadata.o:(ledger.api_level)
       0        0        2     1                 api_level
       0        0       11     1 ledger.sdk_name
       0        0       11     1         build/nanos2/obj/sdk/src/app_metadata.o:(ledger.sdk_name)
       0        0       11     1                 sdk_name
       0        0        7     1 ledger.sdk_version
       0        0        7     1         build/nanos2/obj/sdk/src/app_metadata.o:(ledger.sdk_version)
       0        0        7     1                 sdk_version
       0        0       28     1 ledger.sdk_hash
       0        0       28     1         build/nanos2/obj/sdk/src/app_metadata.o:(ledger.sdk_hash)
       0        0       28     1                 sdk_hash
       0        0        4     1 ledger.sdk_graphics
       0        0        4     1         build/nanos2/obj/sdk/src/app_metadata.o:(ledger.sdk_graphics)
       0        0        4     1                 sdk_graphics
d0000010 d0000010        0     1 PROVIDE ( _nvram = ABSOLUTE ( _nvram_start ) )
d0000010 d0000010        0     1 PROVIDE ( _envram = ABSOLUTE ( _nvram_end ) )
       0        0       45     1 .ARM.attributes
       0        0       45     1         build/nanos2/gen_src/glyphs.o:(.ARM.attributes)
       0        0     4890     4 .symtab
       0        0     4890     4         <internal>:(.symtab)
       0        0       f8     1 .shstrtab
       0        0       f8     1         <internal>:(.shstrtab)
       0        0     36fe     1 .strtab
       0        0     36fe     1         <internal>:(.strtab)
