     VMA      LMA     Size Align Out     In      Symbol
       0        0        0     1 PAGE_SIZE = 512
       0        0        0     1 STACK_MIN_SIZE = DEFINED ( stack_min_size ) ? stack_min_size : 1500
       0        0        0     1 END_STACK = ORIGIN ( SRAM ) + LENGTH ( SRAM )
c0de0000 c0de0000     903f     8 .text
c0de0000 c0de0000        0     1         _text = .
c0de0000 c0de0000        0     1         _nvram_start = .
c0de0000 c0de0000       28     2         build/nanos2/obj/sdk/lib_standard_app/main.o:(.boot)
c0de0000 c0de0000        0     1                 $t.6
c0de0001 c0de0001       28     1                 main
c0de0028 c0de0028        0     1         _code = .
c0de0028 c0de0028       4a     2         build/nanos2/obj/app/src/address.o:(.text.address_from_pubkey)
c0de0028 c0de0028        0     1                 $t.0
c0de0029 c0de0029       4a     1                 address_from_pubkey
c0de0072 c0de0072      2ae     2         build/nanos2/obj/app/src/apdu/dispatcher.o:(.text.apdu_dispatcher)
c0de0072 c0de0072        0     1                 $t.0
c0de0073 c0de0073      2ae     1                 apdu_dispatcher
c0de0320 c0de0320        e     2         build/nanos2/obj/app/src/apdu/dispatcher.o:(.text.io_send_sw)
c0de0320 c0de0320        0     1                 $t.1
c0de0321 c0de0321        e     1                 io_send_sw
c0de032e c0de032e        8     2         build/nanos2/obj/app/src/apdu/dispatcher.o:(.text.OUTLINED_FUNCTION_0)
c0de032e c0de032e        0     1                 $t.2
c0de032f c0de032f        8     1                 OUTLINED_FUNCTION_0
c0de0338 c0de0338       94     4         build/nanos2/obj/app/src/app_main.o:(.text.app_main)
c0de0338 c0de0338        0     1                 $t.0
c0de0339 c0de0339       94     1                 app_main
c0de03b8 c0de03b8        0     1                 $d.1
c0de03cc c0de03cc       28     4         build/nanos2/obj/app/src/handler/get_app_name.o:(.text.handler_get_app_name)
c0de03cc c0de03cc        0     1                 $t.0
c0de03cd c0de03cd       28     1                 handler_get_app_name
c0de03f0 c0de03f0        0     1                 $d.1
c0de03f4 c0de03f4       98     4         build/nanos2/obj/app/src/handler/get_public_key.o:(.text.handler_get_public_key)
c0de03f4 c0de03f4        0     1                 $t.0
c0de03f5 c0de03f5       98     1                 handler_get_public_key
c0de0488 c0de0488        0     1                 $d.1
c0de048c c0de048c        e     2         build/nanos2/obj/app/src/handler/get_public_key.o:(.text.io_send_sw)
c0de048c c0de048c        0     1                 $t.2
c0de048d c0de048d        e     1                 io_send_sw
c0de049a c0de049a       2e     2         build/nanos2/obj/app/src/handler/get_version.o:(.text.handler_get_version)
c0de049a c0de049a        0     1                 $t.0
c0de049b c0de049b       2e     1                 handler_get_version
c0de04c8 c0de04c8      168     4         build/nanos2/obj/app/src/handler/sign_tx.o:(.text.handler_sign_tx)
c0de04c8 c0de04c8        0     1                 $t.0
c0de04c9 c0de04c9      168     1                 handler_sign_tx
c0de0620 c0de0620        0     1                 $d.1
c0de0630 c0de0630        e     2         build/nanos2/obj/app/src/handler/sign_tx.o:(.text.io_send_sw)
c0de0630 c0de0630        0     1                 $t.2
c0de0631 c0de0631        e     1                 io_send_sw
c0de063e c0de063e       4e     2         build/nanos2/obj/app/src/handler/zkn_magicbox.o:(.text.handler_cmd_blake2b512)
c0de063e c0de063e        0     1                 $t.0
c0de063f c0de063f       4e     1                 handler_cmd_blake2b512
c0de068c c0de068c       16     2         build/nanos2/obj/app/src/handler/zkn_magicbox.o:(.text.io_send_response_pointer)
c0de068c c0de068c        0     1                 $t.1
c0de068d c0de068d       16     1                 io_send_response_pointer
c0de06a2 c0de06a2        e     2         build/nanos2/obj/app/src/handler/zkn_magicbox.o:(.text.io_send_sw)
c0de06a2 c0de06a2        0     1                 $t.2
c0de06a3 c0de06a3        e     1                 io_send_sw
c0de06b0 c0de06b0       3a     2         build/nanos2/obj/app/src/handler/zkn_magicbox.o:(.text.handler_cmd_keccakH)
c0de06b0 c0de06b0        0     1                 $t.3
c0de06b1 c0de06b1       3a     1                 handler_cmd_keccakH
c0de06ec c0de06ec       94     4         build/nanos2/obj/app/src/handler/zkn_magicbox.o:(.text.handler_cmd_bolos_stretch)
c0de06ec c0de06ec        0     1                 $t.4
c0de06ed c0de06ed       94     1                 handler_cmd_bolos_stretch
c0de0774 c0de0774        0     1                 $d.5
c0de0780 c0de0780      10c     4         build/nanos2/obj/app/src/handler/zkn_magicbox.o:(.text.handler_cmd_Poseidon)
c0de0780 c0de0780        0     1                 $t.6
c0de0781 c0de0781      10c     1                 handler_cmd_Poseidon
c0de0884 c0de0884        0     1                 $d.7
c0de088c c0de088c       8c     4         build/nanos2/obj/app/src/handler/zkn_magicbox.o:(.text.handler_cmd_Poseidon_ithRC)
c0de088c c0de088c        0     1                 $t.8
c0de088d c0de088d       8c     1                 handler_cmd_Poseidon_ithRC
c0de0910 c0de0910        0     1                 $d.9
c0de0918 c0de0918       82     2         build/nanos2/obj/app/src/handler/zkn_magicbox.o:(.text.handler_cmd_tEddsaPoseidon_Kpub)
c0de0918 c0de0918        0     1                 $t.12
c0de0919 c0de0919       82     1                 handler_cmd_tEddsaPoseidon_Kpub
c0de099a c0de099a       b2     2         build/nanos2/obj/app/src/handler/zkn_magicbox.o:(.text.handler_cmd_tEddsaPoseidon_Sign)
c0de099a c0de099a        0     1                 $t.13
c0de099b c0de099b       b2     1                 handler_cmd_tEddsaPoseidon_Sign
c0de0a4c c0de0a4c       e8     4         build/nanos2/obj/app/src/handler/zkn_magicbox.o:(.text.handler_cmd_tEddsaPoseidon)
c0de0a4c c0de0a4c        0     1                 $t.14
c0de0a4d c0de0a4d       e8     1                 handler_cmd_tEddsaPoseidon
c0de0b2c c0de0b2c        0     1                 $d.15
c0de0b34 c0de0b34      16c     4         build/nanos2/obj/app/src/handler/zkn_magicbox.o:(.text.handler_cmd_tEdwards)
c0de0b34 c0de0b34        0     1                 $t.16
c0de0b35 c0de0b35      16c     1                 handler_cmd_tEdwards
c0de0c90 c0de0c90        0     1                 $d.17
c0de0ca0 c0de0ca0      16a     2         build/nanos2/obj/app/src/handler/zkn_magicbox.o:(.text.handler_cmd_Interpolate)
c0de0ca0 c0de0ca0        0     1                 $t.20
c0de0ca1 c0de0ca1      16a     1                 handler_cmd_Interpolate
c0de0e0a c0de0e0a      190     2         build/nanos2/obj/app/src/handler/zkn_magicbox.o:(.text.handler_cmd_Split)
c0de0e0a c0de0e0a        0     1                 $t.21
c0de0e0b c0de0e0b      190     1                 handler_cmd_Split
c0de0f9a c0de0f9a       a0     2         build/nanos2/obj/app/src/handler/zkn_magicbox.o:(.text.handler_cmd_frostH)
c0de0f9a c0de0f9a        0     1                 $t.22
c0de0f9b c0de0f9b       a0     1                 handler_cmd_frostH
c0de103c c0de103c       6c     4         build/nanos2/obj/app/src/handler/zkn_magicbox.o:(.text.handler_cmd_encodeCommitment)
c0de103c c0de103c        0     1                 $t.23
c0de103d c0de103d       6c     1                 handler_cmd_encodeCommitment
c0de10a4 c0de10a4        0     1                 $d.24
c0de10a8 c0de10a8       84     4         build/nanos2/obj/app/src/handler/zkn_magicbox.o:(.text.handler_cmd_GroupCommitment)
c0de10a8 c0de10a8        0     1                 $t.25
c0de10a9 c0de10a9       84     1                 handler_cmd_GroupCommitment
c0de1124 c0de1124        0     1                 $d.26
c0de112c c0de112c       e8     4         build/nanos2/obj/app/src/handler/zkn_magicbox.o:(.text.handler_cmd_BindingFactors)
c0de112c c0de112c        0     1                 $t.29
c0de112d c0de112d       e8     1                 handler_cmd_BindingFactors
c0de1208 c0de1208        0     1                 $d.30
c0de1214 c0de1214       c0     4         build/nanos2/obj/app/src/handler/zkn_magicbox.o:(.text.handler_get_insecure_secret)
c0de1214 c0de1214        0     1                 $t.32
c0de1215 c0de1215       c0     1                 handler_get_insecure_secret
c0de12cc c0de12cc        0     1                 $d.33
c0de12d4 c0de12d4       70     4         build/nanos2/obj/app/src/handler/zkn_magicbox.o:(.text.handler_get_insecure_public)
c0de12d4 c0de12d4        0     1                 $t.34
c0de12d5 c0de12d5       70     1                 handler_get_insecure_public
c0de1340 c0de1340        0     1                 $d.35
c0de1344 c0de1344       9c     4         build/nanos2/obj/app/src/handler/zkn_magicbox.o:(.text.handler_cmd_tEddsaPoseidon_Sign_with_secret)
c0de1344 c0de1344        0     1                 $t.36
c0de1345 c0de1345       9c     1                 handler_cmd_tEddsaPoseidon_Sign_with_secret
c0de13dc c0de13dc        0     1                 $d.37
c0de13e0 c0de13e0        8     2         build/nanos2/obj/app/src/handler/zkn_magicbox.o:(.text.OUTLINED_FUNCTION_0)
c0de13e0 c0de13e0        0     1                 $t.38
c0de13e1 c0de13e1        8     1                 OUTLINED_FUNCTION_0
c0de13e8 c0de13e8        6     2         build/nanos2/obj/app/src/handler/zkn_magicbox.o:(.text.OUTLINED_FUNCTION_1)
c0de13e8 c0de13e8        0     1                 $t.39
c0de13e9 c0de13e9        6     1                 OUTLINED_FUNCTION_1
c0de13ee c0de13ee        6     2         build/nanos2/obj/app/src/handler/zkn_magicbox.o:(.text.OUTLINED_FUNCTION_2)
c0de13ee c0de13ee        0     1                 $t.40
c0de13ef c0de13ef        6     1                 OUTLINED_FUNCTION_2
c0de13f4 c0de13f4        6     2         build/nanos2/obj/app/src/handler/zkn_magicbox.o:(.text.OUTLINED_FUNCTION_3)
c0de13f4 c0de13f4        0     1                 $t.41
c0de13f5 c0de13f5        6     1                 OUTLINED_FUNCTION_3
c0de13fa c0de13fa        e     2         build/nanos2/obj/app/src/handler/zkn_magicbox.o:(.text.OUTLINED_FUNCTION_4)
c0de13fa c0de13fa        0     1                 $t.42
c0de13fb c0de13fb        e     1                 OUTLINED_FUNCTION_4
c0de1408 c0de1408        8     2         build/nanos2/obj/app/src/handler/zkn_magicbox.o:(.text.OUTLINED_FUNCTION_5)
c0de1408 c0de1408        0     1                 $t.43
c0de1409 c0de1409        8     1                 OUTLINED_FUNCTION_5
c0de1410 c0de1410        6     2         build/nanos2/obj/app/src/handler/zkn_magicbox.o:(.text.OUTLINED_FUNCTION_6)
c0de1410 c0de1410        0     1                 $t.44
c0de1411 c0de1411        6     1                 OUTLINED_FUNCTION_6
c0de1416 c0de1416        6     2         build/nanos2/obj/app/src/handler/zkn_magicbox.o:(.text.OUTLINED_FUNCTION_7)
c0de1416 c0de1416        0     1                 $t.45
c0de1417 c0de1417        6     1                 OUTLINED_FUNCTION_7
c0de141c c0de141c       10     2         build/nanos2/obj/app/src/handler/zkn_magicbox.o:(.text.OUTLINED_FUNCTION_8)
c0de141c c0de141c        0     1                 $t.46
c0de141d c0de141d       10     1                 OUTLINED_FUNCTION_8
c0de142c c0de142c        c     2         build/nanos2/obj/app/src/handler/zkn_magicbox.o:(.text.OUTLINED_FUNCTION_9)
c0de142c c0de142c        0     1                 $t.47
c0de142d c0de142d        c     1                 OUTLINED_FUNCTION_9
c0de1438 c0de1438        8     2         build/nanos2/obj/app/src/handler/zkn_magicbox.o:(.text.OUTLINED_FUNCTION_10)
c0de1438 c0de1438        0     1                 $t.48
c0de1439 c0de1439        8     1                 OUTLINED_FUNCTION_10
c0de1440 c0de1440        6     2         build/nanos2/obj/app/src/handler/zkn_magicbox.o:(.text.OUTLINED_FUNCTION_11)
c0de1440 c0de1440        0     1                 $t.49
c0de1441 c0de1441        6     1                 OUTLINED_FUNCTION_11
c0de1446 c0de1446        6     2         build/nanos2/obj/app/src/handler/zkn_magicbox.o:(.text.OUTLINED_FUNCTION_12)
c0de1446 c0de1446        0     1                 $t.50
c0de1447 c0de1447        6     1                 OUTLINED_FUNCTION_12
c0de144c c0de144c       44     4         build/nanos2/obj/app/src/helper/send_reponse.o:(.text.helper_send_response_pubkey)
c0de144c c0de144c        0     1                 $t.0
c0de144d c0de144d       44     1                 helper_send_response_pubkey
c0de148c c0de148c        0     1                 $d.1
c0de1490 c0de1490       18     2         build/nanos2/obj/app/src/helper/send_reponse.o:(.text.io_send_response_pointer)
c0de1490 c0de1490        0     1                 $t.2
c0de1491 c0de1491       18     1                 io_send_response_pointer
c0de14a8 c0de14a8       40     4         build/nanos2/obj/app/src/helper/send_reponse.o:(.text.helper_send_response_sig_zkn)
c0de14a8 c0de14a8        0     1                 $t.5
c0de14a9 c0de14a9       40     1                 helper_send_response_sig_zkn
c0de14e4 c0de14e4        0     1                 $d.6
c0de14e8 c0de14e8       12     2         build/nanos2/obj/app/src/helper/send_reponse.o:(.text.OUTLINED_FUNCTION_0)
c0de14e8 c0de14e8        0     1                 $t.7
c0de14e9 c0de14e9       12     1                 OUTLINED_FUNCTION_0
c0de14fa c0de14fa       b4     2         build/nanos2/obj/app/src/swap/handle_check_address.o:(.text.swap_handle_check_address)
c0de14fa c0de14fa        0     1                 $t.0
c0de14fb c0de14fb       b4     1                 swap_handle_check_address
c0de15b0 c0de15b0       58     4         build/nanos2/obj/app/src/swap/handle_get_printable_amount.o:(.text.swap_handle_get_printable_amount)
c0de15b0 c0de15b0        0     1                 $t.0
c0de15b1 c0de15b1       58     1                 swap_handle_get_printable_amount
c0de1604 c0de1604        0     1                 $d.1
c0de1608 c0de1608       80     4         build/nanos2/obj/app/src/swap/handle_swap_sign_transaction.o:(.text.swap_copy_transaction_parameters)
c0de1608 c0de1608        0     1                 $t.0
c0de1609 c0de1609       80     1                 swap_copy_transaction_parameters
c0de1684 c0de1684        0     1                 $d.1
c0de1688 c0de1688       80     4         build/nanos2/obj/app/src/swap/handle_swap_sign_transaction.o:(.text.swap_check_validity)
c0de1688 c0de1688        0     1                 $t.2
c0de1689 c0de1689       80     1                 swap_check_validity
c0de1704 c0de1704        0     1                 $d.3
c0de1708 c0de1708       be     2         build/nanos2/obj/app/src/transaction/deserialize.o:(.text.transaction_deserialize)
c0de1708 c0de1708        0     1                 $t.0
c0de1709 c0de1709       be     1                 transaction_deserialize
c0de17c6 c0de17c6       3a     2         build/nanos2/obj/app/src/transaction/utils.o:(.text.transaction_utils_check_encoding)
c0de17c6 c0de17c6        0     1                 $t.0
c0de17c7 c0de17c7       3a     1                 transaction_utils_check_encoding
c0de1800 c0de1800        e     2         build/nanos2/obj/app/src/ui/action/validate.o:(.text.validate_pubkey)
c0de1800 c0de1800        0     1                 $t.0
c0de1801 c0de1801        e     1                 validate_pubkey
c0de180e c0de180e        e     2         build/nanos2/obj/app/src/ui/action/validate.o:(.text.io_send_sw)
c0de180e c0de180e        0     1                 $t.1
c0de180f c0de180f        e     1                 io_send_sw
c0de181c c0de181c       e8     4         build/nanos2/obj/app/src/ui/action/validate.o:(.text.validate_transaction)
c0de181c c0de181c        0     1                 $t.2
c0de181d c0de181d       e8     1                 validate_transaction
c0de18fc c0de18fc        0     1                 $d.3
c0de1904 c0de1904        6     2         build/nanos2/obj/app/src/ui/menu_nbgl.o:(.text.app_quit)
c0de1904 c0de1904        0     1                 $t.0
c0de1905 c0de1905        6     1                 app_quit
c0de190c c0de190c       90     4         build/nanos2/obj/app/src/ui/menu_nbgl.o:(.text.ui_menu_main)
c0de190c c0de190c        0     1                 $t.1
c0de190d c0de190d       90     1                 ui_menu_main
c0de1970 c0de1970        0     1                 $d.2
c0de199c c0de199c       b4     4         build/nanos2/obj/app/src/ui/menu_nbgl.o:(.text.controls_callback)
c0de199c c0de199c        0     1                 $t.3
c0de199d c0de199d       b4     1                 controls_callback
c0de1a28 c0de1a28        0     1                 $d.4
c0de1a50 c0de1a50       7c     4         build/nanos2/obj/app/src/ui/menu_nbgl.o:(.text.review_warning_choice)
c0de1a50 c0de1a50        0     1                 $t.5
c0de1a51 c0de1a51       7c     1                 review_warning_choice
c0de1ab0 c0de1ab0        0     1                 $d.6
c0de1acc c0de1acc        6     2         build/nanos2/obj/app/src/ui/menu_nbgl.o:(.text.OUTLINED_FUNCTION_0)
c0de1acc c0de1acc        0     1                 $t.7
c0de1acd c0de1acd        6     1                 OUTLINED_FUNCTION_0
c0de1ad4 c0de1ad4       a4     4         build/nanos2/obj/app/src/ui/nbgl_display_address.o:(.text.ui_display_address)
c0de1ad4 c0de1ad4        0     1                 $t.0
c0de1ad5 c0de1ad5       a4     1                 ui_display_address
c0de1b64 c0de1b64        0     1                 $d.1
c0de1b78 c0de1b78        e     2         build/nanos2/obj/app/src/ui/nbgl_display_address.o:(.text.io_send_sw)
c0de1b78 c0de1b78        0     1                 $t.2
c0de1b79 c0de1b79        e     1                 io_send_sw
c0de1b88 c0de1b88       20     4         build/nanos2/obj/app/src/ui/nbgl_display_address.o:(.text.review_choice)
c0de1b88 c0de1b88        0     1                 $t.3
c0de1b89 c0de1b89       20     1                 review_choice
c0de1ba4 c0de1ba4        0     1                 $d.4
c0de1ba8 c0de1ba8      13c     4         build/nanos2/obj/app/src/ui/nbgl_display_transaction.o:(.text.ui_display_transaction_bs_choice)
c0de1ba8 c0de1ba8        0     1                 $t.0
c0de1ba9 c0de1ba9      13c     1                 ui_display_transaction_bs_choice
c0de1cbc c0de1cbc        0     1                 $d.1
c0de1ce4 c0de1ce4        e     2         build/nanos2/obj/app/src/ui/nbgl_display_transaction.o:(.text.io_send_sw)
c0de1ce4 c0de1ce4        0     1                 $t.2
c0de1ce5 c0de1ce5        e     1                 io_send_sw
c0de1cf4 c0de1cf4       1c     4         build/nanos2/obj/app/src/ui/nbgl_display_transaction.o:(.text.review_choice)
c0de1cf4 c0de1cf4        0     1                 $t.3
c0de1cf5 c0de1cf5       1c     1                 review_choice
c0de1d0c c0de1d0c        0     1                 $d.4
c0de1d10 c0de1d10        6     2         build/nanos2/obj/app/src/ui/nbgl_display_transaction.o:(.text.ui_display_blind_signed_transaction)
c0de1d10 c0de1d10        0     1                 $t.5
c0de1d11 c0de1d11        6     1                 ui_display_blind_signed_transaction
c0de1d16 c0de1d16        6     2         build/nanos2/obj/app/src/ui/nbgl_display_transaction.o:(.text.ui_display_transaction)
c0de1d16 c0de1d16        0     1                 $t.6
c0de1d17 c0de1d17        6     1                 ui_display_transaction
c0de1d1c c0de1d1c       6c     4         build/nanos2/obj/app/src/zknox/ecc/zkn_eddsa.o:(.text.zkn_prv_hash)
c0de1d1c c0de1d1c        0     1                 $t.0
c0de1d1d c0de1d1d       6c     1                 zkn_prv_hash
c0de1d84 c0de1d84        0     1                 $d.1
c0de1d88 c0de1d88       4e     2         build/nanos2/obj/app/src/zknox/ecc/zkn_eddsa.o:(.text.zkn_prv2pub)
c0de1d88 c0de1d88        0     1                 $t.2
c0de1d89 c0de1d89       4e     1                 zkn_prv2pub
c0de1dd8 c0de1dd8      2b8     4         build/nanos2/obj/app/src/zknox/ecc/zkn_eddsa.o:(.text.EddsaPoseidon_Sign_final)
c0de1dd8 c0de1dd8        0     1                 $t.3
c0de1dd9 c0de1dd9      2b8     1                 EddsaPoseidon_Sign_final
c0de2088 c0de2088        0     1                 $d.4
c0de2090 c0de2090        8     2         build/nanos2/obj/app/src/zknox/ecc/zkn_eddsa.o:(.text.rev64)
c0de2090 c0de2090        0     1                 $t.5
c0de2091 c0de2091        8     1                 rev64
c0de2098 c0de2098        8     2         build/nanos2/obj/app/src/zknox/ecc/zkn_eddsa.o:(.text.OUTLINED_FUNCTION_0)
c0de2098 c0de2098        0     1                 $t.6
c0de2099 c0de2099        8     1                 OUTLINED_FUNCTION_0
c0de20a0 c0de20a0        6     2         build/nanos2/obj/app/src/zknox/ecc/zkn_eddsa.o:(.text.OUTLINED_FUNCTION_1)
c0de20a0 c0de20a0        0     1                 $t.7
c0de20a1 c0de20a1        6     1                 OUTLINED_FUNCTION_1
c0de20a6 c0de20a6       c0     2         build/nanos2/obj/app/src/zknox/ecc/zkn_frost.o:(.text.zkn_frost_interpolate)
c0de20a6 c0de20a6        0     1                 $t.0
c0de20a7 c0de20a7       c0     1                 zkn_frost_interpolate
c0de2166 c0de2166       84     2         build/nanos2/obj/app/src/zknox/ecc/zkn_frost.o:(.text.zkn_frost_interpolate_secrets)
c0de2166 c0de2166        0     1                 $t.1
c0de2167 c0de2167       84     1                 zkn_frost_interpolate_secrets
c0de21ea c0de21ea       72     2         build/nanos2/obj/app/src/zknox/ecc/zkn_frost.o:(.text.zkn_evalshare)
c0de21ea c0de21ea        0     1                 $t.3
c0de21eb c0de21eb       72     1                 zkn_evalshare
c0de225c c0de225c       fa     2         build/nanos2/obj/app/src/zknox/ecc/zkn_frost.o:(.text.zkn_encode_group_commitmentHash)
c0de225c c0de225c        0     1                 $t.6
c0de225d c0de225d       fa     1                 zkn_encode_group_commitmentHash
c0de2356 c0de2356       d6     2         build/nanos2/obj/app/src/zknox/ecc/zkn_frost.o:(.text.zkn_compute_group_commitment)
c0de2356 c0de2356        0     1                 $t.7
c0de2357 c0de2357       d6     1                 zkn_compute_group_commitment
c0de242c c0de242c      106     2         build/nanos2/obj/app/src/zknox/ecc/zkn_frost.o:(.text.zkn_compute_binding_factors)
c0de242c c0de242c        0     1                 $t.8
c0de242d c0de242d      106     1                 zkn_compute_binding_factors
c0de2532 c0de2532       10     2         build/nanos2/obj/app/src/zknox/ecc/zkn_frost.o:(.text.zkn_serialize_scalar_for_hash)
c0de2532 c0de2532        0     1                 $t.9
c0de2533 c0de2533       10     1                 zkn_serialize_scalar_for_hash
c0de2542 c0de2542       16     2         build/nanos2/obj/app/src/zknox/ecc/zkn_frost.o:(.text.OUTLINED_FUNCTION_0)
c0de2542 c0de2542        0     1                 $t.16
c0de2543 c0de2543       16     1                 OUTLINED_FUNCTION_0
c0de2558 c0de2558        8     2         build/nanos2/obj/app/src/zknox/ecc/zkn_frost.o:(.text.OUTLINED_FUNCTION_2)
c0de2558 c0de2558        0     1                 $t.18
c0de2559 c0de2559        8     1                 OUTLINED_FUNCTION_2
c0de2560 c0de2560        6     2         build/nanos2/obj/app/src/zknox/ecc/zkn_frost.o:(.text.OUTLINED_FUNCTION_3)
c0de2560 c0de2560        0     1                 $t.19
c0de2561 c0de2561        6     1                 OUTLINED_FUNCTION_3
c0de2566 c0de2566        6     2         build/nanos2/obj/app/src/zknox/ecc/zkn_frost.o:(.text.OUTLINED_FUNCTION_4)
c0de2566 c0de2566        0     1                 $t.20
c0de2567 c0de2567        6     1                 OUTLINED_FUNCTION_4
c0de256c c0de256c       2a     2         build/nanos2/obj/app/src/zknox/ecc/zkn_tEdwards.o:(.text.tEdwards_alloc)
c0de256c c0de256c        0     1                 $t.0
c0de256d c0de256d       2a     1                 tEdwards_alloc
c0de2596 c0de2596       22     2         build/nanos2/obj/app/src/zknox/ecc/zkn_tEdwards.o:(.text.tEdwards_destroy)
c0de2596 c0de2596        0     1                 $t.1
c0de2597 c0de2597       22     1                 tEdwards_destroy
c0de25b8 c0de25b8       d6     2         build/nanos2/obj/app/src/zknox/ecc/zkn_tEdwards.o:(.text.tEdwards_double)
c0de25b8 c0de25b8        0     1                 $t.2
c0de25b9 c0de25b9       d6     1                 tEdwards_double
c0de268e c0de268e      130     2         build/nanos2/obj/app/src/zknox/ecc/zkn_tEdwards.o:(.text.tEdwards_add)
c0de268e c0de268e        0     1                 $t.3
c0de268f c0de268f      130     1                 tEdwards_add
c0de27be c0de27be       ac     2         build/nanos2/obj/app/src/zknox/ecc/zkn_tEdwards.o:(.text.tEdwards_IsOnCurve)
c0de27be c0de27be        0     1                 $t.4
c0de27bf c0de27bf       ac     1                 tEdwards_IsOnCurve
c0de286c c0de286c      1e0     4         build/nanos2/obj/app/src/zknox/ecc/zkn_tEdwards.o:(.text.tEdwards_Curve_alloc_init)
c0de286c c0de286c        0     1                 $t.5
c0de286d c0de286d      1e0     1                 tEdwards_Curve_alloc_init
c0de2a20 c0de2a20        0     1                 $d.6
c0de2a4c c0de2a4c       7e     2         build/nanos2/obj/app/src/zknox/ecc/zkn_tEdwards.o:(.text.tEdwards_init)
c0de2a4c c0de2a4c        0     1                 $t.7
c0de2a4d c0de2a4d       7e     1                 tEdwards_init
c0de2aca c0de2aca       92     2         build/nanos2/obj/app/src/zknox/ecc/zkn_tEdwards.o:(.text.tEdwards_Curve_partial_destroy)
c0de2aca c0de2aca        0     1                 $t.9
c0de2acb c0de2acb       92     1                 tEdwards_Curve_partial_destroy
c0de2b5c c0de2b5c       26     2         build/nanos2/obj/app/src/zknox/ecc/zkn_tEdwards.o:(.text.tEdwards_SetNeutral)
c0de2b5c c0de2b5c        0     1                 $t.11
c0de2b5d c0de2b5d       26     1                 tEdwards_SetNeutral
c0de2b82 c0de2b82       4c     2         build/nanos2/obj/app/src/zknox/ecc/zkn_tEdwards.o:(.text.tEdwards_export)
c0de2b82 c0de2b82        0     1                 $t.12
c0de2b83 c0de2b83       4c     1                 tEdwards_export
c0de2bce c0de2bce       5a     2         build/nanos2/obj/app/src/zknox/ecc/zkn_tEdwards.o:(.text.tEdwards_normalize)
c0de2bce c0de2bce        0     1                 $t.13
c0de2bcf c0de2bcf       5a     1                 tEdwards_normalize
c0de2c28 c0de2c28       26     2         build/nanos2/obj/app/src/zknox/ecc/zkn_tEdwards.o:(.text.tEdwards_copy)
c0de2c28 c0de2c28        0     1                 $t.14
c0de2c29 c0de2c29       26     1                 tEdwards_copy
c0de2c4e c0de2c4e       3e     2         build/nanos2/obj/app/src/zknox/ecc/zkn_tEdwards.o:(.text.tEdwards_alloc_init)
c0de2c4e c0de2c4e        0     1                 $t.15
c0de2c4f c0de2c4f       3e     1                 tEdwards_alloc_init
c0de2c8c c0de2c8c       ca     2         build/nanos2/obj/app/src/zknox/ecc/zkn_tEdwards.o:(.text.tEdwards_scalarMul_bn)
c0de2c8c c0de2c8c        0     1                 $t.17
c0de2c8d c0de2c8d       ca     1                 tEdwards_scalarMul_bn
c0de2d58 c0de2d58       40     4         build/nanos2/obj/app/src/zknox/ecc/zkn_tEdwards.o:(.text.tEdwards_scalarMul)
c0de2d58 c0de2d58        0     1                 $t.18
c0de2d59 c0de2d59       40     1                 tEdwards_scalarMul
c0de2d94 c0de2d94        0     1                 $d.19
c0de2d98 c0de2d98        6     2         build/nanos2/obj/app/src/zknox/ecc/zkn_tEdwards.o:(.text.OUTLINED_FUNCTION_0)
c0de2d98 c0de2d98        0     1                 $t.22
c0de2d99 c0de2d99        6     1                 OUTLINED_FUNCTION_0
c0de2d9e c0de2d9e        6     2         build/nanos2/obj/app/src/zknox/ecc/zkn_tEdwards.o:(.text.OUTLINED_FUNCTION_1)
c0de2d9e c0de2d9e        0     1                 $t.23
c0de2d9f c0de2d9f        6     1                 OUTLINED_FUNCTION_1
c0de2da4 c0de2da4        8     2         build/nanos2/obj/app/src/zknox/ecc/zkn_tEdwards.o:(.text.OUTLINED_FUNCTION_2)
c0de2da4 c0de2da4        0     1                 $t.24
c0de2da5 c0de2da5        8     1                 OUTLINED_FUNCTION_2
c0de2dac c0de2dac        8     2         build/nanos2/obj/app/src/zknox/ecc/zkn_tEdwards.o:(.text.OUTLINED_FUNCTION_3)
c0de2dac c0de2dac        0     1                 $t.25
c0de2dad c0de2dad        8     1                 OUTLINED_FUNCTION_3
c0de2db4 c0de2db4        a     2         build/nanos2/obj/app/src/zknox/ecc/zkn_tEdwards.o:(.text.OUTLINED_FUNCTION_4)
c0de2db4 c0de2db4        0     1                 $t.26
c0de2db5 c0de2db5        a     1                 OUTLINED_FUNCTION_4
c0de2dbe c0de2dbe        a     2         build/nanos2/obj/app/src/zknox/ecc/zkn_tEdwards.o:(.text.OUTLINED_FUNCTION_5)
c0de2dbe c0de2dbe        0     1                 $t.27
c0de2dbf c0de2dbf        a     1                 OUTLINED_FUNCTION_5
c0de2dc8 c0de2dc8        a     2         build/nanos2/obj/app/src/zknox/ecc/zkn_tEdwards.o:(.text.OUTLINED_FUNCTION_6)
c0de2dc8 c0de2dc8        0     1                 $t.28
c0de2dc9 c0de2dc9        a     1                 OUTLINED_FUNCTION_6
c0de2dd2 c0de2dd2        a     2         build/nanos2/obj/app/src/zknox/ecc/zkn_tEdwards.o:(.text.OUTLINED_FUNCTION_7)
c0de2dd2 c0de2dd2        0     1                 $t.29
c0de2dd3 c0de2dd3        a     1                 OUTLINED_FUNCTION_7
c0de2ddc c0de2ddc        a     2         build/nanos2/obj/app/src/zknox/ecc/zkn_tEdwards.o:(.text.OUTLINED_FUNCTION_8)
c0de2ddc c0de2ddc        0     1                 $t.30
c0de2ddd c0de2ddd        a     1                 OUTLINED_FUNCTION_8
c0de2de6 c0de2de6        a     2         build/nanos2/obj/app/src/zknox/ecc/zkn_tEdwards.o:(.text.OUTLINED_FUNCTION_9)
c0de2de6 c0de2de6        0     1                 $t.31
c0de2de7 c0de2de7        a     1                 OUTLINED_FUNCTION_9
c0de2df0 c0de2df0        a     2         build/nanos2/obj/app/src/zknox/ecc/zkn_tEdwards.o:(.text.OUTLINED_FUNCTION_10)
c0de2df0 c0de2df0        0     1                 $t.32
c0de2df1 c0de2df1        a     1                 OUTLINED_FUNCTION_10
c0de2dfa c0de2dfa        6     2         build/nanos2/obj/app/src/zknox/ecc/zkn_tEdwards.o:(.text.OUTLINED_FUNCTION_11)
c0de2dfa c0de2dfa        0     1                 $t.33
c0de2dfb c0de2dfb        6     1                 OUTLINED_FUNCTION_11
c0de2e00 c0de2e00       80     4         build/nanos2/obj/app/src/zknox/hash/zkn_poseidon_constants.o:(.text.grain_lfsr_advance)
c0de2e00 c0de2e00        0     1                 $t.0
c0de2e01 c0de2e01       80     1                 grain_lfsr_advance
c0de2e78 c0de2e78        0     1                 $d.1
c0de2e80 c0de2e80       4a     2         build/nanos2/obj/app/src/zknox/hash/zkn_poseidon_constants.o:(.text.next64_graingen)
c0de2e80 c0de2e80        0     1                 $t.2
c0de2e81 c0de2e81       4a     1                 next64_graingen
c0de2ecc c0de2ecc       30     4         build/nanos2/obj/app/src/zknox/hash/zkn_poseidon_constants.o:(.text.init_generator)
c0de2ecc c0de2ecc        0     1                 $t.3
c0de2ecd c0de2ecd       30     1                 init_generator
c0de2ef4 c0de2ef4        0     1                 $d.4
c0de2efc c0de2efc       98     4         build/nanos2/obj/app/src/zknox/hash/zkn_poseidon_constants.o:(.text.gen_integer)
c0de2efc c0de2efc        0     1                 $t.5
c0de2efd c0de2efd       98     1                 gen_integer
c0de2f84 c0de2f84        0     1                 $d.6
c0de2f94 c0de2f94        8     2         build/nanos2/obj/app/src/zknox/hash/zkn_poseidon_constants.o:(.text.rev64)
c0de2f94 c0de2f94        0     1                 $t.7
c0de2f95 c0de2f95        8     1                 rev64
c0de2f9c c0de2f9c        6     2         build/nanos2/obj/app/src/zknox/hash/zkn_poseidon_constants.o:(.text.Poseidon_getNext_RC)
c0de2f9c c0de2f9c        0     1                 $t.8
c0de2f9d c0de2f9d        6     1                 Poseidon_getNext_RC
c0de2fa4 c0de2fa4       cc     4         build/nanos2/obj/app/src/zknox/hash/zkn_poseidon_constants.o:(.text.Poseidon_alloc_init)
c0de2fa4 c0de2fa4        0     1                 $t.9
c0de2fa5 c0de2fa5       cc     1                 Poseidon_alloc_init
c0de306c c0de306c        0     1                 $d.10
c0de3070 c0de3070      1a0     4         build/nanos2/obj/app/src/zknox/hash/zkn_poseidon_constants.o:(.text.Poseidon)
c0de3070 c0de3070        0     1                 $t.13
c0de3071 c0de3071      1a0     1                 Poseidon
c0de320c c0de320c        0     1                 $d.14
c0de3210 c0de3210       98     4         build/nanos2/obj/app/src/zknox/hash/zkn_rfc9591frost.o:(.text.RFC9591_taggedHash)
c0de3210 c0de3210        0     1                 $t.0
c0de3211 c0de3211       98     1                 RFC9591_taggedHash
c0de32a4 c0de32a4        0     1                 $d.1
c0de32a8 c0de32a8       1c     2         build/nanos2/obj/app/src/zknox/hash/zkn_rfc9591frost.o:(.text.Babyfrost_H1)
c0de32a8 c0de32a8        0     1                 $t.2
c0de32a9 c0de32a9       1c     1                 Babyfrost_H1
c0de32c4 c0de32c4       28     4         build/nanos2/obj/app/src/zknox/hash/zkn_rfc9591frost.o:(.text.Babyfrost_H3)
c0de32c4 c0de32c4        0     1                 $t.3
c0de32c5 c0de32c5       28     1                 Babyfrost_H3
c0de32e8 c0de32e8        0     1                 $d.4
c0de32ec c0de32ec       1c     2         build/nanos2/obj/app/src/zknox/hash/zkn_rfc9591frost.o:(.text.Babyfrost_H4)
c0de32ec c0de32ec        0     1                 $t.5
c0de32ed c0de32ed       1c     1                 Babyfrost_H4
c0de3308 c0de3308       1c     2         build/nanos2/obj/app/src/zknox/hash/zkn_rfc9591frost.o:(.text.Babyfrost_H5)
c0de3308 c0de3308        0     1                 $t.6
c0de3309 c0de3309       1c     1                 Babyfrost_H5
c0de3324 c0de3324       2c     2         build/nanos2/obj/app/src/zknox/hash/zkn_rfc9591frost.o:(.text.zkn_frost_hash_init)
c0de3324 c0de3324        0     1                 $t.7
c0de3325 c0de3325       2c     1                 zkn_frost_hash_init
c0de3350 c0de3350       34     4         build/nanos2/obj/app/src/zknox/hash/zkn_rfc9591frost.o:(.text.zkn_frost_H1_init)
c0de3350 c0de3350        0     1                 $t.8
c0de3351 c0de3351       34     1                 zkn_frost_H1_init
c0de3380 c0de3380        0     1                 $d.9
c0de3384 c0de3384       34     4         build/nanos2/obj/app/src/zknox/hash/zkn_rfc9591frost.o:(.text.zkn_frost_H5_init)
c0de3384 c0de3384        0     1                 $t.10
c0de3385 c0de3385       34     1                 zkn_frost_H5_init
c0de33b4 c0de33b4        0     1                 $d.11
c0de33b8 c0de33b8        4     2         build/nanos2/obj/app/src/zknox/hash/zkn_rfc9591frost.o:(.text.zkn_frost_hash_update)
c0de33b8 c0de33b8        0     1                 $t.12
c0de33b9 c0de33b9        4     1                 zkn_frost_hash_update
c0de33bc c0de33bc       50     2         build/nanos2/obj/app/src/zknox/hash/zkn_rfc9591frost.o:(.text.zkn_frost_hash_final)
c0de33bc c0de33bc        0     1                 $t.13
c0de33bd c0de33bd       50     1                 zkn_frost_hash_final
c0de340c c0de340c       14     2         build/nanos2/obj/app/src/zknox/hash/zkn_rfc9591frost.o:(.text.OUTLINED_FUNCTION_0)
c0de340c c0de340c        0     1                 $t.14
c0de340d c0de340d       14     1                 OUTLINED_FUNCTION_0
c0de3420 c0de3420        e     2         build/nanos2/obj/app/src/zknox/hash/zkn_rfc9591frost.o:(.text.OUTLINED_FUNCTION_1)
c0de3420 c0de3420        0     1                 $t.15
c0de3421 c0de3421        e     1                 OUTLINED_FUNCTION_1
c0de342e c0de342e        a     2         build/nanos2/obj/app/src/zknox/hash/zkn_rfc9591frost.o:(.text.OUTLINED_FUNCTION_2)
c0de342e c0de342e        0     1                 $t.16
c0de342f c0de342f        a     1                 OUTLINED_FUNCTION_2
c0de3438 c0de3438        e     2         build/nanos2/obj/app/src/zknox/hash/zkn_rfc9591frost.o:(.text.OUTLINED_FUNCTION_3)
c0de3438 c0de3438        0     1                 $t.17
c0de3439 c0de3439        e     1                 OUTLINED_FUNCTION_3
c0de3446 c0de3446       d6     2         build/nanos2/obj/sdk/io/src/os_io_default_apdu.o:(.text.os_io_handle_default_apdu)
c0de3446 c0de3446        0     1                 $t.0
c0de3447 c0de3447       d6     1                 os_io_handle_default_apdu
c0de351c c0de351c        e     2         build/nanos2/obj/sdk/io/src/os_io_default_apdu.o:(.text.OUTLINED_FUNCTION_0)
c0de351c c0de351c        0     1                 $t.1
c0de351d c0de351d        e     1                 OUTLINED_FUNCTION_0
c0de352a c0de352a       1c     2         build/nanos2/obj/sdk/io/src/os_io_seph_ux.o:(.text.io_process_itc_ux_event)
c0de352a c0de352a        0     1                 $t.2
c0de352b c0de352b       1c     1                 io_process_itc_ux_event
c0de3548 c0de3548       28     4         build/nanos2/obj/sdk/io_legacy/src/os_io_legacy.o:(.text.io_legacy_apdu_tx)
c0de3548 c0de3548        0     1                 $t.12
c0de3549 c0de3549       28     1                 io_legacy_apdu_tx
c0de3568 c0de3568        0     1                 $d.13
c0de3570 c0de3570      1b4     4         build/nanos2/obj/sdk/io_legacy/src/os_io_legacy.o:(.text.io_legacy_apdu_rx)
c0de3570 c0de3570        0     1                 $t.14
c0de3571 c0de3571      1b4     1                 io_legacy_apdu_rx
c0de3708 c0de3708        0     1                 $d.15
c0de3724 c0de3724       38     4         build/nanos2/obj/sdk/io_legacy/src/os_io_legacy.o:(.text.io_seproxyhal_init)
c0de3724 c0de3724        0     1                 $t.16
c0de3725 c0de3725       38     1                 io_seproxyhal_init
c0de3758 c0de3758        0     1                 $d.17
c0de375c c0de375c       ac     2         build/nanos2/obj/sdk/lib_nbgl/src/nbgl_layout_nanos.o:(.text.getTextMaxLenAndWidth)
c0de375c c0de375c        0     1                 $t.0
c0de375d c0de375d       ac     1                 getTextMaxLenAndWidth
c0de3808 c0de3808       78     4         build/nanos2/obj/sdk/lib_nbgl/src/nbgl_layout_nanos.o:(.text.nbgl_layoutGet)
c0de3808 c0de3808        0     1                 $t.2
c0de3809 c0de3809       78     1                 nbgl_layoutGet
c0de3878 c0de3878        0     1                 $d.3
c0de3880 c0de3880       50     4         build/nanos2/obj/sdk/lib_nbgl/src/nbgl_layout_nanos.o:(.text.buttonCallback)
c0de3880 c0de3880        0     1                 $t.4
c0de3881 c0de3881       50     1                 buttonCallback
c0de38cc c0de38cc        0     1                 $d.5
c0de38d0 c0de38d0       bc     4         build/nanos2/obj/sdk/lib_nbgl/src/nbgl_layout_nanos.o:(.text.nbgl_layoutAddNavigation)
c0de38d0 c0de38d0        0     1                 $t.6
c0de38d1 c0de38d1       bc     1                 nbgl_layoutAddNavigation
c0de397c c0de397c        0     1                 $d.7
c0de398c c0de398c      380     4         build/nanos2/obj/sdk/lib_nbgl/src/nbgl_layout_nanos.o:(.text.nbgl_layoutAddText)
c0de398c c0de398c        0     1                 $t.8
c0de398d c0de398d      380     1                 nbgl_layoutAddText
c0de3d08 c0de3d08        0     1                 $d.9
c0de3d0c c0de3d0c       a8     2         build/nanos2/obj/sdk/lib_nbgl/src/nbgl_layout_nanos.o:(.text.nbgl_layoutAddMenuList)
c0de3d0c c0de3d0c        0     1                 $t.10
c0de3d0d c0de3d0d       a8     1                 nbgl_layoutAddMenuList
c0de3db4 c0de3db4      340     2         build/nanos2/obj/sdk/lib_nbgl/src/nbgl_layout_nanos.o:(.text.nbgl_layoutAddCenteredInfo)
c0de3db4 c0de3db4        0     1                 $t.11
c0de3db5 c0de3db5      340     1                 nbgl_layoutAddCenteredInfo
c0de40f4 c0de40f4      1dc     4         build/nanos2/obj/sdk/lib_nbgl/src/nbgl_layout_nanos.o:(.text.nbgl_layoutAddSwitch)
c0de40f4 c0de40f4        0     1                 $t.14
c0de40f5 c0de40f5      1dc     1                 nbgl_layoutAddSwitch
c0de42c0 c0de42c0        0     1                 $d.15
c0de42d0 c0de42d0       10     2         build/nanos2/obj/sdk/lib_nbgl/src/nbgl_layout_nanos.o:(.text.nbgl_layoutDraw)
c0de42d0 c0de42d0        0     1                 $t.16
c0de42d1 c0de42d1       10     1                 nbgl_layoutDraw
c0de42e0 c0de42e0       1a     2         build/nanos2/obj/sdk/lib_nbgl/src/nbgl_layout_nanos.o:(.text.nbgl_layoutRelease)
c0de42e0 c0de42e0        0     1                 $t.17
c0de42e1 c0de42e1       1a     1                 nbgl_layoutRelease
c0de42fa c0de42fa       1a     2         build/nanos2/obj/sdk/lib_nbgl/src/nbgl_layout_nanos.o:(.text.OUTLINED_FUNCTION_1)
c0de42fa c0de42fa        0     1                 $t.19
c0de42fb c0de42fb       1a     1                 OUTLINED_FUNCTION_1
c0de4314 c0de4314       1a     2         build/nanos2/obj/sdk/lib_nbgl/src/nbgl_layout_nanos.o:(.text.OUTLINED_FUNCTION_2)
c0de4314 c0de4314        0     1                 $t.20
c0de4315 c0de4315       1a     1                 OUTLINED_FUNCTION_2
c0de432e c0de432e       12     2         build/nanos2/obj/sdk/lib_nbgl/src/nbgl_layout_nanos.o:(.text.OUTLINED_FUNCTION_3)
c0de432e c0de432e        0     1                 $t.21
c0de432f c0de432f       12     1                 OUTLINED_FUNCTION_3
c0de4340 c0de4340        6     2         build/nanos2/obj/sdk/lib_nbgl/src/nbgl_layout_nanos.o:(.text.OUTLINED_FUNCTION_4)
c0de4340 c0de4340        0     1                 $t.22
c0de4341 c0de4341        6     1                 OUTLINED_FUNCTION_4
c0de4346 c0de4346        a     2         build/nanos2/obj/sdk/lib_nbgl/src/nbgl_layout_nanos.o:(.text.OUTLINED_FUNCTION_5)
c0de4346 c0de4346        0     1                 $t.23
c0de4347 c0de4347        a     1                 OUTLINED_FUNCTION_5
c0de4350 c0de4350       10     2         build/nanos2/obj/sdk/lib_nbgl/src/nbgl_layout_nanos.o:(.text.OUTLINED_FUNCTION_6)
c0de4350 c0de4350        0     1                 $t.24
c0de4351 c0de4351       10     1                 OUTLINED_FUNCTION_6
c0de4360 c0de4360        8     2         build/nanos2/obj/sdk/lib_nbgl/src/nbgl_layout_nanos.o:(.text.OUTLINED_FUNCTION_7)
c0de4360 c0de4360        0     1                 $t.25
c0de4361 c0de4361        8     1                 OUTLINED_FUNCTION_7
c0de4368 c0de4368        6     2         build/nanos2/obj/sdk/lib_nbgl/src/nbgl_layout_nanos.o:(.text.OUTLINED_FUNCTION_8)
c0de4368 c0de4368        0     1                 $t.26
c0de4369 c0de4369        6     1                 OUTLINED_FUNCTION_8
c0de436e c0de436e        e     2         build/nanos2/obj/sdk/lib_nbgl/src/nbgl_layout_nanos.o:(.text.OUTLINED_FUNCTION_9)
c0de436e c0de436e        0     1                 $t.27
c0de436f c0de436f        e     1                 OUTLINED_FUNCTION_9
c0de437c c0de437c       72     2         build/nanos2/obj/sdk/lib_nbgl/src/nbgl_step.o:(.text.nbgl_stepDrawText)
c0de437c c0de437c        0     1                 $t.0
c0de437d c0de437d       72     1                 nbgl_stepDrawText
c0de43f0 c0de43f0       4c     4         build/nanos2/obj/sdk/lib_nbgl/src/nbgl_step.o:(.text.getFreeContext)
c0de43f0 c0de43f0        0     1                 $t.1
c0de43f1 c0de43f1       4c     1                 getFreeContext
c0de4438 c0de4438        0     1                 $d.2
c0de443c c0de443c      1cc     4         build/nanos2/obj/sdk/lib_nbgl/src/nbgl_step.o:(.text.displayTextPage)
c0de443c c0de443c        0     1                 $t.3
c0de443d c0de443d      1cc     1                 displayTextPage
c0de4600 c0de4600        0     1                 $d.4
c0de4608 c0de4608       7c     4         build/nanos2/obj/sdk/lib_nbgl/src/nbgl_step.o:(.text.nbgl_stepDrawCenteredInfo)
c0de4608 c0de4608        0     1                 $t.5
c0de4609 c0de4609       7c     1                 nbgl_stepDrawCenteredInfo
c0de4680 c0de4680        0     1                 $d.6
c0de4684 c0de4684       6c     2         build/nanos2/obj/sdk/lib_nbgl/src/nbgl_step.o:(.text.actionCallback)
c0de4684 c0de4684        0     1                 $t.7
c0de4685 c0de4685       6c     1                 actionCallback
c0de46f0 c0de46f0       38     2         build/nanos2/obj/sdk/lib_nbgl/src/nbgl_step.o:(.text.getNavigationInfo)
c0de46f0 c0de46f0        0     1                 $t.8
c0de46f1 c0de46f1       38     1                 getNavigationInfo
c0de4728 c0de4728       36     2         build/nanos2/obj/sdk/lib_nbgl/src/nbgl_step.o:(.text.nbgl_stepDrawMenuList)
c0de4728 c0de4728        0     1                 $t.9
c0de4729 c0de4729       36     1                 nbgl_stepDrawMenuList
c0de4760 c0de4760       78     4         build/nanos2/obj/sdk/lib_nbgl/src/nbgl_step.o:(.text.displayMenuList)
c0de4760 c0de4760        0     1                 $t.10
c0de4761 c0de4761       78     1                 displayMenuList
c0de47d4 c0de47d4        0     1                 $d.11
c0de47d8 c0de47d8       7c     4         build/nanos2/obj/sdk/lib_nbgl/src/nbgl_step.o:(.text.nbgl_stepDrawSwitch)
c0de47d8 c0de47d8        0     1                 $t.13
c0de47d9 c0de47d9       7c     1                 nbgl_stepDrawSwitch
c0de4850 c0de4850        0     1                 $d.14
c0de4854 c0de4854       18     2         build/nanos2/obj/sdk/lib_nbgl/src/nbgl_step.o:(.text.nbgl_stepRelease)
c0de4854 c0de4854        0     1                 $t.15
c0de4855 c0de4855       18     1                 nbgl_stepRelease
c0de486c c0de486c       28     4         build/nanos2/obj/sdk/lib_nbgl/src/nbgl_step.o:(.text.getContextFromLayout)
c0de486c c0de486c        0     1                 $t.16
c0de486d c0de486d       28     1                 getContextFromLayout
c0de4890 c0de4890        0     1                 $d.17
c0de4894 c0de4894       40     2         build/nanos2/obj/sdk/lib_nbgl/src/nbgl_step.o:(.text.menuListActionCallback)
c0de4894 c0de4894        0     1                 $t.18
c0de4895 c0de4895       40     1                 menuListActionCallback
c0de48d4 c0de48d4       8e     2         build/nanos2/obj/sdk/lib_nbgl/src/nbgl_step.o:(.text.OUTLINED_FUNCTION_0)
c0de48d4 c0de48d4        0     1                 $t.19
c0de48d5 c0de48d5       8e     1                 OUTLINED_FUNCTION_0
c0de4962 c0de4962       4a     2         build/nanos2/obj/sdk/lib_nbgl/src/nbgl_step.o:(.text.OUTLINED_FUNCTION_1)
c0de4962 c0de4962        0     1                 $t.20
c0de4963 c0de4963       4a     1                 OUTLINED_FUNCTION_1
c0de49ac c0de49ac       12     2         build/nanos2/obj/sdk/lib_nbgl/src/nbgl_step.o:(.text.OUTLINED_FUNCTION_2)
c0de49ac c0de49ac        0     1                 $t.21
c0de49ad c0de49ad       12     1                 OUTLINED_FUNCTION_2
c0de49be c0de49be        a     2         build/nanos2/obj/sdk/lib_nbgl/src/nbgl_step.o:(.text.OUTLINED_FUNCTION_3)
c0de49be c0de49be        0     1                 $t.22
c0de49bf c0de49bf        a     1                 OUTLINED_FUNCTION_3
c0de49c8 c0de49c8        6     2         build/nanos2/obj/sdk/lib_nbgl/src/nbgl_step.o:(.text.OUTLINED_FUNCTION_4)
c0de49c8 c0de49c8        0     1                 $t.23
c0de49c9 c0de49c9        6     1                 OUTLINED_FUNCTION_4
c0de49ce c0de49ce        e     2         build/nanos2/obj/sdk/lib_nbgl/src/nbgl_step.o:(.text.OUTLINED_FUNCTION_5)
c0de49ce c0de49ce        0     1                 $t.24
c0de49cf c0de49cf        e     1                 OUTLINED_FUNCTION_5
c0de49dc c0de49dc       4c     4         build/nanos2/obj/sdk/lib_nbgl/src/nbgl_use_case_nanos.o:(.text.nbgl_useCaseHomeAndSettings)
c0de49dc c0de49dc        0     1                 $t.11
c0de49dd c0de49dd       4c     1                 nbgl_useCaseHomeAndSettings
c0de4a24 c0de4a24        0     1                 $d.12
c0de4a28 c0de4a28       78     4         build/nanos2/obj/sdk/lib_nbgl/src/nbgl_use_case_nanos.o:(.text.startUseCaseSettingsAtPage)
c0de4a28 c0de4a28        0     1                 $t.13
c0de4a29 c0de4a29       78     1                 startUseCaseSettingsAtPage
c0de4a9c c0de4a9c        0     1                 $d.14
c0de4aa0 c0de4aa0       8c     4         build/nanos2/obj/sdk/lib_nbgl/src/nbgl_use_case_nanos.o:(.text.startUseCaseHome)
c0de4aa0 c0de4aa0        0     1                 $t.15
c0de4aa1 c0de4aa1       8c     1                 startUseCaseHome
c0de4b28 c0de4b28        0     1                 $d.16
c0de4b2c c0de4b2c       20     2         build/nanos2/obj/sdk/lib_nbgl/src/nbgl_use_case_nanos.o:(.text.nbgl_useCaseReview)
c0de4b2c c0de4b2c        0     1                 $t.20
c0de4b2d c0de4b2d       20     1                 nbgl_useCaseReview
c0de4b4c c0de4b4c       50     4         build/nanos2/obj/sdk/lib_nbgl/src/nbgl_use_case_nanos.o:(.text.useCaseReview)
c0de4b4c c0de4b4c        0     1                 $t.21
c0de4b4d c0de4b4d       50     1                 useCaseReview
c0de4b98 c0de4b98        0     1                 $d.22
c0de4b9c c0de4b9c       bc     4         build/nanos2/obj/sdk/lib_nbgl/src/nbgl_use_case_nanos.o:(.text.nbgl_useCaseAdvancedReview)
c0de4b9c c0de4b9c        0     1                 $t.23
c0de4b9d c0de4b9d       bc     1                 nbgl_useCaseAdvancedReview
c0de4c54 c0de4c54        0     1                 $d.24
c0de4c58 c0de4c58       14     4         build/nanos2/obj/sdk/lib_nbgl/src/nbgl_use_case_nanos.o:(.text.displayInitialWarning)
c0de4c58 c0de4c58        0     1                 $t.25
c0de4c59 c0de4c59       14     1                 displayInitialWarning
c0de4c68 c0de4c68        0     1                 $d.26
c0de4c6c c0de4c6c       24     4         build/nanos2/obj/sdk/lib_nbgl/src/nbgl_use_case_nanos.o:(.text.nbgl_useCaseReviewBlindSigning)
c0de4c6c c0de4c6c        0     1                 $t.27
c0de4c6d c0de4c6d       24     1                 nbgl_useCaseReviewBlindSigning
c0de4c8c c0de4c8c        0     1                 $d.28
c0de4c90 c0de4c90       68     4         build/nanos2/obj/sdk/lib_nbgl/src/nbgl_use_case_nanos.o:(.text.nbgl_useCaseAddressReview)
c0de4c90 c0de4c90        0     1                 $t.30
c0de4c91 c0de4c91       68     1                 nbgl_useCaseAddressReview
c0de4cf4 c0de4cf4        0     1                 $d.31
c0de4cf8 c0de4cf8      198     4         build/nanos2/obj/sdk/lib_nbgl/src/nbgl_use_case_nanos.o:(.text.displayReviewPage)
c0de4cf8 c0de4cf8        0     1                 $t.32
c0de4cf9 c0de4cf9      198     1                 displayReviewPage
c0de4e74 c0de4e74        0     1                 $d.33
c0de4e90 c0de4e90       40     4         build/nanos2/obj/sdk/lib_nbgl/src/nbgl_use_case_nanos.o:(.text.nbgl_useCaseStatus)
c0de4e90 c0de4e90        0     1                 $t.36
c0de4e91 c0de4e91       40     1                 nbgl_useCaseStatus
c0de4ec8 c0de4ec8        0     1                 $d.37
c0de4ed0 c0de4ed0      188     4         build/nanos2/obj/sdk/lib_nbgl/src/nbgl_use_case_nanos.o:(.text.drawStep)
c0de4ed0 c0de4ed0        0     1                 $t.38
c0de4ed1 c0de4ed1      188     1                 drawStep
c0de5044 c0de5044        0     1                 $d.39
c0de5058 c0de5058       1c     4         build/nanos2/obj/sdk/lib_nbgl/src/nbgl_use_case_nanos.o:(.text.statusButtonCallback)
c0de5058 c0de5058        0     1                 $t.40
c0de5059 c0de5059       1c     1                 statusButtonCallback
c0de5070 c0de5070        0     1                 $d.41
c0de5074 c0de5074       94     4         build/nanos2/obj/sdk/lib_nbgl/src/nbgl_use_case_nanos.o:(.text.nbgl_useCaseReviewStatus)
c0de5074 c0de5074        0     1                 $t.42
c0de5075 c0de5075       94     1                 nbgl_useCaseReviewStatus
c0de50e8 c0de50e8        0     1                 $d.43
c0de5108 c0de5108      184     4         build/nanos2/obj/sdk/lib_nbgl/src/nbgl_use_case_nanos.o:(.text.displayStreamingReviewPage)
c0de5108 c0de5108        0     1                 $t.46
c0de5109 c0de5109      184     1                 displayStreamingReviewPage
c0de5278 c0de5278        0     1                 $d.47
c0de528c c0de528c       3c     4         build/nanos2/obj/sdk/lib_nbgl/src/nbgl_use_case_nanos.o:(.text.nbgl_useCaseSpinner)
c0de528c c0de528c        0     1                 $t.57
c0de528d c0de528d       3c     1                 nbgl_useCaseSpinner
c0de52c0 c0de52c0        0     1                 $d.58
c0de52c8 c0de52c8       38     4         build/nanos2/obj/sdk/lib_nbgl/src/nbgl_use_case_nanos.o:(.text.nbgl_useCaseChoice)
c0de52c8 c0de52c8        0     1                 $t.59
c0de52c9 c0de52c9       38     1                 nbgl_useCaseChoice
c0de52fc c0de52fc        0     1                 $d.60
c0de5300 c0de5300       bc     4         build/nanos2/obj/sdk/lib_nbgl/src/nbgl_use_case_nanos.o:(.text.displayChoicePage)
c0de5300 c0de5300        0     1                 $t.61
c0de5301 c0de5301       bc     1                 displayChoicePage
c0de53a4 c0de53a4        0     1                 $d.62
c0de53bc c0de53bc       b4     4         build/nanos2/obj/sdk/lib_nbgl/src/nbgl_use_case_nanos.o:(.text.getContentAtIdx)
c0de53bc c0de53bc        0     1                 $t.71
c0de53bd c0de53bd       b4     1                 getContentAtIdx
c0de546c c0de546c        0     1                 $d.72
c0de5470 c0de5470       34     2         build/nanos2/obj/sdk/lib_nbgl/src/nbgl_use_case_nanos.o:(.text.getContentNbElement)
c0de5470 c0de5470        0     1                 $t.73
c0de5471 c0de5471       34     1                 getContentNbElement
c0de54a4 c0de54a4       ac     4         build/nanos2/obj/sdk/lib_nbgl/src/nbgl_use_case_nanos.o:(.text.displayContent)
c0de54a4 c0de54a4        0     1                 $t.74
c0de54a5 c0de54a5       ac     1                 displayContent
c0de5538 c0de5538        0     1                 $d.75
c0de5550 c0de5550      144     4         build/nanos2/obj/sdk/lib_nbgl/src/nbgl_use_case_nanos.o:(.text.getContentPage)
c0de5550 c0de5550        0     1                 $t.76
c0de5551 c0de5551      144     1                 getContentPage
c0de5688 c0de5688        0     1                 $d.77
c0de5694 c0de5694       50     4         build/nanos2/obj/sdk/lib_nbgl/src/nbgl_use_case_nanos.o:(.text.drawSwitchStep)
c0de5694 c0de5694        0     1                 $t.78
c0de5695 c0de5695       50     1                 drawSwitchStep
c0de56e0 c0de56e0        0     1                 $d.79
c0de56e4 c0de56e4       1e     2         build/nanos2/obj/sdk/lib_nbgl/src/nbgl_use_case_nanos.o:(.text.contentCallback)
c0de56e4 c0de56e4        0     1                 $t.80
c0de56e5 c0de56e5       1e     1                 contentCallback
c0de5704 c0de5704       88     4         build/nanos2/obj/sdk/lib_nbgl/src/nbgl_use_case_nanos.o:(.text.getContentElemAtIdx)
c0de5704 c0de5704        0     1                 $t.81
c0de5705 c0de5705       88     1                 getContentElemAtIdx
c0de5784 c0de5784        0     1                 $d.82
c0de578c c0de578c       46     2         build/nanos2/obj/sdk/lib_nbgl/src/nbgl_use_case_nanos.o:(.text.getPairData)
c0de578c c0de578c        0     1                 $t.83
c0de578d c0de578d       46     1                 getPairData
c0de57d4 c0de57d4       b0     4         build/nanos2/obj/sdk/lib_nbgl/src/nbgl_use_case_nanos.o:(.text.onSwitchAction)
c0de57d4 c0de57d4        0     1                 $t.84
c0de57d5 c0de57d5       b0     1                 onSwitchAction
c0de587c c0de587c        0     1                 $d.85
c0de5884 c0de5884       9c     4         build/nanos2/obj/sdk/lib_nbgl/src/nbgl_use_case_nanos.o:(.text.displaySettingsPage)
c0de5884 c0de5884        0     1                 $t.86
c0de5885 c0de5885       9c     1                 displaySettingsPage
c0de5908 c0de5908        0     1                 $d.87
c0de5920 c0de5920       1e     2         build/nanos2/obj/sdk/lib_nbgl/src/nbgl_use_case_nanos.o:(.text.settingsCallback)
c0de5920 c0de5920        0     1                 $t.88
c0de5921 c0de5921       1e     1                 settingsCallback
c0de5940 c0de5940      124     4         build/nanos2/obj/sdk/lib_nbgl/src/nbgl_use_case_nanos.o:(.text.buttonGenericCallback)
c0de5940 c0de5940        0     1                 $t.89
c0de5941 c0de5941      124     1                 buttonGenericCallback
c0de5a5c c0de5a5c        0     1                 $d.90
c0de5a64 c0de5a64       fc     4         build/nanos2/obj/sdk/lib_nbgl/src/nbgl_use_case_nanos.o:(.text.displayHomePage)
c0de5a64 c0de5a64        0     1                 $t.91
c0de5a65 c0de5a65       fc     1                 displayHomePage
c0de5b34 c0de5b34        0     1                 $d.92
c0de5b60 c0de5b60        6     2         build/nanos2/obj/sdk/lib_nbgl/src/nbgl_use_case_nanos.o:(.text.startUseCaseSettings)
c0de5b60 c0de5b60        0     1                 $t.93
c0de5b61 c0de5b61        6     1                 startUseCaseSettings
c0de5b68 c0de5b68       24     4         build/nanos2/obj/sdk/lib_nbgl/src/nbgl_use_case_nanos.o:(.text.startUseCaseInfo)
c0de5b68 c0de5b68        0     1                 $t.94
c0de5b69 c0de5b69       24     1                 startUseCaseInfo
c0de5b88 c0de5b88        0     1                 $d.95
c0de5b8c c0de5b8c       1c     2         build/nanos2/obj/sdk/lib_nbgl/src/nbgl_use_case_nanos.o:(.text.homeCallback)
c0de5b8c c0de5b8c        0     1                 $t.96
c0de5b8d c0de5b8d       1c     1                 homeCallback
c0de5ba8 c0de5ba8       78     4         build/nanos2/obj/sdk/lib_nbgl/src/nbgl_use_case_nanos.o:(.text.displayInfoPage)
c0de5ba8 c0de5ba8        0     1                 $t.97
c0de5ba9 c0de5ba9       78     1                 displayInfoPage
c0de5c08 c0de5c08        0     1                 $d.98
c0de5c20 c0de5c20       1c     2         build/nanos2/obj/sdk/lib_nbgl/src/nbgl_use_case_nanos.o:(.text.infoCallback)
c0de5c20 c0de5c20        0     1                 $t.99
c0de5c21 c0de5c21       1c     1                 infoCallback
c0de5c3c c0de5c3c       d0     4         build/nanos2/obj/sdk/lib_nbgl/src/nbgl_use_case_nanos.o:(.text.displayWarningStep)
c0de5c3c c0de5c3c        0     1                 $t.100
c0de5c3d c0de5c3d       d0     1                 displayWarningStep
c0de5cf8 c0de5cf8        0     1                 $d.101
c0de5d0c c0de5d0c      128     4         build/nanos2/obj/sdk/lib_nbgl/src/nbgl_use_case_nanos.o:(.text.getLastPageInfo)
c0de5d0c c0de5d0c        0     1                 $t.102
c0de5d0d c0de5d0d      128     1                 getLastPageInfo
c0de5dd8 c0de5dd8        0     1                 $d.103
c0de5e34 c0de5e34       84     4         build/nanos2/obj/sdk/lib_nbgl/src/nbgl_use_case_nanos.o:(.text.warningNavigate)
c0de5e34 c0de5e34        0     1                 $t.104
c0de5e35 c0de5e35       84     1                 warningNavigate
c0de5eb4 c0de5eb4        0     1                 $d.105
c0de5eb8 c0de5eb8       14     4         build/nanos2/obj/sdk/lib_nbgl/src/nbgl_use_case_nanos.o:(.text.onReviewAccept)
c0de5eb8 c0de5eb8        0     1                 $t.106
c0de5eb9 c0de5eb9       14     1                 onReviewAccept
c0de5ec8 c0de5ec8        0     1                 $d.107
c0de5ecc c0de5ecc       14     4         build/nanos2/obj/sdk/lib_nbgl/src/nbgl_use_case_nanos.o:(.text.onReviewReject)
c0de5ecc c0de5ecc        0     1                 $t.108
c0de5ecd c0de5ecd       14     1                 onReviewReject
c0de5edc c0de5edc        0     1                 $d.109
c0de5ee0 c0de5ee0       38     4         build/nanos2/obj/sdk/lib_nbgl/src/nbgl_use_case_nanos.o:(.text.launchReviewAfterWarning)
c0de5ee0 c0de5ee0        0     1                 $t.110
c0de5ee1 c0de5ee1       38     1                 launchReviewAfterWarning
c0de5f14 c0de5f14        0     1                 $d.111
c0de5f18 c0de5f18       b8     4         build/nanos2/obj/sdk/lib_nbgl/src/nbgl_use_case_nanos.o:(.text.buttonSkipCallback)
c0de5f18 c0de5f18        0     1                 $t.112
c0de5f19 c0de5f19       b8     1                 buttonSkipCallback
c0de5fcc c0de5fcc        0     1                 $d.113
c0de5fd0 c0de5fd0       74     4         build/nanos2/obj/sdk/lib_nbgl/src/nbgl_use_case_nanos.o:(.text.displayAliasFullValue)
c0de5fd0 c0de5fd0        0     1                 $t.114
c0de5fd1 c0de5fd1       74     1                 displayAliasFullValue
c0de6040 c0de6040        0     1                 $d.115
c0de6044 c0de6044       24     4         build/nanos2/obj/sdk/lib_nbgl/src/nbgl_use_case_nanos.o:(.text.reviewCallback)
c0de6044 c0de6044        0     1                 $t.116
c0de6045 c0de6045       24     1                 reviewCallback
c0de6064 c0de6064        0     1                 $d.117
c0de6068 c0de6068       f4     4         build/nanos2/obj/sdk/lib_nbgl/src/nbgl_use_case_nanos.o:(.text.displayExtensionStep)
c0de6068 c0de6068        0     1                 $t.118
c0de6069 c0de6069       f4     1                 displayExtensionStep
c0de6148 c0de6148        0     1                 $d.119
c0de615c c0de615c       74     4         build/nanos2/obj/sdk/lib_nbgl/src/nbgl_use_case_nanos.o:(.text.extensionNavigate)
c0de615c c0de615c        0     1                 $t.120
c0de615d c0de615d       74     1                 extensionNavigate
c0de61cc c0de61cc        0     1                 $d.121
c0de61d0 c0de61d0       10     4         build/nanos2/obj/sdk/lib_nbgl/src/nbgl_use_case_nanos.o:(.text.statusTickerCallback)
c0de61d0 c0de61d0        0     1                 $t.122
c0de61d1 c0de61d1       10     1                 statusTickerCallback
c0de61dc c0de61dc        0     1                 $d.123
c0de61e0 c0de61e0       64     4         build/nanos2/obj/sdk/lib_nbgl/src/nbgl_use_case_nanos.o:(.text.getChoiceName)
c0de61e0 c0de61e0        0     1                 $t.124
c0de61e1 c0de61e1       64     1                 getChoiceName
c0de623c c0de623c        0     1                 $d.125
c0de6244 c0de6244       6c     4         build/nanos2/obj/sdk/lib_nbgl/src/nbgl_use_case_nanos.o:(.text.onChoiceSelected)
c0de6244 c0de6244        0     1                 $t.126
c0de6245 c0de6245       6c     1                 onChoiceSelected
c0de62ac c0de62ac        0     1                 $d.127
c0de62b0 c0de62b0       24     4         build/nanos2/obj/sdk/lib_nbgl/src/nbgl_use_case_nanos.o:(.text.streamingReviewCallback)
c0de62b0 c0de62b0        0     1                 $t.128
c0de62b1 c0de62b1       24     1                 streamingReviewCallback
c0de62d0 c0de62d0        0     1                 $d.129
c0de62d4 c0de62d4       14     4         build/nanos2/obj/sdk/lib_nbgl/src/nbgl_use_case_nanos.o:(.text.onChoiceAccept)
c0de62d4 c0de62d4        0     1                 $t.130
c0de62d5 c0de62d5       14     1                 onChoiceAccept
c0de62e4 c0de62e4        0     1                 $d.131
c0de62e8 c0de62e8       14     4         build/nanos2/obj/sdk/lib_nbgl/src/nbgl_use_case_nanos.o:(.text.onChoiceReject)
c0de62e8 c0de62e8        0     1                 $t.132
c0de62e9 c0de62e9       14     1                 onChoiceReject
c0de62f8 c0de62f8        0     1                 $d.133
c0de62fc c0de62fc       1c     2         build/nanos2/obj/sdk/lib_nbgl/src/nbgl_use_case_nanos.o:(.text.genericChoiceCallback)
c0de62fc c0de62fc        0     1                 $t.134
c0de62fd c0de62fd       1c     1                 genericChoiceCallback
c0de6318 c0de6318       14     2         build/nanos2/obj/sdk/lib_nbgl/src/nbgl_use_case_nanos.o:(.text.OUTLINED_FUNCTION_0)
c0de6318 c0de6318        0     1                 $t.140
c0de6319 c0de6319       14     1                 OUTLINED_FUNCTION_0
c0de632c c0de632c       16     2         build/nanos2/obj/sdk/lib_nbgl/src/nbgl_use_case_nanos.o:(.text.OUTLINED_FUNCTION_1)
c0de632c c0de632c        0     1                 $t.141
c0de632d c0de632d       16     1                 OUTLINED_FUNCTION_1
c0de6342 c0de6342        c     2         build/nanos2/obj/sdk/lib_nbgl/src/nbgl_use_case_nanos.o:(.text.OUTLINED_FUNCTION_2)
c0de6342 c0de6342        0     1                 $t.142
c0de6343 c0de6343        c     1                 OUTLINED_FUNCTION_2
c0de634e c0de634e        c     2         build/nanos2/obj/sdk/lib_nbgl/src/nbgl_use_case_nanos.o:(.text.OUTLINED_FUNCTION_3)
c0de634e c0de634e        0     1                 $t.143
c0de634f c0de634f        c     1                 OUTLINED_FUNCTION_3
c0de635a c0de635a        8     2         build/nanos2/obj/sdk/lib_nbgl/src/nbgl_use_case_nanos.o:(.text.OUTLINED_FUNCTION_4)
c0de635a c0de635a        0     1                 $t.144
c0de635b c0de635b        8     1                 OUTLINED_FUNCTION_4
c0de6362 c0de6362        6     2         build/nanos2/obj/sdk/lib_nbgl/src/nbgl_use_case_nanos.o:(.text.OUTLINED_FUNCTION_5)
c0de6362 c0de6362        0     1                 $t.145
c0de6363 c0de6363        6     1                 OUTLINED_FUNCTION_5
c0de6368 c0de6368        8     2         build/nanos2/obj/sdk/lib_nbgl/src/nbgl_use_case_nanos.o:(.text.OUTLINED_FUNCTION_6)
c0de6368 c0de6368        0     1                 $t.146
c0de6369 c0de6369        8     1                 OUTLINED_FUNCTION_6
c0de6370 c0de6370        a     2         build/nanos2/obj/sdk/lib_nbgl/src/nbgl_use_case_nanos.o:(.text.OUTLINED_FUNCTION_7)
c0de6370 c0de6370        0     1                 $t.147
c0de6371 c0de6371        a     1                 OUTLINED_FUNCTION_7
c0de637a c0de637a        e     2         build/nanos2/obj/sdk/lib_nbgl/src/nbgl_use_case_nanos.o:(.text.OUTLINED_FUNCTION_8)
c0de637a c0de637a        0     1                 $t.148
c0de637b c0de637b        e     1                 OUTLINED_FUNCTION_8
c0de6388 c0de6388        a     2         build/nanos2/obj/sdk/lib_nbgl/src/nbgl_use_case_nanos.o:(.text.OUTLINED_FUNCTION_9)
c0de6388 c0de6388        0     1                 $t.149
c0de6389 c0de6389        a     1                 OUTLINED_FUNCTION_9
c0de6392 c0de6392        e     2         build/nanos2/obj/sdk/lib_nbgl/src/nbgl_use_case_nanos.o:(.text.OUTLINED_FUNCTION_10)
c0de6392 c0de6392        0     1                 $t.150
c0de6393 c0de6393        e     1                 OUTLINED_FUNCTION_10
c0de63a0 c0de63a0       4e     2         build/nanos2/obj/sdk/lib_standard_app/bip32.o:(.text.bip32_path_read)
c0de63a0 c0de63a0        0     1                 $t.0
c0de63a1 c0de63a1       4e     1                 bip32_path_read
c0de63ee c0de63ee       16     2         build/nanos2/obj/sdk/lib_standard_app/buffer.o:(.text.buffer_seek_cur)
c0de63ee c0de63ee        0     1                 $t.2
c0de63ef c0de63ef       16     1                 buffer_seek_cur
c0de6404 c0de6404       2c     2         build/nanos2/obj/sdk/lib_standard_app/buffer.o:(.text.buffer_read_u8)
c0de6404 c0de6404        0     1                 $t.4
c0de6405 c0de6405       2c     1                 buffer_read_u8
c0de6430 c0de6430       40     2         build/nanos2/obj/sdk/lib_standard_app/buffer.o:(.text.buffer_read_u64)
c0de6430 c0de6430        0     1                 $t.7
c0de6431 c0de6431       40     1                 buffer_read_u64
c0de6470 c0de6470       3a     2         build/nanos2/obj/sdk/lib_standard_app/buffer.o:(.text.buffer_read_varint)
c0de6470 c0de6470        0     1                 $t.8
c0de6471 c0de6471       3a     1                 buffer_read_varint
c0de64aa c0de64aa       2e     2         build/nanos2/obj/sdk/lib_standard_app/buffer.o:(.text.buffer_read_bip32_path)
c0de64aa c0de64aa        0     1                 $t.9
c0de64ab c0de64ab       2e     1                 buffer_read_bip32_path
c0de64d8 c0de64d8       26     2         build/nanos2/obj/sdk/lib_standard_app/buffer.o:(.text.buffer_copy)
c0de64d8 c0de64d8        0     1                 $t.10
c0de64d9 c0de64d9       26     1                 buffer_copy
c0de64fe c0de64fe       32     2         build/nanos2/obj/sdk/lib_standard_app/buffer.o:(.text.buffer_move)
c0de64fe c0de64fe        0     1                 $t.11
c0de64ff c0de64ff       32     1                 buffer_move
c0de6530 c0de6530        c     2         build/nanos2/obj/sdk/lib_standard_app/buffer.o:(.text.OUTLINED_FUNCTION_0)
c0de6530 c0de6530        0     1                 $t.12
c0de6531 c0de6531        c     1                 OUTLINED_FUNCTION_0
c0de653c c0de653c       70     2         build/nanos2/obj/sdk/lib_standard_app/crypto_helpers.o:(.text.bip32_derive_with_seed_init_privkey_256)
c0de653c c0de653c        0     1                 $t.0
c0de653d c0de653d       70     1                 bip32_derive_with_seed_init_privkey_256
c0de65ac c0de65ac       80     2         build/nanos2/obj/sdk/lib_standard_app/crypto_helpers.o:(.text.os_derive_bip32_with_seed_no_throw)
c0de65ac c0de65ac        0     1                 $t.1
c0de65ad c0de65ad       80     1                 os_derive_bip32_with_seed_no_throw
c0de662c c0de662c       68     2         build/nanos2/obj/sdk/lib_standard_app/crypto_helpers.o:(.text.bip32_derive_with_seed_get_pubkey_256)
c0de662c c0de662c        0     1                 $t.2
c0de662d c0de662d       68     1                 bip32_derive_with_seed_get_pubkey_256
c0de6694 c0de6694       4e     2         build/nanos2/obj/sdk/lib_standard_app/crypto_helpers.o:(.text.bip32_derive_with_seed_ecdsa_sign_hash_256)
c0de6694 c0de6694        0     1                 $t.3
c0de6695 c0de6695       4e     1                 bip32_derive_with_seed_ecdsa_sign_hash_256
c0de66e2 c0de66e2        6     2         build/nanos2/obj/sdk/lib_standard_app/crypto_helpers.o:(.text.OUTLINED_FUNCTION_0)
c0de66e2 c0de66e2        0     1                 $t.6
c0de66e3 c0de66e3        6     1                 OUTLINED_FUNCTION_0
c0de66e8 c0de66e8       72     2         build/nanos2/obj/sdk/lib_standard_app/format.o:(.text.format_u64)
c0de66e8 c0de66e8        0     1                 $t.2
c0de66e9 c0de66e9       72     1                 format_u64
c0de675a c0de675a       8e     2         build/nanos2/obj/sdk/lib_standard_app/format.o:(.text.format_fpu64)
c0de675a c0de675a        0     1                 $t.3
c0de675b c0de675b       8e     1                 format_fpu64
c0de67e8 c0de67e8       50     4         build/nanos2/obj/sdk/lib_standard_app/format.o:(.text.format_hex)
c0de67e8 c0de67e8        0     1                 $t.5
c0de67e9 c0de67e9       50     1                 format_hex
c0de6834 c0de6834        0     1                 $d.6
c0de6838 c0de6838        2     2         build/nanos2/obj/sdk/lib_standard_app/io.o:(.text.app_ticker_event_callback)
c0de6838 c0de6838        0     1                 $t.0
c0de6839 c0de6839        2     1                 app_ticker_event_callback
c0de683c c0de683c       30     4         build/nanos2/obj/sdk/lib_standard_app/io.o:(.text.io_event)
c0de683c c0de683c        0     1                 $t.1
c0de683d c0de683d       30     1                 io_event
c0de6868 c0de6868        0     1                 $d.2
c0de686c c0de686c       10     4         build/nanos2/obj/sdk/lib_standard_app/io.o:(.text.io_init)
c0de686c c0de686c        0     1                 $t.3
c0de686d c0de686d       10     1                 io_init
c0de6878 c0de6878        0     1                 $d.4
c0de687c c0de687c       2c     4         build/nanos2/obj/sdk/lib_standard_app/io.o:(.text.io_recv_command)
c0de687c c0de687c        0     1                 $t.5
c0de687d c0de687d       2c     1                 io_recv_command
c0de68a4 c0de68a4        0     1                 $d.6
c0de68a8 c0de68a8       a8     4         build/nanos2/obj/sdk/lib_standard_app/io.o:(.text.io_send_response_buffers)
c0de68a8 c0de68a8        0     1                 $t.7
c0de68a9 c0de68a9       a8     1                 io_send_response_buffers
c0de6940 c0de6940        0     1                 $d.8
c0de6950 c0de6950        a     2         build/nanos2/obj/sdk/lib_standard_app/io.o:(.text.OUTLINED_FUNCTION_0)
c0de6950 c0de6950        0     1                 $t.10
c0de6951 c0de6951        a     1                 OUTLINED_FUNCTION_0
c0de695a c0de695a        6     2         build/nanos2/obj/sdk/lib_standard_app/main.o:(.text.app_exit)
c0de695a c0de695a        0     1                 $t.0
c0de695b c0de695b        6     1                 app_exit
c0de6960 c0de6960        e     2         build/nanos2/obj/sdk/lib_standard_app/main.o:(.text.common_app_init)
c0de6960 c0de6960        0     1                 $t.1
c0de6961 c0de6961        e     1                 common_app_init
c0de6970 c0de6970       6c     4         build/nanos2/obj/sdk/lib_standard_app/main.o:(.text.standalone_app_main)
c0de6970 c0de6970        0     1                 $t.2
c0de6971 c0de6971       6c     1                 standalone_app_main
c0de69d0 c0de69d0        0     1                 $d.3
c0de69dc c0de69dc       a0     4         build/nanos2/obj/sdk/lib_standard_app/main.o:(.text.library_app_main)
c0de69dc c0de69dc        0     1                 $t.4
c0de69dd c0de69dd       a0     1                 library_app_main
c0de6a6c c0de6a6c        0     1                 $d.5
c0de6a7c c0de6a7c       36     2         build/nanos2/obj/sdk/lib_standard_app/parser.o:(.text.apdu_parser)
c0de6a7c c0de6a7c        0     1                 $t.0
c0de6a7d c0de6a7d       36     1                 apdu_parser
c0de6ab2 c0de6ab2       18     2         build/nanos2/obj/sdk/lib_standard_app/read.o:(.text.read_u32_be)
c0de6ab2 c0de6ab2        0     1                 $t.1
c0de6ab3 c0de6ab3       18     1                 read_u32_be
c0de6aca c0de6aca       30     2         build/nanos2/obj/sdk/lib_standard_app/read.o:(.text.read_u64_be)
c0de6aca c0de6aca        0     1                 $t.2
c0de6acb c0de6acb       30     1                 read_u64_be
c0de6afa c0de6afa        e     2         build/nanos2/obj/sdk/lib_standard_app/read.o:(.text.read_u16_le)
c0de6afa c0de6afa        0     1                 $t.3
c0de6afb c0de6afb        e     1                 read_u16_le
c0de6b08 c0de6b08       18     2         build/nanos2/obj/sdk/lib_standard_app/read.o:(.text.read_u32_le)
c0de6b08 c0de6b08        0     1                 $t.4
c0de6b09 c0de6b09       18     1                 read_u32_le
c0de6b20 c0de6b20       2e     2         build/nanos2/obj/sdk/lib_standard_app/read.o:(.text.read_u64_le)
c0de6b20 c0de6b20        0     1                 $t.5
c0de6b21 c0de6b21       2e     1                 read_u64_le
c0de6b4e c0de6b4e        c     2         build/nanos2/obj/sdk/lib_standard_app/swap_error_code_helpers.o:(.text.send_swap_error_simple)
c0de6b4e c0de6b4e        0     1                 $t.0
c0de6b4f c0de6b4f        c     1                 send_swap_error_simple
c0de6b5c c0de6b5c       64     4         build/nanos2/obj/sdk/lib_standard_app/swap_error_code_helpers.o:(.text.send_swap_error_with_buffers)
c0de6b5c c0de6b5c        0     1                 $t.1
c0de6b5d c0de6b5d       64     1                 send_swap_error_with_buffers
c0de6bb8 c0de6bb8        0     1                 $d.2
c0de6bc0 c0de6bc0       34     2         build/nanos2/obj/sdk/lib_standard_app/swap_utils.o:(.text.swap_str_to_u64)
c0de6bc0 c0de6bc0        0     1                 $t.0
c0de6bc1 c0de6bc1       34     1                 swap_str_to_u64
c0de6bf4 c0de6bf4       5c     2         build/nanos2/obj/sdk/lib_standard_app/varint.o:(.text.varint_read)
c0de6bf4 c0de6bf4        0     1                 $t.1
c0de6bf5 c0de6bf5       5c     1                 varint_read
c0de6c50 c0de6c50        a     2         build/nanos2/obj/sdk/lib_standard_app/write.o:(.text.write_u16_be)
c0de6c50 c0de6c50        0     1                 $t.0
c0de6c51 c0de6c51        a     1                 write_u16_be
c0de6c5c c0de6c5c       34     4         build/nanos2/obj/sdk/lib_ux_nbgl/ux.o:(.text.ux_process_button_event)
c0de6c5c c0de6c5c        0     1                 $t.0
c0de6c5d c0de6c5d       34     1                 ux_process_button_event
c0de6c8c c0de6c8c        0     1                 $d.1
c0de6c90 c0de6c90       54     4         build/nanos2/obj/sdk/lib_ux_nbgl/ux.o:(.text.ux_forward_event)
c0de6c90 c0de6c90        0     1                 $t.2
c0de6c91 c0de6c91       54     1                 ux_forward_event
c0de6ce0 c0de6ce0        0     1                 $d.3
c0de6ce4 c0de6ce4       30     4         build/nanos2/obj/sdk/lib_ux_nbgl/ux.o:(.text.ux_process_ticker_event)
c0de6ce4 c0de6ce4        0     1                 $t.4
c0de6ce5 c0de6ce5       30     1                 ux_process_ticker_event
c0de6d10 c0de6d10        0     1                 $d.5
c0de6d14 c0de6d14        6     2         build/nanos2/obj/sdk/lib_ux_nbgl/ux.o:(.text.ux_process_default_event)
c0de6d14 c0de6d14        0     1                 $t.6
c0de6d15 c0de6d15        6     1                 ux_process_default_event
c0de6d1a c0de6d1a       4e     2         build/nanos2/obj/sdk/src/cx_hash_iovec.o:(.text.hash_iovec_ex)
c0de6d1a c0de6d1a        0     1                 $t.7
c0de6d1b c0de6d1b       4e     1                 hash_iovec_ex
c0de6d68 c0de6d68       1a     2         build/nanos2/obj/sdk/src/cx_hash_iovec.o:(.text.cx_keccak_256_hash_iovec)
c0de6d68 c0de6d68        0     1                 $t.12
c0de6d69 c0de6d69       1a     1                 cx_keccak_256_hash_iovec
c0de6d82 c0de6d82       1a     2         build/nanos2/obj/sdk/src/cx_hash_iovec.o:(.text.cx_blake2b_512_hash_iovec)
c0de6d82 c0de6d82        0     1                 $t.18
c0de6d83 c0de6d83       1a     1                 cx_blake2b_512_hash_iovec
c0de6d9c c0de6d9c        a     1         build/nanos2/obj/sdk/src/cx_stubs.o:(.text.cx_ecdsa_sign_no_throw)
c0de6d9c c0de6d9c        0     1                 $t.44
c0de6d9d c0de6d9d        0     1                 cx_ecdsa_sign_no_throw
c0de6da6 c0de6da6        a     1         build/nanos2/obj/sdk/src/cx_stubs.o:(.text.cx_ecfp_generate_pair2_no_throw)
c0de6da6 c0de6da6        0     1                 $t.49
c0de6da7 c0de6da7        0     1                 cx_ecfp_generate_pair2_no_throw
c0de6db0 c0de6db0        a     1         build/nanos2/obj/sdk/src/cx_stubs.o:(.text.cx_ecfp_init_private_key_no_throw)
c0de6db0 c0de6db0        0     1                 $t.51
c0de6db1 c0de6db1        0     1                 cx_ecfp_init_private_key_no_throw
c0de6dba c0de6dba        a     1         build/nanos2/obj/sdk/src/cx_stubs.o:(.text.cx_hash_final)
c0de6dba c0de6dba        0     1                 $t.63
c0de6dbb c0de6dbb        0     1                 cx_hash_final
c0de6dc4 c0de6dc4        a     1         build/nanos2/obj/sdk/src/cx_stubs.o:(.text.cx_hash_init_ex)
c0de6dc4 c0de6dc4        0     1                 $t.67
c0de6dc5 c0de6dc5        0     1                 cx_hash_init_ex
c0de6dce c0de6dce        a     1         build/nanos2/obj/sdk/src/cx_stubs.o:(.text.cx_hash_update)
c0de6dce c0de6dce        0     1                 $t.72
c0de6dcf c0de6dcf        0     1                 cx_hash_update
c0de6dd8 c0de6dd8       10     4         build/nanos2/obj/sdk/src/cx_stubs.o:(.text.cx_aes_siv_reset)
c0de6dd8 c0de6dd8        0     1                 $t.144
c0de6dd9 c0de6dd9        0     1                 cx_aes_siv_reset
c0de6de1 c0de6de1        0     1                 cx_trampoline_helper
c0de6de4 c0de6de4        0     1                 $d.145
c0de6de8 c0de6de8        6     2         build/nanos2/obj/sdk/src/ledger_assert.o:(.text.assert_exit)
c0de6de8 c0de6de8        0     1                 $t.0
c0de6de9 c0de6de9        6     1                 assert_exit
c0de6dee c0de6dee        a     1         build/nanos2/obj/sdk/src/nbgl_stubs.o:(.text.nbgl_refresh)
c0de6dee c0de6dee        0     1                 $t.0
c0de6def c0de6def        0     1                 nbgl_refresh
c0de6df8 c0de6df8        a     1         build/nanos2/obj/sdk/src/nbgl_stubs.o:(.text.nbgl_objInit)
c0de6df8 c0de6df8        0     1                 $t.5
c0de6df9 c0de6df9        0     1                 nbgl_objInit
c0de6e02 c0de6e02        a     1         build/nanos2/obj/sdk/src/nbgl_stubs.o:(.text.nbgl_objAllowDrawing)
c0de6e02 c0de6e02        0     1                 $t.7
c0de6e03 c0de6e03        0     1                 nbgl_objAllowDrawing
c0de6e0c c0de6e0c        a     1         build/nanos2/obj/sdk/src/nbgl_stubs.o:(.text.nbgl_screenSet)
c0de6e0c c0de6e0c        0     1                 $t.10
c0de6e0d c0de6e0d        0     1                 nbgl_screenSet
c0de6e16 c0de6e16        a     1         build/nanos2/obj/sdk/src/nbgl_stubs.o:(.text.nbgl_screenPush)
c0de6e16 c0de6e16        0     1                 $t.11
c0de6e17 c0de6e17        0     1                 nbgl_screenPush
[...]
c0de7824 c0de7824        0     1                 $t.0
c0de7825 c0de7825       14     1                 __aeabi_uldivmod
c0de7838 c0de7838        4     2         /opt/nanosplus-secure-sdk/arch/st33k1/lib/libc.a(lib_a-explicit_bzero.o):(.text.explicit_bzero)
c0de7838 c0de7838        0     1                 $t
c0de7839 c0de7839        4     1                 explicit_bzero
c0de783c c0de783c        8     2         /opt/nanosplus-secure-sdk/arch/st33k1/lib/libc.a(lib_a-bzero.o):(.text.bzero)
c0de783c c0de783c        0     1                 $t
c0de783d c0de783d        8     1                 bzero
c0de7844 c0de7844       1c     2         /opt/nanosplus-secure-sdk/arch/st33k1/lib/libc.a(lib_a-memcpy-stub.o):(.text.memcpy)
c0de7844 c0de7844        0     1                 $t
c0de7845 c0de7845       1c     1                 memcpy
c0de7860 c0de7860       34     2         /opt/nanosplus-secure-sdk/arch/st33k1/lib/libc.a(lib_a-memmove.o):(.text.memmove)
c0de7860 c0de7860        0     1                 $t
c0de7861 c0de7861       34     1                 memmove
c0de7894 c0de7894       10     2         /opt/nanosplus-secure-sdk/arch/st33k1/lib/libc.a(lib_a-memset.o):(.text.memset)
c0de7894 c0de7894        0     1                 $t
c0de7895 c0de7895       10     1                 memset
c0de78a4 c0de78a4       1c     4         /opt/nanosplus-secure-sdk/arch/st33k1/lib/libc.a(lib_a-setjmp.o):(.text)
c0de78a4 c0de78a4        0     1                 $t
c0de78a5 c0de78a5        c     1                 setjmp
c0de78b1 c0de78b1        e     1                 longjmp
c0de78c0 c0de78c0       14     2         /opt/nanosplus-secure-sdk/arch/st33k1/lib/libc.a(lib_a-strcmp.o):(.text)
c0de78c0 c0de78c0        0     1                 $t
c0de78c1 c0de78c1       14     1                 strcmp
c0de78d4 c0de78d4       10     2         /opt/nanosplus-secure-sdk/arch/st33k1/lib/libc.a(lib_a-strlen.o):(.text)
c0de78d4 c0de78d4        0     1                 $t
c0de78d5 c0de78d5       10     1                 strlen
c0de78e4 c0de78e4       24     2         /opt/nanosplus-secure-sdk/arch/st33k1/lib/libc.a(lib_a-strncmp.o):(.text.strncmp)
c0de78e4 c0de78e4        0     1                 $t
c0de78e5 c0de78e5       24     1                 strncmp
c0de7908 c0de7908       26     2         /opt/nanosplus-secure-sdk/arch/st33k1/lib/libc.a(lib_a-strncpy.o):(.text.strncpy)
c0de7908 c0de7908        0     1                 $t
c0de7909 c0de7909       26     1                 strncpy
c0de792e c0de792e        0     1         _ecode = .
c0de792e c0de792e       19     1         build/nanos2/gen_src/glyphs.o:(.rodata.C_home_boilerplate_14px_bitmap)
c0de792e c0de792e       19     1                 C_home_boilerplate_14px_bitmap
c0de7947 c0de7947        a     1         build/nanos2/gen_src/glyphs.o:(.rodata.C_home_boilerplate_14px)
c0de7947 c0de7947        a     1                 C_home_boilerplate_14px
c0de7951 c0de7951       19     1         build/nanos2/gen_src/glyphs.o:(.rodata.C_Information_circle_14px_bitmap)
c0de7951 c0de7951       19     1                 C_Information_circle_14px_bitmap
c0de796a c0de796a        a     1         build/nanos2/gen_src/glyphs.o:(.rodata.C_Information_circle_14px)
c0de796a c0de796a        a     1                 C_Information_circle_14px
c0de7974 c0de7974       19     1         build/nanos2/gen_src/glyphs.o:(.rodata.C_Quit_14px_bitmap)
c0de7974 c0de7974       19     1                 C_Quit_14px_bitmap
c0de798d c0de798d        a     1         build/nanos2/gen_src/glyphs.o:(.rodata.C_Quit_14px)
c0de798d c0de798d        a     1                 C_Quit_14px
c0de7997 c0de7997        c     1         build/nanos2/gen_src/glyphs.o:(.rodata.C_Switch_Off_8px_bitmap)
c0de7997 c0de7997        c     1                 C_Switch_Off_8px_bitmap
c0de79a3 c0de79a3        a     1         build/nanos2/gen_src/glyphs.o:(.rodata.C_Switch_Off_8px)
c0de79a3 c0de79a3        a     1                 C_Switch_Off_8px
c0de79ad c0de79ad        c     1         build/nanos2/gen_src/glyphs.o:(.rodata.C_Switch_On_8px_bitmap)
c0de79ad c0de79ad        c     1                 C_Switch_On_8px_bitmap
c0de79b9 c0de79b9        a     1         build/nanos2/gen_src/glyphs.o:(.rodata.C_Switch_On_8px)
c0de79b9 c0de79b9        a     1                 C_Switch_On_8px
c0de79c3 c0de79c3       19     1         build/nanos2/gen_src/glyphs.o:(.rodata.C_icon_back_x_bitmap)
c0de79c3 c0de79c3       19     1                 C_icon_back_x_bitmap
c0de79dc c0de79dc        a     1         build/nanos2/gen_src/glyphs.o:(.rodata.C_icon_back_x)
c0de79dc c0de79dc        a     1                 C_icon_back_x
c0de79e6 c0de79e6       19     1         build/nanos2/gen_src/glyphs.o:(.rodata.C_icon_coggle_bitmap)
c0de79e6 c0de79e6       19     1                 C_icon_coggle_bitmap
c0de79ff c0de79ff        a     1         build/nanos2/gen_src/glyphs.o:(.rodata.C_icon_coggle)
c0de79ff c0de79ff        a     1                 C_icon_coggle
c0de7a09 c0de7a09       19     1         build/nanos2/gen_src/glyphs.o:(.rodata.C_icon_crossmark_bitmap)
c0de7a09 c0de7a09       19     1                 C_icon_crossmark_bitmap
c0de7a22 c0de7a22        a     1         build/nanos2/gen_src/glyphs.o:(.rodata.C_icon_crossmark)
c0de7a22 c0de7a22        a     1                 C_icon_crossmark
c0de7a2c c0de7a2c        4     1         build/nanos2/gen_src/glyphs.o:(.rodata.C_icon_down_bitmap)
c0de7a2c c0de7a2c        4     1                 C_icon_down_bitmap
c0de7a30 c0de7a30        a     1         build/nanos2/gen_src/glyphs.o:(.rodata.C_icon_down)
c0de7a30 c0de7a30        a     1                 C_icon_down
c0de7a3a c0de7a3a        4     1         build/nanos2/gen_src/glyphs.o:(.rodata.C_icon_left_bitmap)
c0de7a3a c0de7a3a        4     1                 C_icon_left_bitmap
c0de7a3e c0de7a3e        a     1         build/nanos2/gen_src/glyphs.o:(.rodata.C_icon_left)
c0de7a3e c0de7a3e        a     1                 C_icon_left
c0de7a48 c0de7a48       19     1         build/nanos2/gen_src/glyphs.o:(.rodata.C_icon_processing_bitmap)
c0de7a48 c0de7a48       19     1                 C_icon_processing_bitmap
c0de7a61 c0de7a61        a     1         build/nanos2/gen_src/glyphs.o:(.rodata.C_icon_processing)
c0de7a61 c0de7a61        a     1                 C_icon_processing
c0de7a6b c0de7a6b        4     1         build/nanos2/gen_src/glyphs.o:(.rodata.C_icon_right_bitmap)
c0de7a6b c0de7a6b        4     1                 C_icon_right_bitmap
c0de7a6f c0de7a6f        a     1         build/nanos2/gen_src/glyphs.o:(.rodata.C_icon_right)
c0de7a6f c0de7a6f        a     1                 C_icon_right
c0de7a79 c0de7a79        4     1         build/nanos2/gen_src/glyphs.o:(.rodata.C_icon_up_bitmap)
c0de7a79 c0de7a79        4     1                 C_icon_up_bitmap
c0de7a7d c0de7a7d        a     1         build/nanos2/gen_src/glyphs.o:(.rodata.C_icon_up)
c0de7a7d c0de7a7d        a     1                 C_icon_up
c0de7a87 c0de7a87       17     1         build/nanos2/gen_src/glyphs.o:(.rodata.C_icon_validate_14_bitmap)
c0de7a87 c0de7a87       17     1                 C_icon_validate_14_bitmap
c0de7a9e c0de7a9e        a     1         build/nanos2/gen_src/glyphs.o:(.rodata.C_icon_validate_14)
c0de7a9e c0de7a9e        a     1                 C_icon_validate_14
c0de7aa8 c0de7aa8       19     1         build/nanos2/gen_src/glyphs.o:(.rodata.C_icon_warning_bitmap)
c0de7aa8 c0de7aa8       19     1                 C_icon_warning_bitmap
c0de7ac1 c0de7ac1        a     1         build/nanos2/gen_src/glyphs.o:(.rodata.C_icon_warning)
c0de7ac1 c0de7ac1        a     1                 C_icon_warning
c0de7acb c0de7acb       19     1         build/nanos2/gen_src/glyphs.o:(.rodata.C_app_boilerplate_14px_bitmap)
c0de7acb c0de7acb       19     1                 C_app_boilerplate_14px_bitmap
c0de7ae4 c0de7ae4        a     1         build/nanos2/gen_src/glyphs.o:(.rodata.C_app_boilerplate_14px)
c0de7ae4 c0de7ae4        a     1                 C_app_boilerplate_14px
c0de7aee c0de7aee      359     1         <internal>:(.text)
c0de7e48 c0de7e48      260     8         <internal>:(.text)
c0de80a8 c0de80a8       a0     4         build/nanos2/obj/app/src/handler/zkn_magicbox.o:(.rodata..L__const.handler_cmd_Poseidon.input)
c0de80a8 c0de80a8       a0     1                 .L__const.handler_cmd_Poseidon.input
c0de8148 c0de8148      1e0     4         build/nanos2/obj/app/src/handler/zkn_magicbox.o:(.rodata..L__const.handler_cmd_encodeCommitment.commitmentlist_be)
c0de8148 c0de8148      1e0     1                 .L__const.handler_cmd_encodeCommitment.commitmentlist_be
c0de8328 c0de8328      1e0     4         build/nanos2/obj/app/src/handler/zkn_magicbox.o:(.rodata..L__const.handler_cmd_GroupCommitment.commitmentlist_be)
c0de8328 c0de8328      1e0     1                 .L__const.handler_cmd_GroupCommitment.commitmentlist_be
c0de8508 c0de8508       60     4         build/nanos2/obj/app/src/handler/zkn_magicbox.o:(.rodata..L__const.handler_cmd_GroupCommitment.binding_factors)
c0de8508 c0de8508       60     1                 .L__const.handler_cmd_GroupCommitment.binding_factors
c0de8568 c0de8568      1e0     4         build/nanos2/obj/app/src/handler/zkn_magicbox.o:(.rodata..L__const.handler_cmd_BindingFactors.commitmentlist_be)
c0de8568 c0de8568      1e0     1                 .L__const.handler_cmd_BindingFactors.commitmentlist_be
c0de8748 c0de8748        c     4         build/nanos2/obj/app/src/ui/menu_nbgl.o:(.rodata.settingContents)
c0de8748 c0de8748        c     1                 settingContents
c0de8754 c0de8754       10     4         build/nanos2/obj/app/src/ui/menu_nbgl.o:(.rodata.infoList)
c0de8754 c0de8754       10     1                 infoList
c0de8764 c0de8764       38     4         build/nanos2/obj/app/src/ui/menu_nbgl.o:(.rodata.contents)
c0de8764 c0de8764       38     1                 contents
c0de879c c0de879c        8     4         build/nanos2/obj/app/src/ui/menu_nbgl.o:(.rodata.INFO_TYPES)
c0de879c c0de879c        8     1                 INFO_TYPES
c0de87a4 c0de87a4        8     4         build/nanos2/obj/app/src/ui/menu_nbgl.o:(.rodata.INFO_CONTENTS)
c0de87a4 c0de87a4        8     1                 INFO_CONTENTS
c0de87ac c0de87ac       40     4         build/nanos2/obj/app/src/zknox/ecc/zkn_eddsa.o:(.rodata..L__const.EddsaPoseidon_Sign_final.big_n)
c0de87ac c0de87ac       40     1                 .L__const.EddsaPoseidon_Sign_final.big_n
c0de87ec c0de87ec      480     4         build/nanos2/obj/app/src/zknox/hash/zkn_poseidon_constants.o:(.rodata..L__const.Poseidon_alloc_init.MixColumn)
c0de87ec c0de87ec      480     1                 .L__const.Poseidon_alloc_init.MixColumn
c0de8c6c c0de8c6c       1d     4         build/nanos2/obj/app/src/zknox/hash/zkn_rfc9591frost.o:(.rodata..L__const.zkn_frost_H5_init.contextString_BabyFROST)
c0de8c6c c0de8c6c       1d     1                 .L__const.zkn_frost_H5_init.contextString_BabyFROST
c0de8c8c c0de8c8c       28     4         build/nanos2/obj/sdk/lib_nbgl/src/nbgl_use_case_nanos.o:(.rodata.blindSigningWarning)
c0de8c8c c0de8c8c       28     1                 blindSigningWarning
c0de8cb4 c0de8cb4       20     1         <internal>:(.text)
c0de8cd4 c0de8cd4        0     1         . = ALIGN ( 4 )
c0de8cd4 c0de8cd4        0     1         _etext = .
c0de8cd4 c0de8cd4      12c     1         . = ALIGN ( PAGE_SIZE )
c0de8e00 c0de8e00        0     1         _nvram_data = .
c0de8e00 c0de8e00        3     1         build/nanos2/obj/app/src/app_main.o:(.rodata.N_storage_real)
c0de8e00 c0de8e00        3     1                 N_storage_real
c0de8e03 c0de8e03      1fd     1         . = ALIGN ( PAGE_SIZE )
c0de9000 c0de9000        0     1         _envram_data = .
c0de9000 c0de9000        0     1         _install_parameters = .
c0de9000 c0de9000       3f     1         build/nanos2/obj/sdk/src/app_metadata.o:(.install_parameters)
c0de9000 c0de9000       3f     1                 install_parameters
c0de903f c0de903f        0     1         _einstall_parameters = .
c0de903f c0de903f        0     1         _nvram_end = .
d0000000 d0000000        0     1 .data
d0000000 d0000000        0     1         . = ALIGN ( 4 )
d0000000 d0000000        0     1         _data = .
d0000000 d0000000        0     1         _edata = .
d0000000 d0000000        0     1 
da7a0000 da7a0000      8f4     8 .bss
da7a0000 da7a0000        0     1         _bss = .
da7a0000 da7a0000      2f0     8         build/nanos2/obj/app/src/app_main.o:(.bss.G_context)
da7a0000 da7a0000      2f0     1                 G_context
da7a02f0 da7a02f0       20     1         build/nanos2/obj/app/src/app_main.o:(.bss.g_insecure_secret)
da7a02f0 da7a02f0       20     1                 g_insecure_secret
da7a0310 da7a0310       48     8         build/nanos2/obj/app/src/swap/handle_swap_sign_transaction.o:(.bss.G_swap_validated)
da7a0310 da7a0310       48     1                 G_swap_validated
da7a0358 da7a0358       1c     4         build/nanos2/obj/app/src/ui/menu_nbgl.o:(.bss..L_MergedGlobals)
da7a0358 da7a0358       1c     1                 .L_MergedGlobals
da7a0358 da7a0358        1     1                 initSettingPage
da7a035c da7a035c       18     1                 switches
da7a0374 da7a0374       2b     4         build/nanos2/obj/app/src/ui/nbgl_display_address.o:(.bss.g_address)
da7a0374 da7a0374       2b     1                 g_address
da7a03a0 da7a03a0       7f     4         build/nanos2/obj/app/src/ui/nbgl_display_transaction.o:(.bss..L_MergedGlobals)
da7a03a0 da7a03a0       7f     1                 .L_MergedGlobals
da7a03a0 da7a03a0       14     1                 pairList
da7a03b4 da7a03b4       1e     1                 g_amount
da7a03d4 da7a03d4       20     1                 pairs
da7a03f4 da7a03f4       2b     1                 g_address
da7a041f da7a041f      111     1         build/nanos2/obj/sdk/io/src/os_io.o:(.bss.G_io_tx_buffer)
da7a041f da7a041f      111     1                 G_io_tx_buffer
da7a0530 da7a0530      111     1         build/nanos2/obj/sdk/io/src/os_io.o:(.bss.G_io_rx_buffer)
da7a0530 da7a0530      111     1                 G_io_rx_buffer
da7a0642 da7a0642        8     2         build/nanos2/obj/sdk/io_legacy/src/os_io_legacy.o:(.bss.G_io_app)
da7a0642 da7a0642        8     1                 G_io_app
da7a064a da7a064a        2     1         build/nanos2/obj/sdk/io_legacy/src/os_io_legacy.o:(.bss..L_MergedGlobals)
da7a064a da7a064a        2     1                 .L_MergedGlobals
da7a064a da7a064a        1     1                 need_to_start_io
da7a064b da7a064b        1     1                 io_os_legacy_apdu_type
da7a064c da7a064c       24     4         build/nanos2/obj/sdk/lib_nbgl/src/nbgl_layout_nanos.o:(.bss.gLayout)
da7a064c da7a064c       24     1                 gLayout
da7a0670 da7a0670       14     4         build/nanos2/obj/sdk/lib_nbgl/src/nbgl_layout_nanos.o:(.bss.nbgl_layoutAddText.tmpString)
da7a0670 da7a0670       14     1                 nbgl_layoutAddText.tmpString
da7a0684 da7a0684       d8     4         build/nanos2/obj/sdk/lib_nbgl/src/nbgl_step.o:(.bss.contexts)
da7a0684 da7a0684       d8     1                 contexts
da7a075c da7a075c       68     4         build/nanos2/obj/sdk/lib_nbgl/src/nbgl_use_case_nanos.o:(.bss..L_MergedGlobals)
da7a075c da7a075c       68     1                 .L_MergedGlobals
da7a075c da7a075c       28     1                 reviewWithWarnCtx
da7a0784 da7a0784       40     1                 context
da7a07c4 da7a07c4      110     1         build/nanos2/obj/sdk/lib_standard_app/io.o:(.bss.G_io_seproxyhal_spi_buffer)
da7a07c4 da7a07c4      110     1                 G_io_seproxyhal_spi_buffer
da7a08d4 da7a08d4        1     1         build/nanos2/obj/sdk/lib_standard_app/io.o:(.bss.need_to_start_io)
da7a08d4 da7a08d4        1     1                 need_to_start_io
da7a08d8 da7a08d8        c     4         build/nanos2/obj/sdk/lib_standard_app/main.o:(.bss.G_ux_params)
da7a08d8 da7a08d8        c     1                 G_ux_params
da7a08e4 da7a08e4        1     1         build/nanos2/obj/sdk/lib_standard_app/swap_utils.o:(.bss.G_called_from_swap)
da7a08e4 da7a08e4        1     1                 G_called_from_swap
da7a08e5 da7a08e5        1     1         build/nanos2/obj/sdk/lib_standard_app/swap_utils.o:(.bss.G_swap_response_ready)
da7a08e5 da7a08e5        1     1                 G_swap_response_ready
da7a08e8 da7a08e8        4     4         build/nanos2/obj/sdk/lib_standard_app/swap_utils.o:(.bss.G_swap_signing_return_value_address)
da7a08e8 da7a08e8        4     1                 G_swap_signing_return_value_address
da7a08ec da7a08ec        4     4         build/nanos2/obj/sdk/lib_ux_nbgl/ux.o:(.bss.nbTicks)
da7a08ec da7a08ec        4     1                 nbTicks
da7a08f0 da7a08f0        0     1         _ebss = .
da7a08f0 da7a08f0        0     1         . = ALIGN ( 4 )
da7a08f0 da7a08f0        0     1         app_stack_canary = .
da7a08f0 da7a08f0        4     1         . += 4
da7a08f4 da7a08f4        0     1         _stack = .
da7a08f4 da7a08f4        0     1         _estack = ABSOLUTE ( END_STACK )
da7a08f4 da7a08f4        0     1 
d0000000 d0000000       10     4 DEBUG
d0000000 d0000000       10     4         <internal>:(.ARM.exidx)
       0        0       5d     1 .comment
       0        0       5d     1         <internal>:(.comment)
       0        0        6     1 ledger.target
       0        0        6     1         build/nanos2/obj/sdk/src/app_metadata.o:(ledger.target)
       0        0        6     1                 target
       0        0        d     1 ledger.target_name
       0        0        d     1         build/nanos2/obj/sdk/src/app_metadata.o:(ledger.target_name)
       0        0        d     1                 target_name
       0        0        a     1 ledger.target_id
       0        0        a     1         build/nanos2/obj/sdk/src/app_metadata.o:(ledger.target_id)
       0        0        a     1                 target_id
       0        0        7     1 ledger.app_name
       0        0        7     1         build/nanos2/obj/sdk/src/app_metadata.o:(ledger.app_name)
       0        0        7     1                 app_name
       0        0        5     1 ledger.app_version
       0        0        5     1         build/nanos2/obj/sdk/src/app_metadata.o:(ledger.app_version)
       0        0        5     1                 app_version
       0        0        2     1 ledger.api_level
       0        0        2     1         build/nanos2/obj/sdk/src/app_metadata.o:(ledger.api_level)
       0        0        2     1                 api_level
       0        0       11     1 ledger.sdk_name
       0        0       11     1         build/nanos2/obj/sdk/src/app_metadata.o:(ledger.sdk_name)
       0        0       11     1                 sdk_name
       0        0        7     1 ledger.sdk_version
       0        0        7     1         build/nanos2/obj/sdk/src/app_metadata.o:(ledger.sdk_version)
       0        0        7     1                 sdk_version
       0        0       28     1 ledger.sdk_hash
       0        0       28     1         build/nanos2/obj/sdk/src/app_metadata.o:(ledger.sdk_hash)
       0        0       28     1                 sdk_hash
       0        0        4     1 ledger.sdk_graphics
       0        0        4     1         build/nanos2/obj/sdk/src/app_metadata.o:(ledger.sdk_graphics)
       0        0        4     1                 sdk_graphics
d0000010 d0000010        0     1 PROVIDE ( _nvram = ABSOLUTE ( _nvram_start ) )
d0000010 d0000010        0     1 PROVIDE ( _envram = ABSOLUTE ( _nvram_end ) )
       0        0       45     1 .ARM.attributes
       0        0       45     1         build/nanos2/gen_src/glyphs.o:(.ARM.attributes)
       0        0     4710     4 .symtab
       0        0     4710     4         <internal>:(.symtab)
       0        0       f8     1 .shstrtab
       0        0       f8     1         <internal>:(.shstrtab)
       0        0     35c4     1 .strtab
       0        0     35c4     1         <internal>:(.strtab)
