     VMA      LMA     Size Align Out     In      Symbol
       0        0        0     1 PAGE_SIZE = 512
       0        0        0     1 STACK_MIN_SIZE = DEFINED ( stack_min_size ) ? stack_min_size : 1500
       0        0        0     1 END_STACK = ORIGIN ( SRAM ) + LENGTH ( SRAM )
c0de0000 c0de0000     8e3f     8 .text
c0de0000 c0de0000        0     1         _text = .
c0de0000 c0de0000        0     1         _nvram_start = .
c0de0000 c0de0000       28     2         build/nanos2/obj/sdk/lib_standard_app/main.o:(.boot)
c0de0000 c0de0000        0     1                 $t.6
c0de0001 c0de0001       28     1                 main
c0de0028 c0de0028        0     1         _code = .
c0de0028 c0de0028       4a     2         build/nanos2/obj/app/src/address.o:(.text.address_from_pubkey)
c0de0028 c0de0028        0     1                 $t.0
c0de0029 c0de0029       4a     1                 address_from_pubkey
c0de0072 c0de0072      240     2         build/nanos2/obj/app/src/apdu/dispatcher.o:(.text.apdu_dispatcher)
c0de0072 c0de0072        0     1                 $t.0
c0de0073 c0de0073      240     1                 apdu_dispatcher
c0de02b2 c0de02b2        e     2         build/nanos2/obj/app/src/apdu/dispatcher.o:(.text.io_send_sw)
c0de02b2 c0de02b2        0     1                 $t.1
c0de02b3 c0de02b3        e     1                 io_send_sw
c0de02c0 c0de02c0        8     2         build/nanos2/obj/app/src/apdu/dispatcher.o:(.text.OUTLINED_FUNCTION_0)
c0de02c0 c0de02c0        0     1                 $t.2
c0de02c1 c0de02c1        8     1                 OUTLINED_FUNCTION_0
c0de02c8 c0de02c8       94     4         build/nanos2/obj/app/src/app_main.o:(.text.app_main)
c0de02c8 c0de02c8        0     1                 $t.0
c0de02c9 c0de02c9       94     1                 app_main
c0de0348 c0de0348        0     1                 $d.1
c0de035c c0de035c       28     4         build/nanos2/obj/app/src/handler/get_app_name.o:(.text.handler_get_app_name)
c0de035c c0de035c        0     1                 $t.0
c0de035d c0de035d       28     1                 handler_get_app_name
c0de0380 c0de0380        0     1                 $d.1
c0de0384 c0de0384       98     4         build/nanos2/obj/app/src/handler/get_public_key.o:(.text.handler_get_public_key)
c0de0384 c0de0384        0     1                 $t.0
c0de0385 c0de0385       98     1                 handler_get_public_key
c0de0418 c0de0418        0     1                 $d.1
c0de041c c0de041c        e     2         build/nanos2/obj/app/src/handler/get_public_key.o:(.text.io_send_sw)
c0de041c c0de041c        0     1                 $t.2
c0de041d c0de041d        e     1                 io_send_sw
c0de042a c0de042a       2e     2         build/nanos2/obj/app/src/handler/get_version.o:(.text.handler_get_version)
c0de042a c0de042a        0     1                 $t.0
c0de042b c0de042b       2e     1                 handler_get_version
c0de0458 c0de0458      168     4         build/nanos2/obj/app/src/handler/sign_tx.o:(.text.handler_sign_tx)
c0de0458 c0de0458        0     1                 $t.0
c0de0459 c0de0459      168     1                 handler_sign_tx
c0de05b0 c0de05b0        0     1                 $d.1
c0de05c0 c0de05c0        e     2         build/nanos2/obj/app/src/handler/sign_tx.o:(.text.io_send_sw)
c0de05c0 c0de05c0        0     1                 $t.2
c0de05c1 c0de05c1        e     1                 io_send_sw
c0de05ce c0de05ce       4e     2         build/nanos2/obj/app/src/handler/zkn_magicbox.o:(.text.handler_cmd_blake2b512)
c0de05ce c0de05ce        0     1                 $t.0
c0de05cf c0de05cf       4e     1                 handler_cmd_blake2b512
c0de061c c0de061c       16     2         build/nanos2/obj/app/src/handler/zkn_magicbox.o:(.text.io_send_response_pointer)
c0de061c c0de061c        0     1                 $t.1
c0de061d c0de061d       16     1                 io_send_response_pointer
c0de0632 c0de0632        e     2         build/nanos2/obj/app/src/handler/zkn_magicbox.o:(.text.io_send_sw)
c0de0632 c0de0632        0     1                 $t.2
c0de0633 c0de0633        e     1                 io_send_sw
c0de0640 c0de0640       3a     2         build/nanos2/obj/app/src/handler/zkn_magicbox.o:(.text.handler_cmd_keccakH)
c0de0640 c0de0640        0     1                 $t.3
c0de0641 c0de0641       3a     1                 handler_cmd_keccakH
c0de067c c0de067c       94     4         build/nanos2/obj/app/src/handler/zkn_magicbox.o:(.text.handler_cmd_bolos_stretch)
c0de067c c0de067c        0     1                 $t.4
c0de067d c0de067d       94     1                 handler_cmd_bolos_stretch
c0de0704 c0de0704        0     1                 $d.5
c0de0710 c0de0710      10c     4         build/nanos2/obj/app/src/handler/zkn_magicbox.o:(.text.handler_cmd_Poseidon)
c0de0710 c0de0710        0     1                 $t.6
c0de0711 c0de0711      10c     1                 handler_cmd_Poseidon
c0de0814 c0de0814        0     1                 $d.7
c0de081c c0de081c       8c     4         build/nanos2/obj/app/src/handler/zkn_magicbox.o:(.text.handler_cmd_Poseidon_ithRC)
c0de081c c0de081c        0     1                 $t.8
c0de081d c0de081d       8c     1                 handler_cmd_Poseidon_ithRC
c0de08a0 c0de08a0        0     1                 $d.9
c0de08a8 c0de08a8       84     2         build/nanos2/obj/app/src/handler/zkn_magicbox.o:(.text.handler_cmd_tEddsaPoseidon_Kpub)
c0de08a8 c0de08a8        0     1                 $t.12
c0de08a9 c0de08a9       84     1                 handler_cmd_tEddsaPoseidon_Kpub
c0de092c c0de092c       b4     2         build/nanos2/obj/app/src/handler/zkn_magicbox.o:(.text.handler_cmd_tEddsaPoseidon_Sign)
c0de092c c0de092c        0     1                 $t.13
c0de092d c0de092d       b4     1                 handler_cmd_tEddsaPoseidon_Sign
c0de09e0 c0de09e0       e8     4         build/nanos2/obj/app/src/handler/zkn_magicbox.o:(.text.handler_cmd_tEddsaPoseidon)
c0de09e0 c0de09e0        0     1                 $t.14
c0de09e1 c0de09e1       e8     1                 handler_cmd_tEddsaPoseidon
c0de0ac0 c0de0ac0        0     1                 $d.15
c0de0ac8 c0de0ac8      16c     4         build/nanos2/obj/app/src/handler/zkn_magicbox.o:(.text.handler_cmd_tEdwards)
c0de0ac8 c0de0ac8        0     1                 $t.16
c0de0ac9 c0de0ac9      16c     1                 handler_cmd_tEdwards
c0de0c24 c0de0c24        0     1                 $d.17
c0de0c34 c0de0c34      16a     2         build/nanos2/obj/app/src/handler/zkn_magicbox.o:(.text.handler_cmd_Interpolate)
c0de0c34 c0de0c34        0     1                 $t.20
c0de0c35 c0de0c35      16a     1                 handler_cmd_Interpolate
c0de0d9e c0de0d9e      192     2         build/nanos2/obj/app/src/handler/zkn_magicbox.o:(.text.handler_cmd_Split)
c0de0d9e c0de0d9e        0     1                 $t.21
c0de0d9f c0de0d9f      192     1                 handler_cmd_Split
c0de0f30 c0de0f30       a0     2         build/nanos2/obj/app/src/handler/zkn_magicbox.o:(.text.handler_cmd_frostH)
c0de0f30 c0de0f30        0     1                 $t.22
c0de0f31 c0de0f31       a0     1                 handler_cmd_frostH
c0de0fd0 c0de0fd0       6c     4         build/nanos2/obj/app/src/handler/zkn_magicbox.o:(.text.handler_cmd_encodeCommitment)
c0de0fd0 c0de0fd0        0     1                 $t.23
c0de0fd1 c0de0fd1       6c     1                 handler_cmd_encodeCommitment
c0de1038 c0de1038        0     1                 $d.24
c0de103c c0de103c       84     4         build/nanos2/obj/app/src/handler/zkn_magicbox.o:(.text.handler_cmd_GroupCommitment)
c0de103c c0de103c        0     1                 $t.25
c0de103d c0de103d       84     1                 handler_cmd_GroupCommitment
c0de10b8 c0de10b8        0     1                 $d.26
c0de10c0 c0de10c0       e8     4         build/nanos2/obj/app/src/handler/zkn_magicbox.o:(.text.handler_cmd_BindingFactors)
c0de10c0 c0de10c0        0     1                 $t.29
c0de10c1 c0de10c1       e8     1                 handler_cmd_BindingFactors
c0de119c c0de119c        0     1                 $d.30
c0de11a8 c0de11a8        8     2         build/nanos2/obj/app/src/handler/zkn_magicbox.o:(.text.OUTLINED_FUNCTION_0)
c0de11a8 c0de11a8        0     1                 $t.31
c0de11a9 c0de11a9        8     1                 OUTLINED_FUNCTION_0
c0de11b0 c0de11b0        6     2         build/nanos2/obj/app/src/handler/zkn_magicbox.o:(.text.OUTLINED_FUNCTION_1)
c0de11b0 c0de11b0        0     1                 $t.32
c0de11b1 c0de11b1        6     1                 OUTLINED_FUNCTION_1
c0de11b6 c0de11b6        6     2         build/nanos2/obj/app/src/handler/zkn_magicbox.o:(.text.OUTLINED_FUNCTION_2)
c0de11b6 c0de11b6        0     1                 $t.33
c0de11b7 c0de11b7        6     1                 OUTLINED_FUNCTION_2
c0de11bc c0de11bc        6     2         build/nanos2/obj/app/src/handler/zkn_magicbox.o:(.text.OUTLINED_FUNCTION_3)
c0de11bc c0de11bc        0     1                 $t.34
c0de11bd c0de11bd        6     1                 OUTLINED_FUNCTION_3
c0de11c2 c0de11c2        e     2         build/nanos2/obj/app/src/handler/zkn_magicbox.o:(.text.OUTLINED_FUNCTION_4)
c0de11c2 c0de11c2        0     1                 $t.35
c0de11c3 c0de11c3        e     1                 OUTLINED_FUNCTION_4
c0de11d0 c0de11d0        8     2         build/nanos2/obj/app/src/handler/zkn_magicbox.o:(.text.OUTLINED_FUNCTION_5)
c0de11d0 c0de11d0        0     1                 $t.36
c0de11d1 c0de11d1        8     1                 OUTLINED_FUNCTION_5
c0de11d8 c0de11d8        6     2         build/nanos2/obj/app/src/handler/zkn_magicbox.o:(.text.OUTLINED_FUNCTION_6)
c0de11d8 c0de11d8        0     1                 $t.37
c0de11d9 c0de11d9        6     1                 OUTLINED_FUNCTION_6
c0de11de c0de11de       10     2         build/nanos2/obj/app/src/handler/zkn_magicbox.o:(.text.OUTLINED_FUNCTION_7)
c0de11de c0de11de        0     1                 $t.38
c0de11df c0de11df       10     1                 OUTLINED_FUNCTION_7
c0de11ee c0de11ee        c     2         build/nanos2/obj/app/src/handler/zkn_magicbox.o:(.text.OUTLINED_FUNCTION_8)
c0de11ee c0de11ee        0     1                 $t.39
c0de11ef c0de11ef        c     1                 OUTLINED_FUNCTION_8
c0de11fa c0de11fa        8     2         build/nanos2/obj/app/src/handler/zkn_magicbox.o:(.text.OUTLINED_FUNCTION_9)
c0de11fa c0de11fa        0     1                 $t.40
c0de11fb c0de11fb        8     1                 OUTLINED_FUNCTION_9
c0de1202 c0de1202        6     2         build/nanos2/obj/app/src/handler/zkn_magicbox.o:(.text.OUTLINED_FUNCTION_10)
c0de1202 c0de1202        0     1                 $t.41
c0de1203 c0de1203        6     1                 OUTLINED_FUNCTION_10
c0de1208 c0de1208        6     2         build/nanos2/obj/app/src/handler/zkn_magicbox.o:(.text.OUTLINED_FUNCTION_11)
c0de1208 c0de1208        0     1                 $t.42
c0de1209 c0de1209        6     1                 OUTLINED_FUNCTION_11
c0de1210 c0de1210       44     4         build/nanos2/obj/app/src/helper/send_reponse.o:(.text.helper_send_response_pubkey)
c0de1210 c0de1210        0     1                 $t.0
c0de1211 c0de1211       44     1                 helper_send_response_pubkey
c0de1250 c0de1250        0     1                 $d.1
c0de1254 c0de1254       18     2         build/nanos2/obj/app/src/helper/send_reponse.o:(.text.io_send_response_pointer)
c0de1254 c0de1254        0     1                 $t.2
c0de1255 c0de1255       18     1                 io_send_response_pointer
c0de126c c0de126c       44     4         build/nanos2/obj/app/src/helper/send_reponse.o:(.text.helper_send_response_sig)
c0de126c c0de126c        0     1                 $t.3
c0de126d c0de126d       44     1                 helper_send_response_sig
c0de12ac c0de12ac        0     1                 $d.4
c0de12b0 c0de12b0       b4     2         build/nanos2/obj/app/src/swap/handle_check_address.o:(.text.swap_handle_check_address)
c0de12b0 c0de12b0        0     1                 $t.0
c0de12b1 c0de12b1       b4     1                 swap_handle_check_address
c0de1364 c0de1364       58     4         build/nanos2/obj/app/src/swap/handle_get_printable_amount.o:(.text.swap_handle_get_printable_amount)
c0de1364 c0de1364        0     1                 $t.0
c0de1365 c0de1365       58     1                 swap_handle_get_printable_amount
c0de13b8 c0de13b8        0     1                 $d.1
c0de13bc c0de13bc       80     4         build/nanos2/obj/app/src/swap/handle_swap_sign_transaction.o:(.text.swap_copy_transaction_parameters)
c0de13bc c0de13bc        0     1                 $t.0
c0de13bd c0de13bd       80     1                 swap_copy_transaction_parameters
c0de1438 c0de1438        0     1                 $d.1
c0de143c c0de143c       80     4         build/nanos2/obj/app/src/swap/handle_swap_sign_transaction.o:(.text.swap_check_validity)
c0de143c c0de143c        0     1                 $t.2
c0de143d c0de143d       80     1                 swap_check_validity
c0de14b8 c0de14b8        0     1                 $d.3
c0de14bc c0de14bc       be     2         build/nanos2/obj/app/src/transaction/deserialize.o:(.text.transaction_deserialize)
c0de14bc c0de14bc        0     1                 $t.0
c0de14bd c0de14bd       be     1                 transaction_deserialize
c0de157a c0de157a       3a     2         build/nanos2/obj/app/src/transaction/utils.o:(.text.transaction_utils_check_encoding)
c0de157a c0de157a        0     1                 $t.0
c0de157b c0de157b       3a     1                 transaction_utils_check_encoding
c0de15b4 c0de15b4        e     2         build/nanos2/obj/app/src/ui/action/validate.o:(.text.validate_pubkey)
c0de15b4 c0de15b4        0     1                 $t.0
c0de15b5 c0de15b5        e     1                 validate_pubkey
c0de15c2 c0de15c2        e     2         build/nanos2/obj/app/src/ui/action/validate.o:(.text.io_send_sw)
c0de15c2 c0de15c2        0     1                 $t.1
c0de15c3 c0de15c3        e     1                 io_send_sw
c0de15d0 c0de15d0       a4     4         build/nanos2/obj/app/src/ui/action/validate.o:(.text.validate_transaction)
c0de15d0 c0de15d0        0     1                 $t.2
c0de15d1 c0de15d1       a4     1                 validate_transaction
c0de1670 c0de1670        0     1                 $d.3
c0de1674 c0de1674        6     2         build/nanos2/obj/app/src/ui/menu_nbgl.o:(.text.app_quit)
c0de1674 c0de1674        0     1                 $t.0
c0de1675 c0de1675        6     1                 app_quit
c0de167c c0de167c       90     4         build/nanos2/obj/app/src/ui/menu_nbgl.o:(.text.ui_menu_main)
c0de167c c0de167c        0     1                 $t.1
c0de167d c0de167d       90     1                 ui_menu_main
c0de16e0 c0de16e0        0     1                 $d.2
c0de170c c0de170c       b4     4         build/nanos2/obj/app/src/ui/menu_nbgl.o:(.text.controls_callback)
c0de170c c0de170c        0     1                 $t.3
c0de170d c0de170d       b4     1                 controls_callback
c0de1798 c0de1798        0     1                 $d.4
c0de17c0 c0de17c0       7c     4         build/nanos2/obj/app/src/ui/menu_nbgl.o:(.text.review_warning_choice)
c0de17c0 c0de17c0        0     1                 $t.5
c0de17c1 c0de17c1       7c     1                 review_warning_choice
c0de1820 c0de1820        0     1                 $d.6
c0de183c c0de183c        6     2         build/nanos2/obj/app/src/ui/menu_nbgl.o:(.text.OUTLINED_FUNCTION_0)
c0de183c c0de183c        0     1                 $t.7
c0de183d c0de183d        6     1                 OUTLINED_FUNCTION_0
c0de1844 c0de1844       a4     4         build/nanos2/obj/app/src/ui/nbgl_display_address.o:(.text.ui_display_address)
c0de1844 c0de1844        0     1                 $t.0
c0de1845 c0de1845       a4     1                 ui_display_address
c0de18d4 c0de18d4        0     1                 $d.1
c0de18e8 c0de18e8        e     2         build/nanos2/obj/app/src/ui/nbgl_display_address.o:(.text.io_send_sw)
c0de18e8 c0de18e8        0     1                 $t.2
c0de18e9 c0de18e9        e     1                 io_send_sw
c0de18f8 c0de18f8       20     4         build/nanos2/obj/app/src/ui/nbgl_display_address.o:(.text.review_choice)
c0de18f8 c0de18f8        0     1                 $t.3
c0de18f9 c0de18f9       20     1                 review_choice
c0de1914 c0de1914        0     1                 $d.4
c0de1918 c0de1918      13c     4         build/nanos2/obj/app/src/ui/nbgl_display_transaction.o:(.text.ui_display_transaction_bs_choice)
c0de1918 c0de1918        0     1                 $t.0
c0de1919 c0de1919      13c     1                 ui_display_transaction_bs_choice
c0de1a2c c0de1a2c        0     1                 $d.1
c0de1a54 c0de1a54        e     2         build/nanos2/obj/app/src/ui/nbgl_display_transaction.o:(.text.io_send_sw)
c0de1a54 c0de1a54        0     1                 $t.2
c0de1a55 c0de1a55        e     1                 io_send_sw
c0de1a64 c0de1a64       1c     4         build/nanos2/obj/app/src/ui/nbgl_display_transaction.o:(.text.review_choice)
c0de1a64 c0de1a64        0     1                 $t.3
c0de1a65 c0de1a65       1c     1                 review_choice
c0de1a7c c0de1a7c        0     1                 $d.4
c0de1a80 c0de1a80        6     2         build/nanos2/obj/app/src/ui/nbgl_display_transaction.o:(.text.ui_display_blind_signed_transaction)
c0de1a80 c0de1a80        0     1                 $t.5
c0de1a81 c0de1a81        6     1                 ui_display_blind_signed_transaction
c0de1a86 c0de1a86        6     2         build/nanos2/obj/app/src/ui/nbgl_display_transaction.o:(.text.ui_display_transaction)
c0de1a86 c0de1a86        0     1                 $t.6
c0de1a87 c0de1a87        6     1                 ui_display_transaction
c0de1a8c c0de1a8c       6c     4         build/nanos2/obj/app/src/zknox/ecc/zkn_eddsa.o:(.text.zkn_prv_hash)
c0de1a8c c0de1a8c        0     1                 $t.0
c0de1a8d c0de1a8d       6c     1                 zkn_prv_hash
c0de1af4 c0de1af4        0     1                 $d.1
c0de1af8 c0de1af8       4e     2         build/nanos2/obj/app/src/zknox/ecc/zkn_eddsa.o:(.text.zkn_prv2pub)
c0de1af8 c0de1af8        0     1                 $t.2
c0de1af9 c0de1af9       4e     1                 zkn_prv2pub
c0de1b48 c0de1b48      2b8     4         build/nanos2/obj/app/src/zknox/ecc/zkn_eddsa.o:(.text.EddsaPoseidon_Sign_final)
c0de1b48 c0de1b48        0     1                 $t.3
c0de1b49 c0de1b49      2b8     1                 EddsaPoseidon_Sign_final
c0de1df8 c0de1df8        0     1                 $d.4
c0de1e00 c0de1e00        8     2         build/nanos2/obj/app/src/zknox/ecc/zkn_eddsa.o:(.text.rev64)
c0de1e00 c0de1e00        0     1                 $t.5
c0de1e01 c0de1e01        8     1                 rev64
c0de1e08 c0de1e08        8     2         build/nanos2/obj/app/src/zknox/ecc/zkn_eddsa.o:(.text.OUTLINED_FUNCTION_0)
c0de1e08 c0de1e08        0     1                 $t.6
c0de1e09 c0de1e09        8     1                 OUTLINED_FUNCTION_0
c0de1e10 c0de1e10        6     2         build/nanos2/obj/app/src/zknox/ecc/zkn_eddsa.o:(.text.OUTLINED_FUNCTION_1)
c0de1e10 c0de1e10        0     1                 $t.7
c0de1e11 c0de1e11        6     1                 OUTLINED_FUNCTION_1
c0de1e16 c0de1e16       c0     2         build/nanos2/obj/app/src/zknox/ecc/zkn_frost.o:(.text.zkn_frost_interpolate)
c0de1e16 c0de1e16        0     1                 $t.0
c0de1e17 c0de1e17       c0     1                 zkn_frost_interpolate
c0de1ed6 c0de1ed6       84     2         build/nanos2/obj/app/src/zknox/ecc/zkn_frost.o:(.text.zkn_frost_interpolate_secrets)
c0de1ed6 c0de1ed6        0     1                 $t.1
c0de1ed7 c0de1ed7       84     1                 zkn_frost_interpolate_secrets
c0de1f5a c0de1f5a       72     2         build/nanos2/obj/app/src/zknox/ecc/zkn_frost.o:(.text.zkn_evalshare)
c0de1f5a c0de1f5a        0     1                 $t.3
c0de1f5b c0de1f5b       72     1                 zkn_evalshare
c0de1fcc c0de1fcc       fa     2         build/nanos2/obj/app/src/zknox/ecc/zkn_frost.o:(.text.zkn_encode_group_commitmentHash)
c0de1fcc c0de1fcc        0     1                 $t.6
c0de1fcd c0de1fcd       fa     1                 zkn_encode_group_commitmentHash
c0de20c6 c0de20c6       d6     2         build/nanos2/obj/app/src/zknox/ecc/zkn_frost.o:(.text.zkn_compute_group_commitment)
c0de20c6 c0de20c6        0     1                 $t.7
c0de20c7 c0de20c7       d6     1                 zkn_compute_group_commitment
c0de219c c0de219c      106     2         build/nanos2/obj/app/src/zknox/ecc/zkn_frost.o:(.text.zkn_compute_binding_factors)
c0de219c c0de219c        0     1                 $t.8
c0de219d c0de219d      106     1                 zkn_compute_binding_factors
c0de22a2 c0de22a2       10     2         build/nanos2/obj/app/src/zknox/ecc/zkn_frost.o:(.text.zkn_serialize_scalar_for_hash)
c0de22a2 c0de22a2        0     1                 $t.9
c0de22a3 c0de22a3       10     1                 zkn_serialize_scalar_for_hash
c0de22b2 c0de22b2       16     2         build/nanos2/obj/app/src/zknox/ecc/zkn_frost.o:(.text.OUTLINED_FUNCTION_0)
c0de22b2 c0de22b2        0     1                 $t.16
c0de22b3 c0de22b3       16     1                 OUTLINED_FUNCTION_0
c0de22c8 c0de22c8        8     2         build/nanos2/obj/app/src/zknox/ecc/zkn_frost.o:(.text.OUTLINED_FUNCTION_2)
c0de22c8 c0de22c8        0     1                 $t.18
c0de22c9 c0de22c9        8     1                 OUTLINED_FUNCTION_2
c0de22d0 c0de22d0        6     2         build/nanos2/obj/app/src/zknox/ecc/zkn_frost.o:(.text.OUTLINED_FUNCTION_3)
c0de22d0 c0de22d0        0     1                 $t.19
c0de22d1 c0de22d1        6     1                 OUTLINED_FUNCTION_3
c0de22d6 c0de22d6        6     2         build/nanos2/obj/app/src/zknox/ecc/zkn_frost.o:(.text.OUTLINED_FUNCTION_4)
c0de22d6 c0de22d6        0     1                 $t.20
c0de22d7 c0de22d7        6     1                 OUTLINED_FUNCTION_4
c0de22dc c0de22dc       2a     2         build/nanos2/obj/app/src/zknox/ecc/zkn_tEdwards.o:(.text.tEdwards_alloc)
c0de22dc c0de22dc        0     1                 $t.0
c0de22dd c0de22dd       2a     1                 tEdwards_alloc
c0de2306 c0de2306       22     2         build/nanos2/obj/app/src/zknox/ecc/zkn_tEdwards.o:(.text.tEdwards_destroy)
c0de2306 c0de2306        0     1                 $t.1
c0de2307 c0de2307       22     1                 tEdwards_destroy
c0de2328 c0de2328       d6     2         build/nanos2/obj/app/src/zknox/ecc/zkn_tEdwards.o:(.text.tEdwards_double)
c0de2328 c0de2328        0     1                 $t.2
c0de2329 c0de2329       d6     1                 tEdwards_double
c0de23fe c0de23fe      130     2         build/nanos2/obj/app/src/zknox/ecc/zkn_tEdwards.o:(.text.tEdwards_add)
c0de23fe c0de23fe        0     1                 $t.3
c0de23ff c0de23ff      130     1                 tEdwards_add
c0de252e c0de252e       ac     2         build/nanos2/obj/app/src/zknox/ecc/zkn_tEdwards.o:(.text.tEdwards_IsOnCurve)
c0de252e c0de252e        0     1                 $t.4
c0de252f c0de252f       ac     1                 tEdwards_IsOnCurve
c0de25dc c0de25dc      1e0     4         build/nanos2/obj/app/src/zknox/ecc/zkn_tEdwards.o:(.text.tEdwards_Curve_alloc_init)
c0de25dc c0de25dc        0     1                 $t.5
c0de25dd c0de25dd      1e0     1                 tEdwards_Curve_alloc_init
c0de2790 c0de2790        0     1                 $d.6
c0de27bc c0de27bc       7e     2         build/nanos2/obj/app/src/zknox/ecc/zkn_tEdwards.o:(.text.tEdwards_init)
c0de27bc c0de27bc        0     1                 $t.7
c0de27bd c0de27bd       7e     1                 tEdwards_init
c0de283a c0de283a       92     2         build/nanos2/obj/app/src/zknox/ecc/zkn_tEdwards.o:(.text.tEdwards_Curve_partial_destroy)
c0de283a c0de283a        0     1                 $t.9
c0de283b c0de283b       92     1                 tEdwards_Curve_partial_destroy
c0de28cc c0de28cc       26     2         build/nanos2/obj/app/src/zknox/ecc/zkn_tEdwards.o:(.text.tEdwards_SetNeutral)
c0de28cc c0de28cc        0     1                 $t.11
c0de28cd c0de28cd       26     1                 tEdwards_SetNeutral
c0de28f2 c0de28f2       4c     2         build/nanos2/obj/app/src/zknox/ecc/zkn_tEdwards.o:(.text.tEdwards_export)
c0de28f2 c0de28f2        0     1                 $t.12
c0de28f3 c0de28f3       4c     1                 tEdwards_export
c0de293e c0de293e       5a     2         build/nanos2/obj/app/src/zknox/ecc/zkn_tEdwards.o:(.text.tEdwards_normalize)
c0de293e c0de293e        0     1                 $t.13
c0de293f c0de293f       5a     1                 tEdwards_normalize
c0de2998 c0de2998       26     2         build/nanos2/obj/app/src/zknox/ecc/zkn_tEdwards.o:(.text.tEdwards_copy)
c0de2998 c0de2998        0     1                 $t.14
c0de2999 c0de2999       26     1                 tEdwards_copy
c0de29be c0de29be       3e     2         build/nanos2/obj/app/src/zknox/ecc/zkn_tEdwards.o:(.text.tEdwards_alloc_init)
c0de29be c0de29be        0     1                 $t.15
c0de29bf c0de29bf       3e     1                 tEdwards_alloc_init
c0de29fc c0de29fc       ca     2         build/nanos2/obj/app/src/zknox/ecc/zkn_tEdwards.o:(.text.tEdwards_scalarMul_bn)
c0de29fc c0de29fc        0     1                 $t.17
c0de29fd c0de29fd       ca     1                 tEdwards_scalarMul_bn
c0de2ac8 c0de2ac8       40     4         build/nanos2/obj/app/src/zknox/ecc/zkn_tEdwards.o:(.text.tEdwards_scalarMul)
c0de2ac8 c0de2ac8        0     1                 $t.18
c0de2ac9 c0de2ac9       40     1                 tEdwards_scalarMul
c0de2b04 c0de2b04        0     1                 $d.19
c0de2b08 c0de2b08        6     2         build/nanos2/obj/app/src/zknox/ecc/zkn_tEdwards.o:(.text.OUTLINED_FUNCTION_0)
c0de2b08 c0de2b08        0     1                 $t.22
c0de2b09 c0de2b09        6     1                 OUTLINED_FUNCTION_0
c0de2b0e c0de2b0e        6     2         build/nanos2/obj/app/src/zknox/ecc/zkn_tEdwards.o:(.text.OUTLINED_FUNCTION_1)
c0de2b0e c0de2b0e        0     1                 $t.23
c0de2b0f c0de2b0f        6     1                 OUTLINED_FUNCTION_1
c0de2b14 c0de2b14        8     2         build/nanos2/obj/app/src/zknox/ecc/zkn_tEdwards.o:(.text.OUTLINED_FUNCTION_2)
c0de2b14 c0de2b14        0     1                 $t.24
c0de2b15 c0de2b15        8     1                 OUTLINED_FUNCTION_2
c0de2b1c c0de2b1c        8     2         build/nanos2/obj/app/src/zknox/ecc/zkn_tEdwards.o:(.text.OUTLINED_FUNCTION_3)
c0de2b1c c0de2b1c        0     1                 $t.25
c0de2b1d c0de2b1d        8     1                 OUTLINED_FUNCTION_3
c0de2b24 c0de2b24        a     2         build/nanos2/obj/app/src/zknox/ecc/zkn_tEdwards.o:(.text.OUTLINED_FUNCTION_4)
c0de2b24 c0de2b24        0     1                 $t.26
c0de2b25 c0de2b25        a     1                 OUTLINED_FUNCTION_4
c0de2b2e c0de2b2e        a     2         build/nanos2/obj/app/src/zknox/ecc/zkn_tEdwards.o:(.text.OUTLINED_FUNCTION_5)
c0de2b2e c0de2b2e        0     1                 $t.27
c0de2b2f c0de2b2f        a     1                 OUTLINED_FUNCTION_5
c0de2b38 c0de2b38        a     2         build/nanos2/obj/app/src/zknox/ecc/zkn_tEdwards.o:(.text.OUTLINED_FUNCTION_6)
c0de2b38 c0de2b38        0     1                 $t.28
c0de2b39 c0de2b39        a     1                 OUTLINED_FUNCTION_6
c0de2b42 c0de2b42        a     2         build/nanos2/obj/app/src/zknox/ecc/zkn_tEdwards.o:(.text.OUTLINED_FUNCTION_7)
c0de2b42 c0de2b42        0     1                 $t.29
c0de2b43 c0de2b43        a     1                 OUTLINED_FUNCTION_7
c0de2b4c c0de2b4c        a     2         build/nanos2/obj/app/src/zknox/ecc/zkn_tEdwards.o:(.text.OUTLINED_FUNCTION_8)
c0de2b4c c0de2b4c        0     1                 $t.30
c0de2b4d c0de2b4d        a     1                 OUTLINED_FUNCTION_8
c0de2b56 c0de2b56        a     2         build/nanos2/obj/app/src/zknox/ecc/zkn_tEdwards.o:(.text.OUTLINED_FUNCTION_9)
c0de2b56 c0de2b56        0     1                 $t.31
c0de2b57 c0de2b57        a     1                 OUTLINED_FUNCTION_9
c0de2b60 c0de2b60        a     2         build/nanos2/obj/app/src/zknox/ecc/zkn_tEdwards.o:(.text.OUTLINED_FUNCTION_10)
c0de2b60 c0de2b60        0     1                 $t.32
c0de2b61 c0de2b61        a     1                 OUTLINED_FUNCTION_10
c0de2b6a c0de2b6a        6     2         build/nanos2/obj/app/src/zknox/ecc/zkn_tEdwards.o:(.text.OUTLINED_FUNCTION_11)
c0de2b6a c0de2b6a        0     1                 $t.33
c0de2b6b c0de2b6b        6     1                 OUTLINED_FUNCTION_11
c0de2b70 c0de2b70       80     4         build/nanos2/obj/app/src/zknox/hash/zkn_poseidon_constants.o:(.text.grain_lfsr_advance)
c0de2b70 c0de2b70        0     1                 $t.0
c0de2b71 c0de2b71       80     1                 grain_lfsr_advance
c0de2be8 c0de2be8        0     1                 $d.1
c0de2bf0 c0de2bf0       4a     2         build/nanos2/obj/app/src/zknox/hash/zkn_poseidon_constants.o:(.text.next64_graingen)
c0de2bf0 c0de2bf0        0     1                 $t.2
c0de2bf1 c0de2bf1       4a     1                 next64_graingen
c0de2c3c c0de2c3c       30     4         build/nanos2/obj/app/src/zknox/hash/zkn_poseidon_constants.o:(.text.init_generator)
c0de2c3c c0de2c3c        0     1                 $t.3
c0de2c3d c0de2c3d       30     1                 init_generator
c0de2c64 c0de2c64        0     1                 $d.4
c0de2c6c c0de2c6c       98     4         build/nanos2/obj/app/src/zknox/hash/zkn_poseidon_constants.o:(.text.gen_integer)
c0de2c6c c0de2c6c        0     1                 $t.5
c0de2c6d c0de2c6d       98     1                 gen_integer
c0de2cf4 c0de2cf4        0     1                 $d.6
c0de2d04 c0de2d04        8     2         build/nanos2/obj/app/src/zknox/hash/zkn_poseidon_constants.o:(.text.rev64)
c0de2d04 c0de2d04        0     1                 $t.7
c0de2d05 c0de2d05        8     1                 rev64
c0de2d0c c0de2d0c        6     2         build/nanos2/obj/app/src/zknox/hash/zkn_poseidon_constants.o:(.text.Poseidon_getNext_RC)
c0de2d0c c0de2d0c        0     1                 $t.8
c0de2d0d c0de2d0d        6     1                 Poseidon_getNext_RC
c0de2d14 c0de2d14       cc     4         build/nanos2/obj/app/src/zknox/hash/zkn_poseidon_constants.o:(.text.Poseidon_alloc_init)
c0de2d14 c0de2d14        0     1                 $t.9
c0de2d15 c0de2d15       cc     1                 Poseidon_alloc_init
c0de2ddc c0de2ddc        0     1                 $d.10
c0de2de0 c0de2de0      1a0     4         build/nanos2/obj/app/src/zknox/hash/zkn_poseidon_constants.o:(.text.Poseidon)
c0de2de0 c0de2de0        0     1                 $t.13
c0de2de1 c0de2de1      1a0     1                 Poseidon
c0de2f7c c0de2f7c        0     1                 $d.14
c0de2f80 c0de2f80       98     4         build/nanos2/obj/app/src/zknox/hash/zkn_rfc9591frost.o:(.text.RFC9591_taggedHash)
c0de2f80 c0de2f80        0     1                 $t.0
c0de2f81 c0de2f81       98     1                 RFC9591_taggedHash
c0de3014 c0de3014        0     1                 $d.1
c0de3018 c0de3018       1c     2         build/nanos2/obj/app/src/zknox/hash/zkn_rfc9591frost.o:(.text.Babyfrost_H1)
c0de3018 c0de3018        0     1                 $t.2
c0de3019 c0de3019       1c     1                 Babyfrost_H1
c0de3034 c0de3034       28     4         build/nanos2/obj/app/src/zknox/hash/zkn_rfc9591frost.o:(.text.Babyfrost_H3)
c0de3034 c0de3034        0     1                 $t.3
c0de3035 c0de3035       28     1                 Babyfrost_H3
c0de3058 c0de3058        0     1                 $d.4
c0de305c c0de305c       1c     2         build/nanos2/obj/app/src/zknox/hash/zkn_rfc9591frost.o:(.text.Babyfrost_H4)
c0de305c c0de305c        0     1                 $t.5
c0de305d c0de305d       1c     1                 Babyfrost_H4
c0de3078 c0de3078       1c     2         build/nanos2/obj/app/src/zknox/hash/zkn_rfc9591frost.o:(.text.Babyfrost_H5)
c0de3078 c0de3078        0     1                 $t.6
c0de3079 c0de3079       1c     1                 Babyfrost_H5
c0de3094 c0de3094       2c     2         build/nanos2/obj/app/src/zknox/hash/zkn_rfc9591frost.o:(.text.zkn_frost_hash_init)
c0de3094 c0de3094        0     1                 $t.7
c0de3095 c0de3095       2c     1                 zkn_frost_hash_init
c0de30c0 c0de30c0       34     4         build/nanos2/obj/app/src/zknox/hash/zkn_rfc9591frost.o:(.text.zkn_frost_H1_init)
c0de30c0 c0de30c0        0     1                 $t.8
c0de30c1 c0de30c1       34     1                 zkn_frost_H1_init
c0de30f0 c0de30f0        0     1                 $d.9
c0de30f4 c0de30f4       34     4         build/nanos2/obj/app/src/zknox/hash/zkn_rfc9591frost.o:(.text.zkn_frost_H5_init)
c0de30f4 c0de30f4        0     1                 $t.10
c0de30f5 c0de30f5       34     1                 zkn_frost_H5_init
c0de3124 c0de3124        0     1                 $d.11
c0de3128 c0de3128        4     2         build/nanos2/obj/app/src/zknox/hash/zkn_rfc9591frost.o:(.text.zkn_frost_hash_update)
c0de3128 c0de3128        0     1                 $t.12
c0de3129 c0de3129        4     1                 zkn_frost_hash_update
c0de312c c0de312c       50     2         build/nanos2/obj/app/src/zknox/hash/zkn_rfc9591frost.o:(.text.zkn_frost_hash_final)
c0de312c c0de312c        0     1                 $t.13
c0de312d c0de312d       50     1                 zkn_frost_hash_final
c0de317c c0de317c       14     2         build/nanos2/obj/app/src/zknox/hash/zkn_rfc9591frost.o:(.text.OUTLINED_FUNCTION_0)
c0de317c c0de317c        0     1                 $t.14
c0de317d c0de317d       14     1                 OUTLINED_FUNCTION_0
c0de3190 c0de3190        e     2         build/nanos2/obj/app/src/zknox/hash/zkn_rfc9591frost.o:(.text.OUTLINED_FUNCTION_1)
c0de3190 c0de3190        0     1                 $t.15
c0de3191 c0de3191        e     1                 OUTLINED_FUNCTION_1
c0de319e c0de319e        a     2         build/nanos2/obj/app/src/zknox/hash/zkn_rfc9591frost.o:(.text.OUTLINED_FUNCTION_2)
c0de319e c0de319e        0     1                 $t.16
c0de319f c0de319f        a     1                 OUTLINED_FUNCTION_2
c0de31a8 c0de31a8        e     2         build/nanos2/obj/app/src/zknox/hash/zkn_rfc9591frost.o:(.text.OUTLINED_FUNCTION_3)
c0de31a8 c0de31a8        0     1                 $t.17
c0de31a9 c0de31a9        e     1                 OUTLINED_FUNCTION_3
c0de31b6 c0de31b6       d6     2         build/nanos2/obj/sdk/io/src/os_io_default_apdu.o:(.text.os_io_handle_default_apdu)
c0de31b6 c0de31b6        0     1                 $t.0
c0de31b7 c0de31b7       d6     1                 os_io_handle_default_apdu
c0de328c c0de328c        e     2         build/nanos2/obj/sdk/io/src/os_io_default_apdu.o:(.text.OUTLINED_FUNCTION_0)
c0de328c c0de328c        0     1                 $t.1
c0de328d c0de328d        e     1                 OUTLINED_FUNCTION_0
c0de329a c0de329a       1c     2         build/nanos2/obj/sdk/io/src/os_io_seph_ux.o:(.text.io_process_itc_ux_event)
c0de329a c0de329a        0     1                 $t.2
c0de329b c0de329b       1c     1                 io_process_itc_ux_event
c0de32b8 c0de32b8       28     4         build/nanos2/obj/sdk/io_legacy/src/os_io_legacy.o:(.text.io_legacy_apdu_tx)
c0de32b8 c0de32b8        0     1                 $t.12
c0de32b9 c0de32b9       28     1                 io_legacy_apdu_tx
c0de32d8 c0de32d8        0     1                 $d.13
c0de32e0 c0de32e0      1b4     4         build/nanos2/obj/sdk/io_legacy/src/os_io_legacy.o:(.text.io_legacy_apdu_rx)
c0de32e0 c0de32e0        0     1                 $t.14
c0de32e1 c0de32e1      1b4     1                 io_legacy_apdu_rx
c0de3478 c0de3478        0     1                 $d.15
c0de3494 c0de3494       38     4         build/nanos2/obj/sdk/io_legacy/src/os_io_legacy.o:(.text.io_seproxyhal_init)
c0de3494 c0de3494        0     1                 $t.16
c0de3495 c0de3495       38     1                 io_seproxyhal_init
c0de34c8 c0de34c8        0     1                 $d.17
c0de34cc c0de34cc       ac     2         build/nanos2/obj/sdk/lib_nbgl/src/nbgl_layout_nanos.o:(.text.getTextMaxLenAndWidth)
c0de34cc c0de34cc        0     1                 $t.0
c0de34cd c0de34cd       ac     1                 getTextMaxLenAndWidth
c0de3578 c0de3578       78     4         build/nanos2/obj/sdk/lib_nbgl/src/nbgl_layout_nanos.o:(.text.nbgl_layoutGet)
c0de3578 c0de3578        0     1                 $t.2
c0de3579 c0de3579       78     1                 nbgl_layoutGet
c0de35e8 c0de35e8        0     1                 $d.3
c0de35f0 c0de35f0       50     4         build/nanos2/obj/sdk/lib_nbgl/src/nbgl_layout_nanos.o:(.text.buttonCallback)
c0de35f0 c0de35f0        0     1                 $t.4
c0de35f1 c0de35f1       50     1                 buttonCallback
c0de363c c0de363c        0     1                 $d.5
c0de3640 c0de3640       bc     4         build/nanos2/obj/sdk/lib_nbgl/src/nbgl_layout_nanos.o:(.text.nbgl_layoutAddNavigation)
c0de3640 c0de3640        0     1                 $t.6
c0de3641 c0de3641       bc     1                 nbgl_layoutAddNavigation
c0de36ec c0de36ec        0     1                 $d.7
c0de36fc c0de36fc      380     4         build/nanos2/obj/sdk/lib_nbgl/src/nbgl_layout_nanos.o:(.text.nbgl_layoutAddText)
c0de36fc c0de36fc        0     1                 $t.8
c0de36fd c0de36fd      380     1                 nbgl_layoutAddText
c0de3a78 c0de3a78        0     1                 $d.9
c0de3a7c c0de3a7c       a8     2         build/nanos2/obj/sdk/lib_nbgl/src/nbgl_layout_nanos.o:(.text.nbgl_layoutAddMenuList)
c0de3a7c c0de3a7c        0     1                 $t.10
c0de3a7d c0de3a7d       a8     1                 nbgl_layoutAddMenuList
c0de3b24 c0de3b24      340     2         build/nanos2/obj/sdk/lib_nbgl/src/nbgl_layout_nanos.o:(.text.nbgl_layoutAddCenteredInfo)
c0de3b24 c0de3b24        0     1                 $t.11
c0de3b25 c0de3b25      340     1                 nbgl_layoutAddCenteredInfo
c0de3e64 c0de3e64      1dc     4         build/nanos2/obj/sdk/lib_nbgl/src/nbgl_layout_nanos.o:(.text.nbgl_layoutAddSwitch)
c0de3e64 c0de3e64        0     1                 $t.14
c0de3e65 c0de3e65      1dc     1                 nbgl_layoutAddSwitch
c0de4030 c0de4030        0     1                 $d.15
c0de4040 c0de4040       10     2         build/nanos2/obj/sdk/lib_nbgl/src/nbgl_layout_nanos.o:(.text.nbgl_layoutDraw)
c0de4040 c0de4040        0     1                 $t.16
c0de4041 c0de4041       10     1                 nbgl_layoutDraw
c0de4050 c0de4050       1a     2         build/nanos2/obj/sdk/lib_nbgl/src/nbgl_layout_nanos.o:(.text.nbgl_layoutRelease)
c0de4050 c0de4050        0     1                 $t.17
c0de4051 c0de4051       1a     1                 nbgl_layoutRelease
c0de406a c0de406a       1a     2         build/nanos2/obj/sdk/lib_nbgl/src/nbgl_layout_nanos.o:(.text.OUTLINED_FUNCTION_1)
c0de406a c0de406a        0     1                 $t.19
c0de406b c0de406b       1a     1                 OUTLINED_FUNCTION_1
c0de4084 c0de4084       1a     2         build/nanos2/obj/sdk/lib_nbgl/src/nbgl_layout_nanos.o:(.text.OUTLINED_FUNCTION_2)
c0de4084 c0de4084        0     1                 $t.20
c0de4085 c0de4085       1a     1                 OUTLINED_FUNCTION_2
c0de409e c0de409e       12     2         build/nanos2/obj/sdk/lib_nbgl/src/nbgl_layout_nanos.o:(.text.OUTLINED_FUNCTION_3)
c0de409e c0de409e        0     1                 $t.21
c0de409f c0de409f       12     1                 OUTLINED_FUNCTION_3
c0de40b0 c0de40b0        6     2         build/nanos2/obj/sdk/lib_nbgl/src/nbgl_layout_nanos.o:(.text.OUTLINED_FUNCTION_4)
c0de40b0 c0de40b0        0     1                 $t.22
c0de40b1 c0de40b1        6     1                 OUTLINED_FUNCTION_4
c0de40b6 c0de40b6        a     2         build/nanos2/obj/sdk/lib_nbgl/src/nbgl_layout_nanos.o:(.text.OUTLINED_FUNCTION_5)
c0de40b6 c0de40b6        0     1                 $t.23
c0de40b7 c0de40b7        a     1                 OUTLINED_FUNCTION_5
c0de40c0 c0de40c0       10     2         build/nanos2/obj/sdk/lib_nbgl/src/nbgl_layout_nanos.o:(.text.OUTLINED_FUNCTION_6)
c0de40c0 c0de40c0        0     1                 $t.24
c0de40c1 c0de40c1       10     1                 OUTLINED_FUNCTION_6
c0de40d0 c0de40d0        8     2         build/nanos2/obj/sdk/lib_nbgl/src/nbgl_layout_nanos.o:(.text.OUTLINED_FUNCTION_7)
c0de40d0 c0de40d0        0     1                 $t.25
c0de40d1 c0de40d1        8     1                 OUTLINED_FUNCTION_7
c0de40d8 c0de40d8        6     2         build/nanos2/obj/sdk/lib_nbgl/src/nbgl_layout_nanos.o:(.text.OUTLINED_FUNCTION_8)
c0de40d8 c0de40d8        0     1                 $t.26
c0de40d9 c0de40d9        6     1                 OUTLINED_FUNCTION_8
c0de40de c0de40de        e     2         build/nanos2/obj/sdk/lib_nbgl/src/nbgl_layout_nanos.o:(.text.OUTLINED_FUNCTION_9)
c0de40de c0de40de        0     1                 $t.27
c0de40df c0de40df        e     1                 OUTLINED_FUNCTION_9
c0de40ec c0de40ec       72     2         build/nanos2/obj/sdk/lib_nbgl/src/nbgl_step.o:(.text.nbgl_stepDrawText)
c0de40ec c0de40ec        0     1                 $t.0
c0de40ed c0de40ed       72     1                 nbgl_stepDrawText
c0de4160 c0de4160       4c     4         build/nanos2/obj/sdk/lib_nbgl/src/nbgl_step.o:(.text.getFreeContext)
c0de4160 c0de4160        0     1                 $t.1
c0de4161 c0de4161       4c     1                 getFreeContext
c0de41a8 c0de41a8        0     1                 $d.2
c0de41ac c0de41ac      1cc     4         build/nanos2/obj/sdk/lib_nbgl/src/nbgl_step.o:(.text.displayTextPage)
c0de41ac c0de41ac        0     1                 $t.3
c0de41ad c0de41ad      1cc     1                 displayTextPage
c0de4370 c0de4370        0     1                 $d.4
c0de4378 c0de4378       7c     4         build/nanos2/obj/sdk/lib_nbgl/src/nbgl_step.o:(.text.nbgl_stepDrawCenteredInfo)
c0de4378 c0de4378        0     1                 $t.5
c0de4379 c0de4379       7c     1                 nbgl_stepDrawCenteredInfo
c0de43f0 c0de43f0        0     1                 $d.6
c0de43f4 c0de43f4       6c     2         build/nanos2/obj/sdk/lib_nbgl/src/nbgl_step.o:(.text.actionCallback)
c0de43f4 c0de43f4        0     1                 $t.7
c0de43f5 c0de43f5       6c     1                 actionCallback
c0de4460 c0de4460       38     2         build/nanos2/obj/sdk/lib_nbgl/src/nbgl_step.o:(.text.getNavigationInfo)
c0de4460 c0de4460        0     1                 $t.8
c0de4461 c0de4461       38     1                 getNavigationInfo
c0de4498 c0de4498       36     2         build/nanos2/obj/sdk/lib_nbgl/src/nbgl_step.o:(.text.nbgl_stepDrawMenuList)
c0de4498 c0de4498        0     1                 $t.9
c0de4499 c0de4499       36     1                 nbgl_stepDrawMenuList
c0de44d0 c0de44d0       78     4         build/nanos2/obj/sdk/lib_nbgl/src/nbgl_step.o:(.text.displayMenuList)
c0de44d0 c0de44d0        0     1                 $t.10
c0de44d1 c0de44d1       78     1                 displayMenuList
c0de4544 c0de4544        0     1                 $d.11
c0de4548 c0de4548       7c     4         build/nanos2/obj/sdk/lib_nbgl/src/nbgl_step.o:(.text.nbgl_stepDrawSwitch)
c0de4548 c0de4548        0     1                 $t.13
c0de4549 c0de4549       7c     1                 nbgl_stepDrawSwitch
c0de45c0 c0de45c0        0     1                 $d.14
c0de45c4 c0de45c4       18     2         build/nanos2/obj/sdk/lib_nbgl/src/nbgl_step.o:(.text.nbgl_stepRelease)
c0de45c4 c0de45c4        0     1                 $t.15
c0de45c5 c0de45c5       18     1                 nbgl_stepRelease
c0de45dc c0de45dc       28     4         build/nanos2/obj/sdk/lib_nbgl/src/nbgl_step.o:(.text.getContextFromLayout)
c0de45dc c0de45dc        0     1                 $t.16
c0de45dd c0de45dd       28     1                 getContextFromLayout
c0de4600 c0de4600        0     1                 $d.17
c0de4604 c0de4604       40     2         build/nanos2/obj/sdk/lib_nbgl/src/nbgl_step.o:(.text.menuListActionCallback)
c0de4604 c0de4604        0     1                 $t.18
c0de4605 c0de4605       40     1                 menuListActionCallback
c0de4644 c0de4644       8e     2         build/nanos2/obj/sdk/lib_nbgl/src/nbgl_step.o:(.text.OUTLINED_FUNCTION_0)
c0de4644 c0de4644        0     1                 $t.19
c0de4645 c0de4645       8e     1                 OUTLINED_FUNCTION_0
c0de46d2 c0de46d2       4a     2         build/nanos2/obj/sdk/lib_nbgl/src/nbgl_step.o:(.text.OUTLINED_FUNCTION_1)
c0de46d2 c0de46d2        0     1                 $t.20
c0de46d3 c0de46d3       4a     1                 OUTLINED_FUNCTION_1
c0de471c c0de471c       12     2         build/nanos2/obj/sdk/lib_nbgl/src/nbgl_step.o:(.text.OUTLINED_FUNCTION_2)
c0de471c c0de471c        0     1                 $t.21
c0de471d c0de471d       12     1                 OUTLINED_FUNCTION_2
c0de472e c0de472e        a     2         build/nanos2/obj/sdk/lib_nbgl/src/nbgl_step.o:(.text.OUTLINED_FUNCTION_3)
c0de472e c0de472e        0     1                 $t.22
c0de472f c0de472f        a     1                 OUTLINED_FUNCTION_3
c0de4738 c0de4738        6     2         build/nanos2/obj/sdk/lib_nbgl/src/nbgl_step.o:(.text.OUTLINED_FUNCTION_4)
c0de4738 c0de4738        0     1                 $t.23
c0de4739 c0de4739        6     1                 OUTLINED_FUNCTION_4
c0de473e c0de473e        e     2         build/nanos2/obj/sdk/lib_nbgl/src/nbgl_step.o:(.text.OUTLINED_FUNCTION_5)
c0de473e c0de473e        0     1                 $t.24
c0de473f c0de473f        e     1                 OUTLINED_FUNCTION_5
c0de474c c0de474c       4c     4         build/nanos2/obj/sdk/lib_nbgl/src/nbgl_use_case_nanos.o:(.text.nbgl_useCaseHomeAndSettings)
c0de474c c0de474c        0     1                 $t.11
c0de474d c0de474d       4c     1                 nbgl_useCaseHomeAndSettings
c0de4794 c0de4794        0     1                 $d.12
c0de4798 c0de4798       78     4         build/nanos2/obj/sdk/lib_nbgl/src/nbgl_use_case_nanos.o:(.text.startUseCaseSettingsAtPage)
c0de4798 c0de4798        0     1                 $t.13
c0de4799 c0de4799       78     1                 startUseCaseSettingsAtPage
c0de480c c0de480c        0     1                 $d.14
c0de4810 c0de4810       8c     4         build/nanos2/obj/sdk/lib_nbgl/src/nbgl_use_case_nanos.o:(.text.startUseCaseHome)
c0de4810 c0de4810        0     1                 $t.15
c0de4811 c0de4811       8c     1                 startUseCaseHome
c0de4898 c0de4898        0     1                 $d.16
c0de489c c0de489c       20     2         build/nanos2/obj/sdk/lib_nbgl/src/nbgl_use_case_nanos.o:(.text.nbgl_useCaseReview)
c0de489c c0de489c        0     1                 $t.20
c0de489d c0de489d       20     1                 nbgl_useCaseReview
c0de48bc c0de48bc       50     4         build/nanos2/obj/sdk/lib_nbgl/src/nbgl_use_case_nanos.o:(.text.useCaseReview)
c0de48bc c0de48bc        0     1                 $t.21
c0de48bd c0de48bd       50     1                 useCaseReview
c0de4908 c0de4908        0     1                 $d.22
c0de490c c0de490c       bc     4         build/nanos2/obj/sdk/lib_nbgl/src/nbgl_use_case_nanos.o:(.text.nbgl_useCaseAdvancedReview)
c0de490c c0de490c        0     1                 $t.23
c0de490d c0de490d       bc     1                 nbgl_useCaseAdvancedReview
c0de49c4 c0de49c4        0     1                 $d.24
c0de49c8 c0de49c8       14     4         build/nanos2/obj/sdk/lib_nbgl/src/nbgl_use_case_nanos.o:(.text.displayInitialWarning)
c0de49c8 c0de49c8        0     1                 $t.25
c0de49c9 c0de49c9       14     1                 displayInitialWarning
c0de49d8 c0de49d8        0     1                 $d.26
c0de49dc c0de49dc       24     4         build/nanos2/obj/sdk/lib_nbgl/src/nbgl_use_case_nanos.o:(.text.nbgl_useCaseReviewBlindSigning)
c0de49dc c0de49dc        0     1                 $t.27
c0de49dd c0de49dd       24     1                 nbgl_useCaseReviewBlindSigning
c0de49fc c0de49fc        0     1                 $d.28
c0de4a00 c0de4a00       68     4         build/nanos2/obj/sdk/lib_nbgl/src/nbgl_use_case_nanos.o:(.text.nbgl_useCaseAddressReview)
c0de4a00 c0de4a00        0     1                 $t.30
c0de4a01 c0de4a01       68     1                 nbgl_useCaseAddressReview
c0de4a64 c0de4a64        0     1                 $d.31
c0de4a68 c0de4a68      198     4         build/nanos2/obj/sdk/lib_nbgl/src/nbgl_use_case_nanos.o:(.text.displayReviewPage)
c0de4a68 c0de4a68        0     1                 $t.32
c0de4a69 c0de4a69      198     1                 displayReviewPage
c0de4be4 c0de4be4        0     1                 $d.33
c0de4c00 c0de4c00       40     4         build/nanos2/obj/sdk/lib_nbgl/src/nbgl_use_case_nanos.o:(.text.nbgl_useCaseStatus)
c0de4c00 c0de4c00        0     1                 $t.36
c0de4c01 c0de4c01       40     1                 nbgl_useCaseStatus
c0de4c38 c0de4c38        0     1                 $d.37
c0de4c40 c0de4c40      188     4         build/nanos2/obj/sdk/lib_nbgl/src/nbgl_use_case_nanos.o:(.text.drawStep)
c0de4c40 c0de4c40        0     1                 $t.38
c0de4c41 c0de4c41      188     1                 drawStep
c0de4db4 c0de4db4        0     1                 $d.39
c0de4dc8 c0de4dc8       1c     4         build/nanos2/obj/sdk/lib_nbgl/src/nbgl_use_case_nanos.o:(.text.statusButtonCallback)
c0de4dc8 c0de4dc8        0     1                 $t.40
c0de4dc9 c0de4dc9       1c     1                 statusButtonCallback
c0de4de0 c0de4de0        0     1                 $d.41
c0de4de4 c0de4de4       94     4         build/nanos2/obj/sdk/lib_nbgl/src/nbgl_use_case_nanos.o:(.text.nbgl_useCaseReviewStatus)
c0de4de4 c0de4de4        0     1                 $t.42
c0de4de5 c0de4de5       94     1                 nbgl_useCaseReviewStatus
c0de4e58 c0de4e58        0     1                 $d.43
c0de4e78 c0de4e78      184     4         build/nanos2/obj/sdk/lib_nbgl/src/nbgl_use_case_nanos.o:(.text.displayStreamingReviewPage)
c0de4e78 c0de4e78        0     1                 $t.46
c0de4e79 c0de4e79      184     1                 displayStreamingReviewPage
c0de4fe8 c0de4fe8        0     1                 $d.47
c0de4ffc c0de4ffc       3c     4         build/nanos2/obj/sdk/lib_nbgl/src/nbgl_use_case_nanos.o:(.text.nbgl_useCaseSpinner)
c0de4ffc c0de4ffc        0     1                 $t.57
c0de4ffd c0de4ffd       3c     1                 nbgl_useCaseSpinner
c0de5030 c0de5030        0     1                 $d.58
c0de5038 c0de5038       38     4         build/nanos2/obj/sdk/lib_nbgl/src/nbgl_use_case_nanos.o:(.text.nbgl_useCaseChoice)
c0de5038 c0de5038        0     1                 $t.59
c0de5039 c0de5039       38     1                 nbgl_useCaseChoice
c0de506c c0de506c        0     1                 $d.60
c0de5070 c0de5070       bc     4         build/nanos2/obj/sdk/lib_nbgl/src/nbgl_use_case_nanos.o:(.text.displayChoicePage)
c0de5070 c0de5070        0     1                 $t.61
c0de5071 c0de5071       bc     1                 displayChoicePage
c0de5114 c0de5114        0     1                 $d.62
c0de512c c0de512c       b4     4         build/nanos2/obj/sdk/lib_nbgl/src/nbgl_use_case_nanos.o:(.text.getContentAtIdx)
c0de512c c0de512c        0     1                 $t.71
c0de512d c0de512d       b4     1                 getContentAtIdx
c0de51dc c0de51dc        0     1                 $d.72
c0de51e0 c0de51e0       34     2         build/nanos2/obj/sdk/lib_nbgl/src/nbgl_use_case_nanos.o:(.text.getContentNbElement)
c0de51e0 c0de51e0        0     1                 $t.73
c0de51e1 c0de51e1       34     1                 getContentNbElement
c0de5214 c0de5214       ac     4         build/nanos2/obj/sdk/lib_nbgl/src/nbgl_use_case_nanos.o:(.text.displayContent)
c0de5214 c0de5214        0     1                 $t.74
c0de5215 c0de5215       ac     1                 displayContent
c0de52a8 c0de52a8        0     1                 $d.75
c0de52c0 c0de52c0      144     4         build/nanos2/obj/sdk/lib_nbgl/src/nbgl_use_case_nanos.o:(.text.getContentPage)
c0de52c0 c0de52c0        0     1                 $t.76
c0de52c1 c0de52c1      144     1                 getContentPage
c0de53f8 c0de53f8        0     1                 $d.77
c0de5404 c0de5404       50     4         build/nanos2/obj/sdk/lib_nbgl/src/nbgl_use_case_nanos.o:(.text.drawSwitchStep)
c0de5404 c0de5404        0     1                 $t.78
c0de5405 c0de5405       50     1                 drawSwitchStep
c0de5450 c0de5450        0     1                 $d.79
c0de5454 c0de5454       1e     2         build/nanos2/obj/sdk/lib_nbgl/src/nbgl_use_case_nanos.o:(.text.contentCallback)
c0de5454 c0de5454        0     1                 $t.80
c0de5455 c0de5455       1e     1                 contentCallback
c0de5474 c0de5474       88     4         build/nanos2/obj/sdk/lib_nbgl/src/nbgl_use_case_nanos.o:(.text.getContentElemAtIdx)
c0de5474 c0de5474        0     1                 $t.81
c0de5475 c0de5475       88     1                 getContentElemAtIdx
c0de54f4 c0de54f4        0     1                 $d.82
c0de54fc c0de54fc       46     2         build/nanos2/obj/sdk/lib_nbgl/src/nbgl_use_case_nanos.o:(.text.getPairData)
c0de54fc c0de54fc        0     1                 $t.83
c0de54fd c0de54fd       46     1                 getPairData
c0de5544 c0de5544       b0     4         build/nanos2/obj/sdk/lib_nbgl/src/nbgl_use_case_nanos.o:(.text.onSwitchAction)
c0de5544 c0de5544        0     1                 $t.84
c0de5545 c0de5545       b0     1                 onSwitchAction
c0de55ec c0de55ec        0     1                 $d.85
c0de55f4 c0de55f4       9c     4         build/nanos2/obj/sdk/lib_nbgl/src/nbgl_use_case_nanos.o:(.text.displaySettingsPage)
c0de55f4 c0de55f4        0     1                 $t.86
c0de55f5 c0de55f5       9c     1                 displaySettingsPage
c0de5678 c0de5678        0     1                 $d.87
c0de5690 c0de5690       1e     2         build/nanos2/obj/sdk/lib_nbgl/src/nbgl_use_case_nanos.o:(.text.settingsCallback)
c0de5690 c0de5690        0     1                 $t.88
c0de5691 c0de5691       1e     1                 settingsCallback
c0de56b0 c0de56b0      124     4         build/nanos2/obj/sdk/lib_nbgl/src/nbgl_use_case_nanos.o:(.text.buttonGenericCallback)
c0de56b0 c0de56b0        0     1                 $t.89
c0de56b1 c0de56b1      124     1                 buttonGenericCallback
c0de57cc c0de57cc        0     1                 $d.90
c0de57d4 c0de57d4       fc     4         build/nanos2/obj/sdk/lib_nbgl/src/nbgl_use_case_nanos.o:(.text.displayHomePage)
c0de57d4 c0de57d4        0     1                 $t.91
c0de57d5 c0de57d5       fc     1                 displayHomePage
c0de58a4 c0de58a4        0     1                 $d.92
c0de58d0 c0de58d0        6     2         build/nanos2/obj/sdk/lib_nbgl/src/nbgl_use_case_nanos.o:(.text.startUseCaseSettings)
c0de58d0 c0de58d0        0     1                 $t.93
c0de58d1 c0de58d1        6     1                 startUseCaseSettings
c0de58d8 c0de58d8       24     4         build/nanos2/obj/sdk/lib_nbgl/src/nbgl_use_case_nanos.o:(.text.startUseCaseInfo)
c0de58d8 c0de58d8        0     1                 $t.94
c0de58d9 c0de58d9       24     1                 startUseCaseInfo
c0de58f8 c0de58f8        0     1                 $d.95
c0de58fc c0de58fc       1c     2         build/nanos2/obj/sdk/lib_nbgl/src/nbgl_use_case_nanos.o:(.text.homeCallback)
c0de58fc c0de58fc        0     1                 $t.96
c0de58fd c0de58fd       1c     1                 homeCallback
c0de5918 c0de5918       78     4         build/nanos2/obj/sdk/lib_nbgl/src/nbgl_use_case_nanos.o:(.text.displayInfoPage)
c0de5918 c0de5918        0     1                 $t.97
c0de5919 c0de5919       78     1                 displayInfoPage
c0de5978 c0de5978        0     1                 $d.98
c0de5990 c0de5990       1c     2         build/nanos2/obj/sdk/lib_nbgl/src/nbgl_use_case_nanos.o:(.text.infoCallback)
c0de5990 c0de5990        0     1                 $t.99
c0de5991 c0de5991       1c     1                 infoCallback
c0de59ac c0de59ac       d0     4         build/nanos2/obj/sdk/lib_nbgl/src/nbgl_use_case_nanos.o:(.text.displayWarningStep)
c0de59ac c0de59ac        0     1                 $t.100
c0de59ad c0de59ad       d0     1                 displayWarningStep
c0de5a68 c0de5a68        0     1                 $d.101
c0de5a7c c0de5a7c      128     4         build/nanos2/obj/sdk/lib_nbgl/src/nbgl_use_case_nanos.o:(.text.getLastPageInfo)
c0de5a7c c0de5a7c        0     1                 $t.102
c0de5a7d c0de5a7d      128     1                 getLastPageInfo
c0de5b48 c0de5b48        0     1                 $d.103
c0de5ba4 c0de5ba4       84     4         build/nanos2/obj/sdk/lib_nbgl/src/nbgl_use_case_nanos.o:(.text.warningNavigate)
c0de5ba4 c0de5ba4        0     1                 $t.104
c0de5ba5 c0de5ba5       84     1                 warningNavigate
c0de5c24 c0de5c24        0     1                 $d.105
c0de5c28 c0de5c28       14     4         build/nanos2/obj/sdk/lib_nbgl/src/nbgl_use_case_nanos.o:(.text.onReviewAccept)
c0de5c28 c0de5c28        0     1                 $t.106
c0de5c29 c0de5c29       14     1                 onReviewAccept
c0de5c38 c0de5c38        0     1                 $d.107
c0de5c3c c0de5c3c       14     4         build/nanos2/obj/sdk/lib_nbgl/src/nbgl_use_case_nanos.o:(.text.onReviewReject)
c0de5c3c c0de5c3c        0     1                 $t.108
c0de5c3d c0de5c3d       14     1                 onReviewReject
c0de5c4c c0de5c4c        0     1                 $d.109
c0de5c50 c0de5c50       38     4         build/nanos2/obj/sdk/lib_nbgl/src/nbgl_use_case_nanos.o:(.text.launchReviewAfterWarning)
c0de5c50 c0de5c50        0     1                 $t.110
c0de5c51 c0de5c51       38     1                 launchReviewAfterWarning
c0de5c84 c0de5c84        0     1                 $d.111
c0de5c88 c0de5c88       b8     4         build/nanos2/obj/sdk/lib_nbgl/src/nbgl_use_case_nanos.o:(.text.buttonSkipCallback)
c0de5c88 c0de5c88        0     1                 $t.112
c0de5c89 c0de5c89       b8     1                 buttonSkipCallback
c0de5d3c c0de5d3c        0     1                 $d.113
c0de5d40 c0de5d40       74     4         build/nanos2/obj/sdk/lib_nbgl/src/nbgl_use_case_nanos.o:(.text.displayAliasFullValue)
c0de5d40 c0de5d40        0     1                 $t.114
c0de5d41 c0de5d41       74     1                 displayAliasFullValue
c0de5db0 c0de5db0        0     1                 $d.115
c0de5db4 c0de5db4       24     4         build/nanos2/obj/sdk/lib_nbgl/src/nbgl_use_case_nanos.o:(.text.reviewCallback)
c0de5db4 c0de5db4        0     1                 $t.116
c0de5db5 c0de5db5       24     1                 reviewCallback
c0de5dd4 c0de5dd4        0     1                 $d.117
c0de5dd8 c0de5dd8       f4     4         build/nanos2/obj/sdk/lib_nbgl/src/nbgl_use_case_nanos.o:(.text.displayExtensionStep)
c0de5dd8 c0de5dd8        0     1                 $t.118
c0de5dd9 c0de5dd9       f4     1                 displayExtensionStep
c0de5eb8 c0de5eb8        0     1                 $d.119
c0de5ecc c0de5ecc       74     4         build/nanos2/obj/sdk/lib_nbgl/src/nbgl_use_case_nanos.o:(.text.extensionNavigate)
c0de5ecc c0de5ecc        0     1                 $t.120
c0de5ecd c0de5ecd       74     1                 extensionNavigate
c0de5f3c c0de5f3c        0     1                 $d.121
c0de5f40 c0de5f40       10     4         build/nanos2/obj/sdk/lib_nbgl/src/nbgl_use_case_nanos.o:(.text.statusTickerCallback)
c0de5f40 c0de5f40        0     1                 $t.122
c0de5f41 c0de5f41       10     1                 statusTickerCallback
c0de5f4c c0de5f4c        0     1                 $d.123
c0de5f50 c0de5f50       64     4         build/nanos2/obj/sdk/lib_nbgl/src/nbgl_use_case_nanos.o:(.text.getChoiceName)
c0de5f50 c0de5f50        0     1                 $t.124
c0de5f51 c0de5f51       64     1                 getChoiceName
c0de5fac c0de5fac        0     1                 $d.125
c0de5fb4 c0de5fb4       6c     4         build/nanos2/obj/sdk/lib_nbgl/src/nbgl_use_case_nanos.o:(.text.onChoiceSelected)
c0de5fb4 c0de5fb4        0     1                 $t.126
c0de5fb5 c0de5fb5       6c     1                 onChoiceSelected
c0de601c c0de601c        0     1                 $d.127
c0de6020 c0de6020       24     4         build/nanos2/obj/sdk/lib_nbgl/src/nbgl_use_case_nanos.o:(.text.streamingReviewCallback)
c0de6020 c0de6020        0     1                 $t.128
c0de6021 c0de6021       24     1                 streamingReviewCallback
c0de6040 c0de6040        0     1                 $d.129
c0de6044 c0de6044       14     4         build/nanos2/obj/sdk/lib_nbgl/src/nbgl_use_case_nanos.o:(.text.onChoiceAccept)
c0de6044 c0de6044        0     1                 $t.130
c0de6045 c0de6045       14     1                 onChoiceAccept
c0de6054 c0de6054        0     1                 $d.131
c0de6058 c0de6058       14     4         build/nanos2/obj/sdk/lib_nbgl/src/nbgl_use_case_nanos.o:(.text.onChoiceReject)
c0de6058 c0de6058        0     1                 $t.132
c0de6059 c0de6059       14     1                 onChoiceReject
c0de6068 c0de6068        0     1                 $d.133
c0de606c c0de606c       1c     2         build/nanos2/obj/sdk/lib_nbgl/src/nbgl_use_case_nanos.o:(.text.genericChoiceCallback)
c0de606c c0de606c        0     1                 $t.134
c0de606d c0de606d       1c     1                 genericChoiceCallback
c0de6088 c0de6088       14     2         build/nanos2/obj/sdk/lib_nbgl/src/nbgl_use_case_nanos.o:(.text.OUTLINED_FUNCTION_0)
c0de6088 c0de6088        0     1                 $t.140
c0de6089 c0de6089       14     1                 OUTLINED_FUNCTION_0
c0de609c c0de609c       16     2         build/nanos2/obj/sdk/lib_nbgl/src/nbgl_use_case_nanos.o:(.text.OUTLINED_FUNCTION_1)
c0de609c c0de609c        0     1                 $t.141
c0de609d c0de609d       16     1                 OUTLINED_FUNCTION_1
c0de60b2 c0de60b2        c     2         build/nanos2/obj/sdk/lib_nbgl/src/nbgl_use_case_nanos.o:(.text.OUTLINED_FUNCTION_2)
c0de60b2 c0de60b2        0     1                 $t.142
c0de60b3 c0de60b3        c     1                 OUTLINED_FUNCTION_2
c0de60be c0de60be        c     2         build/nanos2/obj/sdk/lib_nbgl/src/nbgl_use_case_nanos.o:(.text.OUTLINED_FUNCTION_3)
c0de60be c0de60be        0     1                 $t.143
c0de60bf c0de60bf        c     1                 OUTLINED_FUNCTION_3
c0de60ca c0de60ca        8     2         build/nanos2/obj/sdk/lib_nbgl/src/nbgl_use_case_nanos.o:(.text.OUTLINED_FUNCTION_4)
c0de60ca c0de60ca        0     1                 $t.144
c0de60cb c0de60cb        8     1                 OUTLINED_FUNCTION_4
c0de60d2 c0de60d2        6     2         build/nanos2/obj/sdk/lib_nbgl/src/nbgl_use_case_nanos.o:(.text.OUTLINED_FUNCTION_5)
c0de60d2 c0de60d2        0     1                 $t.145
c0de60d3 c0de60d3        6     1                 OUTLINED_FUNCTION_5
c0de60d8 c0de60d8        8     2         build/nanos2/obj/sdk/lib_nbgl/src/nbgl_use_case_nanos.o:(.text.OUTLINED_FUNCTION_6)
c0de60d8 c0de60d8        0     1                 $t.146
c0de60d9 c0de60d9        8     1                 OUTLINED_FUNCTION_6
c0de60e0 c0de60e0        a     2         build/nanos2/obj/sdk/lib_nbgl/src/nbgl_use_case_nanos.o:(.text.OUTLINED_FUNCTION_7)
c0de60e0 c0de60e0        0     1                 $t.147
c0de60e1 c0de60e1        a     1                 OUTLINED_FUNCTION_7
c0de60ea c0de60ea        e     2         build/nanos2/obj/sdk/lib_nbgl/src/nbgl_use_case_nanos.o:(.text.OUTLINED_FUNCTION_8)
c0de60ea c0de60ea        0     1                 $t.148
c0de60eb c0de60eb        e     1                 OUTLINED_FUNCTION_8
c0de60f8 c0de60f8        a     2         build/nanos2/obj/sdk/lib_nbgl/src/nbgl_use_case_nanos.o:(.text.OUTLINED_FUNCTION_9)
c0de60f8 c0de60f8        0     1                 $t.149
c0de60f9 c0de60f9        a     1                 OUTLINED_FUNCTION_9
c0de6102 c0de6102        e     2         build/nanos2/obj/sdk/lib_nbgl/src/nbgl_use_case_nanos.o:(.text.OUTLINED_FUNCTION_10)
c0de6102 c0de6102        0     1                 $t.150
c0de6103 c0de6103        e     1                 OUTLINED_FUNCTION_10
c0de6110 c0de6110       4e     2         build/nanos2/obj/sdk/lib_standard_app/bip32.o:(.text.bip32_path_read)
c0de6110 c0de6110        0     1                 $t.0
c0de6111 c0de6111       4e     1                 bip32_path_read
c0de615e c0de615e       16     2         build/nanos2/obj/sdk/lib_standard_app/buffer.o:(.text.buffer_seek_cur)
c0de615e c0de615e        0     1                 $t.2
c0de615f c0de615f       16     1                 buffer_seek_cur
c0de6174 c0de6174       2c     2         build/nanos2/obj/sdk/lib_standard_app/buffer.o:(.text.buffer_read_u8)
c0de6174 c0de6174        0     1                 $t.4
c0de6175 c0de6175       2c     1                 buffer_read_u8
c0de61a0 c0de61a0       40     2         build/nanos2/obj/sdk/lib_standard_app/buffer.o:(.text.buffer_read_u64)
c0de61a0 c0de61a0        0     1                 $t.7
c0de61a1 c0de61a1       40     1                 buffer_read_u64
c0de61e0 c0de61e0       3a     2         build/nanos2/obj/sdk/lib_standard_app/buffer.o:(.text.buffer_read_varint)
c0de61e0 c0de61e0        0     1                 $t.8
c0de61e1 c0de61e1       3a     1                 buffer_read_varint
c0de621a c0de621a       2e     2         build/nanos2/obj/sdk/lib_standard_app/buffer.o:(.text.buffer_read_bip32_path)
c0de621a c0de621a        0     1                 $t.9
c0de621b c0de621b       2e     1                 buffer_read_bip32_path
c0de6248 c0de6248       26     2         build/nanos2/obj/sdk/lib_standard_app/buffer.o:(.text.buffer_copy)
c0de6248 c0de6248        0     1                 $t.10
c0de6249 c0de6249       26     1                 buffer_copy
c0de626e c0de626e       32     2         build/nanos2/obj/sdk/lib_standard_app/buffer.o:(.text.buffer_move)
c0de626e c0de626e        0     1                 $t.11
c0de626f c0de626f       32     1                 buffer_move
c0de62a0 c0de62a0        c     2         build/nanos2/obj/sdk/lib_standard_app/buffer.o:(.text.OUTLINED_FUNCTION_0)
c0de62a0 c0de62a0        0     1                 $t.12
c0de62a1 c0de62a1        c     1                 OUTLINED_FUNCTION_0
c0de62ac c0de62ac       70     2         build/nanos2/obj/sdk/lib_standard_app/crypto_helpers.o:(.text.bip32_derive_with_seed_init_privkey_256)
c0de62ac c0de62ac        0     1                 $t.0
c0de62ad c0de62ad       70     1                 bip32_derive_with_seed_init_privkey_256
c0de631c c0de631c       80     2         build/nanos2/obj/sdk/lib_standard_app/crypto_helpers.o:(.text.os_derive_bip32_with_seed_no_throw)
c0de631c c0de631c        0     1                 $t.1
c0de631d c0de631d       80     1                 os_derive_bip32_with_seed_no_throw
c0de639c c0de639c       68     2         build/nanos2/obj/sdk/lib_standard_app/crypto_helpers.o:(.text.bip32_derive_with_seed_get_pubkey_256)
c0de639c c0de639c        0     1                 $t.2
c0de639d c0de639d       68     1                 bip32_derive_with_seed_get_pubkey_256
c0de6404 c0de6404       4e     2         build/nanos2/obj/sdk/lib_standard_app/crypto_helpers.o:(.text.bip32_derive_with_seed_ecdsa_sign_hash_256)
c0de6404 c0de6404        0     1                 $t.3
c0de6405 c0de6405       4e     1                 bip32_derive_with_seed_ecdsa_sign_hash_256
c0de6452 c0de6452        6     2         build/nanos2/obj/sdk/lib_standard_app/crypto_helpers.o:(.text.OUTLINED_FUNCTION_0)
c0de6452 c0de6452        0     1                 $t.6
c0de6453 c0de6453        6     1                 OUTLINED_FUNCTION_0
c0de6458 c0de6458       72     2         build/nanos2/obj/sdk/lib_standard_app/format.o:(.text.format_u64)
c0de6458 c0de6458        0     1                 $t.2
c0de6459 c0de6459       72     1                 format_u64
c0de64ca c0de64ca       8e     2         build/nanos2/obj/sdk/lib_standard_app/format.o:(.text.format_fpu64)
c0de64ca c0de64ca        0     1                 $t.3
c0de64cb c0de64cb       8e     1                 format_fpu64
c0de6558 c0de6558       50     4         build/nanos2/obj/sdk/lib_standard_app/format.o:(.text.format_hex)
c0de6558 c0de6558        0     1                 $t.5
c0de6559 c0de6559       50     1                 format_hex
c0de65a4 c0de65a4        0     1                 $d.6
c0de65a8 c0de65a8        2     2         build/nanos2/obj/sdk/lib_standard_app/io.o:(.text.app_ticker_event_callback)
c0de65a8 c0de65a8        0     1                 $t.0
c0de65a9 c0de65a9        2     1                 app_ticker_event_callback
c0de65ac c0de65ac       30     4         build/nanos2/obj/sdk/lib_standard_app/io.o:(.text.io_event)
c0de65ac c0de65ac        0     1                 $t.1
c0de65ad c0de65ad       30     1                 io_event
c0de65d8 c0de65d8        0     1                 $d.2
c0de65dc c0de65dc       10     4         build/nanos2/obj/sdk/lib_standard_app/io.o:(.text.io_init)
c0de65dc c0de65dc        0     1                 $t.3
c0de65dd c0de65dd       10     1                 io_init
c0de65e8 c0de65e8        0     1                 $d.4
c0de65ec c0de65ec       2c     4         build/nanos2/obj/sdk/lib_standard_app/io.o:(.text.io_recv_command)
c0de65ec c0de65ec        0     1                 $t.5
c0de65ed c0de65ed       2c     1                 io_recv_command
c0de6614 c0de6614        0     1                 $d.6
c0de6618 c0de6618       a8     4         build/nanos2/obj/sdk/lib_standard_app/io.o:(.text.io_send_response_buffers)
c0de6618 c0de6618        0     1                 $t.7
c0de6619 c0de6619       a8     1                 io_send_response_buffers
c0de66b0 c0de66b0        0     1                 $d.8
c0de66c0 c0de66c0        a     2         build/nanos2/obj/sdk/lib_standard_app/io.o:(.text.OUTLINED_FUNCTION_0)
c0de66c0 c0de66c0        0     1                 $t.10
c0de66c1 c0de66c1        a     1                 OUTLINED_FUNCTION_0
c0de66ca c0de66ca        6     2         build/nanos2/obj/sdk/lib_standard_app/main.o:(.text.app_exit)
c0de66ca c0de66ca        0     1                 $t.0
c0de66cb c0de66cb        6     1                 app_exit
c0de66d0 c0de66d0        e     2         build/nanos2/obj/sdk/lib_standard_app/main.o:(.text.common_app_init)
c0de66d0 c0de66d0        0     1                 $t.1
c0de66d1 c0de66d1        e     1                 common_app_init
c0de66e0 c0de66e0       6c     4         build/nanos2/obj/sdk/lib_standard_app/main.o:(.text.standalone_app_main)
c0de66e0 c0de66e0        0     1                 $t.2
c0de66e1 c0de66e1       6c     1                 standalone_app_main
c0de6740 c0de6740        0     1                 $d.3
c0de674c c0de674c       a0     4         build/nanos2/obj/sdk/lib_standard_app/main.o:(.text.library_app_main)
c0de674c c0de674c        0     1                 $t.4
c0de674d c0de674d       a0     1                 library_app_main
c0de67dc c0de67dc        0     1                 $d.5
c0de67ec c0de67ec       36     2         build/nanos2/obj/sdk/lib_standard_app/parser.o:(.text.apdu_parser)
c0de67ec c0de67ec        0     1                 $t.0
c0de67ed c0de67ed       36     1                 apdu_parser
c0de6822 c0de6822       18     2         build/nanos2/obj/sdk/lib_standard_app/read.o:(.text.read_u32_be)
c0de6822 c0de6822        0     1                 $t.1
c0de6823 c0de6823       18     1                 read_u32_be
c0de683a c0de683a       30     2         build/nanos2/obj/sdk/lib_standard_app/read.o:(.text.read_u64_be)
c0de683a c0de683a        0     1                 $t.2
c0de683b c0de683b       30     1                 read_u64_be
c0de686a c0de686a        e     2         build/nanos2/obj/sdk/lib_standard_app/read.o:(.text.read_u16_le)
c0de686a c0de686a        0     1                 $t.3
c0de686b c0de686b        e     1                 read_u16_le
c0de6878 c0de6878       18     2         build/nanos2/obj/sdk/lib_standard_app/read.o:(.text.read_u32_le)
c0de6878 c0de6878        0     1                 $t.4
c0de6879 c0de6879       18     1                 read_u32_le
c0de6890 c0de6890       2e     2         build/nanos2/obj/sdk/lib_standard_app/read.o:(.text.read_u64_le)
c0de6890 c0de6890        0     1                 $t.5
c0de6891 c0de6891       2e     1                 read_u64_le
c0de68be c0de68be        c     2         build/nanos2/obj/sdk/lib_standard_app/swap_error_code_helpers.o:(.text.send_swap_error_simple)
c0de68be c0de68be        0     1                 $t.0
c0de68bf c0de68bf        c     1                 send_swap_error_simple
c0de68cc c0de68cc       64     4         build/nanos2/obj/sdk/lib_standard_app/swap_error_code_helpers.o:(.text.send_swap_error_with_buffers)
c0de68cc c0de68cc        0     1                 $t.1
c0de68cd c0de68cd       64     1                 send_swap_error_with_buffers
c0de6928 c0de6928        0     1                 $d.2
c0de6930 c0de6930       34     2         build/nanos2/obj/sdk/lib_standard_app/swap_utils.o:(.text.swap_str_to_u64)
c0de6930 c0de6930        0     1                 $t.0
c0de6931 c0de6931       34     1                 swap_str_to_u64
c0de6964 c0de6964       5c     2         build/nanos2/obj/sdk/lib_standard_app/varint.o:(.text.varint_read)
c0de6964 c0de6964        0     1                 $t.1
c0de6965 c0de6965       5c     1                 varint_read
c0de69c0 c0de69c0        a     2         build/nanos2/obj/sdk/lib_standard_app/write.o:(.text.write_u16_be)
c0de69c0 c0de69c0        0     1                 $t.0
c0de69c1 c0de69c1        a     1                 write_u16_be
c0de69cc c0de69cc       34     4         build/nanos2/obj/sdk/lib_ux_nbgl/ux.o:(.text.ux_process_button_event)
c0de69cc c0de69cc        0     1                 $t.0
c0de69cd c0de69cd       34     1                 ux_process_button_event
c0de69fc c0de69fc        0     1                 $d.1
c0de6a00 c0de6a00       54     4         build/nanos2/obj/sdk/lib_ux_nbgl/ux.o:(.text.ux_forward_event)
c0de6a00 c0de6a00        0     1                 $t.2
c0de6a01 c0de6a01       54     1                 ux_forward_event
c0de6a50 c0de6a50        0     1                 $d.3
c0de6a54 c0de6a54       30     4         build/nanos2/obj/sdk/lib_ux_nbgl/ux.o:(.text.ux_process_ticker_event)
c0de6a54 c0de6a54        0     1                 $t.4
c0de6a55 c0de6a55       30     1                 ux_process_ticker_event
c0de6a80 c0de6a80        0     1                 $d.5
c0de6a84 c0de6a84        6     2         build/nanos2/obj/sdk/lib_ux_nbgl/ux.o:(.text.ux_process_default_event)
c0de6a84 c0de6a84        0     1                 $t.6
c0de6a85 c0de6a85        6     1                 ux_process_default_event
c0de6a8a c0de6a8a       4e     2         build/nanos2/obj/sdk/src/cx_hash_iovec.o:(.text.hash_iovec_ex)
c0de6a8a c0de6a8a        0     1                 $t.7
c0de6a8b c0de6a8b       4e     1                 hash_iovec_ex
c0de6ad8 c0de6ad8       1a     2         build/nanos2/obj/sdk/src/cx_hash_iovec.o:(.text.cx_keccak_256_hash_iovec)
c0de6ad8 c0de6ad8        0     1                 $t.12
c0de6ad9 c0de6ad9       1a     1                 cx_keccak_256_hash_iovec
c0de6af2 c0de6af2       1a     2         build/nanos2/obj/sdk/src/cx_hash_iovec.o:(.text.cx_blake2b_512_hash_iovec)
c0de6af2 c0de6af2        0     1                 $t.18
c0de6af3 c0de6af3       1a     1                 cx_blake2b_512_hash_iovec
c0de6b0c c0de6b0c        a     1         build/nanos2/obj/sdk/src/cx_stubs.o:(.text.cx_ecdsa_sign_no_throw)
c0de6b0c c0de6b0c        0     1                 $t.44
c0de6b0d c0de6b0d        0     1                 cx_ecdsa_sign_no_throw
c0de6b16 c0de6b16        a     1         build/nanos2/obj/sdk/src/cx_stubs.o:(.text.cx_ecfp_generate_pair2_no_throw)
c0de6b16 c0de6b16        0     1                 $t.49
c0de6b17 c0de6b17        0     1                 cx_ecfp_generate_pair2_no_throw
c0de6b20 c0de6b20        a     1         build/nanos2/obj/sdk/src/cx_stubs.o:(.text.cx_ecfp_init_private_key_no_throw)
c0de6b20 c0de6b20        0     1                 $t.51
c0de6b21 c0de6b21        0     1                 cx_ecfp_init_private_key_no_throw
c0de6b2a c0de6b2a        a     1         build/nanos2/obj/sdk/src/cx_stubs.o:(.text.cx_hash_final)
c0de6b2a c0de6b2a        0     1                 $t.63
c0de6b2b c0de6b2b        0     1                 cx_hash_final
c0de6b34 c0de6b34        a     1         build/nanos2/obj/sdk/src/cx_stubs.o:(.text.cx_hash_init_ex)
c0de6b34 c0de6b34        0     1                 $t.67
c0de6b35 c0de6b35        0     1                 cx_hash_init_ex
c0de6b3e c0de6b3e        a     1         build/nanos2/obj/sdk/src/cx_stubs.o:(.text.cx_hash_update)
c0de6b3e c0de6b3e        0     1                 $t.72
c0de6b3f c0de6b3f        0     1                 cx_hash_update
c0de6b48 c0de6b48       10     4         build/nanos2/obj/sdk/src/cx_stubs.o:(.text.cx_aes_siv_reset)
c0de6b48 c0de6b48        0     1                 $t.144
c0de6b49 c0de6b49        0     1                 cx_aes_siv_reset
c0de6b51 c0de6b51        0     1                 cx_trampoline_helper
c0de6b54 c0de6b54        0     1                 $d.145
c0de6b58 c0de6b58        6     2         build/nanos2/obj/sdk/src/ledger_assert.o:(.text.assert_exit)
c0de6b58 c0de6b58        0     1                 $t.0
c0de6b59 c0de6b59        6     1                 assert_exit
c0de6b5e c0de6b5e        a     1         build/nanos2/obj/sdk/src/nbgl_stubs.o:(.text.nbgl_refresh)
c0de6b5e c0de6b5e        0     1                 $t.0
c0de6b5f c0de6b5f        0     1                 nbgl_refresh
c0de6b68 c0de6b68        a     1         build/nanos2/obj/sdk/src/nbgl_stubs.o:(.text.nbgl_objInit)
c0de6b68 c0de6b68        0     1                 $t.5
c0de6b69 c0de6b69        0     1                 nbgl_objInit
c0de6b72 c0de6b72        a     1         build/nanos2/obj/sdk/src/nbgl_stubs.o:(.text.nbgl_objAllowDrawing)
c0de6b72 c0de6b72        0     1                 $t.7
c0de6b73 c0de6b73        0     1                 nbgl_objAllowDrawing
c0de6b7c c0de6b7c        a     1         build/nanos2/obj/sdk/src/nbgl_stubs.o:(.text.nbgl_screenSet)
c0de6b7c c0de6b7c        0     1                 $t.10
c0de6b7d c0de6b7d        0     1                 nbgl_screenSet
c0de6b86 c0de6b86        a     1         build/nanos2/obj/sdk/src/nbgl_stubs.o:(.text.nbgl_screenPush)
c0de6b86 c0de6b86        0     1                 $t.11
c0de6b87 c0de6b87        0     1                 nbgl_screenPush
c0de6b90 c0de6b90        a     1         build/nanos2/obj/sdk/src/nbgl_stubs.o:(.text.nbgl_screenRedraw)
c0de6b90 c0de6b90        0     1                 $t.12
c0de6b91 c0de6b91        0     1                 nbgl_screenRedraw
c0de6b9a c0de6b9a        a     1         build/nanos2/obj/sdk/src/nbgl_stubs.o:(.text.nbgl_screenPop)
c0de6b9a c0de6b9a        0     1                 $t.13
c0de6b9b c0de6b9b        0     1                 nbgl_screenPop
c0de6ba4 c0de6ba4        a     1         build/nanos2/obj/sdk/src/nbgl_stubs.o:(.text.nbgl_screenHandler)
c0de6ba4 c0de6ba4        0     1                 $t.22
c0de6ba5 c0de6ba5        0     1                 nbgl_screenHandler
c0de6bae c0de6bae        a     1         build/nanos2/obj/sdk/src/nbgl_stubs.o:(.text.nbgl_objPoolGet)
c0de6bae c0de6bae        0     1                 $t.23
c0de6baf c0de6baf        0     1                 nbgl_objPoolGet
c0de6bb8 c0de6bb8        a     1         build/nanos2/obj/sdk/src/nbgl_stubs.o:(.text.nbgl_containerPoolGet)
c0de6bb8 c0de6bb8        0     1                 $t.25
c0de6bb9 c0de6bb9        0     1                 nbgl_containerPoolGet
c0de6bc2 c0de6bc2        a     1         build/nanos2/obj/sdk/src/nbgl_stubs.o:(.text.nbgl_getFont)
c0de6bc2 c0de6bc2        0     1                 $t.27
c0de6bc3 c0de6bc3        0     1                 nbgl_getFont
c0de6bcc c0de6bcc        a     1         build/nanos2/obj/sdk/src/nbgl_stubs.o:(.text.nbgl_getFontLineHeight)
[...]
c0de7594 c0de7594       14     4         /opt/nanosplus-secure-sdk/arch/st33k1/lib/libclang_rt.builtins.a(aeabi_uldivmod.S.o):(.text)
c0de7594 c0de7594        0     1                 $t.0
c0de7595 c0de7595       14     1                 __aeabi_uldivmod
c0de75a8 c0de75a8        4     2         /opt/nanosplus-secure-sdk/arch/st33k1/lib/libc.a(lib_a-explicit_bzero.o):(.text.explicit_bzero)
c0de75a8 c0de75a8        0     1                 $t
c0de75a9 c0de75a9        4     1                 explicit_bzero
c0de75ac c0de75ac        8     2         /opt/nanosplus-secure-sdk/arch/st33k1/lib/libc.a(lib_a-bzero.o):(.text.bzero)
c0de75ac c0de75ac        0     1                 $t
c0de75ad c0de75ad        8     1                 bzero
c0de75b4 c0de75b4       1c     2         /opt/nanosplus-secure-sdk/arch/st33k1/lib/libc.a(lib_a-memcpy-stub.o):(.text.memcpy)
c0de75b4 c0de75b4        0     1                 $t
c0de75b5 c0de75b5       1c     1                 memcpy
c0de75d0 c0de75d0       34     2         /opt/nanosplus-secure-sdk/arch/st33k1/lib/libc.a(lib_a-memmove.o):(.text.memmove)
c0de75d0 c0de75d0        0     1                 $t
c0de75d1 c0de75d1       34     1                 memmove
c0de7604 c0de7604       10     2         /opt/nanosplus-secure-sdk/arch/st33k1/lib/libc.a(lib_a-memset.o):(.text.memset)
c0de7604 c0de7604        0     1                 $t
c0de7605 c0de7605       10     1                 memset
c0de7614 c0de7614       1c     4         /opt/nanosplus-secure-sdk/arch/st33k1/lib/libc.a(lib_a-setjmp.o):(.text)
c0de7614 c0de7614        0     1                 $t
c0de7615 c0de7615        c     1                 setjmp
c0de7621 c0de7621        e     1                 longjmp
c0de7630 c0de7630       14     2         /opt/nanosplus-secure-sdk/arch/st33k1/lib/libc.a(lib_a-strcmp.o):(.text)
c0de7630 c0de7630        0     1                 $t
c0de7631 c0de7631       14     1                 strcmp
c0de7644 c0de7644       10     2         /opt/nanosplus-secure-sdk/arch/st33k1/lib/libc.a(lib_a-strlen.o):(.text)
c0de7644 c0de7644        0     1                 $t
c0de7645 c0de7645       10     1                 strlen
c0de7654 c0de7654       24     2         /opt/nanosplus-secure-sdk/arch/st33k1/lib/libc.a(lib_a-strncmp.o):(.text.strncmp)
c0de7654 c0de7654        0     1                 $t
c0de7655 c0de7655       24     1                 strncmp
c0de7678 c0de7678       26     2         /opt/nanosplus-secure-sdk/arch/st33k1/lib/libc.a(lib_a-strncpy.o):(.text.strncpy)
c0de7678 c0de7678        0     1                 $t
c0de7679 c0de7679       26     1                 strncpy
c0de769e c0de769e        0     1         _ecode = .
c0de769e c0de769e       19     1         build/nanos2/gen_src/glyphs.o:(.rodata.C_home_boilerplate_14px_bitmap)
c0de769e c0de769e       19     1                 C_home_boilerplate_14px_bitmap
c0de76b7 c0de76b7        a     1         build/nanos2/gen_src/glyphs.o:(.rodata.C_home_boilerplate_14px)
c0de76b7 c0de76b7        a     1                 C_home_boilerplate_14px
c0de76c1 c0de76c1       19     1         build/nanos2/gen_src/glyphs.o:(.rodata.C_Information_circle_14px_bitmap)
c0de76c1 c0de76c1       19     1                 C_Information_circle_14px_bitmap
c0de76da c0de76da        a     1         build/nanos2/gen_src/glyphs.o:(.rodata.C_Information_circle_14px)
c0de76da c0de76da        a     1                 C_Information_circle_14px
c0de76e4 c0de76e4       19     1         build/nanos2/gen_src/glyphs.o:(.rodata.C_Quit_14px_bitmap)
c0de76e4 c0de76e4       19     1                 C_Quit_14px_bitmap
c0de76fd c0de76fd        a     1         build/nanos2/gen_src/glyphs.o:(.rodata.C_Quit_14px)
c0de76fd c0de76fd        a     1                 C_Quit_14px
c0de7707 c0de7707        c     1         build/nanos2/gen_src/glyphs.o:(.rodata.C_Switch_Off_8px_bitmap)
c0de7707 c0de7707        c     1                 C_Switch_Off_8px_bitmap
c0de7713 c0de7713        a     1         build/nanos2/gen_src/glyphs.o:(.rodata.C_Switch_Off_8px)
c0de7713 c0de7713        a     1                 C_Switch_Off_8px
c0de771d c0de771d        c     1         build/nanos2/gen_src/glyphs.o:(.rodata.C_Switch_On_8px_bitmap)
c0de771d c0de771d        c     1                 C_Switch_On_8px_bitmap
c0de7729 c0de7729        a     1         build/nanos2/gen_src/glyphs.o:(.rodata.C_Switch_On_8px)
c0de7729 c0de7729        a     1                 C_Switch_On_8px
c0de7733 c0de7733       19     1         build/nanos2/gen_src/glyphs.o:(.rodata.C_icon_back_x_bitmap)
c0de7733 c0de7733       19     1                 C_icon_back_x_bitmap
c0de774c c0de774c        a     1         build/nanos2/gen_src/glyphs.o:(.rodata.C_icon_back_x)
c0de774c c0de774c        a     1                 C_icon_back_x
c0de7756 c0de7756       19     1         build/nanos2/gen_src/glyphs.o:(.rodata.C_icon_coggle_bitmap)
c0de7756 c0de7756       19     1                 C_icon_coggle_bitmap
c0de776f c0de776f        a     1         build/nanos2/gen_src/glyphs.o:(.rodata.C_icon_coggle)
c0de776f c0de776f        a     1                 C_icon_coggle
c0de7779 c0de7779       19     1         build/nanos2/gen_src/glyphs.o:(.rodata.C_icon_crossmark_bitmap)
c0de7779 c0de7779       19     1                 C_icon_crossmark_bitmap
c0de7792 c0de7792        a     1         build/nanos2/gen_src/glyphs.o:(.rodata.C_icon_crossmark)
c0de7792 c0de7792        a     1                 C_icon_crossmark
c0de779c c0de779c        4     1         build/nanos2/gen_src/glyphs.o:(.rodata.C_icon_down_bitmap)
c0de779c c0de779c        4     1                 C_icon_down_bitmap
c0de77a0 c0de77a0        a     1         build/nanos2/gen_src/glyphs.o:(.rodata.C_icon_down)
c0de77a0 c0de77a0        a     1                 C_icon_down
c0de77aa c0de77aa        4     1         build/nanos2/gen_src/glyphs.o:(.rodata.C_icon_left_bitmap)
c0de77aa c0de77aa        4     1                 C_icon_left_bitmap
c0de77ae c0de77ae        a     1         build/nanos2/gen_src/glyphs.o:(.rodata.C_icon_left)
c0de77ae c0de77ae        a     1                 C_icon_left
c0de77b8 c0de77b8       19     1         build/nanos2/gen_src/glyphs.o:(.rodata.C_icon_processing_bitmap)
c0de77b8 c0de77b8       19     1                 C_icon_processing_bitmap
c0de77d1 c0de77d1        a     1         build/nanos2/gen_src/glyphs.o:(.rodata.C_icon_processing)
c0de77d1 c0de77d1        a     1                 C_icon_processing
c0de77db c0de77db        4     1         build/nanos2/gen_src/glyphs.o:(.rodata.C_icon_right_bitmap)
c0de77db c0de77db        4     1                 C_icon_right_bitmap
c0de77df c0de77df        a     1         build/nanos2/gen_src/glyphs.o:(.rodata.C_icon_right)
c0de77df c0de77df        a     1                 C_icon_right
c0de77e9 c0de77e9        4     1         build/nanos2/gen_src/glyphs.o:(.rodata.C_icon_up_bitmap)
c0de77e9 c0de77e9        4     1                 C_icon_up_bitmap
c0de77ed c0de77ed        a     1         build/nanos2/gen_src/glyphs.o:(.rodata.C_icon_up)
c0de77ed c0de77ed        a     1                 C_icon_up
c0de77f7 c0de77f7       17     1         build/nanos2/gen_src/glyphs.o:(.rodata.C_icon_validate_14_bitmap)
c0de77f7 c0de77f7       17     1                 C_icon_validate_14_bitmap
c0de780e c0de780e        a     1         build/nanos2/gen_src/glyphs.o:(.rodata.C_icon_validate_14)
c0de780e c0de780e        a     1                 C_icon_validate_14
c0de7818 c0de7818       19     1         build/nanos2/gen_src/glyphs.o:(.rodata.C_icon_warning_bitmap)
c0de7818 c0de7818       19     1                 C_icon_warning_bitmap
c0de7831 c0de7831        a     1         build/nanos2/gen_src/glyphs.o:(.rodata.C_icon_warning)
c0de7831 c0de7831        a     1                 C_icon_warning
c0de783b c0de783b       19     1         build/nanos2/gen_src/glyphs.o:(.rodata.C_app_boilerplate_14px_bitmap)
c0de783b c0de783b       19     1                 C_app_boilerplate_14px_bitmap
c0de7854 c0de7854        a     1         build/nanos2/gen_src/glyphs.o:(.rodata.C_app_boilerplate_14px)
c0de7854 c0de7854        a     1                 C_app_boilerplate_14px
c0de785e c0de785e      350     1         <internal>:(.text)
c0de7bb0 c0de7bb0      260     8         <internal>:(.text)
c0de7e10 c0de7e10       a0     4         build/nanos2/obj/app/src/handler/zkn_magicbox.o:(.rodata..L__const.handler_cmd_Poseidon.input)
c0de7e10 c0de7e10       a0     1                 .L__const.handler_cmd_Poseidon.input
c0de7eb0 c0de7eb0      1e0     4         build/nanos2/obj/app/src/handler/zkn_magicbox.o:(.rodata..L__const.handler_cmd_encodeCommitment.commitmentlist_be)
c0de7eb0 c0de7eb0      1e0     1                 .L__const.handler_cmd_encodeCommitment.commitmentlist_be
c0de8090 c0de8090      1e0     4         build/nanos2/obj/app/src/handler/zkn_magicbox.o:(.rodata..L__const.handler_cmd_GroupCommitment.commitmentlist_be)
c0de8090 c0de8090      1e0     1                 .L__const.handler_cmd_GroupCommitment.commitmentlist_be
c0de8270 c0de8270       60     4         build/nanos2/obj/app/src/handler/zkn_magicbox.o:(.rodata..L__const.handler_cmd_GroupCommitment.binding_factors)
c0de8270 c0de8270       60     1                 .L__const.handler_cmd_GroupCommitment.binding_factors
c0de82d0 c0de82d0      1e0     4         build/nanos2/obj/app/src/handler/zkn_magicbox.o:(.rodata..L__const.handler_cmd_BindingFactors.commitmentlist_be)
c0de82d0 c0de82d0      1e0     1                 .L__const.handler_cmd_BindingFactors.commitmentlist_be
c0de84b0 c0de84b0        c     4         build/nanos2/obj/app/src/ui/menu_nbgl.o:(.rodata.settingContents)
c0de84b0 c0de84b0        c     1                 settingContents
c0de84bc c0de84bc       10     4         build/nanos2/obj/app/src/ui/menu_nbgl.o:(.rodata.infoList)
c0de84bc c0de84bc       10     1                 infoList
c0de84cc c0de84cc       38     4         build/nanos2/obj/app/src/ui/menu_nbgl.o:(.rodata.contents)
c0de84cc c0de84cc       38     1                 contents
c0de8504 c0de8504        8     4         build/nanos2/obj/app/src/ui/menu_nbgl.o:(.rodata.INFO_TYPES)
c0de8504 c0de8504        8     1                 INFO_TYPES
c0de850c c0de850c        8     4         build/nanos2/obj/app/src/ui/menu_nbgl.o:(.rodata.INFO_CONTENTS)
c0de850c c0de850c        8     1                 INFO_CONTENTS
c0de8514 c0de8514       40     4         build/nanos2/obj/app/src/zknox/ecc/zkn_eddsa.o:(.rodata..L__const.EddsaPoseidon_Sign_final.big_n)
c0de8514 c0de8514       40     1                 .L__const.EddsaPoseidon_Sign_final.big_n
c0de8554 c0de8554      480     4         build/nanos2/obj/app/src/zknox/hash/zkn_poseidon_constants.o:(.rodata..L__const.Poseidon_alloc_init.MixColumn)
c0de8554 c0de8554      480     1                 .L__const.Poseidon_alloc_init.MixColumn
c0de89d4 c0de89d4       1d     4         build/nanos2/obj/app/src/zknox/hash/zkn_rfc9591frost.o:(.rodata..L__const.zkn_frost_H5_init.contextString_BabyFROST)
c0de89d4 c0de89d4       1d     1                 .L__const.zkn_frost_H5_init.contextString_BabyFROST
c0de89f4 c0de89f4       28     4         build/nanos2/obj/sdk/lib_nbgl/src/nbgl_use_case_nanos.o:(.rodata.blindSigningWarning)
c0de89f4 c0de89f4       28     1                 blindSigningWarning
c0de8a1c c0de8a1c       20     1         <internal>:(.text)
c0de8a3c c0de8a3c        0     1         . = ALIGN ( 4 )
c0de8a3c c0de8a3c        0     1         _etext = .
c0de8a3c c0de8a3c      1c4     1         . = ALIGN ( PAGE_SIZE )
c0de8c00 c0de8c00        0     1         _nvram_data = .
c0de8c00 c0de8c00        3     1         build/nanos2/obj/app/src/app_main.o:(.rodata.N_storage_real)
c0de8c00 c0de8c00        3     1                 N_storage_real
c0de8c03 c0de8c03      1fd     1         . = ALIGN ( PAGE_SIZE )
c0de8e00 c0de8e00        0     1         _envram_data = .
c0de8e00 c0de8e00        0     1         _install_parameters = .
c0de8e00 c0de8e00       3f     1         build/nanos2/obj/sdk/src/app_metadata.o:(.install_parameters)
c0de8e00 c0de8e00       3f     1                 install_parameters
c0de8e3f c0de8e3f        0     1         _einstall_parameters = .
c0de8e3f c0de8e3f        0     1         _nvram_end = .
d0000000 d0000000        0     1 .data
d0000000 d0000000        0     1         . = ALIGN ( 4 )
d0000000 d0000000        0     1         _data = .
d0000000 d0000000        0     1         _edata = .
d0000000 d0000000        0     1 
da7a0000 da7a0000      8bc     8 .bss
da7a0000 da7a0000        0     1         _bss = .
da7a0000 da7a0000      2d8     8         build/nanos2/obj/app/src/app_main.o:(.bss.G_context)
da7a0000 da7a0000      2d8     1                 G_context
da7a02d8 da7a02d8       48     8         build/nanos2/obj/app/src/swap/handle_swap_sign_transaction.o:(.bss.G_swap_validated)
da7a02d8 da7a02d8       48     1                 G_swap_validated
da7a0320 da7a0320       1c     4         build/nanos2/obj/app/src/ui/menu_nbgl.o:(.bss..L_MergedGlobals)
da7a0320 da7a0320       1c     1                 .L_MergedGlobals
da7a0320 da7a0320        1     1                 initSettingPage
da7a0324 da7a0324       18     1                 switches
da7a033c da7a033c       2b     4         build/nanos2/obj/app/src/ui/nbgl_display_address.o:(.bss.g_address)
da7a033c da7a033c       2b     1                 g_address
da7a0368 da7a0368       7f     4         build/nanos2/obj/app/src/ui/nbgl_display_transaction.o:(.bss..L_MergedGlobals)
da7a0368 da7a0368       7f     1                 .L_MergedGlobals
da7a0368 da7a0368       14     1                 pairList
da7a037c da7a037c       1e     1                 g_amount
da7a039c da7a039c       20     1                 pairs
da7a03bc da7a03bc       2b     1                 g_address
da7a03e7 da7a03e7      111     1         build/nanos2/obj/sdk/io/src/os_io.o:(.bss.G_io_tx_buffer)
da7a03e7 da7a03e7      111     1                 G_io_tx_buffer
da7a04f8 da7a04f8      111     1         build/nanos2/obj/sdk/io/src/os_io.o:(.bss.G_io_rx_buffer)
da7a04f8 da7a04f8      111     1                 G_io_rx_buffer
da7a060a da7a060a        8     2         build/nanos2/obj/sdk/io_legacy/src/os_io_legacy.o:(.bss.G_io_app)
da7a060a da7a060a        8     1                 G_io_app
da7a0612 da7a0612        2     1         build/nanos2/obj/sdk/io_legacy/src/os_io_legacy.o:(.bss..L_MergedGlobals)
da7a0612 da7a0612        2     1                 .L_MergedGlobals
da7a0612 da7a0612        1     1                 need_to_start_io
da7a0613 da7a0613        1     1                 io_os_legacy_apdu_type
da7a0614 da7a0614       24     4         build/nanos2/obj/sdk/lib_nbgl/src/nbgl_layout_nanos.o:(.bss.gLayout)
da7a0614 da7a0614       24     1                 gLayout
da7a0638 da7a0638       14     4         build/nanos2/obj/sdk/lib_nbgl/src/nbgl_layout_nanos.o:(.bss.nbgl_layoutAddText.tmpString)
da7a0638 da7a0638       14     1                 nbgl_layoutAddText.tmpString
da7a064c da7a064c       d8     4         build/nanos2/obj/sdk/lib_nbgl/src/nbgl_step.o:(.bss.contexts)
da7a064c da7a064c       d8     1                 contexts
da7a0724 da7a0724       68     4         build/nanos2/obj/sdk/lib_nbgl/src/nbgl_use_case_nanos.o:(.bss..L_MergedGlobals)
da7a0724 da7a0724       68     1                 .L_MergedGlobals
da7a0724 da7a0724       28     1                 reviewWithWarnCtx
da7a074c da7a074c       40     1                 context
da7a078c da7a078c      110     1         build/nanos2/obj/sdk/lib_standard_app/io.o:(.bss.G_io_seproxyhal_spi_buffer)
da7a078c da7a078c      110     1                 G_io_seproxyhal_spi_buffer
da7a089c da7a089c        1     1         build/nanos2/obj/sdk/lib_standard_app/io.o:(.bss.need_to_start_io)
da7a089c da7a089c        1     1                 need_to_start_io
da7a08a0 da7a08a0        c     4         build/nanos2/obj/sdk/lib_standard_app/main.o:(.bss.G_ux_params)
da7a08a0 da7a08a0        c     1                 G_ux_params
da7a08ac da7a08ac        1     1         build/nanos2/obj/sdk/lib_standard_app/swap_utils.o:(.bss.G_called_from_swap)
da7a08ac da7a08ac        1     1                 G_called_from_swap
da7a08ad da7a08ad        1     1         build/nanos2/obj/sdk/lib_standard_app/swap_utils.o:(.bss.G_swap_response_ready)
da7a08ad da7a08ad        1     1                 G_swap_response_ready
da7a08b0 da7a08b0        4     4         build/nanos2/obj/sdk/lib_standard_app/swap_utils.o:(.bss.G_swap_signing_return_value_address)
da7a08b0 da7a08b0        4     1                 G_swap_signing_return_value_address
da7a08b4 da7a08b4        4     4         build/nanos2/obj/sdk/lib_ux_nbgl/ux.o:(.bss.nbTicks)
da7a08b4 da7a08b4        4     1                 nbTicks
da7a08b8 da7a08b8        0     1         _ebss = .
da7a08b8 da7a08b8        0     1         . = ALIGN ( 4 )
da7a08b8 da7a08b8        0     1         app_stack_canary = .
da7a08b8 da7a08b8        4     1         . += 4
da7a08bc da7a08bc        0     1         _stack = .
da7a08bc da7a08bc        0     1         _estack = ABSOLUTE ( END_STACK )
da7a08bc da7a08bc        0     1 
d0000000 d0000000       10     4 DEBUG
d0000000 d0000000       10     4         <internal>:(.ARM.exidx)
       0        0       5d     1 .comment
       0        0       5d     1         <internal>:(.comment)
       0        0        6     1 ledger.target
       0        0        6     1         build/nanos2/obj/sdk/src/app_metadata.o:(ledger.target)
       0        0        6     1                 target
       0        0        d     1 ledger.target_name
       0        0        d     1         build/nanos2/obj/sdk/src/app_metadata.o:(ledger.target_name)
       0        0        d     1                 target_name
       0        0        a     1 ledger.target_id
       0        0        a     1         build/nanos2/obj/sdk/src/app_metadata.o:(ledger.target_id)
       0        0        a     1                 target_id
       0        0        7     1 ledger.app_name
       0        0        7     1         build/nanos2/obj/sdk/src/app_metadata.o:(ledger.app_name)
       0        0        7     1                 app_name
       0        0        5     1 ledger.app_version
       0        0        5     1         build/nanos2/obj/sdk/src/app_metadata.o:(ledger.app_version)
       0        0        5     1                 app_version
       0        0        2     1 ledger.api_level
       0        0        2     1         build/nanos2/obj/sdk/src/app_metadata.o:(ledger.api_level)
       0        0        2     1                 api_level
       0        0       11     1 ledger.sdk_name
       0        0       11     1         build/nanos2/obj/sdk/src/app_metadata.o:(ledger.sdk_name)
       0        0       11     1                 sdk_name
       0        0        7     1 ledger.sdk_version
       0        0        7     1         build/nanos2/obj/sdk/src/app_metadata.o:(ledger.sdk_version)
       0        0        7     1                 sdk_version
       0        0       28     1 ledger.sdk_hash
       0        0       28     1         build/nanos2/obj/sdk/src/app_metadata.o:(ledger.sdk_hash)
       0        0       28     1                 sdk_hash
       0        0        4     1 ledger.sdk_graphics
       0        0        4     1         build/nanos2/obj/sdk/src/app_metadata.o:(ledger.sdk_graphics)
       0        0        4     1                 sdk_graphics
d0000010 d0000010        0     1 PROVIDE ( _nvram = ABSOLUTE ( _nvram_start ) )
d0000010 d0000010        0     1 PROVIDE ( _envram = ABSOLUTE ( _nvram_end ) )
       0        0       45     1 .ARM.attributes
       0        0       45     1         build/nanos2/gen_src/glyphs.o:(.ARM.attributes)
       0        0     4630     4 .symtab
       0        0     4630     4         <internal>:(.symtab)
       0        0       f8     1 .shstrtab
       0        0       f8     1         <internal>:(.shstrtab)
       0        0     34f2     1 .strtab
       0        0     34f2     1         <internal>:(.strtab)
