     VMA      LMA     Size Align Out     In      Symbol
       0        0        0     1 PAGE_SIZE = 512
       0        0        0     1 STACK_MIN_SIZE = DEFINED ( stack_min_size ) ? stack_min_size : 1500
       0        0        0     1 END_STACK = ORIGIN ( SRAM ) + LENGTH ( SRAM )
c0de0000 c0de0000     bc3f     8 .text
c0de0000 c0de0000        0     1         _text = .
c0de0000 c0de0000        0     1         _nvram_start = .
c0de0000 c0de0000       28     2         build/nanos2/obj/sdk/lib_standard_app/main.o:(.boot)
c0de0000 c0de0000        0     1                 $t.6
c0de0001 c0de0001       28     1                 main
c0de0028 c0de0028        0     1         _code = .
c0de0028 c0de0028       4a     2         build/nanos2/obj/app/src/address.o:(.text.address_from_pubkey)
c0de0028 c0de0028        0     1                 $t.0
c0de0029 c0de0029       4a     1                 address_from_pubkey
c0de0072 c0de0072      1d0     2         build/nanos2/obj/app/src/apdu/dispatcher.o:(.text.apdu_dispatcher)
c0de0072 c0de0072        0     1                 $t.0
c0de0073 c0de0073      1d0     1                 apdu_dispatcher
c0de0242 c0de0242        a     2         build/nanos2/obj/app/src/apdu/dispatcher.o:(.text.io_send_sw)
c0de0242 c0de0242        0     1                 $t.1
c0de0243 c0de0243        a     1                 io_send_sw
c0de024c c0de024c        8     2         build/nanos2/obj/app/src/apdu/dispatcher.o:(.text.OUTLINED_FUNCTION_0)
c0de024c c0de024c        0     1                 $t.2
c0de024d c0de024d        8     1                 OUTLINED_FUNCTION_0
c0de0254 c0de0254       94     4         build/nanos2/obj/app/src/app_main.o:(.text.app_main)
c0de0254 c0de0254        0     1                 $t.0
c0de0255 c0de0255       94     1                 app_main
c0de02d4 c0de02d4        0     1                 $d.1
c0de02e8 c0de02e8       28     4         build/nanos2/obj/app/src/handler/get_app_name.o:(.text.handler_get_app_name)
c0de02e8 c0de02e8        0     1                 $t.0
c0de02e9 c0de02e9       28     1                 handler_get_app_name
c0de030c c0de030c        0     1                 $d.1
c0de0310 c0de0310       98     4         build/nanos2/obj/app/src/handler/get_public_key.o:(.text.handler_get_public_key)
c0de0310 c0de0310        0     1                 $t.0
c0de0311 c0de0311       98     1                 handler_get_public_key
c0de03a4 c0de03a4        0     1                 $d.1
c0de03a8 c0de03a8        a     2         build/nanos2/obj/app/src/handler/get_public_key.o:(.text.io_send_sw)
c0de03a8 c0de03a8        0     1                 $t.2
c0de03a9 c0de03a9        a     1                 io_send_sw
c0de03b2 c0de03b2       2e     2         build/nanos2/obj/app/src/handler/get_version.o:(.text.handler_get_version)
c0de03b2 c0de03b2        0     1                 $t.0
c0de03b3 c0de03b3       2e     1                 handler_get_version
c0de03e0 c0de03e0      168     4         build/nanos2/obj/app/src/handler/sign_tx.o:(.text.handler_sign_tx)
c0de03e0 c0de03e0        0     1                 $t.0
c0de03e1 c0de03e1      168     1                 handler_sign_tx
c0de0538 c0de0538        0     1                 $d.1
c0de0548 c0de0548        a     2         build/nanos2/obj/app/src/handler/sign_tx.o:(.text.io_send_sw)
c0de0548 c0de0548        0     1                 $t.2
c0de0549 c0de0549        a     1                 io_send_sw
c0de0552 c0de0552       4e     2         build/nanos2/obj/app/src/handler/zkn_magicbox.o:(.text.handler_cmd_blake2b512)
c0de0552 c0de0552        0     1                 $t.0
c0de0553 c0de0553       4e     1                 handler_cmd_blake2b512
c0de05a0 c0de05a0       16     2         build/nanos2/obj/app/src/handler/zkn_magicbox.o:(.text.io_send_response_pointer)
c0de05a0 c0de05a0        0     1                 $t.1
c0de05a1 c0de05a1       16     1                 io_send_response_pointer
c0de05b6 c0de05b6        a     2         build/nanos2/obj/app/src/handler/zkn_magicbox.o:(.text.io_send_sw)
c0de05b6 c0de05b6        0     1                 $t.2
c0de05b7 c0de05b7        a     1                 io_send_sw
c0de05c0 c0de05c0       3c     2         build/nanos2/obj/app/src/handler/zkn_magicbox.o:(.text.handler_cmd_keccakH)
c0de05c0 c0de05c0        0     1                 $t.3
c0de05c1 c0de05c1       3c     1                 handler_cmd_keccakH
c0de05fc c0de05fc       94     4         build/nanos2/obj/app/src/handler/zkn_magicbox.o:(.text.handler_cmd_bolos_stretch)
c0de05fc c0de05fc        0     1                 $t.4
c0de05fd c0de05fd       94     1                 handler_cmd_bolos_stretch
c0de0684 c0de0684        0     1                 $d.5
c0de0690 c0de0690      10c     4         build/nanos2/obj/app/src/handler/zkn_magicbox.o:(.text.handler_cmd_Poseidon)
c0de0690 c0de0690        0     1                 $t.6
c0de0691 c0de0691      10c     1                 handler_cmd_Poseidon
c0de0794 c0de0794        0     1                 $d.7
c0de079c c0de079c       8c     4         build/nanos2/obj/app/src/handler/zkn_magicbox.o:(.text.handler_cmd_Poseidon_ithRC)
c0de079c c0de079c        0     1                 $t.8
c0de079d c0de079d       8c     1                 handler_cmd_Poseidon_ithRC
c0de0820 c0de0820        0     1                 $d.9
c0de0828 c0de0828       84     2         build/nanos2/obj/app/src/handler/zkn_magicbox.o:(.text.handler_cmd_tEddsaPoseidon_Kpub)
c0de0828 c0de0828        0     1                 $t.12
c0de0829 c0de0829       84     1                 handler_cmd_tEddsaPoseidon_Kpub
c0de08ac c0de08ac       b4     2         build/nanos2/obj/app/src/handler/zkn_magicbox.o:(.text.handler_cmd_tEddsaPoseidon_Sign)
c0de08ac c0de08ac        0     1                 $t.13
c0de08ad c0de08ad       b4     1                 handler_cmd_tEddsaPoseidon_Sign
c0de0960 c0de0960       e8     4         build/nanos2/obj/app/src/handler/zkn_magicbox.o:(.text.handler_cmd_tEddsaPoseidon)
c0de0960 c0de0960        0     1                 $t.14
c0de0961 c0de0961       e8     1                 handler_cmd_tEddsaPoseidon
c0de0a40 c0de0a40        0     1                 $d.15
c0de0a48 c0de0a48      16c     4         build/nanos2/obj/app/src/handler/zkn_magicbox.o:(.text.handler_cmd_tEdwards)
c0de0a48 c0de0a48        0     1                 $t.16
c0de0a49 c0de0a49      16c     1                 handler_cmd_tEdwards
c0de0ba4 c0de0ba4        0     1                 $d.17
c0de0bb4 c0de0bb4      162     2         build/nanos2/obj/app/src/handler/zkn_magicbox.o:(.text.handler_cmd_Interpolate)
c0de0bb4 c0de0bb4        0     1                 $t.20
c0de0bb5 c0de0bb5      162     1                 handler_cmd_Interpolate
c0de0d16 c0de0d16      188     2         build/nanos2/obj/app/src/handler/zkn_magicbox.o:(.text.handler_cmd_Split)
c0de0d16 c0de0d16        0     1                 $t.21
c0de0d17 c0de0d17      188     1                 handler_cmd_Split
c0de0e9e c0de0e9e        8     2         build/nanos2/obj/app/src/handler/zkn_magicbox.o:(.text.OUTLINED_FUNCTION_0)
c0de0e9e c0de0e9e        0     1                 $t.22
c0de0e9f c0de0e9f        8     1                 OUTLINED_FUNCTION_0
c0de0ea6 c0de0ea6        6     2         build/nanos2/obj/app/src/handler/zkn_magicbox.o:(.text.OUTLINED_FUNCTION_1)
c0de0ea6 c0de0ea6        0     1                 $t.23
c0de0ea7 c0de0ea7        6     1                 OUTLINED_FUNCTION_1
c0de0eac c0de0eac        6     2         build/nanos2/obj/app/src/handler/zkn_magicbox.o:(.text.OUTLINED_FUNCTION_2)
c0de0eac c0de0eac        0     1                 $t.24
c0de0ead c0de0ead        6     1                 OUTLINED_FUNCTION_2
c0de0eb2 c0de0eb2        8     2         build/nanos2/obj/app/src/handler/zkn_magicbox.o:(.text.OUTLINED_FUNCTION_3)
c0de0eb2 c0de0eb2        0     1                 $t.25
c0de0eb3 c0de0eb3        8     1                 OUTLINED_FUNCTION_3
c0de0eba c0de0eba        6     2         build/nanos2/obj/app/src/handler/zkn_magicbox.o:(.text.OUTLINED_FUNCTION_4)
c0de0eba c0de0eba        0     1                 $t.26
c0de0ebb c0de0ebb        6     1                 OUTLINED_FUNCTION_4
c0de0ec0 c0de0ec0        6     2         build/nanos2/obj/app/src/handler/zkn_magicbox.o:(.text.OUTLINED_FUNCTION_5)
c0de0ec0 c0de0ec0        0     1                 $t.27
c0de0ec1 c0de0ec1        6     1                 OUTLINED_FUNCTION_5
c0de0ec6 c0de0ec6        6     2         build/nanos2/obj/app/src/handler/zkn_magicbox.o:(.text.OUTLINED_FUNCTION_6)
c0de0ec6 c0de0ec6        0     1                 $t.28
c0de0ec7 c0de0ec7        6     1                 OUTLINED_FUNCTION_6
c0de0ecc c0de0ecc       44     4         build/nanos2/obj/app/src/helper/send_reponse.o:(.text.helper_send_response_pubkey)
c0de0ecc c0de0ecc        0     1                 $t.0
c0de0ecd c0de0ecd       44     1                 helper_send_response_pubkey
c0de0f0c c0de0f0c        0     1                 $d.1
c0de0f10 c0de0f10       18     2         build/nanos2/obj/app/src/helper/send_reponse.o:(.text.io_send_response_pointer)
c0de0f10 c0de0f10        0     1                 $t.2
c0de0f11 c0de0f11       18     1                 io_send_response_pointer
c0de0f28 c0de0f28       44     4         build/nanos2/obj/app/src/helper/send_reponse.o:(.text.helper_send_response_sig)
c0de0f28 c0de0f28        0     1                 $t.3
c0de0f29 c0de0f29       44     1                 helper_send_response_sig
c0de0f68 c0de0f68        0     1                 $d.4
c0de0f6c c0de0f6c       b4     2         build/nanos2/obj/app/src/swap/handle_check_address.o:(.text.swap_handle_check_address)
c0de0f6c c0de0f6c        0     1                 $t.0
c0de0f6d c0de0f6d       b4     1                 swap_handle_check_address
c0de1020 c0de1020       58     4         build/nanos2/obj/app/src/swap/handle_get_printable_amount.o:(.text.swap_handle_get_printable_amount)
c0de1020 c0de1020        0     1                 $t.0
c0de1021 c0de1021       58     1                 swap_handle_get_printable_amount
c0de1074 c0de1074        0     1                 $d.1
c0de1078 c0de1078       80     4         build/nanos2/obj/app/src/swap/handle_swap_sign_transaction.o:(.text.swap_copy_transaction_parameters)
c0de1078 c0de1078        0     1                 $t.0
c0de1079 c0de1079       80     1                 swap_copy_transaction_parameters
c0de10f4 c0de10f4        0     1                 $d.1
c0de10f8 c0de10f8       80     4         build/nanos2/obj/app/src/swap/handle_swap_sign_transaction.o:(.text.swap_check_validity)
c0de10f8 c0de10f8        0     1                 $t.2
c0de10f9 c0de10f9       80     1                 swap_check_validity
c0de1174 c0de1174        0     1                 $d.3
c0de1178 c0de1178       be     2         build/nanos2/obj/app/src/transaction/deserialize.o:(.text.transaction_deserialize)
c0de1178 c0de1178        0     1                 $t.0
c0de1179 c0de1179       be     1                 transaction_deserialize
c0de1236 c0de1236       3a     2         build/nanos2/obj/app/src/transaction/utils.o:(.text.transaction_utils_check_encoding)
c0de1236 c0de1236        0     1                 $t.0
c0de1237 c0de1237       3a     1                 transaction_utils_check_encoding
c0de1270 c0de1270        e     2         build/nanos2/obj/app/src/ui/action/validate.o:(.text.validate_pubkey)
c0de1270 c0de1270        0     1                 $t.0
c0de1271 c0de1271        e     1                 validate_pubkey
c0de127e c0de127e        a     2         build/nanos2/obj/app/src/ui/action/validate.o:(.text.io_send_sw)
c0de127e c0de127e        0     1                 $t.1
c0de127f c0de127f        a     1                 io_send_sw
c0de1288 c0de1288       a4     4         build/nanos2/obj/app/src/ui/action/validate.o:(.text.validate_transaction)
c0de1288 c0de1288        0     1                 $t.2
c0de1289 c0de1289       a4     1                 validate_transaction
c0de1328 c0de1328        0     1                 $d.3
c0de132c c0de132c        6     2         build/nanos2/obj/app/src/ui/menu_nbgl.o:(.text.app_quit)
c0de132c c0de132c        0     1                 $t.0
c0de132d c0de132d        6     1                 app_quit
c0de1334 c0de1334       90     4         build/nanos2/obj/app/src/ui/menu_nbgl.o:(.text.ui_menu_main)
c0de1334 c0de1334        0     1                 $t.1
c0de1335 c0de1335       90     1                 ui_menu_main
c0de1398 c0de1398        0     1                 $d.2
c0de13c4 c0de13c4       b4     4         build/nanos2/obj/app/src/ui/menu_nbgl.o:(.text.controls_callback)
c0de13c4 c0de13c4        0     1                 $t.3
c0de13c5 c0de13c5       b4     1                 controls_callback
c0de1450 c0de1450        0     1                 $d.4
c0de1478 c0de1478       7c     4         build/nanos2/obj/app/src/ui/menu_nbgl.o:(.text.review_warning_choice)
c0de1478 c0de1478        0     1                 $t.5
c0de1479 c0de1479       7c     1                 review_warning_choice
c0de14d8 c0de14d8        0     1                 $d.6
c0de14f4 c0de14f4        6     2         build/nanos2/obj/app/src/ui/menu_nbgl.o:(.text.OUTLINED_FUNCTION_0)
c0de14f4 c0de14f4        0     1                 $t.7
c0de14f5 c0de14f5        6     1                 OUTLINED_FUNCTION_0
c0de14fc c0de14fc       a4     4         build/nanos2/obj/app/src/ui/nbgl_display_address.o:(.text.ui_display_address)
c0de14fc c0de14fc        0     1                 $t.0
c0de14fd c0de14fd       a4     1                 ui_display_address
c0de158c c0de158c        0     1                 $d.1
c0de15a0 c0de15a0        a     2         build/nanos2/obj/app/src/ui/nbgl_display_address.o:(.text.io_send_sw)
c0de15a0 c0de15a0        0     1                 $t.2
c0de15a1 c0de15a1        a     1                 io_send_sw
c0de15ac c0de15ac       20     4         build/nanos2/obj/app/src/ui/nbgl_display_address.o:(.text.review_choice)
c0de15ac c0de15ac        0     1                 $t.3
c0de15ad c0de15ad       20     1                 review_choice
c0de15c8 c0de15c8        0     1                 $d.4
c0de15cc c0de15cc      13c     4         build/nanos2/obj/app/src/ui/nbgl_display_transaction.o:(.text.ui_display_transaction_bs_choice)
c0de15cc c0de15cc        0     1                 $t.0
c0de15cd c0de15cd      13c     1                 ui_display_transaction_bs_choice
c0de16e0 c0de16e0        0     1                 $d.1
c0de1708 c0de1708        a     2         build/nanos2/obj/app/src/ui/nbgl_display_transaction.o:(.text.io_send_sw)
c0de1708 c0de1708        0     1                 $t.2
c0de1709 c0de1709        a     1                 io_send_sw
c0de1714 c0de1714       1c     4         build/nanos2/obj/app/src/ui/nbgl_display_transaction.o:(.text.review_choice)
c0de1714 c0de1714        0     1                 $t.3
c0de1715 c0de1715       1c     1                 review_choice
c0de172c c0de172c        0     1                 $d.4
c0de1730 c0de1730        6     2         build/nanos2/obj/app/src/ui/nbgl_display_transaction.o:(.text.ui_display_blind_signed_transaction)
c0de1730 c0de1730        0     1                 $t.5
c0de1731 c0de1731        6     1                 ui_display_blind_signed_transaction
c0de1736 c0de1736        6     2         build/nanos2/obj/app/src/ui/nbgl_display_transaction.o:(.text.ui_display_transaction)
c0de1736 c0de1736        0     1                 $t.6
c0de1737 c0de1737        6     1                 ui_display_transaction
c0de173c c0de173c       6c     4         build/nanos2/obj/app/src/zknox/ecc/zkn_eddsa.o:(.text.zkn_prv_hash)
c0de173c c0de173c        0     1                 $t.0
c0de173d c0de173d       6c     1                 zkn_prv_hash
c0de17a4 c0de17a4        0     1                 $d.1
c0de17a8 c0de17a8       4e     2         build/nanos2/obj/app/src/zknox/ecc/zkn_eddsa.o:(.text.zkn_prv2pub)
c0de17a8 c0de17a8        0     1                 $t.2
c0de17a9 c0de17a9       4e     1                 zkn_prv2pub
c0de17f8 c0de17f8      2b8     4         build/nanos2/obj/app/src/zknox/ecc/zkn_eddsa.o:(.text.EddsaPoseidon_Sign_final)
c0de17f8 c0de17f8        0     1                 $t.3
c0de17f9 c0de17f9      2b8     1                 EddsaPoseidon_Sign_final
c0de1aa8 c0de1aa8        0     1                 $d.4
c0de1ab0 c0de1ab0        8     2         build/nanos2/obj/app/src/zknox/ecc/zkn_eddsa.o:(.text.rev64)
c0de1ab0 c0de1ab0        0     1                 $t.5
c0de1ab1 c0de1ab1        8     1                 rev64
c0de1ab8 c0de1ab8        8     2         build/nanos2/obj/app/src/zknox/ecc/zkn_eddsa.o:(.text.OUTLINED_FUNCTION_0)
c0de1ab8 c0de1ab8        0     1                 $t.6
c0de1ab9 c0de1ab9        8     1                 OUTLINED_FUNCTION_0
c0de1ac0 c0de1ac0        6     2         build/nanos2/obj/app/src/zknox/ecc/zkn_eddsa.o:(.text.OUTLINED_FUNCTION_1)
c0de1ac0 c0de1ac0        0     1                 $t.7
c0de1ac1 c0de1ac1        6     1                 OUTLINED_FUNCTION_1
c0de1ac6 c0de1ac6       c8     2         build/nanos2/obj/app/src/zknox/ecc/zkn_frost.o:(.text.zkn_frost_interpolate)
c0de1ac6 c0de1ac6        0     1                 $t.0
c0de1ac7 c0de1ac7       c8     1                 zkn_frost_interpolate
c0de1b8e c0de1b8e       86     2         build/nanos2/obj/app/src/zknox/ecc/zkn_frost.o:(.text.zkn_frost_interpolate_secrets)
c0de1b8e c0de1b8e        0     1                 $t.1
c0de1b8f c0de1b8f       86     1                 zkn_frost_interpolate_secrets
c0de1c14 c0de1c14       76     2         build/nanos2/obj/app/src/zknox/ecc/zkn_frost.o:(.text.zkn_evalshare)
c0de1c14 c0de1c14        0     1                 $t.3
c0de1c15 c0de1c15       76     1                 zkn_evalshare
c0de1c8a c0de1c8a       2a     2         build/nanos2/obj/app/src/zknox/ecc/zkn_tEdwards.o:(.text.tEdwards_alloc)
c0de1c8a c0de1c8a        0     1                 $t.0
c0de1c8b c0de1c8b       2a     1                 tEdwards_alloc
c0de1cb4 c0de1cb4       22     2         build/nanos2/obj/app/src/zknox/ecc/zkn_tEdwards.o:(.text.tEdwards_destroy)
c0de1cb4 c0de1cb4        0     1                 $t.1
c0de1cb5 c0de1cb5       22     1                 tEdwards_destroy
c0de1cd6 c0de1cd6       d6     2         build/nanos2/obj/app/src/zknox/ecc/zkn_tEdwards.o:(.text.tEdwards_double)
c0de1cd6 c0de1cd6        0     1                 $t.2
c0de1cd7 c0de1cd7       d6     1                 tEdwards_double
c0de1dac c0de1dac      130     2         build/nanos2/obj/app/src/zknox/ecc/zkn_tEdwards.o:(.text.tEdwards_add)
c0de1dac c0de1dac        0     1                 $t.3
c0de1dad c0de1dad      130     1                 tEdwards_add
c0de1edc c0de1edc       ac     2         build/nanos2/obj/app/src/zknox/ecc/zkn_tEdwards.o:(.text.tEdwards_IsOnCurve)
c0de1edc c0de1edc        0     1                 $t.4
c0de1edd c0de1edd       ac     1                 tEdwards_IsOnCurve
c0de1f88 c0de1f88      214     4         build/nanos2/obj/app/src/zknox/ecc/zkn_tEdwards.o:(.text.tEdwards_Curve_alloc_init)
c0de1f88 c0de1f88        0     1                 $t.5
c0de1f89 c0de1f89      214     1                 tEdwards_Curve_alloc_init
c0de2170 c0de2170        0     1                 $d.6
c0de219c c0de219c       7e     2         build/nanos2/obj/app/src/zknox/ecc/zkn_tEdwards.o:(.text.tEdwards_init)
c0de219c c0de219c        0     1                 $t.7
c0de219d c0de219d       7e     1                 tEdwards_init
c0de221a c0de221a       92     2         build/nanos2/obj/app/src/zknox/ecc/zkn_tEdwards.o:(.text.tEdwards_Curve_partial_destroy)
c0de221a c0de221a        0     1                 $t.9
c0de221b c0de221b       92     1                 tEdwards_Curve_partial_destroy
c0de22ac c0de22ac       26     2         build/nanos2/obj/app/src/zknox/ecc/zkn_tEdwards.o:(.text.tEdwards_SetNeutral)
c0de22ac c0de22ac        0     1                 $t.10
c0de22ad c0de22ad       26     1                 tEdwards_SetNeutral
c0de22d2 c0de22d2       4c     2         build/nanos2/obj/app/src/zknox/ecc/zkn_tEdwards.o:(.text.tEdwards_export)
c0de22d2 c0de22d2        0     1                 $t.11
c0de22d3 c0de22d3       4c     1                 tEdwards_export
c0de231e c0de231e       5a     2         build/nanos2/obj/app/src/zknox/ecc/zkn_tEdwards.o:(.text.tEdwards_normalize)
c0de231e c0de231e        0     1                 $t.12
c0de231f c0de231f       5a     1                 tEdwards_normalize
c0de2378 c0de2378       26     2         build/nanos2/obj/app/src/zknox/ecc/zkn_tEdwards.o:(.text.tEdwards_copy)
c0de2378 c0de2378        0     1                 $t.13
c0de2379 c0de2379       26     1                 tEdwards_copy
c0de239e c0de239e       3e     2         build/nanos2/obj/app/src/zknox/ecc/zkn_tEdwards.o:(.text.tEdwards_alloc_init)
c0de239e c0de239e        0     1                 $t.14
c0de239f c0de239f       3e     1                 tEdwards_alloc_init
c0de23dc c0de23dc       ca     2         build/nanos2/obj/app/src/zknox/ecc/zkn_tEdwards.o:(.text.tEdwards_scalarMul_bn)
c0de23dc c0de23dc        0     1                 $t.16
c0de23dd c0de23dd       ca     1                 tEdwards_scalarMul_bn
c0de24a8 c0de24a8       40     4         build/nanos2/obj/app/src/zknox/ecc/zkn_tEdwards.o:(.text.tEdwards_scalarMul)
c0de24a8 c0de24a8        0     1                 $t.17
c0de24a9 c0de24a9       40     1                 tEdwards_scalarMul
c0de24e4 c0de24e4        0     1                 $d.18
c0de24e8 c0de24e8        6     2         build/nanos2/obj/app/src/zknox/ecc/zkn_tEdwards.o:(.text.OUTLINED_FUNCTION_0)
c0de24e8 c0de24e8        0     1                 $t.19
c0de24e9 c0de24e9        6     1                 OUTLINED_FUNCTION_0
c0de24ee c0de24ee        6     2         build/nanos2/obj/app/src/zknox/ecc/zkn_tEdwards.o:(.text.OUTLINED_FUNCTION_1)
c0de24ee c0de24ee        0     1                 $t.20
c0de24ef c0de24ef        6     1                 OUTLINED_FUNCTION_1
c0de24f4 c0de24f4        8     2         build/nanos2/obj/app/src/zknox/ecc/zkn_tEdwards.o:(.text.OUTLINED_FUNCTION_2)
c0de24f4 c0de24f4        0     1                 $t.21
c0de24f5 c0de24f5        8     1                 OUTLINED_FUNCTION_2
c0de24fc c0de24fc        8     2         build/nanos2/obj/app/src/zknox/ecc/zkn_tEdwards.o:(.text.OUTLINED_FUNCTION_3)
c0de24fc c0de24fc        0     1                 $t.22
c0de24fd c0de24fd        8     1                 OUTLINED_FUNCTION_3
c0de2504 c0de2504        6     2         build/nanos2/obj/app/src/zknox/ecc/zkn_tEdwards.o:(.text.OUTLINED_FUNCTION_4)
c0de2504 c0de2504        0     1                 $t.23
c0de2505 c0de2505        6     1                 OUTLINED_FUNCTION_4
c0de250c c0de250c       80     4         build/nanos2/obj/app/src/zknox/hash/zkn_poseidon_constants.o:(.text.grain_lfsr_advance)
c0de250c c0de250c        0     1                 $t.0
c0de250d c0de250d       80     1                 grain_lfsr_advance
c0de2584 c0de2584        0     1                 $d.1
c0de258c c0de258c       4a     2         build/nanos2/obj/app/src/zknox/hash/zkn_poseidon_constants.o:(.text.next64_graingen)
c0de258c c0de258c        0     1                 $t.2
c0de258d c0de258d       4a     1                 next64_graingen
c0de25d8 c0de25d8       30     4         build/nanos2/obj/app/src/zknox/hash/zkn_poseidon_constants.o:(.text.init_generator)
c0de25d8 c0de25d8        0     1                 $t.3
c0de25d9 c0de25d9       30     1                 init_generator
c0de2600 c0de2600        0     1                 $d.4
c0de2608 c0de2608       98     4         build/nanos2/obj/app/src/zknox/hash/zkn_poseidon_constants.o:(.text.gen_integer)
c0de2608 c0de2608        0     1                 $t.5
c0de2609 c0de2609       98     1                 gen_integer
c0de2690 c0de2690        0     1                 $d.6
c0de26a0 c0de26a0        8     2         build/nanos2/obj/app/src/zknox/hash/zkn_poseidon_constants.o:(.text.rev64)
c0de26a0 c0de26a0        0     1                 $t.7
c0de26a1 c0de26a1        8     1                 rev64
c0de26a8 c0de26a8        6     2         build/nanos2/obj/app/src/zknox/hash/zkn_poseidon_constants.o:(.text.Poseidon_getNext_RC)
c0de26a8 c0de26a8        0     1                 $t.8
c0de26a9 c0de26a9        6     1                 Poseidon_getNext_RC
c0de26b0 c0de26b0       cc     4         build/nanos2/obj/app/src/zknox/hash/zkn_poseidon_constants.o:(.text.Poseidon_alloc_init)
c0de26b0 c0de26b0        0     1                 $t.9
c0de26b1 c0de26b1       cc     1                 Poseidon_alloc_init
c0de2778 c0de2778        0     1                 $d.10
c0de277c c0de277c      1a0     4         build/nanos2/obj/app/src/zknox/hash/zkn_poseidon_constants.o:(.text.Poseidon)
c0de277c c0de277c        0     1                 $t.13
c0de277d c0de277d      1a0     1                 Poseidon
c0de2918 c0de2918        0     1                 $d.14
c0de291c c0de291c       c8     4         build/nanos2/obj/sdk/lib_nbgl/src/nbgl_buttons.o:(.text.nbgl_buttonsHandler)
c0de291c c0de291c        0     1                 $t.0
c0de291d c0de291d       c8     1                 nbgl_buttonsHandler
c0de29e0 c0de29e0        0     1                 $d.1
c0de29e4 c0de29e4      1e4     4         build/nanos2/obj/sdk/lib_nbgl/src/nbgl_draw.o:(.text.nbgl_drawRoundedRect)
c0de29e4 c0de29e4        0     1                 $t.0
c0de29e5 c0de29e5      1e4     1                 nbgl_drawRoundedRect
c0de2bc0 c0de2bc0        0     1                 $d.1
c0de2bc8 c0de2bc8       b0     4         build/nanos2/obj/sdk/lib_nbgl/src/nbgl_draw.o:(.text.draw_circle_helper)
c0de2bc8 c0de2bc8        0     1                 $t.2
c0de2bc9 c0de2bc9       b0     1                 draw_circle_helper
c0de2c54 c0de2c54        0     1                 $d.3
c0de2c78 c0de2c78      2f0     4         build/nanos2/obj/sdk/lib_nbgl/src/nbgl_draw.o:(.text.nbgl_drawRoundedBorderedRect)
c0de2c78 c0de2c78        0     1                 $t.4
c0de2c79 c0de2c79      2f0     1                 nbgl_drawRoundedBorderedRect
c0de2f60 c0de2f60        0     1                 $d.5
c0de2f68 c0de2f68       40     4         build/nanos2/obj/sdk/lib_nbgl/src/nbgl_draw.o:(.text.nbgl_drawIcon)
c0de2f68 c0de2f68        0     1                 $t.6
c0de2f69 c0de2f69       40     1                 nbgl_drawIcon
c0de2fa4 c0de2fa4        0     1                 $d.7
c0de2fa8 c0de2fa8      1c8     2         build/nanos2/obj/sdk/lib_nbgl/src/nbgl_draw.o:(.text.nbgl_drawText)
c0de2fa8 c0de2fa8        0     1                 $t.8
c0de2fa9 c0de2fa9      1c8     1                 nbgl_drawText
c0de3170 c0de3170       10     2         build/nanos2/obj/sdk/lib_nbgl/src/nbgl_draw.o:(.text.OUTLINED_FUNCTION_0)
c0de3170 c0de3170        0     1                 $t.9
c0de3171 c0de3171       10     1                 OUTLINED_FUNCTION_0
c0de3180 c0de3180       10     2         build/nanos2/obj/sdk/lib_nbgl/src/nbgl_draw.o:(.text.OUTLINED_FUNCTION_1)
c0de3180 c0de3180        0     1                 $t.10
c0de3181 c0de3181       10     1                 OUTLINED_FUNCTION_1
c0de3190 c0de3190        a     2         build/nanos2/obj/sdk/lib_nbgl/src/nbgl_draw.o:(.text.OUTLINED_FUNCTION_2)
c0de3190 c0de3190        0     1                 $t.11
c0de3191 c0de3191        a     1                 OUTLINED_FUNCTION_2
c0de319a c0de319a        4     2         build/nanos2/obj/sdk/lib_nbgl/src/nbgl_fonts.o:(.text.nbgl_getFont)
c0de319a c0de319a        0     1                 $t.0
c0de319b c0de319b        4     1                 nbgl_getFont
c0de319e c0de319e       8c     2         build/nanos2/obj/sdk/lib_nbgl/src/nbgl_fonts.o:(.text.nbgl_popUnicodeChar)
c0de319e c0de319e        0     1                 $t.1
c0de319f c0de319f       8c     1                 nbgl_popUnicodeChar
c0de322a c0de322a        a     2         build/nanos2/obj/sdk/lib_nbgl/src/nbgl_fonts.o:(.text.nbgl_getSingleLineTextWidth)
c0de322a c0de322a        0     1                 $t.2
c0de322b c0de322b        a     1                 nbgl_getSingleLineTextWidth
c0de3234 c0de3234       9a     2         build/nanos2/obj/sdk/lib_nbgl/src/nbgl_fonts.o:(.text.getTextWidth)
c0de3234 c0de3234        0     1                 $t.3
c0de3235 c0de3235       9a     1                 getTextWidth
c0de32ce c0de32ce        a     2         build/nanos2/obj/sdk/lib_nbgl/src/nbgl_fonts.o:(.text.nbgl_getTextWidth)
c0de32ce c0de32ce        0     1                 $t.5
c0de32cf c0de32cf        a     1                 nbgl_getTextWidth
c0de32d8 c0de32d8       30     2         build/nanos2/obj/sdk/lib_nbgl/src/nbgl_fonts.o:(.text.getCharWidth)
c0de32d8 c0de32d8        0     1                 $t.7
c0de32d9 c0de32d9       30     1                 getCharWidth
c0de3308 c0de3308        a     2         build/nanos2/obj/sdk/lib_nbgl/src/nbgl_fonts.o:(.text.nbgl_getFontHeight)
c0de3308 c0de3308        0     1                 $t.8
c0de3309 c0de3309        a     1                 nbgl_getFontHeight
c0de3312 c0de3312        a     2         build/nanos2/obj/sdk/lib_nbgl/src/nbgl_fonts.o:(.text.nbgl_getFontLineHeight)
c0de3312 c0de3312        0     1                 $t.9
c0de3313 c0de3313        a     1                 nbgl_getFontLineHeight
c0de331c c0de331c       20     2         build/nanos2/obj/sdk/lib_nbgl/src/nbgl_fonts.o:(.text.nbgl_getTextLength)
c0de331c c0de331c        0     1                 $t.12
c0de331d c0de331d       20     1                 nbgl_getTextLength
c0de333c c0de333c       fc     2         build/nanos2/obj/sdk/lib_nbgl/src/nbgl_fonts.o:(.text.nbgl_getTextMaxLenAndWidth)
c0de333c c0de333c        0     1                 $t.13
c0de333d c0de333d       fc     1                 nbgl_getTextMaxLenAndWidth
c0de3438 c0de3438      124     4         build/nanos2/obj/sdk/lib_nbgl/src/nbgl_fonts.o:(.text.nbgl_getTextMaxLenInNbLines)
c0de3438 c0de3438        0     1                 $t.14
c0de3439 c0de3439      124     1                 nbgl_getTextMaxLenInNbLines
c0de3558 c0de3558        0     1                 $d.15
c0de355c c0de355c       84     2         build/nanos2/obj/sdk/lib_nbgl/src/nbgl_fonts.o:(.text.nbgl_getTextMaxLenAndWidthFromEnd)
c0de355c c0de355c        0     1                 $t.16
c0de355d c0de355d       84     1                 nbgl_getTextMaxLenAndWidthFromEnd
c0de35e0 c0de35e0       fc     4         build/nanos2/obj/sdk/lib_nbgl/src/nbgl_fonts.o:(.text.nbgl_getTextNbLinesInWidth)
c0de35e0 c0de35e0        0     1                 $t.17
c0de35e1 c0de35e1       fc     1                 nbgl_getTextNbLinesInWidth
c0de36d8 c0de36d8        0     1                 $d.18
c0de36dc c0de36dc      128     4         build/nanos2/obj/sdk/lib_nbgl/src/nbgl_fonts.o:(.text.nbgl_getTextNbPagesInWidth)
c0de36dc c0de36dc        0     1                 $t.19
c0de36dd c0de36dd      128     1                 nbgl_getTextNbPagesInWidth
c0de3800 c0de3800        0     1                 $d.20
c0de3804 c0de3804      134     4         build/nanos2/obj/sdk/lib_nbgl/src/nbgl_fonts.o:(.text.nbgl_textReduceOnNbLines)
c0de3804 c0de3804        0     1                 $t.24
c0de3805 c0de3805      134     1                 nbgl_textReduceOnNbLines
c0de3934 c0de3934        0     1                 $d.25
c0de3938 c0de3938       78     4         build/nanos2/obj/sdk/lib_nbgl/src/nbgl_layout_nanos.o:(.text.nbgl_layoutGet)
c0de3938 c0de3938        0     1                 $t.1
c0de3939 c0de3939       78     1                 nbgl_layoutGet
c0de39a8 c0de39a8        0     1                 $d.2
c0de39b0 c0de39b0       50     4         build/nanos2/obj/sdk/lib_nbgl/src/nbgl_layout_nanos.o:(.text.buttonCallback)
c0de39b0 c0de39b0        0     1                 $t.3
c0de39b1 c0de39b1       50     1                 buttonCallback
c0de39fc c0de39fc        0     1                 $d.4
c0de3a00 c0de3a00       bc     4         build/nanos2/obj/sdk/lib_nbgl/src/nbgl_layout_nanos.o:(.text.nbgl_layoutAddNavigation)
c0de3a00 c0de3a00        0     1                 $t.5
c0de3a01 c0de3a01       bc     1                 nbgl_layoutAddNavigation
c0de3aac c0de3aac        0     1                 $d.6
c0de3abc c0de3abc      368     4         build/nanos2/obj/sdk/lib_nbgl/src/nbgl_layout_nanos.o:(.text.nbgl_layoutAddText)
c0de3abc c0de3abc        0     1                 $t.7
c0de3abd c0de3abd      368     1                 nbgl_layoutAddText
c0de3e20 c0de3e20        0     1                 $d.8
c0de3e24 c0de3e24       a8     2         build/nanos2/obj/sdk/lib_nbgl/src/nbgl_layout_nanos.o:(.text.nbgl_layoutAddMenuList)
c0de3e24 c0de3e24        0     1                 $t.9
c0de3e25 c0de3e25       a8     1                 nbgl_layoutAddMenuList
c0de3ecc c0de3ecc      340     2         build/nanos2/obj/sdk/lib_nbgl/src/nbgl_layout_nanos.o:(.text.nbgl_layoutAddCenteredInfo)
c0de3ecc c0de3ecc        0     1                 $t.10
c0de3ecd c0de3ecd      340     1                 nbgl_layoutAddCenteredInfo
c0de420c c0de420c      1d0     4         build/nanos2/obj/sdk/lib_nbgl/src/nbgl_layout_nanos.o:(.text.nbgl_layoutAddSwitch)
c0de420c c0de420c        0     1                 $t.13
c0de420d c0de420d      1d0     1                 nbgl_layoutAddSwitch
c0de43cc c0de43cc        0     1                 $d.14
c0de43dc c0de43dc       10     2         build/nanos2/obj/sdk/lib_nbgl/src/nbgl_layout_nanos.o:(.text.nbgl_layoutDraw)
c0de43dc c0de43dc        0     1                 $t.15
c0de43dd c0de43dd       10     1                 nbgl_layoutDraw
c0de43ec c0de43ec       1a     2         build/nanos2/obj/sdk/lib_nbgl/src/nbgl_layout_nanos.o:(.text.nbgl_layoutRelease)
c0de43ec c0de43ec        0     1                 $t.16
c0de43ed c0de43ed       1a     1                 nbgl_layoutRelease
c0de4406 c0de4406       22     2         build/nanos2/obj/sdk/lib_nbgl/src/nbgl_layout_nanos.o:(.text.OUTLINED_FUNCTION_1)
c0de4406 c0de4406        0     1                 $t.18
c0de4407 c0de4407       22     1                 OUTLINED_FUNCTION_1
c0de4428 c0de4428       1a     2         build/nanos2/obj/sdk/lib_nbgl/src/nbgl_layout_nanos.o:(.text.OUTLINED_FUNCTION_2)
c0de4428 c0de4428        0     1                 $t.19
c0de4429 c0de4429       1a     1                 OUTLINED_FUNCTION_2
c0de4442 c0de4442       1a     2         build/nanos2/obj/sdk/lib_nbgl/src/nbgl_layout_nanos.o:(.text.OUTLINED_FUNCTION_3)
c0de4442 c0de4442        0     1                 $t.20
c0de4443 c0de4443       1a     1                 OUTLINED_FUNCTION_3
c0de445c c0de445c        a     2         build/nanos2/obj/sdk/lib_nbgl/src/nbgl_layout_nanos.o:(.text.OUTLINED_FUNCTION_4)
c0de445c c0de445c        0     1                 $t.21
c0de445d c0de445d        a     1                 OUTLINED_FUNCTION_4
c0de4466 c0de4466        6     2         build/nanos2/obj/sdk/lib_nbgl/src/nbgl_layout_nanos.o:(.text.OUTLINED_FUNCTION_5)
c0de4466 c0de4466        0     1                 $t.22
c0de4467 c0de4467        6     1                 OUTLINED_FUNCTION_5
c0de446c c0de446c        8     2         build/nanos2/obj/sdk/lib_nbgl/src/nbgl_layout_nanos.o:(.text.OUTLINED_FUNCTION_6)
c0de446c c0de446c        0     1                 $t.23
c0de446d c0de446d        8     1                 OUTLINED_FUNCTION_6
c0de4474 c0de4474       10     2         build/nanos2/obj/sdk/lib_nbgl/src/nbgl_layout_nanos.o:(.text.OUTLINED_FUNCTION_7)
c0de4474 c0de4474        0     1                 $t.24
c0de4475 c0de4475       10     1                 OUTLINED_FUNCTION_7
c0de4484 c0de4484        6     2         build/nanos2/obj/sdk/lib_nbgl/src/nbgl_layout_nanos.o:(.text.OUTLINED_FUNCTION_8)
c0de4484 c0de4484        0     1                 $t.25
c0de4485 c0de4485        6     1                 OUTLINED_FUNCTION_8
c0de448a c0de448a        e     2         build/nanos2/obj/sdk/lib_nbgl/src/nbgl_layout_nanos.o:(.text.OUTLINED_FUNCTION_9)
c0de448a c0de448a        0     1                 $t.26
c0de448b c0de448b        e     1                 OUTLINED_FUNCTION_9
c0de4498 c0de4498       58     4         build/nanos2/obj/sdk/lib_nbgl/src/nbgl_obj.o:(.text.nbgl_objDraw)
c0de4498 c0de4498        0     1                 $t.0
c0de4499 c0de4499       58     1                 nbgl_objDraw
c0de44ec c0de44ec        0     1                 $d.1
c0de44f0 c0de44f0      170     4         build/nanos2/obj/sdk/lib_nbgl/src/nbgl_obj.o:(.text.draw_obj_and_chidren)
c0de44f0 c0de44f0        0     1                 $t.2
c0de44f1 c0de44f1      170     1                 draw_obj_and_chidren
c0de4654 c0de4654        0     1                 $d.3
c0de4660 c0de4660        6     2         build/nanos2/obj/sdk/lib_nbgl/src/nbgl_obj.o:(.text.nbgl_refresh)
c0de4660 c0de4660        0     1                 $t.4
c0de4661 c0de4661        6     1                 nbgl_refresh
c0de4668 c0de4668       3c     4         build/nanos2/obj/sdk/lib_nbgl/src/nbgl_obj.o:(.text.nbgl_refreshSpecial)
c0de4668 c0de4668        0     1                 $t.5
c0de4669 c0de4669       3c     1                 nbgl_refreshSpecial
c0de46a0 c0de46a0        0     1                 $d.6
c0de46a4 c0de46a4        c     4         build/nanos2/obj/sdk/lib_nbgl/src/nbgl_obj.o:(.text.nbgl_objInit)
c0de46a4 c0de46a4        0     1                 $t.13
c0de46a5 c0de46a5        c     1                 nbgl_objInit
c0de46ac c0de46ac        0     1                 $d.14
c0de46b0 c0de46b0       10     4         build/nanos2/obj/sdk/lib_nbgl/src/nbgl_obj.o:(.text.nbgl_objAllowDrawing)
c0de46b0 c0de46b0        0     1                 $t.15
c0de46b1 c0de46b1       10     1                 nbgl_objAllowDrawing
c0de46bc c0de46bc        0     1                 $d.16
c0de46c0 c0de46c0       40     2         build/nanos2/obj/sdk/lib_nbgl/src/nbgl_obj.o:(.text.draw_screen)
c0de46c0 c0de46c0        0     1                 $t.17
c0de46c1 c0de46c1       40     1                 draw_screen
c0de4700 c0de4700       28     2         build/nanos2/obj/sdk/lib_nbgl/src/nbgl_obj.o:(.text.draw_container)
c0de4700 c0de4700        0     1                 $t.18
c0de4701 c0de4701       28     1                 draw_container
c0de4728 c0de4728       84     2         build/nanos2/obj/sdk/lib_nbgl/src/nbgl_obj.o:(.text.draw_image)
c0de4728 c0de4728        0     1                 $t.19
c0de4729 c0de4729       84     1                 draw_image
c0de47ac c0de47ac      2bc     4         build/nanos2/obj/sdk/lib_nbgl/src/nbgl_obj.o:(.text.draw_textArea)
c0de47ac c0de47ac        0     1                 $t.20
c0de47ad c0de47ad      2bc     1                 draw_textArea
c0de4a64 c0de4a64        0     1                 $d.21
c0de4a68 c0de4a68      1d2     2         build/nanos2/obj/sdk/lib_nbgl/src/nbgl_obj.o:(.text.draw_button)
c0de4a68 c0de4a68        0     1                 $t.22
c0de4a69 c0de4a69      1d2     1                 draw_button
c0de4c3a c0de4c3a       9e     2         build/nanos2/obj/sdk/lib_nbgl/src/nbgl_obj.o:(.text.draw_progressBar)
c0de4c3a c0de4c3a        0     1                 $t.23
c0de4c3b c0de4c3b       9e     1                 draw_progressBar
c0de4cd8 c0de4cd8       4c     4         build/nanos2/obj/sdk/lib_nbgl/src/nbgl_obj.o:(.text.draw_image_file)
c0de4cd8 c0de4cd8        0     1                 $t.24
c0de4cd9 c0de4cd9       4c     1                 draw_image_file
c0de4d20 c0de4d20        0     1                 $d.25
c0de4d24 c0de4d24      14c     4         build/nanos2/obj/sdk/lib_nbgl/src/nbgl_obj.o:(.text.draw_textEntry)
c0de4d24 c0de4d24        0     1                 $t.26
c0de4d25 c0de4d25      14c     1                 draw_textEntry
c0de4e6c c0de4e6c        0     1                 $d.27
c0de4e70 c0de4e70      56e     2         build/nanos2/obj/sdk/lib_nbgl/src/nbgl_obj.o:(.text.compute_position)
c0de4e70 c0de4e70        0     1                 $t.28
c0de4e71 c0de4e71      56e     1                 compute_position
c0de53de c0de53de       14     2         build/nanos2/obj/sdk/lib_nbgl/src/nbgl_obj.o:(.text.OUTLINED_FUNCTION_0)
c0de53de c0de53de        0     1                 $t.29
c0de53df c0de53df       14     1                 OUTLINED_FUNCTION_0
c0de53f2 c0de53f2       14     2         build/nanos2/obj/sdk/lib_nbgl/src/nbgl_obj.o:(.text.OUTLINED_FUNCTION_1)
c0de53f2 c0de53f2        0     1                 $t.30
c0de53f3 c0de53f3       14     1                 OUTLINED_FUNCTION_1
c0de5406 c0de5406       26     2         build/nanos2/obj/sdk/lib_nbgl/src/nbgl_obj.o:(.text.OUTLINED_FUNCTION_2)
c0de5406 c0de5406        0     1                 $t.31
c0de5407 c0de5407       26     1                 OUTLINED_FUNCTION_2
c0de542c c0de542c       16     2         build/nanos2/obj/sdk/lib_nbgl/src/nbgl_obj.o:(.text.OUTLINED_FUNCTION_3)
c0de542c c0de542c        0     1                 $t.32
c0de542d c0de542d       16     1                 OUTLINED_FUNCTION_3
c0de5442 c0de5442       1c     2         build/nanos2/obj/sdk/lib_nbgl/src/nbgl_obj.o:(.text.OUTLINED_FUNCTION_4)
c0de5442 c0de5442        0     1                 $t.33
c0de5443 c0de5443       1c     1                 OUTLINED_FUNCTION_4
c0de545e c0de545e       1c     2         build/nanos2/obj/sdk/lib_nbgl/src/nbgl_obj.o:(.text.OUTLINED_FUNCTION_5)
c0de545e c0de545e        0     1                 $t.34
c0de545f c0de545f       1c     1                 OUTLINED_FUNCTION_5
c0de547a c0de547a       18     2         build/nanos2/obj/sdk/lib_nbgl/src/nbgl_obj.o:(.text.OUTLINED_FUNCTION_6)
c0de547a c0de547a        0     1                 $t.35
c0de547b c0de547b       18     1                 OUTLINED_FUNCTION_6
c0de5492 c0de5492       10     2         build/nanos2/obj/sdk/lib_nbgl/src/nbgl_obj.o:(.text.OUTLINED_FUNCTION_7)
c0de5492 c0de5492        0     1                 $t.36
c0de5493 c0de5493       10     1                 OUTLINED_FUNCTION_7
c0de54a2 c0de54a2       12     2         build/nanos2/obj/sdk/lib_nbgl/src/nbgl_obj.o:(.text.OUTLINED_FUNCTION_8)
c0de54a2 c0de54a2        0     1                 $t.37
c0de54a3 c0de54a3       12     1                 OUTLINED_FUNCTION_8
c0de54b4 c0de54b4        6     2         build/nanos2/obj/sdk/lib_nbgl/src/nbgl_obj.o:(.text.OUTLINED_FUNCTION_9)
c0de54b4 c0de54b4        0     1                 $t.38
c0de54b5 c0de54b5        6     1                 OUTLINED_FUNCTION_9
c0de54ba c0de54ba       10     2         build/nanos2/obj/sdk/lib_nbgl/src/nbgl_obj.o:(.text.OUTLINED_FUNCTION_10)
c0de54ba c0de54ba        0     1                 $t.39
c0de54bb c0de54bb       10     1                 OUTLINED_FUNCTION_10
c0de54ca c0de54ca       10     2         build/nanos2/obj/sdk/lib_nbgl/src/nbgl_obj.o:(.text.OUTLINED_FUNCTION_11)
c0de54ca c0de54ca        0     1                 $t.40
c0de54cb c0de54cb       10     1                 OUTLINED_FUNCTION_11
c0de54da c0de54da        e     2         build/nanos2/obj/sdk/lib_nbgl/src/nbgl_obj.o:(.text.OUTLINED_FUNCTION_12)
c0de54da c0de54da        0     1                 $t.41
c0de54db c0de54db        e     1                 OUTLINED_FUNCTION_12
c0de54e8 c0de54e8        e     2         build/nanos2/obj/sdk/lib_nbgl/src/nbgl_obj.o:(.text.OUTLINED_FUNCTION_13)
c0de54e8 c0de54e8        0     1                 $t.42
c0de54e9 c0de54e9        e     1                 OUTLINED_FUNCTION_13
c0de54f6 c0de54f6        e     2         build/nanos2/obj/sdk/lib_nbgl/src/nbgl_obj.o:(.text.OUTLINED_FUNCTION_14)
c0de54f6 c0de54f6        0     1                 $t.43
c0de54f7 c0de54f7        e     1                 OUTLINED_FUNCTION_14
c0de5504 c0de5504       34     4         build/nanos2/obj/sdk/lib_nbgl/src/nbgl_obj_pool.o:(.text.nbgl_objPoolRelease)
c0de5504 c0de5504        0     1                 $t.0
c0de5505 c0de5505       34     1                 nbgl_objPoolRelease
c0de5534 c0de5534        0     1                 $d.1
c0de5538 c0de5538       78     4         build/nanos2/obj/sdk/lib_nbgl/src/nbgl_obj_pool.o:(.text.nbgl_objPoolGet)
c0de5538 c0de5538        0     1                 $t.4
c0de5539 c0de5539       78     1                 nbgl_objPoolGet
c0de55a8 c0de55a8        0     1                 $d.5
c0de55b0 c0de55b0       4c     4         build/nanos2/obj/sdk/lib_nbgl/src/nbgl_obj_pool.o:(.text.nbgl_containerPoolRelease)
c0de55b0 c0de55b0        0     1                 $t.12
c0de55b1 c0de55b1       4c     1                 nbgl_containerPoolRelease
c0de55f4 c0de55f4        0     1                 $d.13
c0de55fc c0de55fc       90     4         build/nanos2/obj/sdk/lib_nbgl/src/nbgl_obj_pool.o:(.text.nbgl_containerPoolGet)
c0de55fc c0de55fc        0     1                 $t.14
c0de55fd c0de55fd       90     1                 nbgl_containerPoolGet
c0de5684 c0de5684        0     1                 $d.15
c0de568c c0de568c        c     2         build/nanos2/obj/sdk/lib_nbgl/src/nbgl_obj_pool.o:(.text.OUTLINED_FUNCTION_0)
c0de568c c0de568c        0     1                 $t.18
c0de568d c0de568d        c     1                 OUTLINED_FUNCTION_0
c0de5698 c0de5698        a     2         build/nanos2/obj/sdk/lib_nbgl/src/nbgl_obj_pool.o:(.text.OUTLINED_FUNCTION_1)
c0de5698 c0de5698        0     1                 $t.19
c0de5699 c0de5699        a     1                 OUTLINED_FUNCTION_1
c0de56a4 c0de56a4       24     4         build/nanos2/obj/sdk/lib_nbgl/src/nbgl_screen.o:(.text.nbgl_screenRedraw)
c0de56a4 c0de56a4        0     1                 $t.0
c0de56a5 c0de56a5       24     1                 nbgl_screenRedraw
c0de56c4 c0de56c4        0     1                 $d.1
c0de56c8 c0de56c8       18     4         build/nanos2/obj/sdk/lib_nbgl/src/nbgl_screen.o:(.text.nbgl_screenGetTop)
c0de56c8 c0de56c8        0     1                 $t.4
c0de56c9 c0de56c9       18     1                 nbgl_screenGetTop
c0de56dc c0de56dc        0     1                 $d.5
c0de56e0 c0de56e0       44     4         build/nanos2/obj/sdk/lib_nbgl/src/nbgl_screen.o:(.text.nbgl_screenSet)
c0de56e0 c0de56e0        0     1                 $t.10
c0de56e1 c0de56e1       44     1                 nbgl_screenSet
c0de571c c0de571c        0     1                 $d.11
c0de5724 c0de5724      12c     4         build/nanos2/obj/sdk/lib_nbgl/src/nbgl_screen.o:(.text.nbgl_screenSetAt)
c0de5724 c0de5724        0     1                 $t.12
c0de5725 c0de5725      12c     1                 nbgl_screenSetAt
c0de584c c0de584c        0     1                 $d.13
c0de5850 c0de5850      108     4         build/nanos2/obj/sdk/lib_nbgl/src/nbgl_screen.o:(.text.nbgl_screenPush)
c0de5850 c0de5850        0     1                 $t.22
c0de5851 c0de5851      108     1                 nbgl_screenPush
c0de5950 c0de5950        0     1                 $d.23
c0de5958 c0de5958      130     4         build/nanos2/obj/sdk/lib_nbgl/src/nbgl_screen.o:(.text.nbgl_screenPop)
c0de5958 c0de5958        0     1                 $t.24
c0de5959 c0de5959      130     1                 nbgl_screenPop
c0de5a80 c0de5a80        0     1                 $d.25
c0de5a88 c0de5a88       88     4         build/nanos2/obj/sdk/lib_nbgl/src/nbgl_screen.o:(.text.nbgl_screenHandler)
c0de5a88 c0de5a88        0     1                 $t.28
c0de5a89 c0de5a89       88     1                 nbgl_screenHandler
c0de5b0c c0de5b0c        0     1                 $d.29
c0de5b10 c0de5b10       72     2         build/nanos2/obj/sdk/lib_nbgl/src/nbgl_step.o:(.text.nbgl_stepDrawText)
c0de5b10 c0de5b10        0     1                 $t.0
c0de5b11 c0de5b11       72     1                 nbgl_stepDrawText
c0de5b84 c0de5b84       4c     4         build/nanos2/obj/sdk/lib_nbgl/src/nbgl_step.o:(.text.getFreeContext)
c0de5b84 c0de5b84        0     1                 $t.1
c0de5b85 c0de5b85       4c     1                 getFreeContext
c0de5bcc c0de5bcc        0     1                 $d.2
c0de5bd0 c0de5bd0      1cc     4         build/nanos2/obj/sdk/lib_nbgl/src/nbgl_step.o:(.text.displayTextPage)
c0de5bd0 c0de5bd0        0     1                 $t.3
c0de5bd1 c0de5bd1      1cc     1                 displayTextPage
c0de5d94 c0de5d94        0     1                 $d.4
c0de5d9c c0de5d9c       7c     4         build/nanos2/obj/sdk/lib_nbgl/src/nbgl_step.o:(.text.nbgl_stepDrawCenteredInfo)
c0de5d9c c0de5d9c        0     1                 $t.5
c0de5d9d c0de5d9d       7c     1                 nbgl_stepDrawCenteredInfo
c0de5e14 c0de5e14        0     1                 $d.6
c0de5e18 c0de5e18       6c     2         build/nanos2/obj/sdk/lib_nbgl/src/nbgl_step.o:(.text.actionCallback)
c0de5e18 c0de5e18        0     1                 $t.7
c0de5e19 c0de5e19       6c     1                 actionCallback
c0de5e84 c0de5e84       38     2         build/nanos2/obj/sdk/lib_nbgl/src/nbgl_step.o:(.text.getNavigationInfo)
c0de5e84 c0de5e84        0     1                 $t.8
c0de5e85 c0de5e85       38     1                 getNavigationInfo
c0de5ebc c0de5ebc       36     2         build/nanos2/obj/sdk/lib_nbgl/src/nbgl_step.o:(.text.nbgl_stepDrawMenuList)
c0de5ebc c0de5ebc        0     1                 $t.9
c0de5ebd c0de5ebd       36     1                 nbgl_stepDrawMenuList
c0de5ef4 c0de5ef4       78     4         build/nanos2/obj/sdk/lib_nbgl/src/nbgl_step.o:(.text.displayMenuList)
c0de5ef4 c0de5ef4        0     1                 $t.10
c0de5ef5 c0de5ef5       78     1                 displayMenuList
c0de5f68 c0de5f68        0     1                 $d.11
c0de5f6c c0de5f6c       7c     4         build/nanos2/obj/sdk/lib_nbgl/src/nbgl_step.o:(.text.nbgl_stepDrawSwitch)
c0de5f6c c0de5f6c        0     1                 $t.13
c0de5f6d c0de5f6d       7c     1                 nbgl_stepDrawSwitch
c0de5fe4 c0de5fe4        0     1                 $d.14
c0de5fe8 c0de5fe8       18     2         build/nanos2/obj/sdk/lib_nbgl/src/nbgl_step.o:(.text.nbgl_stepRelease)
c0de5fe8 c0de5fe8        0     1                 $t.15
c0de5fe9 c0de5fe9       18     1                 nbgl_stepRelease
c0de6000 c0de6000       28     4         build/nanos2/obj/sdk/lib_nbgl/src/nbgl_step.o:(.text.getContextFromLayout)
c0de6000 c0de6000        0     1                 $t.16
c0de6001 c0de6001       28     1                 getContextFromLayout
c0de6024 c0de6024        0     1                 $d.17
c0de6028 c0de6028       40     2         build/nanos2/obj/sdk/lib_nbgl/src/nbgl_step.o:(.text.menuListActionCallback)
c0de6028 c0de6028        0     1                 $t.18
c0de6029 c0de6029       40     1                 menuListActionCallback
c0de6068 c0de6068       8e     2         build/nanos2/obj/sdk/lib_nbgl/src/nbgl_step.o:(.text.OUTLINED_FUNCTION_0)
c0de6068 c0de6068        0     1                 $t.19
c0de6069 c0de6069       8e     1                 OUTLINED_FUNCTION_0
c0de60f6 c0de60f6       4a     2         build/nanos2/obj/sdk/lib_nbgl/src/nbgl_step.o:(.text.OUTLINED_FUNCTION_1)
c0de60f6 c0de60f6        0     1                 $t.20
c0de60f7 c0de60f7       4a     1                 OUTLINED_FUNCTION_1
c0de6140 c0de6140       12     2         build/nanos2/obj/sdk/lib_nbgl/src/nbgl_step.o:(.text.OUTLINED_FUNCTION_2)
c0de6140 c0de6140        0     1                 $t.21
c0de6141 c0de6141       12     1                 OUTLINED_FUNCTION_2
c0de6152 c0de6152        a     2         build/nanos2/obj/sdk/lib_nbgl/src/nbgl_step.o:(.text.OUTLINED_FUNCTION_3)
c0de6152 c0de6152        0     1                 $t.22
c0de6153 c0de6153        a     1                 OUTLINED_FUNCTION_3
c0de615c c0de615c        6     2         build/nanos2/obj/sdk/lib_nbgl/src/nbgl_step.o:(.text.OUTLINED_FUNCTION_4)
c0de615c c0de615c        0     1                 $t.23
c0de615d c0de615d        6     1                 OUTLINED_FUNCTION_4
c0de6162 c0de6162        e     2         build/nanos2/obj/sdk/lib_nbgl/src/nbgl_step.o:(.text.OUTLINED_FUNCTION_5)
c0de6162 c0de6162        0     1                 $t.24
c0de6163 c0de6163        e     1                 OUTLINED_FUNCTION_5
c0de6170 c0de6170       4c     4         build/nanos2/obj/sdk/lib_nbgl/src/nbgl_use_case_nanos.o:(.text.nbgl_useCaseHomeAndSettings)
c0de6170 c0de6170        0     1                 $t.11
c0de6171 c0de6171       4c     1                 nbgl_useCaseHomeAndSettings
c0de61b8 c0de61b8        0     1                 $d.12
c0de61bc c0de61bc       78     4         build/nanos2/obj/sdk/lib_nbgl/src/nbgl_use_case_nanos.o:(.text.startUseCaseSettingsAtPage)
c0de61bc c0de61bc        0     1                 $t.13
c0de61bd c0de61bd       78     1                 startUseCaseSettingsAtPage
c0de6230 c0de6230        0     1                 $d.14
c0de6234 c0de6234       8c     4         build/nanos2/obj/sdk/lib_nbgl/src/nbgl_use_case_nanos.o:(.text.startUseCaseHome)
c0de6234 c0de6234        0     1                 $t.15
c0de6235 c0de6235       8c     1                 startUseCaseHome
c0de62bc c0de62bc        0     1                 $d.16
c0de62c0 c0de62c0       20     2         build/nanos2/obj/sdk/lib_nbgl/src/nbgl_use_case_nanos.o:(.text.nbgl_useCaseReview)
c0de62c0 c0de62c0        0     1                 $t.20
c0de62c1 c0de62c1       20     1                 nbgl_useCaseReview
c0de62e0 c0de62e0       50     4         build/nanos2/obj/sdk/lib_nbgl/src/nbgl_use_case_nanos.o:(.text.useCaseReview)
c0de62e0 c0de62e0        0     1                 $t.21
c0de62e1 c0de62e1       50     1                 useCaseReview
c0de632c c0de632c        0     1                 $d.22
c0de6330 c0de6330       b0     4         build/nanos2/obj/sdk/lib_nbgl/src/nbgl_use_case_nanos.o:(.text.nbgl_useCaseAdvancedReview)
c0de6330 c0de6330        0     1                 $t.23
c0de6331 c0de6331       b0     1                 nbgl_useCaseAdvancedReview
c0de63dc c0de63dc        0     1                 $d.24
c0de63e0 c0de63e0       14     4         build/nanos2/obj/sdk/lib_nbgl/src/nbgl_use_case_nanos.o:(.text.displayInitialWarning)
c0de63e0 c0de63e0        0     1                 $t.25
c0de63e1 c0de63e1       14     1                 displayInitialWarning
c0de63f0 c0de63f0        0     1                 $d.26
c0de63f4 c0de63f4       24     4         build/nanos2/obj/sdk/lib_nbgl/src/nbgl_use_case_nanos.o:(.text.nbgl_useCaseReviewBlindSigning)
c0de63f4 c0de63f4        0     1                 $t.27
c0de63f5 c0de63f5       24     1                 nbgl_useCaseReviewBlindSigning
c0de6414 c0de6414        0     1                 $d.28
c0de6418 c0de6418       60     4         build/nanos2/obj/sdk/lib_nbgl/src/nbgl_use_case_nanos.o:(.text.nbgl_useCaseAddressReview)
c0de6418 c0de6418        0     1                 $t.30
c0de6419 c0de6419       60     1                 nbgl_useCaseAddressReview
c0de6474 c0de6474        0     1                 $d.31
c0de6478 c0de6478      118     4         build/nanos2/obj/sdk/lib_nbgl/src/nbgl_use_case_nanos.o:(.text.displayReviewPage)
c0de6478 c0de6478        0     1                 $t.32
c0de6479 c0de6479      118     1                 displayReviewPage
c0de6580 c0de6580        0     1                 $d.33
c0de6590 c0de6590       40     4         build/nanos2/obj/sdk/lib_nbgl/src/nbgl_use_case_nanos.o:(.text.nbgl_useCaseStatus)
c0de6590 c0de6590        0     1                 $t.36
c0de6591 c0de6591       40     1                 nbgl_useCaseStatus
c0de65c8 c0de65c8        0     1                 $d.37
c0de65d0 c0de65d0      188     4         build/nanos2/obj/sdk/lib_nbgl/src/nbgl_use_case_nanos.o:(.text.drawStep)
c0de65d0 c0de65d0        0     1                 $t.38
c0de65d1 c0de65d1      188     1                 drawStep
c0de6744 c0de6744        0     1                 $d.39
c0de6758 c0de6758       1c     4         build/nanos2/obj/sdk/lib_nbgl/src/nbgl_use_case_nanos.o:(.text.statusButtonCallback)
c0de6758 c0de6758        0     1                 $t.40
c0de6759 c0de6759       1c     1                 statusButtonCallback
c0de6770 c0de6770        0     1                 $d.41
c0de6774 c0de6774       94     4         build/nanos2/obj/sdk/lib_nbgl/src/nbgl_use_case_nanos.o:(.text.nbgl_useCaseReviewStatus)
c0de6774 c0de6774        0     1                 $t.42
c0de6775 c0de6775       94     1                 nbgl_useCaseReviewStatus
c0de67e8 c0de67e8        0     1                 $d.43
c0de6808 c0de6808      184     4         build/nanos2/obj/sdk/lib_nbgl/src/nbgl_use_case_nanos.o:(.text.displayStreamingReviewPage)
c0de6808 c0de6808        0     1                 $t.46
c0de6809 c0de6809      184     1                 displayStreamingReviewPage
c0de6978 c0de6978        0     1                 $d.47
c0de698c c0de698c       3c     4         build/nanos2/obj/sdk/lib_nbgl/src/nbgl_use_case_nanos.o:(.text.nbgl_useCaseSpinner)
c0de698c c0de698c        0     1                 $t.57
c0de698d c0de698d       3c     1                 nbgl_useCaseSpinner
c0de69c0 c0de69c0        0     1                 $d.58
c0de69c8 c0de69c8       38     4         build/nanos2/obj/sdk/lib_nbgl/src/nbgl_use_case_nanos.o:(.text.nbgl_useCaseChoice)
c0de69c8 c0de69c8        0     1                 $t.59
c0de69c9 c0de69c9       38     1                 nbgl_useCaseChoice
c0de69fc c0de69fc        0     1                 $d.60
c0de6a00 c0de6a00       bc     4         build/nanos2/obj/sdk/lib_nbgl/src/nbgl_use_case_nanos.o:(.text.displayChoicePage)
c0de6a00 c0de6a00        0     1                 $t.61
c0de6a01 c0de6a01       bc     1                 displayChoicePage
c0de6aa4 c0de6aa4        0     1                 $d.62
c0de6abc c0de6abc       b4     4         build/nanos2/obj/sdk/lib_nbgl/src/nbgl_use_case_nanos.o:(.text.getContentAtIdx)
c0de6abc c0de6abc        0     1                 $t.71
c0de6abd c0de6abd       b4     1                 getContentAtIdx
c0de6b6c c0de6b6c        0     1                 $d.72
c0de6b70 c0de6b70       34     2         build/nanos2/obj/sdk/lib_nbgl/src/nbgl_use_case_nanos.o:(.text.getContentNbElement)
c0de6b70 c0de6b70        0     1                 $t.73
c0de6b71 c0de6b71       34     1                 getContentNbElement
c0de6ba4 c0de6ba4       ac     4         build/nanos2/obj/sdk/lib_nbgl/src/nbgl_use_case_nanos.o:(.text.displayContent)
c0de6ba4 c0de6ba4        0     1                 $t.74
c0de6ba5 c0de6ba5       ac     1                 displayContent
c0de6c38 c0de6c38        0     1                 $d.75
c0de6c50 c0de6c50      144     4         build/nanos2/obj/sdk/lib_nbgl/src/nbgl_use_case_nanos.o:(.text.getContentPage)
c0de6c50 c0de6c50        0     1                 $t.76
c0de6c51 c0de6c51      144     1                 getContentPage
c0de6d88 c0de6d88        0     1                 $d.77
c0de6d94 c0de6d94       50     4         build/nanos2/obj/sdk/lib_nbgl/src/nbgl_use_case_nanos.o:(.text.drawSwitchStep)
c0de6d94 c0de6d94        0     1                 $t.78
c0de6d95 c0de6d95       50     1                 drawSwitchStep
c0de6de0 c0de6de0        0     1                 $d.79
c0de6de4 c0de6de4       1e     2         build/nanos2/obj/sdk/lib_nbgl/src/nbgl_use_case_nanos.o:(.text.contentCallback)
c0de6de4 c0de6de4        0     1                 $t.80
c0de6de5 c0de6de5       1e     1                 contentCallback
c0de6e04 c0de6e04       88     4         build/nanos2/obj/sdk/lib_nbgl/src/nbgl_use_case_nanos.o:(.text.getContentElemAtIdx)
c0de6e04 c0de6e04        0     1                 $t.81
c0de6e05 c0de6e05       88     1                 getContentElemAtIdx
c0de6e84 c0de6e84        0     1                 $d.82
c0de6e8c c0de6e8c       46     2         build/nanos2/obj/sdk/lib_nbgl/src/nbgl_use_case_nanos.o:(.text.getPairData)
c0de6e8c c0de6e8c        0     1                 $t.83
c0de6e8d c0de6e8d       46     1                 getPairData
c0de6ed4 c0de6ed4       b0     4         build/nanos2/obj/sdk/lib_nbgl/src/nbgl_use_case_nanos.o:(.text.onSwitchAction)
c0de6ed4 c0de6ed4        0     1                 $t.84
c0de6ed5 c0de6ed5       b0     1                 onSwitchAction
c0de6f7c c0de6f7c        0     1                 $d.85
c0de6f84 c0de6f84       9c     4         build/nanos2/obj/sdk/lib_nbgl/src/nbgl_use_case_nanos.o:(.text.displaySettingsPage)
c0de6f84 c0de6f84        0     1                 $t.86
c0de6f85 c0de6f85       9c     1                 displaySettingsPage
c0de7008 c0de7008        0     1                 $d.87
c0de7020 c0de7020       1e     2         build/nanos2/obj/sdk/lib_nbgl/src/nbgl_use_case_nanos.o:(.text.settingsCallback)
c0de7020 c0de7020        0     1                 $t.88
c0de7021 c0de7021       1e     1                 settingsCallback
c0de7040 c0de7040      120     4         build/nanos2/obj/sdk/lib_nbgl/src/nbgl_use_case_nanos.o:(.text.buttonGenericCallback)
c0de7040 c0de7040        0     1                 $t.89
c0de7041 c0de7041      120     1                 buttonGenericCallback
c0de7158 c0de7158        0     1                 $d.90
c0de7160 c0de7160       fc     4         build/nanos2/obj/sdk/lib_nbgl/src/nbgl_use_case_nanos.o:(.text.displayHomePage)
c0de7160 c0de7160        0     1                 $t.91
c0de7161 c0de7161       fc     1                 displayHomePage
c0de7230 c0de7230        0     1                 $d.92
c0de725c c0de725c        6     2         build/nanos2/obj/sdk/lib_nbgl/src/nbgl_use_case_nanos.o:(.text.startUseCaseSettings)
c0de725c c0de725c        0     1                 $t.93
c0de725d c0de725d        6     1                 startUseCaseSettings
c0de7264 c0de7264       24     4         build/nanos2/obj/sdk/lib_nbgl/src/nbgl_use_case_nanos.o:(.text.startUseCaseInfo)
c0de7264 c0de7264        0     1                 $t.94
c0de7265 c0de7265       24     1                 startUseCaseInfo
c0de7284 c0de7284        0     1                 $d.95
c0de7288 c0de7288       1c     2         build/nanos2/obj/sdk/lib_nbgl/src/nbgl_use_case_nanos.o:(.text.homeCallback)
c0de7288 c0de7288        0     1                 $t.96
c0de7289 c0de7289       1c     1                 homeCallback
c0de72a4 c0de72a4       78     4         build/nanos2/obj/sdk/lib_nbgl/src/nbgl_use_case_nanos.o:(.text.displayInfoPage)
c0de72a4 c0de72a4        0     1                 $t.97
c0de72a5 c0de72a5       78     1                 displayInfoPage
c0de7304 c0de7304        0     1                 $d.98
c0de731c c0de731c       1c     2         build/nanos2/obj/sdk/lib_nbgl/src/nbgl_use_case_nanos.o:(.text.infoCallback)
c0de731c c0de731c        0     1                 $t.99
c0de731d c0de731d       1c     1                 infoCallback
c0de7338 c0de7338       80     4         build/nanos2/obj/sdk/lib_nbgl/src/nbgl_use_case_nanos.o:(.text.displayWarningStep)
c0de7338 c0de7338        0     1                 $t.100
c0de7339 c0de7339       80     1                 displayWarningStep
c0de73a4 c0de73a4        0     1                 $d.101
c0de73b8 c0de73b8      128     4         build/nanos2/obj/sdk/lib_nbgl/src/nbgl_use_case_nanos.o:(.text.getLastPageInfo)
c0de73b8 c0de73b8        0     1                 $t.102
c0de73b9 c0de73b9      128     1                 getLastPageInfo
c0de7484 c0de7484        0     1                 $d.103
c0de74e0 c0de74e0       9c     4         build/nanos2/obj/sdk/lib_nbgl/src/nbgl_use_case_nanos.o:(.text.warningNavigate)
c0de74e0 c0de74e0        0     1                 $t.104
c0de74e1 c0de74e1       9c     1                 warningNavigate
c0de7578 c0de7578        0     1                 $d.105
c0de757c c0de757c       14     4         build/nanos2/obj/sdk/lib_nbgl/src/nbgl_use_case_nanos.o:(.text.onReviewAccept)
c0de757c c0de757c        0     1                 $t.106
c0de757d c0de757d       14     1                 onReviewAccept
c0de758c c0de758c        0     1                 $d.107
c0de7590 c0de7590       14     4         build/nanos2/obj/sdk/lib_nbgl/src/nbgl_use_case_nanos.o:(.text.onReviewReject)
c0de7590 c0de7590        0     1                 $t.108
c0de7591 c0de7591       14     1                 onReviewReject
c0de75a0 c0de75a0        0     1                 $d.109
c0de75a4 c0de75a4       68     4         build/nanos2/obj/sdk/lib_nbgl/src/nbgl_use_case_nanos.o:(.text.displayAliasFullValue)
c0de75a4 c0de75a4        0     1                 $t.110
c0de75a5 c0de75a5       68     1                 displayAliasFullValue
c0de7608 c0de7608        0     1                 $d.111
c0de760c c0de760c       1c     2         build/nanos2/obj/sdk/lib_nbgl/src/nbgl_use_case_nanos.o:(.text.reviewCallback)
c0de760c c0de760c        0     1                 $t.112
c0de760d c0de760d       1c     1                 reviewCallback
c0de7628 c0de7628       bc     4         build/nanos2/obj/sdk/lib_nbgl/src/nbgl_use_case_nanos.o:(.text.displayExtensionStep)
c0de7628 c0de7628        0     1                 $t.113
c0de7629 c0de7629       bc     1                 displayExtensionStep
c0de76d0 c0de76d0        0     1                 $d.114
c0de76e4 c0de76e4       7c     4         build/nanos2/obj/sdk/lib_nbgl/src/nbgl_use_case_nanos.o:(.text.extensionNavigate)
c0de76e4 c0de76e4        0     1                 $t.115
c0de76e5 c0de76e5       7c     1                 extensionNavigate
c0de775c c0de775c        0     1                 $d.116
c0de7760 c0de7760       10     4         build/nanos2/obj/sdk/lib_nbgl/src/nbgl_use_case_nanos.o:(.text.statusTickerCallback)
c0de7760 c0de7760        0     1                 $t.117
c0de7761 c0de7761       10     1                 statusTickerCallback
c0de776c c0de776c        0     1                 $d.118
c0de7770 c0de7770       64     4         build/nanos2/obj/sdk/lib_nbgl/src/nbgl_use_case_nanos.o:(.text.getChoiceName)
c0de7770 c0de7770        0     1                 $t.119
c0de7771 c0de7771       64     1                 getChoiceName
c0de77cc c0de77cc        0     1                 $d.120
c0de77d4 c0de77d4       6c     4         build/nanos2/obj/sdk/lib_nbgl/src/nbgl_use_case_nanos.o:(.text.onChoiceSelected)
c0de77d4 c0de77d4        0     1                 $t.121
c0de77d5 c0de77d5       6c     1                 onChoiceSelected
c0de783c c0de783c        0     1                 $d.122
c0de7840 c0de7840       70     4         build/nanos2/obj/sdk/lib_nbgl/src/nbgl_use_case_nanos.o:(.text.buttonSkipCallback)
c0de7840 c0de7840        0     1                 $t.123
c0de7841 c0de7841       70     1                 buttonSkipCallback
c0de78ac c0de78ac        0     1                 $d.124
c0de78b0 c0de78b0       2c     4         build/nanos2/obj/sdk/lib_nbgl/src/nbgl_use_case_nanos.o:(.text.streamingReviewCallback)
c0de78b0 c0de78b0        0     1                 $t.125
c0de78b1 c0de78b1       2c     1                 streamingReviewCallback
c0de78d8 c0de78d8        0     1                 $d.126
c0de78dc c0de78dc       14     4         build/nanos2/obj/sdk/lib_nbgl/src/nbgl_use_case_nanos.o:(.text.onChoiceAccept)
c0de78dc c0de78dc        0     1                 $t.127
c0de78dd c0de78dd       14     1                 onChoiceAccept
c0de78ec c0de78ec        0     1                 $d.128
c0de78f0 c0de78f0       14     4         build/nanos2/obj/sdk/lib_nbgl/src/nbgl_use_case_nanos.o:(.text.onChoiceReject)
c0de78f0 c0de78f0        0     1                 $t.129
c0de78f1 c0de78f1       14     1                 onChoiceReject
c0de7900 c0de7900        0     1                 $d.130
c0de7904 c0de7904       1c     2         build/nanos2/obj/sdk/lib_nbgl/src/nbgl_use_case_nanos.o:(.text.genericChoiceCallback)
c0de7904 c0de7904        0     1                 $t.131
c0de7905 c0de7905       1c     1                 genericChoiceCallback
c0de7920 c0de7920       14     2         build/nanos2/obj/sdk/lib_nbgl/src/nbgl_use_case_nanos.o:(.text.OUTLINED_FUNCTION_0)
c0de7920 c0de7920        0     1                 $t.137
c0de7921 c0de7921       14     1                 OUTLINED_FUNCTION_0
c0de7934 c0de7934       16     2         build/nanos2/obj/sdk/lib_nbgl/src/nbgl_use_case_nanos.o:(.text.OUTLINED_FUNCTION_2)
c0de7934 c0de7934        0     1                 $t.139
c0de7935 c0de7935       16     1                 OUTLINED_FUNCTION_2
c0de794a c0de794a        c     2         build/nanos2/obj/sdk/lib_nbgl/src/nbgl_use_case_nanos.o:(.text.OUTLINED_FUNCTION_3)
c0de794a c0de794a        0     1                 $t.140
c0de794b c0de794b        c     1                 OUTLINED_FUNCTION_3
c0de7956 c0de7956        8     2         build/nanos2/obj/sdk/lib_nbgl/src/nbgl_use_case_nanos.o:(.text.OUTLINED_FUNCTION_4)
c0de7956 c0de7956        0     1                 $t.141
c0de7957 c0de7957        8     1                 OUTLINED_FUNCTION_4
c0de795e c0de795e        c     2         build/nanos2/obj/sdk/lib_nbgl/src/nbgl_use_case_nanos.o:(.text.OUTLINED_FUNCTION_5)
c0de795e c0de795e        0     1                 $t.142
c0de795f c0de795f        c     1                 OUTLINED_FUNCTION_5
c0de796a c0de796a        6     2         build/nanos2/obj/sdk/lib_nbgl/src/nbgl_use_case_nanos.o:(.text.OUTLINED_FUNCTION_6)
c0de796a c0de796a        0     1                 $t.143
c0de796b c0de796b        6     1                 OUTLINED_FUNCTION_6
c0de7970 c0de7970        8     2         build/nanos2/obj/sdk/lib_nbgl/src/nbgl_use_case_nanos.o:(.text.OUTLINED_FUNCTION_7)
c0de7970 c0de7970        0     1                 $t.144
c0de7971 c0de7971        8     1                 OUTLINED_FUNCTION_7
c0de7978 c0de7978        a     2         build/nanos2/obj/sdk/lib_nbgl/src/nbgl_use_case_nanos.o:(.text.OUTLINED_FUNCTION_8)
c0de7978 c0de7978        0     1                 $t.145
c0de7979 c0de7979        a     1                 OUTLINED_FUNCTION_8
c0de7982 c0de7982        a     2         build/nanos2/obj/sdk/lib_nbgl/src/nbgl_use_case_nanos.o:(.text.OUTLINED_FUNCTION_9)
c0de7982 c0de7982        0     1                 $t.146
c0de7983 c0de7983        a     1                 OUTLINED_FUNCTION_9
c0de798c c0de798c       4e     2         build/nanos2/obj/sdk/lib_standard_app/bip32.o:(.text.bip32_path_read)
c0de798c c0de798c        0     1                 $t.0
c0de798d c0de798d       4e     1                 bip32_path_read
c0de79da c0de79da       16     2         build/nanos2/obj/sdk/lib_standard_app/buffer.o:(.text.buffer_seek_cur)
c0de79da c0de79da        0     1                 $t.2
c0de79db c0de79db       16     1                 buffer_seek_cur
c0de79f0 c0de79f0       2c     2         build/nanos2/obj/sdk/lib_standard_app/buffer.o:(.text.buffer_read_u8)
c0de79f0 c0de79f0        0     1                 $t.4
c0de79f1 c0de79f1       2c     1                 buffer_read_u8
c0de7a1c c0de7a1c       40     2         build/nanos2/obj/sdk/lib_standard_app/buffer.o:(.text.buffer_read_u64)
c0de7a1c c0de7a1c        0     1                 $t.7
c0de7a1d c0de7a1d       40     1                 buffer_read_u64
c0de7a5c c0de7a5c       3a     2         build/nanos2/obj/sdk/lib_standard_app/buffer.o:(.text.buffer_read_varint)
c0de7a5c c0de7a5c        0     1                 $t.8
c0de7a5d c0de7a5d       3a     1                 buffer_read_varint
c0de7a96 c0de7a96       2e     2         build/nanos2/obj/sdk/lib_standard_app/buffer.o:(.text.buffer_read_bip32_path)
c0de7a96 c0de7a96        0     1                 $t.9
c0de7a97 c0de7a97       2e     1                 buffer_read_bip32_path
c0de7ac4 c0de7ac4       26     2         build/nanos2/obj/sdk/lib_standard_app/buffer.o:(.text.buffer_copy)
c0de7ac4 c0de7ac4        0     1                 $t.10
c0de7ac5 c0de7ac5       26     1                 buffer_copy
c0de7aea c0de7aea       32     2         build/nanos2/obj/sdk/lib_standard_app/buffer.o:(.text.buffer_move)
c0de7aea c0de7aea        0     1                 $t.11
c0de7aeb c0de7aeb       32     1                 buffer_move
c0de7b1c c0de7b1c        c     2         build/nanos2/obj/sdk/lib_standard_app/buffer.o:(.text.OUTLINED_FUNCTION_0)
c0de7b1c c0de7b1c        0     1                 $t.12
c0de7b1d c0de7b1d        c     1                 OUTLINED_FUNCTION_0
c0de7b28 c0de7b28       70     2         build/nanos2/obj/sdk/lib_standard_app/crypto_helpers.o:(.text.bip32_derive_with_seed_init_privkey_256)
c0de7b28 c0de7b28        0     1                 $t.0
c0de7b29 c0de7b29       70     1                 bip32_derive_with_seed_init_privkey_256
c0de7b98 c0de7b98       80     2         build/nanos2/obj/sdk/lib_standard_app/crypto_helpers.o:(.text.os_derive_bip32_with_seed_no_throw)
c0de7b98 c0de7b98        0     1                 $t.1
c0de7b99 c0de7b99       80     1                 os_derive_bip32_with_seed_no_throw
c0de7c18 c0de7c18       68     2         build/nanos2/obj/sdk/lib_standard_app/crypto_helpers.o:(.text.bip32_derive_with_seed_get_pubkey_256)
c0de7c18 c0de7c18        0     1                 $t.2
c0de7c19 c0de7c19       68     1                 bip32_derive_with_seed_get_pubkey_256
c0de7c80 c0de7c80       4e     2         build/nanos2/obj/sdk/lib_standard_app/crypto_helpers.o:(.text.bip32_derive_with_seed_ecdsa_sign_hash_256)
c0de7c80 c0de7c80        0     1                 $t.3
c0de7c81 c0de7c81       4e     1                 bip32_derive_with_seed_ecdsa_sign_hash_256
c0de7cce c0de7cce        6     2         build/nanos2/obj/sdk/lib_standard_app/crypto_helpers.o:(.text.OUTLINED_FUNCTION_0)
c0de7cce c0de7cce        0     1                 $t.6
c0de7ccf c0de7ccf        6     1                 OUTLINED_FUNCTION_0
c0de7cd4 c0de7cd4       72     2         build/nanos2/obj/sdk/lib_standard_app/format.o:(.text.format_u64)
c0de7cd4 c0de7cd4        0     1                 $t.2
c0de7cd5 c0de7cd5       72     1                 format_u64
c0de7d46 c0de7d46       8e     2         build/nanos2/obj/sdk/lib_standard_app/format.o:(.text.format_fpu64)
c0de7d46 c0de7d46        0     1                 $t.3
c0de7d47 c0de7d47       8e     1                 format_fpu64
c0de7dd4 c0de7dd4       50     4         build/nanos2/obj/sdk/lib_standard_app/format.o:(.text.format_hex)
c0de7dd4 c0de7dd4        0     1                 $t.5
c0de7dd5 c0de7dd5       50     1                 format_hex
c0de7e20 c0de7e20        0     1                 $d.6
c0de7e24 c0de7e24        2     2         build/nanos2/obj/sdk/lib_standard_app/io.o:(.text.app_ticker_event_callback)
c0de7e24 c0de7e24        0     1                 $t.0
c0de7e25 c0de7e25        2     1                 app_ticker_event_callback
c0de7e28 c0de7e28       60     4         build/nanos2/obj/sdk/lib_standard_app/io.o:(.text.io_event)
c0de7e28 c0de7e28        0     1                 $t.1
c0de7e29 c0de7e29       60     1                 io_event
c0de7e80 c0de7e80        0     1                 $d.2
c0de7e88 c0de7e88       40     4         build/nanos2/obj/sdk/lib_standard_app/io.o:(.text.io_exchange_al)
c0de7e88 c0de7e88        0     1                 $t.3
c0de7e89 c0de7e89       40     1                 io_exchange_al
c0de7ec4 c0de7ec4        0     1                 $d.4
c0de7ec8 c0de7ec8       14     4         build/nanos2/obj/sdk/lib_standard_app/io.o:(.text.io_init)
c0de7ec8 c0de7ec8        0     1                 $t.5
c0de7ec9 c0de7ec9       14     1                 io_init
c0de7ed8 c0de7ed8        0     1                 $d.6
c0de7edc c0de7edc       3c     4         build/nanos2/obj/sdk/lib_standard_app/io.o:(.text.io_recv_command)
c0de7edc c0de7edc        0     1                 $t.7
c0de7edd c0de7edd       3c     1                 io_recv_command
c0de7f14 c0de7f14        0     1                 $d.8
c0de7f18 c0de7f18       e0     4         build/nanos2/obj/sdk/lib_standard_app/io.o:(.text.io_send_response_buffers)
c0de7f18 c0de7f18        0     1                 $t.9
c0de7f19 c0de7f19       e0     1                 io_send_response_buffers
c0de7fe4 c0de7fe4        0     1                 $d.10
c0de7ff8 c0de7ff8        6     2         build/nanos2/obj/sdk/lib_standard_app/main.o:(.text.app_exit)
c0de7ff8 c0de7ff8        0     1                 $t.0
c0de7ff9 c0de7ff9        6     1                 app_exit
c0de7ffe c0de7ffe       1a     2         build/nanos2/obj/sdk/lib_standard_app/main.o:(.text.common_app_init)
c0de7ffe c0de7ffe        0     1                 $t.1
c0de7fff c0de7fff       1a     1                 common_app_init
c0de8018 c0de8018       6c     4         build/nanos2/obj/sdk/lib_standard_app/main.o:(.text.standalone_app_main)
c0de8018 c0de8018        0     1                 $t.2
c0de8019 c0de8019       6c     1                 standalone_app_main
c0de8078 c0de8078        0     1                 $d.3
c0de8084 c0de8084       a0     4         build/nanos2/obj/sdk/lib_standard_app/main.o:(.text.library_app_main)
c0de8084 c0de8084        0     1                 $t.4
c0de8085 c0de8085       a0     1                 library_app_main
c0de8114 c0de8114        0     1                 $d.5
c0de8124 c0de8124       36     2         build/nanos2/obj/sdk/lib_standard_app/parser.o:(.text.apdu_parser)
c0de8124 c0de8124        0     1                 $t.0
c0de8125 c0de8125       36     1                 apdu_parser
c0de815a c0de815a       18     2         build/nanos2/obj/sdk/lib_standard_app/read.o:(.text.read_u32_be)
c0de815a c0de815a        0     1                 $t.1
c0de815b c0de815b       18     1                 read_u32_be
c0de8172 c0de8172       30     2         build/nanos2/obj/sdk/lib_standard_app/read.o:(.text.read_u64_be)
c0de8172 c0de8172        0     1                 $t.2
c0de8173 c0de8173       30     1                 read_u64_be
c0de81a2 c0de81a2        e     2         build/nanos2/obj/sdk/lib_standard_app/read.o:(.text.read_u16_le)
c0de81a2 c0de81a2        0     1                 $t.3
c0de81a3 c0de81a3        e     1                 read_u16_le
c0de81b0 c0de81b0       18     2         build/nanos2/obj/sdk/lib_standard_app/read.o:(.text.read_u32_le)
c0de81b0 c0de81b0        0     1                 $t.4
c0de81b1 c0de81b1       18     1                 read_u32_le
c0de81c8 c0de81c8       2e     2         build/nanos2/obj/sdk/lib_standard_app/read.o:(.text.read_u64_le)
c0de81c8 c0de81c8        0     1                 $t.5
c0de81c9 c0de81c9       2e     1                 read_u64_le
c0de81f6 c0de81f6        c     2         build/nanos2/obj/sdk/lib_standard_app/swap_error_code_helpers.o:(.text.send_swap_error_simple)
c0de81f6 c0de81f6        0     1                 $t.0
c0de81f7 c0de81f7        c     1                 send_swap_error_simple
c0de8204 c0de8204       64     4         build/nanos2/obj/sdk/lib_standard_app/swap_error_code_helpers.o:(.text.send_swap_error_with_buffers)
c0de8204 c0de8204        0     1                 $t.1
c0de8205 c0de8205       64     1                 send_swap_error_with_buffers
c0de8260 c0de8260        0     1                 $d.2
c0de8268 c0de8268       34     2         build/nanos2/obj/sdk/lib_standard_app/swap_utils.o:(.text.swap_str_to_u64)
c0de8268 c0de8268        0     1                 $t.0
c0de8269 c0de8269       34     1                 swap_str_to_u64
c0de829c c0de829c       5c     2         build/nanos2/obj/sdk/lib_standard_app/varint.o:(.text.varint_read)
c0de829c c0de829c        0     1                 $t.1
c0de829d c0de829d       5c     1                 varint_read
c0de82f8 c0de82f8        a     2         build/nanos2/obj/sdk/lib_standard_app/write.o:(.text.write_u16_be)
c0de82f8 c0de82f8        0     1                 $t.0
c0de82f9 c0de82f9        a     1                 write_u16_be
c0de8302 c0de8302       98     2         build/nanos2/obj/sdk/lib_stusb/STM32_USB_Device_Library/Class/HID/Src/usbd_hid.o:(.text.USBD_HID_Setup)
c0de8302 c0de8302        0     1                 $t.0
c0de8303 c0de8303       98     1                 USBD_HID_Setup
c0de839a c0de839a       28     2         build/nanos2/obj/sdk/lib_stusb/STM32_USB_Device_Library/Class/HID/Src/usbd_hid.o:(.text.USBD_HID_Init)
c0de839a c0de839a        0     1                 $t.1
c0de839b c0de839b       28     1                 USBD_HID_Init
c0de83c2 c0de83c2        4     2         build/nanos2/obj/sdk/lib_stusb/STM32_USB_Device_Library/Class/HID/Src/usbd_hid.o:(.text.USBD_HID_DeInit)
c0de83c2 c0de83c2        0     1                 $t.2
c0de83c3 c0de83c3        4     1                 USBD_HID_DeInit
c0de83c6 c0de83c6       2c     2         build/nanos2/obj/sdk/lib_stusb/STM32_USB_Device_Library/Core/Src/usbd_core.o:(.text.USBD_Init)
c0de83c6 c0de83c6        0     1                 $t.0
c0de83c7 c0de83c7       2c     1                 USBD_Init
c0de83f2 c0de83f2       32     2         build/nanos2/obj/sdk/lib_stusb/STM32_USB_Device_Library/Core/Src/usbd_core.o:(.text.USBD_DeInit)
c0de83f2 c0de83f2        0     1                 $t.1
c0de83f3 c0de83f3       32     1                 USBD_DeInit
[...]
c0deb0c8 c0deb0c8       40     1                 .L__const.EddsaPoseidon_Sign_final.big_n
c0deb108 c0deb108      480     4         build/nanos2/obj/app/src/zknox/hash/zkn_poseidon_constants.o:(.rodata..L__const.Poseidon_alloc_init.MixColumn)
c0deb108 c0deb108      480     1                 .L__const.Poseidon_alloc_init.MixColumn
c0deb588 c0deb588        2     1         build/nanos2/obj/sdk/lib_nbgl/src/nbgl_draw.o:(.rodata.radiusValues)
c0deb588 c0deb588        2     1                 radiusValues
c0deb58a c0deb58a        2     1         build/nanos2/obj/sdk/lib_nbgl/src/nbgl_draw.o:(.rodata.quarter_disc_3px_180_1bpp)
c0deb58a c0deb58a        2     1                 quarter_disc_3px_180_1bpp
c0deb58c c0deb58c        2     1         build/nanos2/obj/sdk/lib_nbgl/src/nbgl_draw.o:(.rodata.quarter_circle_3px_180_1bpp)
c0deb58c c0deb58c        2     1                 quarter_circle_3px_180_1bpp
c0deb58e c0deb58e        2     1         build/nanos2/obj/sdk/lib_nbgl/src/nbgl_draw.o:(.rodata.quarter_disc_3px_270_1bpp)
c0deb58e c0deb58e        2     1                 quarter_disc_3px_270_1bpp
c0deb590 c0deb590        2     1         build/nanos2/obj/sdk/lib_nbgl/src/nbgl_draw.o:(.rodata.quarter_circle_3px_270_1bpp)
c0deb590 c0deb590        2     1                 quarter_circle_3px_270_1bpp
c0deb592 c0deb592        2     1         build/nanos2/obj/sdk/lib_nbgl/src/nbgl_draw.o:(.rodata.quarter_disc_3px_90_1bpp)
c0deb592 c0deb592        2     1                 quarter_disc_3px_90_1bpp
c0deb594 c0deb594        2     1         build/nanos2/obj/sdk/lib_nbgl/src/nbgl_draw.o:(.rodata.quarter_circle_3px_90_1bpp)
c0deb594 c0deb594        2     1                 quarter_circle_3px_90_1bpp
c0deb596 c0deb596        2     1         build/nanos2/obj/sdk/lib_nbgl/src/nbgl_draw.o:(.rodata.quarter_disc_3px_1bpp)
c0deb596 c0deb596        2     1                 quarter_disc_3px_1bpp
c0deb598 c0deb598        2     1         build/nanos2/obj/sdk/lib_nbgl/src/nbgl_draw.o:(.rodata.quarter_circle_3px_1bpp)
c0deb598 c0deb598        2     1                 quarter_circle_3px_1bpp
c0deb59c c0deb59c       44     4         build/nanos2/obj/sdk/lib_nbgl/src/nbgl_obj.o:(.rodata.draw_functions)
c0deb59c c0deb59c       44     1                 draw_functions
c0deb5e0 c0deb5e0       28     4         build/nanos2/obj/sdk/lib_nbgl/src/nbgl_use_case_nanos.o:(.rodata.blindSigningWarning)
c0deb5e0 c0deb5e0       28     1                 blindSigningWarning
c0deb608 c0deb608        9     4         build/nanos2/obj/sdk/lib_stusb_impl/usbd_impl.o:(.rodata.USBD_HID_Desc)
c0deb608 c0deb608        9     1                 USBD_HID_Desc
c0deb611 c0deb611       22     1         build/nanos2/obj/sdk/lib_stusb_impl/usbd_impl.o:(.rodata.HID_ReportDesc)
c0deb611 c0deb611       22     1                 HID_ReportDesc
c0deb633 c0deb633       39     1         build/nanos2/obj/sdk/lib_stusb_impl/usbd_impl.o:(.rodata.C_usb_bos)
c0deb633 c0deb633       39     1                 C_usb_bos
c0deb66c c0deb66c       20     4         build/nanos2/obj/sdk/lib_stusb_impl/usbd_impl.o:(.rodata.HID_Desc)
c0deb66c c0deb66c       20     1                 HID_Desc
c0deb68c c0deb68c       12     1         build/nanos2/obj/sdk/lib_stusb_impl/usbd_impl.o:(.rodata.C_winusb_string_descriptor)
c0deb68c c0deb68c       12     1                 C_winusb_string_descriptor
c0deb69e c0deb69e       92     1         build/nanos2/obj/sdk/lib_stusb_impl/usbd_impl.o:(.rodata.C_winusb_guid)
c0deb69e c0deb69e       92     1                 C_winusb_guid
c0deb730 c0deb730       b2     1         build/nanos2/obj/sdk/lib_stusb_impl/usbd_impl.o:(.rodata.C_winusb_request_descriptor)
c0deb730 c0deb730       b2     1                 C_winusb_request_descriptor
c0deb7e4 c0deb7e4       38     4         build/nanos2/obj/sdk/lib_stusb_impl/usbd_impl.o:(.rodata.USBD_HID)
c0deb7e4 c0deb7e4       38     1                 USBD_HID
c0deb81c c0deb81c       38     4         build/nanos2/obj/sdk/lib_stusb_impl/usbd_impl.o:(.rodata.USBD_WEBUSB)
c0deb81c c0deb81c       38     1                 USBD_WEBUSB
c0deb854 c0deb854       12     1         build/nanos2/obj/sdk/lib_stusb_impl/usbd_impl.o:(.rodata.USBD_DeviceDesc)
c0deb854 c0deb854       12     1                 USBD_DeviceDesc
c0deb866 c0deb866        4     1         build/nanos2/obj/sdk/lib_stusb_impl/usbd_impl.o:(.rodata.USBD_LangIDDesc)
c0deb866 c0deb866        4     1                 USBD_LangIDDesc
c0deb86a c0deb86a        e     1         build/nanos2/obj/sdk/lib_stusb_impl/usbd_impl.o:(.rodata.USBD_MANUFACTURER_STRING)
c0deb86a c0deb86a        e     1                 USBD_MANUFACTURER_STRING
c0deb878 c0deb878       18     1         build/nanos2/obj/sdk/lib_stusb_impl/usbd_impl.o:(.rodata.USBD_PRODUCT_FS_STRING)
c0deb878 c0deb878       18     1                 USBD_PRODUCT_FS_STRING
c0deb890 c0deb890        a     1         build/nanos2/obj/sdk/lib_stusb_impl/usbd_impl.o:(.rodata.USB_SERIAL_STRING)
c0deb890 c0deb890        a     1                 USB_SERIAL_STRING
c0deb89a c0deb89a       28     1         build/nanos2/obj/sdk/lib_stusb_impl/usbd_impl.o:(.rodata.C_winusb_wcid)
c0deb89a c0deb89a       28     1                 C_winusb_wcid
c0deb8c4 c0deb8c4       40     4         build/nanos2/obj/sdk/lib_stusb_impl/usbd_impl.o:(.rodata.USBD_CfgDesc)
c0deb8c4 c0deb8c4       40     1                 USBD_CfgDesc
c0deb904 c0deb904        a     4         build/nanos2/obj/sdk/lib_stusb_impl/usbd_impl.o:(.rodata.USBD_DeviceQualifierDesc)
c0deb904 c0deb904        a     1                 USBD_DeviceQualifierDesc
c0deb90e c0deb90e        5     1         build/nanos2/obj/sdk/src/os_io_seproxyhal.o:(.rodata.seph_io_general_status)
c0deb90e c0deb90e        5     1                 seph_io_general_status
c0deb913 c0deb913       20     1         <internal>:(.text)
c0deb933 c0deb933        1     1         . = ALIGN ( 4 )
c0deb934 c0deb934        0     1         _etext = .
c0deb934 c0deb934       cc     1         . = ALIGN ( PAGE_SIZE )
c0deba00 c0deba00        0     1         _nvram_data = .
c0deba00 c0deba00        3     1         build/nanos2/obj/app/src/app_main.o:(.rodata.N_storage_real)
c0deba00 c0deba00        3     1                 N_storage_real
c0deba03 c0deba03      1fd     1         . = ALIGN ( PAGE_SIZE )
c0debc00 c0debc00        0     1         _envram_data = .
c0debc00 c0debc00        0     1         _install_parameters = .
c0debc00 c0debc00       3f     1         build/nanos2/obj/sdk/src/app_metadata.o:(.install_parameters)
c0debc00 c0debc00       3f     1                 install_parameters
c0debc3f c0debc3f        0     1         _einstall_parameters = .
c0debc3f c0debc3f        0     1         _nvram_end = .
d0000000 d0000000        0     1 .data
d0000000 d0000000        0     1         . = ALIGN ( 4 )
d0000000 d0000000        0     1         _data = .
d0000000 d0000000        0     1         _edata = .
d0000000 d0000000        0     1 
da7a0000 da7a0000     1b34     8 .bss
da7a0000 da7a0000        0     1         _bss = .
da7a0000 da7a0000      2d8     8         build/nanos2/obj/app/src/app_main.o:(.bss.G_context)
da7a0000 da7a0000      2d8     1                 G_context
da7a02d8 da7a02d8       48     8         build/nanos2/obj/app/src/swap/handle_swap_sign_transaction.o:(.bss.G_swap_validated)
da7a02d8 da7a02d8       48     1                 G_swap_validated
da7a0320 da7a0320       1c     4         build/nanos2/obj/app/src/ui/menu_nbgl.o:(.bss..L_MergedGlobals)
da7a0320 da7a0320       1c     1                 .L_MergedGlobals
da7a0320 da7a0320        1     1                 initSettingPage
da7a0324 da7a0324       18     1                 switches
da7a033c da7a033c       2b     4         build/nanos2/obj/app/src/ui/nbgl_display_address.o:(.bss.g_address)
da7a033c da7a033c       2b     1                 g_address
da7a0368 da7a0368       7f     4         build/nanos2/obj/app/src/ui/nbgl_display_transaction.o:(.bss..L_MergedGlobals)
da7a0368 da7a0368       7f     1                 .L_MergedGlobals
da7a0368 da7a0368       14     1                 pairList
da7a037c da7a037c       1e     1                 g_amount
da7a039c da7a039c       20     1                 pairs
da7a03bc da7a03bc       2b     1                 g_address
da7a03e8 da7a03e8        8     4         build/nanos2/obj/sdk/lib_nbgl/src/nbgl_buttons.o:(.bss..L_MergedGlobals)
da7a03e8 da7a03e8        8     1                 .L_MergedGlobals
da7a03e8 da7a03e8        1     1                 gButtonMask
da7a03ec da7a03ec        4     1                 gButtonSameMaskCounter
da7a03f0 da7a03f0       24     4         build/nanos2/obj/sdk/lib_nbgl/src/nbgl_layout_nanos.o:(.bss.gLayout)
da7a03f0 da7a03f0       24     1                 gLayout
da7a0414 da7a0414       14     4         build/nanos2/obj/sdk/lib_nbgl/src/nbgl_layout_nanos.o:(.bss.nbgl_layoutAddText.tmpString)
da7a0414 da7a0414       14     1                 nbgl_layoutAddText.tmpString
da7a0428 da7a0428        1     1         build/nanos2/obj/sdk/lib_nbgl/src/nbgl_obj.o:(.bss.objDrawingDisabled)
da7a0428 da7a0428        1     1                 objDrawingDisabled
da7a042a da7a042a        a     2         build/nanos2/obj/sdk/lib_nbgl/src/nbgl_obj.o:(.bss.refreshArea)
da7a042a da7a042a        a     1                 refreshArea
da7a0434 da7a0434      801     1         build/nanos2/obj/sdk/lib_nbgl/src/nbgl_obj.o:(.bss.ramBuffer)
da7a0434 da7a0434      801     1                 ramBuffer
da7a0c35 da7a0c35      7a8     1         build/nanos2/obj/sdk/lib_nbgl/src/nbgl_obj_pool.o:(.bss.objPool)
da7a0c35 da7a0c35      7a8     1                 objPool
da7a13e0 da7a13e0      100     4         build/nanos2/obj/sdk/lib_nbgl/src/nbgl_obj_pool.o:(.bss.objContainerPool)
da7a13e0 da7a13e0      100     1                 objContainerPool
da7a14e0 da7a14e0       6b     1         build/nanos2/obj/sdk/lib_nbgl/src/nbgl_obj_pool.o:(.bss..L_MergedGlobals)
da7a14e0 da7a14e0       6b     1                 .L_MergedGlobals
da7a14e0 da7a14e0        1     1                 nbUsedObjsInPool
da7a14e1 da7a14e1        1     1                 initialized
da7a14e2 da7a14e2        1     1                 nbUsedObjsInContainerPool
da7a14e3 da7a14e3       28     1                 objPoolLayers
da7a150b da7a150b       40     1                 objPointersPoolLayers
da7a154b da7a154b      100     1         build/nanos2/obj/sdk/lib_nbgl/src/nbgl_screen.o:(.bss.screenStack)
da7a154b da7a154b      100     1                 screenStack
da7a164c da7a164c        8     4         build/nanos2/obj/sdk/lib_nbgl/src/nbgl_screen.o:(.bss..L_MergedGlobals)
da7a164c da7a164c        8     1                 .L_MergedGlobals
da7a164c da7a164c        1     1                 nbScreensOnStack
da7a1650 da7a1650        4     1                 topOfStack
da7a1654 da7a1654       d8     4         build/nanos2/obj/sdk/lib_nbgl/src/nbgl_step.o:(.bss.contexts)
da7a1654 da7a1654       d8     1                 contexts
da7a172c da7a172c       68     4         build/nanos2/obj/sdk/lib_nbgl/src/nbgl_use_case_nanos.o:(.bss..L_MergedGlobals)
da7a172c da7a172c       68     1                 .L_MergedGlobals
da7a172c da7a172c       28     1                 reviewWithWarnCtx
da7a1754 da7a1754       40     1                 context
da7a1794 da7a1794      12c     1         build/nanos2/obj/sdk/lib_standard_app/io.o:(.bss.G_io_seproxyhal_spi_buffer)
da7a1794 da7a1794      12c     1                 G_io_seproxyhal_spi_buffer
da7a18c0 da7a18c0        8     4         build/nanos2/obj/sdk/lib_standard_app/io.o:(.bss..L_MergedGlobals)
da7a18c0 da7a18c0        8     1                 .L_MergedGlobals
da7a18c0 da7a18c0        1     1                 G_io_state
da7a18c4 da7a18c4        4     1                 G_output_len
da7a18c8 da7a18c8        c     4         build/nanos2/obj/sdk/lib_standard_app/main.o:(.bss.G_ux_params)
da7a18c8 da7a18c8        c     1                 G_ux_params
da7a18d4 da7a18d4        1     1         build/nanos2/obj/sdk/lib_standard_app/swap_utils.o:(.bss.G_called_from_swap)
da7a18d4 da7a18d4        1     1                 G_called_from_swap
da7a18d5 da7a18d5        1     1         build/nanos2/obj/sdk/lib_standard_app/swap_utils.o:(.bss.G_swap_response_ready)
da7a18d5 da7a18d5        1     1                 G_swap_response_ready
da7a18d8 da7a18d8        4     4         build/nanos2/obj/sdk/lib_standard_app/swap_utils.o:(.bss.G_swap_signing_return_value_address)
da7a18d8 da7a18d8        4     1                 G_swap_signing_return_value_address
da7a18dc da7a18dc       d4     4         build/nanos2/obj/sdk/lib_stusb/STM32_USB_Device_Library/Core/Src/usbd_core.o:(.bss.USBD_Device)
da7a18dc da7a18dc       d4     1                 USBD_Device
da7a19b0 da7a19b0        4     4         build/nanos2/obj/sdk/lib_stusb/usbd_conf.o:(.bss.ep_in_stall)
da7a19b0 da7a19b0        4     1                 ep_in_stall
da7a19b4 da7a19b4        4     4         build/nanos2/obj/sdk/lib_stusb/usbd_conf.o:(.bss.ep_out_stall)
da7a19b4 da7a19b4        4     1                 ep_out_stall
da7a19b8 da7a19b8        4     4         build/nanos2/obj/sdk/lib_ux_nbgl/ux.o:(.bss.nbTicks)
da7a19b8 da7a19b8        4     1                 nbTicks
da7a19bc da7a19bc      104     1         build/nanos2/obj/sdk/src/os.o:(.bss.G_io_apdu_buffer)
da7a19bc da7a19bc      104     1                 G_io_apdu_buffer
da7a1ac0 da7a1ac0       1c     4         build/nanos2/obj/sdk/src/os_io_seproxyhal.o:(.bss.G_io_app)
da7a1ac0 da7a1ac0       1c     1                 G_io_app
da7a1adc da7a1adc       40     1         build/nanos2/obj/sdk/src/os_io_usb.o:(.bss.G_io_usb_ep_buffer)
da7a1adc da7a1adc       40     1                 G_io_usb_ep_buffer
da7a1b1c da7a1b1c        4     4         build/nanos2/obj/sdk/src/os_io_usb.o:(.bss.G_io_usb_hid_sequence_number)
da7a1b1c da7a1b1c        4     1                 G_io_usb_hid_sequence_number
da7a1b20 da7a1b20        4     4         build/nanos2/obj/sdk/src/os_io_usb.o:(.bss.G_io_usb_hid_total_length)
da7a1b20 da7a1b20        4     1                 G_io_usb_hid_total_length
da7a1b24 da7a1b24        4     4         build/nanos2/obj/sdk/src/os_io_usb.o:(.bss.G_io_usb_hid_remaining_length)
da7a1b24 da7a1b24        4     1                 G_io_usb_hid_remaining_length
da7a1b28 da7a1b28        4     4         build/nanos2/obj/sdk/src/os_io_usb.o:(.bss.G_io_usb_hid_current_buffer)
da7a1b28 da7a1b28        4     1                 G_io_usb_hid_current_buffer
da7a1b2c da7a1b2c        4     4         build/nanos2/obj/sdk/src/os_io_usb.o:(.bss.G_io_usb_hid_channel)
da7a1b2c da7a1b2c        4     1                 G_io_usb_hid_channel
da7a1b30 da7a1b30        0     1         _ebss = .
da7a1b30 da7a1b30        0     1         . = ALIGN ( 4 )
da7a1b30 da7a1b30        0     1         app_stack_canary = .
da7a1b30 da7a1b30        4     1         . += 4
da7a1b34 da7a1b34        0     1         _stack = .
da7a1b34 da7a1b34        0     1         _estack = ABSOLUTE ( END_STACK )
da7a1b34 da7a1b34        0     1 
d0000000 d0000000       10     4 DEBUG
d0000000 d0000000       10     4         <internal>:(.ARM.exidx)
       0        0       37     1 .comment
       0        0       37     1         <internal>:(.comment)
       0        0      270     4 .debug_frame
       0        0       44     4         /opt/nanosplus-secure-sdk/arch/st33k1/lib/libgcc.a(_aeabi_ldivmod.o):(.debug_frame)
      44       44       2c     4         /opt/nanosplus-secure-sdk/arch/st33k1/lib/libgcc.a(_aeabi_uldivmod.o):(.debug_frame)
      70       70       38     4         /opt/nanosplus-secure-sdk/arch/st33k1/lib/libgcc.a(_udivmoddi4.o):(.debug_frame)
      a8       a8       20     4         /opt/nanosplus-secure-sdk/arch/st33k1/lib/libc.a(lib_a-aeabi_memclr.o):(.debug_frame)
      c8       c8       20     4         /opt/nanosplus-secure-sdk/arch/st33k1/lib/libc.a(lib_a-aeabi_memcpy.o):(.debug_frame)
      e8       e8       20     4         /opt/nanosplus-secure-sdk/arch/st33k1/lib/libc.a(lib_a-aeabi_memmove.o):(.debug_frame)
     108      108       20     4         /opt/nanosplus-secure-sdk/arch/st33k1/lib/libc.a(lib_a-aeabi_memset.o):(.debug_frame)
     128      128       20     4         /opt/nanosplus-secure-sdk/arch/st33k1/lib/libc.a(lib_a-explicit_bzero.o):(.debug_frame)
     148      148       20     4         /opt/nanosplus-secure-sdk/arch/st33k1/lib/libc.a(lib_a-bzero.o):(.debug_frame)
     168      168       28     4         /opt/nanosplus-secure-sdk/arch/st33k1/lib/libc.a(lib_a-memcmp.o):(.debug_frame)
     190      190       28     4         /opt/nanosplus-secure-sdk/arch/st33k1/lib/libc.a(lib_a-memcpy-stub.o):(.debug_frame)
     1b8      1b8       28     4         /opt/nanosplus-secure-sdk/arch/st33k1/lib/libc.a(lib_a-memmove.o):(.debug_frame)
     1e0      1e0       20     4         /opt/nanosplus-secure-sdk/arch/st33k1/lib/libc.a(lib_a-memset.o):(.debug_frame)
     200      200       20     4         /opt/nanosplus-secure-sdk/arch/st33k1/lib/libc.a(lib_a-strcmp.o):(.debug_frame)
     220      220       28     4         /opt/nanosplus-secure-sdk/arch/st33k1/lib/libc.a(lib_a-strncmp.o):(.debug_frame)
     248      248       28     4         /opt/nanosplus-secure-sdk/arch/st33k1/lib/libc.a(lib_a-strncpy.o):(.debug_frame)
       0        0        6     1 ledger.target
       0        0        6     1         build/nanos2/obj/sdk/src/app_metadata.o:(ledger.target)
       0        0        6     1                 target
       0        0        d     1 ledger.target_name
       0        0        d     1         build/nanos2/obj/sdk/src/app_metadata.o:(ledger.target_name)
       0        0        d     1                 target_name
       0        0        a     1 ledger.target_id
       0        0        a     1         build/nanos2/obj/sdk/src/app_metadata.o:(ledger.target_id)
       0        0        a     1                 target_id
       0        0        7     1 ledger.app_name
       0        0        7     1         build/nanos2/obj/sdk/src/app_metadata.o:(ledger.app_name)
       0        0        7     1                 app_name
       0        0        5     1 ledger.app_version
       0        0        5     1         build/nanos2/obj/sdk/src/app_metadata.o:(ledger.app_version)
       0        0        5     1                 app_version
       0        0        2     1 ledger.api_level
       0        0        2     1         build/nanos2/obj/sdk/src/app_metadata.o:(ledger.api_level)
       0        0        2     1                 api_level
       0        0       11     1 ledger.sdk_name
       0        0       11     1         build/nanos2/obj/sdk/src/app_metadata.o:(ledger.sdk_name)
       0        0       11     1                 sdk_name
       0        0        8     1 ledger.sdk_version
       0        0        8     1         build/nanos2/obj/sdk/src/app_metadata.o:(ledger.sdk_version)
       0        0        8     1                 sdk_version
       0        0       28     1 ledger.sdk_hash
       0        0       28     1         build/nanos2/obj/sdk/src/app_metadata.o:(ledger.sdk_hash)
       0        0       28     1                 sdk_hash
       0        0        4     1 ledger.sdk_graphics
       0        0        4     1         build/nanos2/obj/sdk/src/app_metadata.o:(ledger.sdk_graphics)
       0        0        4     1                 sdk_graphics
d0000010 d0000010        0     1 PROVIDE ( _nvram = ABSOLUTE ( _nvram_start ) )
d0000010 d0000010        0     1 PROVIDE ( _envram = ABSOLUTE ( _nvram_end ) )
       0        0       45     1 .ARM.attributes
       0        0       45     1         build/nanos2/gen_src/glyphs.o:(.ARM.attributes)
       0        0     5c00     4 .symtab
       0        0     5c00     4         <internal>:(.symtab)
       0        0      105     1 .shstrtab
       0        0      105     1         <internal>:(.shstrtab)
       0        0     447d     1 .strtab
       0        0     447d     1         <internal>:(.strtab)
