     VMA      LMA     Size Align Out     In      Symbol
       0        0        0     1 PAGE_SIZE = 512
       0        0        0     1 STACK_MIN_SIZE = DEFINED ( stack_min_size ) ? stack_min_size : 1500
       0        0        0     1 END_STACK = ORIGIN ( SRAM ) + LENGTH ( SRAM )
c0de0000 c0de0000     8e88     8 .text
c0de0000 c0de0000        0     1         _text = .
c0de0000 c0de0000        0     1         _nvram_start = .
c0de0000 c0de0000       28     2         build/nanos2/obj/sdk/lib_standard_app/main.o:(.boot)
c0de0000 c0de0000        0     1                 $t.6
c0de0001 c0de0001       28     1                 main
c0de0028 c0de0028        0     1         _code = .
c0de0028 c0de0028       4a     2         build/nanos2/obj/app/src/address.o:(.text.address_from_pubkey)
c0de0028 c0de0028        0     1                 $t.0
c0de0029 c0de0029       4a     1                 address_from_pubkey
c0de0072 c0de0072      282     2         build/nanos2/obj/app/src/apdu/dispatcher.o:(.text.apdu_dispatcher)
c0de0072 c0de0072        0     1                 $t.0
c0de0073 c0de0073      282     1                 apdu_dispatcher
c0de02f4 c0de02f4        e     2         build/nanos2/obj/app/src/apdu/dispatcher.o:(.text.io_send_sw)
c0de02f4 c0de02f4        0     1                 $t.1
c0de02f5 c0de02f5        e     1                 io_send_sw
c0de0302 c0de0302        8     2         build/nanos2/obj/app/src/apdu/dispatcher.o:(.text.OUTLINED_FUNCTION_0)
c0de0302 c0de0302        0     1                 $t.2
c0de0303 c0de0303        8     1                 OUTLINED_FUNCTION_0
c0de030c c0de030c       94     4         build/nanos2/obj/app/src/app_main.o:(.text.app_main)
c0de030c c0de030c        0     1                 $t.0
c0de030d c0de030d       94     1                 app_main
c0de038c c0de038c        0     1                 $d.1
c0de03a0 c0de03a0       28     4         build/nanos2/obj/app/src/handler/get_app_name.o:(.text.handler_get_app_name)
c0de03a0 c0de03a0        0     1                 $t.0
c0de03a1 c0de03a1       28     1                 handler_get_app_name
c0de03c4 c0de03c4        0     1                 $d.1
c0de03c8 c0de03c8       98     4         build/nanos2/obj/app/src/handler/get_public_key.o:(.text.handler_get_public_key)
c0de03c8 c0de03c8        0     1                 $t.0
c0de03c9 c0de03c9       98     1                 handler_get_public_key
c0de045c c0de045c        0     1                 $d.1
c0de0460 c0de0460        e     2         build/nanos2/obj/app/src/handler/get_public_key.o:(.text.io_send_sw)
c0de0460 c0de0460        0     1                 $t.2
c0de0461 c0de0461        e     1                 io_send_sw
c0de046e c0de046e       2e     2         build/nanos2/obj/app/src/handler/get_version.o:(.text.handler_get_version)
c0de046e c0de046e        0     1                 $t.0
c0de046f c0de046f       2e     1                 handler_get_version
c0de049c c0de049c      168     4         build/nanos2/obj/app/src/handler/sign_tx.o:(.text.handler_sign_tx)
c0de049c c0de049c        0     1                 $t.0
c0de049d c0de049d      168     1                 handler_sign_tx
c0de05f4 c0de05f4        0     1                 $d.1
c0de0604 c0de0604        e     2         build/nanos2/obj/app/src/handler/sign_tx.o:(.text.io_send_sw)
c0de0604 c0de0604        0     1                 $t.2
c0de0605 c0de0605        e     1                 io_send_sw
c0de0612 c0de0612       4e     2         build/nanos2/obj/app/src/handler/zkn_magicbox.o:(.text.handler_cmd_blake2b512)
c0de0612 c0de0612        0     1                 $t.0
c0de0613 c0de0613       4e     1                 handler_cmd_blake2b512
c0de0660 c0de0660       16     2         build/nanos2/obj/app/src/handler/zkn_magicbox.o:(.text.io_send_response_pointer)
c0de0660 c0de0660        0     1                 $t.1
c0de0661 c0de0661       16     1                 io_send_response_pointer
c0de0676 c0de0676        e     2         build/nanos2/obj/app/src/handler/zkn_magicbox.o:(.text.io_send_sw)
c0de0676 c0de0676        0     1                 $t.2
c0de0677 c0de0677        e     1                 io_send_sw
c0de0684 c0de0684       3a     2         build/nanos2/obj/app/src/handler/zkn_magicbox.o:(.text.handler_cmd_keccakH)
c0de0684 c0de0684        0     1                 $t.3
c0de0685 c0de0685       3a     1                 handler_cmd_keccakH
c0de06c0 c0de06c0       94     4         build/nanos2/obj/app/src/handler/zkn_magicbox.o:(.text.handler_cmd_bolos_stretch)
c0de06c0 c0de06c0        0     1                 $t.4
c0de06c1 c0de06c1       94     1                 handler_cmd_bolos_stretch
c0de0748 c0de0748        0     1                 $d.5
c0de0754 c0de0754      10c     4         build/nanos2/obj/app/src/handler/zkn_magicbox.o:(.text.handler_cmd_Poseidon)
c0de0754 c0de0754        0     1                 $t.6
c0de0755 c0de0755      10c     1                 handler_cmd_Poseidon
c0de0858 c0de0858        0     1                 $d.7
c0de0860 c0de0860       8c     4         build/nanos2/obj/app/src/handler/zkn_magicbox.o:(.text.handler_cmd_Poseidon_ithRC)
c0de0860 c0de0860        0     1                 $t.8
c0de0861 c0de0861       8c     1                 handler_cmd_Poseidon_ithRC
c0de08e4 c0de08e4        0     1                 $d.9
c0de08ec c0de08ec       82     2         build/nanos2/obj/app/src/handler/zkn_magicbox.o:(.text.handler_cmd_tEddsaPoseidon_Kpub)
c0de08ec c0de08ec        0     1                 $t.12
c0de08ed c0de08ed       82     1                 handler_cmd_tEddsaPoseidon_Kpub
c0de096e c0de096e       b2     2         build/nanos2/obj/app/src/handler/zkn_magicbox.o:(.text.handler_cmd_tEddsaPoseidon_Sign)
c0de096e c0de096e        0     1                 $t.13
c0de096f c0de096f       b2     1                 handler_cmd_tEddsaPoseidon_Sign
c0de0a20 c0de0a20       e8     4         build/nanos2/obj/app/src/handler/zkn_magicbox.o:(.text.handler_cmd_tEddsaPoseidon)
c0de0a20 c0de0a20        0     1                 $t.14
c0de0a21 c0de0a21       e8     1                 handler_cmd_tEddsaPoseidon
c0de0b00 c0de0b00        0     1                 $d.15
c0de0b08 c0de0b08      16c     4         build/nanos2/obj/app/src/handler/zkn_magicbox.o:(.text.handler_cmd_tEdwards)
c0de0b08 c0de0b08        0     1                 $t.16
c0de0b09 c0de0b09      16c     1                 handler_cmd_tEdwards
c0de0c64 c0de0c64        0     1                 $d.17
c0de0c74 c0de0c74      16a     2         build/nanos2/obj/app/src/handler/zkn_magicbox.o:(.text.handler_cmd_Interpolate)
c0de0c74 c0de0c74        0     1                 $t.20
c0de0c75 c0de0c75      16a     1                 handler_cmd_Interpolate
c0de0dde c0de0dde      190     2         build/nanos2/obj/app/src/handler/zkn_magicbox.o:(.text.handler_cmd_Split)
c0de0dde c0de0dde        0     1                 $t.21
c0de0ddf c0de0ddf      190     1                 handler_cmd_Split
c0de0f6e c0de0f6e       a0     2         build/nanos2/obj/app/src/handler/zkn_magicbox.o:(.text.handler_cmd_frostH)
c0de0f6e c0de0f6e        0     1                 $t.22
c0de0f6f c0de0f6f       a0     1                 handler_cmd_frostH
c0de1010 c0de1010       6c     4         build/nanos2/obj/app/src/handler/zkn_magicbox.o:(.text.handler_cmd_encodeCommitment)
c0de1010 c0de1010        0     1                 $t.23
c0de1011 c0de1011       6c     1                 handler_cmd_encodeCommitment
c0de1078 c0de1078        0     1                 $d.24
c0de107c c0de107c       84     4         build/nanos2/obj/app/src/handler/zkn_magicbox.o:(.text.handler_cmd_GroupCommitment)
c0de107c c0de107c        0     1                 $t.25
c0de107d c0de107d       84     1                 handler_cmd_GroupCommitment
c0de10f8 c0de10f8        0     1                 $d.26
c0de1100 c0de1100       e8     4         build/nanos2/obj/app/src/handler/zkn_magicbox.o:(.text.handler_cmd_BindingFactors)
c0de1100 c0de1100        0     1                 $t.29
c0de1101 c0de1101       e8     1                 handler_cmd_BindingFactors
c0de11dc c0de11dc        0     1                 $d.30
c0de11e8 c0de11e8       54     4         build/nanos2/obj/app/src/handler/zkn_magicbox.o:(.text.handler_get_insecure_secret)
c0de11e8 c0de11e8        0     1                 $t.31
c0de11e9 c0de11e9       54     1                 handler_get_insecure_secret
c0de1234 c0de1234        0     1                 $d.32
c0de123c c0de123c       b4     4         build/nanos2/obj/app/src/handler/zkn_magicbox.o:(.text.handler_cmd_tEddsaPoseidon_Sign_with_secret)
c0de123c c0de123c        0     1                 $t.33
c0de123d c0de123d       b4     1                 handler_cmd_tEddsaPoseidon_Sign_with_secret
c0de12ec c0de12ec        0     1                 $d.34
c0de12f0 c0de12f0        8     2         build/nanos2/obj/app/src/handler/zkn_magicbox.o:(.text.OUTLINED_FUNCTION_0)
c0de12f0 c0de12f0        0     1                 $t.35
c0de12f1 c0de12f1        8     1                 OUTLINED_FUNCTION_0
c0de12f8 c0de12f8        6     2         build/nanos2/obj/app/src/handler/zkn_magicbox.o:(.text.OUTLINED_FUNCTION_1)
c0de12f8 c0de12f8        0     1                 $t.36
c0de12f9 c0de12f9        6     1                 OUTLINED_FUNCTION_1
c0de12fe c0de12fe        6     2         build/nanos2/obj/app/src/handler/zkn_magicbox.o:(.text.OUTLINED_FUNCTION_2)
c0de12fe c0de12fe        0     1                 $t.37
c0de12ff c0de12ff        6     1                 OUTLINED_FUNCTION_2
c0de1304 c0de1304        6     2         build/nanos2/obj/app/src/handler/zkn_magicbox.o:(.text.OUTLINED_FUNCTION_3)
c0de1304 c0de1304        0     1                 $t.38
c0de1305 c0de1305        6     1                 OUTLINED_FUNCTION_3
c0de130a c0de130a        e     2         build/nanos2/obj/app/src/handler/zkn_magicbox.o:(.text.OUTLINED_FUNCTION_4)
c0de130a c0de130a        0     1                 $t.39
c0de130b c0de130b        e     1                 OUTLINED_FUNCTION_4
c0de1318 c0de1318        8     2         build/nanos2/obj/app/src/handler/zkn_magicbox.o:(.text.OUTLINED_FUNCTION_5)
c0de1318 c0de1318        0     1                 $t.40
c0de1319 c0de1319        8     1                 OUTLINED_FUNCTION_5
c0de1320 c0de1320        6     2         build/nanos2/obj/app/src/handler/zkn_magicbox.o:(.text.OUTLINED_FUNCTION_6)
c0de1320 c0de1320        0     1                 $t.41
c0de1321 c0de1321        6     1                 OUTLINED_FUNCTION_6
c0de1326 c0de1326       10     2         build/nanos2/obj/app/src/handler/zkn_magicbox.o:(.text.OUTLINED_FUNCTION_7)
c0de1326 c0de1326        0     1                 $t.42
c0de1327 c0de1327       10     1                 OUTLINED_FUNCTION_7
c0de1336 c0de1336        c     2         build/nanos2/obj/app/src/handler/zkn_magicbox.o:(.text.OUTLINED_FUNCTION_8)
c0de1336 c0de1336        0     1                 $t.43
c0de1337 c0de1337        c     1                 OUTLINED_FUNCTION_8
c0de1342 c0de1342        8     2         build/nanos2/obj/app/src/handler/zkn_magicbox.o:(.text.OUTLINED_FUNCTION_9)
c0de1342 c0de1342        0     1                 $t.44
c0de1343 c0de1343        8     1                 OUTLINED_FUNCTION_9
c0de134a c0de134a        6     2         build/nanos2/obj/app/src/handler/zkn_magicbox.o:(.text.OUTLINED_FUNCTION_10)
c0de134a c0de134a        0     1                 $t.45
c0de134b c0de134b        6     1                 OUTLINED_FUNCTION_10
c0de1350 c0de1350        6     2         build/nanos2/obj/app/src/handler/zkn_magicbox.o:(.text.OUTLINED_FUNCTION_11)
c0de1350 c0de1350        0     1                 $t.46
c0de1351 c0de1351        6     1                 OUTLINED_FUNCTION_11
c0de1356 c0de1356        6     2         build/nanos2/obj/app/src/handler/zkn_magicbox.o:(.text.OUTLINED_FUNCTION_12)
c0de1356 c0de1356        0     1                 $t.47
c0de1357 c0de1357        6     1                 OUTLINED_FUNCTION_12
c0de135c c0de135c       44     4         build/nanos2/obj/app/src/helper/send_reponse.o:(.text.helper_send_response_pubkey)
c0de135c c0de135c        0     1                 $t.0
c0de135d c0de135d       44     1                 helper_send_response_pubkey
c0de139c c0de139c        0     1                 $d.1
c0de13a0 c0de13a0       18     2         build/nanos2/obj/app/src/helper/send_reponse.o:(.text.io_send_response_pointer)
c0de13a0 c0de13a0        0     1                 $t.2
c0de13a1 c0de13a1       18     1                 io_send_response_pointer
c0de13b8 c0de13b8       44     4         build/nanos2/obj/app/src/helper/send_reponse.o:(.text.helper_send_response_sig)
c0de13b8 c0de13b8        0     1                 $t.3
c0de13b9 c0de13b9       44     1                 helper_send_response_sig
c0de13f8 c0de13f8        0     1                 $d.4
c0de13fc c0de13fc       b4     2         build/nanos2/obj/app/src/swap/handle_check_address.o:(.text.swap_handle_check_address)
c0de13fc c0de13fc        0     1                 $t.0
c0de13fd c0de13fd       b4     1                 swap_handle_check_address
c0de14b0 c0de14b0       58     4         build/nanos2/obj/app/src/swap/handle_get_printable_amount.o:(.text.swap_handle_get_printable_amount)
c0de14b0 c0de14b0        0     1                 $t.0
c0de14b1 c0de14b1       58     1                 swap_handle_get_printable_amount
c0de1504 c0de1504        0     1                 $d.1
c0de1508 c0de1508       80     4         build/nanos2/obj/app/src/swap/handle_swap_sign_transaction.o:(.text.swap_copy_transaction_parameters)
c0de1508 c0de1508        0     1                 $t.0
c0de1509 c0de1509       80     1                 swap_copy_transaction_parameters
c0de1584 c0de1584        0     1                 $d.1
c0de1588 c0de1588       80     4         build/nanos2/obj/app/src/swap/handle_swap_sign_transaction.o:(.text.swap_check_validity)
c0de1588 c0de1588        0     1                 $t.2
c0de1589 c0de1589       80     1                 swap_check_validity
c0de1604 c0de1604        0     1                 $d.3
c0de1608 c0de1608       be     2         build/nanos2/obj/app/src/transaction/deserialize.o:(.text.transaction_deserialize)
c0de1608 c0de1608        0     1                 $t.0
c0de1609 c0de1609       be     1                 transaction_deserialize
c0de16c6 c0de16c6       3a     2         build/nanos2/obj/app/src/transaction/utils.o:(.text.transaction_utils_check_encoding)
c0de16c6 c0de16c6        0     1                 $t.0
c0de16c7 c0de16c7       3a     1                 transaction_utils_check_encoding
c0de1700 c0de1700        e     2         build/nanos2/obj/app/src/ui/action/validate.o:(.text.validate_pubkey)
c0de1700 c0de1700        0     1                 $t.0
c0de1701 c0de1701        e     1                 validate_pubkey
c0de170e c0de170e        e     2         build/nanos2/obj/app/src/ui/action/validate.o:(.text.io_send_sw)
c0de170e c0de170e        0     1                 $t.1
c0de170f c0de170f        e     1                 io_send_sw
c0de171c c0de171c       a4     4         build/nanos2/obj/app/src/ui/action/validate.o:(.text.validate_transaction)
c0de171c c0de171c        0     1                 $t.2
c0de171d c0de171d       a4     1                 validate_transaction
c0de17bc c0de17bc        0     1                 $d.3
c0de17c0 c0de17c0        6     2         build/nanos2/obj/app/src/ui/menu_nbgl.o:(.text.app_quit)
c0de17c0 c0de17c0        0     1                 $t.0
c0de17c1 c0de17c1        6     1                 app_quit
c0de17c8 c0de17c8       90     4         build/nanos2/obj/app/src/ui/menu_nbgl.o:(.text.ui_menu_main)
c0de17c8 c0de17c8        0     1                 $t.1
c0de17c9 c0de17c9       90     1                 ui_menu_main
c0de182c c0de182c        0     1                 $d.2
c0de1858 c0de1858       b4     4         build/nanos2/obj/app/src/ui/menu_nbgl.o:(.text.controls_callback)
c0de1858 c0de1858        0     1                 $t.3
c0de1859 c0de1859       b4     1                 controls_callback
c0de18e4 c0de18e4        0     1                 $d.4
c0de190c c0de190c       7c     4         build/nanos2/obj/app/src/ui/menu_nbgl.o:(.text.review_warning_choice)
c0de190c c0de190c        0     1                 $t.5
c0de190d c0de190d       7c     1                 review_warning_choice
c0de196c c0de196c        0     1                 $d.6
c0de1988 c0de1988        6     2         build/nanos2/obj/app/src/ui/menu_nbgl.o:(.text.OUTLINED_FUNCTION_0)
c0de1988 c0de1988        0     1                 $t.7
c0de1989 c0de1989        6     1                 OUTLINED_FUNCTION_0
c0de1990 c0de1990       a4     4         build/nanos2/obj/app/src/ui/nbgl_display_address.o:(.text.ui_display_address)
c0de1990 c0de1990        0     1                 $t.0
c0de1991 c0de1991       a4     1                 ui_display_address
c0de1a20 c0de1a20        0     1                 $d.1
c0de1a34 c0de1a34        e     2         build/nanos2/obj/app/src/ui/nbgl_display_address.o:(.text.io_send_sw)
c0de1a34 c0de1a34        0     1                 $t.2
c0de1a35 c0de1a35        e     1                 io_send_sw
c0de1a44 c0de1a44       20     4         build/nanos2/obj/app/src/ui/nbgl_display_address.o:(.text.review_choice)
c0de1a44 c0de1a44        0     1                 $t.3
c0de1a45 c0de1a45       20     1                 review_choice
c0de1a60 c0de1a60        0     1                 $d.4
c0de1a64 c0de1a64      13c     4         build/nanos2/obj/app/src/ui/nbgl_display_transaction.o:(.text.ui_display_transaction_bs_choice)
c0de1a64 c0de1a64        0     1                 $t.0
c0de1a65 c0de1a65      13c     1                 ui_display_transaction_bs_choice
c0de1b78 c0de1b78        0     1                 $d.1
c0de1ba0 c0de1ba0        e     2         build/nanos2/obj/app/src/ui/nbgl_display_transaction.o:(.text.io_send_sw)
c0de1ba0 c0de1ba0        0     1                 $t.2
c0de1ba1 c0de1ba1        e     1                 io_send_sw
c0de1bb0 c0de1bb0       1c     4         build/nanos2/obj/app/src/ui/nbgl_display_transaction.o:(.text.review_choice)
c0de1bb0 c0de1bb0        0     1                 $t.3
c0de1bb1 c0de1bb1       1c     1                 review_choice
c0de1bc8 c0de1bc8        0     1                 $d.4
c0de1bcc c0de1bcc        6     2         build/nanos2/obj/app/src/ui/nbgl_display_transaction.o:(.text.ui_display_blind_signed_transaction)
c0de1bcc c0de1bcc        0     1                 $t.5
c0de1bcd c0de1bcd        6     1                 ui_display_blind_signed_transaction
c0de1bd2 c0de1bd2        6     2         build/nanos2/obj/app/src/ui/nbgl_display_transaction.o:(.text.ui_display_transaction)
c0de1bd2 c0de1bd2        0     1                 $t.6
c0de1bd3 c0de1bd3        6     1                 ui_display_transaction
c0de1bd8 c0de1bd8       6c     4         build/nanos2/obj/app/src/zknox/ecc/zkn_eddsa.o:(.text.zkn_prv_hash)
c0de1bd8 c0de1bd8        0     1                 $t.0
c0de1bd9 c0de1bd9       6c     1                 zkn_prv_hash
c0de1c40 c0de1c40        0     1                 $d.1
c0de1c44 c0de1c44       4e     2         build/nanos2/obj/app/src/zknox/ecc/zkn_eddsa.o:(.text.zkn_prv2pub)
c0de1c44 c0de1c44        0     1                 $t.2
c0de1c45 c0de1c45       4e     1                 zkn_prv2pub
c0de1c94 c0de1c94      2b8     4         build/nanos2/obj/app/src/zknox/ecc/zkn_eddsa.o:(.text.EddsaPoseidon_Sign_final)
c0de1c94 c0de1c94        0     1                 $t.3
c0de1c95 c0de1c95      2b8     1                 EddsaPoseidon_Sign_final
c0de1f44 c0de1f44        0     1                 $d.4
c0de1f4c c0de1f4c        8     2         build/nanos2/obj/app/src/zknox/ecc/zkn_eddsa.o:(.text.rev64)
c0de1f4c c0de1f4c        0     1                 $t.5
c0de1f4d c0de1f4d        8     1                 rev64
c0de1f54 c0de1f54        8     2         build/nanos2/obj/app/src/zknox/ecc/zkn_eddsa.o:(.text.OUTLINED_FUNCTION_0)
c0de1f54 c0de1f54        0     1                 $t.6
c0de1f55 c0de1f55        8     1                 OUTLINED_FUNCTION_0
c0de1f5c c0de1f5c        6     2         build/nanos2/obj/app/src/zknox/ecc/zkn_eddsa.o:(.text.OUTLINED_FUNCTION_1)
c0de1f5c c0de1f5c        0     1                 $t.7
c0de1f5d c0de1f5d        6     1                 OUTLINED_FUNCTION_1
c0de1f62 c0de1f62       c0     2         build/nanos2/obj/app/src/zknox/ecc/zkn_frost.o:(.text.zkn_frost_interpolate)
c0de1f62 c0de1f62        0     1                 $t.0
c0de1f63 c0de1f63       c0     1                 zkn_frost_interpolate
c0de2022 c0de2022       84     2         build/nanos2/obj/app/src/zknox/ecc/zkn_frost.o:(.text.zkn_frost_interpolate_secrets)
c0de2022 c0de2022        0     1                 $t.1
c0de2023 c0de2023       84     1                 zkn_frost_interpolate_secrets
c0de20a6 c0de20a6       72     2         build/nanos2/obj/app/src/zknox/ecc/zkn_frost.o:(.text.zkn_evalshare)
c0de20a6 c0de20a6        0     1                 $t.3
c0de20a7 c0de20a7       72     1                 zkn_evalshare
c0de2118 c0de2118       fa     2         build/nanos2/obj/app/src/zknox/ecc/zkn_frost.o:(.text.zkn_encode_group_commitmentHash)
c0de2118 c0de2118        0     1                 $t.6
c0de2119 c0de2119       fa     1                 zkn_encode_group_commitmentHash
c0de2212 c0de2212       d6     2         build/nanos2/obj/app/src/zknox/ecc/zkn_frost.o:(.text.zkn_compute_group_commitment)
c0de2212 c0de2212        0     1                 $t.7
c0de2213 c0de2213       d6     1                 zkn_compute_group_commitment
c0de22e8 c0de22e8      106     2         build/nanos2/obj/app/src/zknox/ecc/zkn_frost.o:(.text.zkn_compute_binding_factors)
c0de22e8 c0de22e8        0     1                 $t.8
c0de22e9 c0de22e9      106     1                 zkn_compute_binding_factors
c0de23ee c0de23ee       10     2         build/nanos2/obj/app/src/zknox/ecc/zkn_frost.o:(.text.zkn_serialize_scalar_for_hash)
c0de23ee c0de23ee        0     1                 $t.9
c0de23ef c0de23ef       10     1                 zkn_serialize_scalar_for_hash
c0de23fe c0de23fe       16     2         build/nanos2/obj/app/src/zknox/ecc/zkn_frost.o:(.text.OUTLINED_FUNCTION_0)
c0de23fe c0de23fe        0     1                 $t.16
c0de23ff c0de23ff       16     1                 OUTLINED_FUNCTION_0
c0de2414 c0de2414        8     2         build/nanos2/obj/app/src/zknox/ecc/zkn_frost.o:(.text.OUTLINED_FUNCTION_2)
c0de2414 c0de2414        0     1                 $t.18
c0de2415 c0de2415        8     1                 OUTLINED_FUNCTION_2
c0de241c c0de241c        6     2         build/nanos2/obj/app/src/zknox/ecc/zkn_frost.o:(.text.OUTLINED_FUNCTION_3)
c0de241c c0de241c        0     1                 $t.19
c0de241d c0de241d        6     1                 OUTLINED_FUNCTION_3
c0de2422 c0de2422        6     2         build/nanos2/obj/app/src/zknox/ecc/zkn_frost.o:(.text.OUTLINED_FUNCTION_4)
c0de2422 c0de2422        0     1                 $t.20
c0de2423 c0de2423        6     1                 OUTLINED_FUNCTION_4
c0de2428 c0de2428       2a     2         build/nanos2/obj/app/src/zknox/ecc/zkn_tEdwards.o:(.text.tEdwards_alloc)
c0de2428 c0de2428        0     1                 $t.0
c0de2429 c0de2429       2a     1                 tEdwards_alloc
c0de2452 c0de2452       22     2         build/nanos2/obj/app/src/zknox/ecc/zkn_tEdwards.o:(.text.tEdwards_destroy)
c0de2452 c0de2452        0     1                 $t.1
c0de2453 c0de2453       22     1                 tEdwards_destroy
c0de2474 c0de2474       d6     2         build/nanos2/obj/app/src/zknox/ecc/zkn_tEdwards.o:(.text.tEdwards_double)
c0de2474 c0de2474        0     1                 $t.2
c0de2475 c0de2475       d6     1                 tEdwards_double
c0de254a c0de254a      130     2         build/nanos2/obj/app/src/zknox/ecc/zkn_tEdwards.o:(.text.tEdwards_add)
c0de254a c0de254a        0     1                 $t.3
c0de254b c0de254b      130     1                 tEdwards_add
c0de267a c0de267a       ac     2         build/nanos2/obj/app/src/zknox/ecc/zkn_tEdwards.o:(.text.tEdwards_IsOnCurve)
c0de267a c0de267a        0     1                 $t.4
c0de267b c0de267b       ac     1                 tEdwards_IsOnCurve
c0de2728 c0de2728      1e0     4         build/nanos2/obj/app/src/zknox/ecc/zkn_tEdwards.o:(.text.tEdwards_Curve_alloc_init)
c0de2728 c0de2728        0     1                 $t.5
c0de2729 c0de2729      1e0     1                 tEdwards_Curve_alloc_init
c0de28dc c0de28dc        0     1                 $d.6
c0de2908 c0de2908       7e     2         build/nanos2/obj/app/src/zknox/ecc/zkn_tEdwards.o:(.text.tEdwards_init)
c0de2908 c0de2908        0     1                 $t.7
c0de2909 c0de2909       7e     1                 tEdwards_init
c0de2986 c0de2986       92     2         build/nanos2/obj/app/src/zknox/ecc/zkn_tEdwards.o:(.text.tEdwards_Curve_partial_destroy)
c0de2986 c0de2986        0     1                 $t.9
c0de2987 c0de2987       92     1                 tEdwards_Curve_partial_destroy
c0de2a18 c0de2a18       26     2         build/nanos2/obj/app/src/zknox/ecc/zkn_tEdwards.o:(.text.tEdwards_SetNeutral)
c0de2a18 c0de2a18        0     1                 $t.11
c0de2a19 c0de2a19       26     1                 tEdwards_SetNeutral
c0de2a3e c0de2a3e       4c     2         build/nanos2/obj/app/src/zknox/ecc/zkn_tEdwards.o:(.text.tEdwards_export)
c0de2a3e c0de2a3e        0     1                 $t.12
c0de2a3f c0de2a3f       4c     1                 tEdwards_export
c0de2a8a c0de2a8a       5a     2         build/nanos2/obj/app/src/zknox/ecc/zkn_tEdwards.o:(.text.tEdwards_normalize)
c0de2a8a c0de2a8a        0     1                 $t.13
c0de2a8b c0de2a8b       5a     1                 tEdwards_normalize
c0de2ae4 c0de2ae4       26     2         build/nanos2/obj/app/src/zknox/ecc/zkn_tEdwards.o:(.text.tEdwards_copy)
c0de2ae4 c0de2ae4        0     1                 $t.14
c0de2ae5 c0de2ae5       26     1                 tEdwards_copy
c0de2b0a c0de2b0a       3e     2         build/nanos2/obj/app/src/zknox/ecc/zkn_tEdwards.o:(.text.tEdwards_alloc_init)
c0de2b0a c0de2b0a        0     1                 $t.15
c0de2b0b c0de2b0b       3e     1                 tEdwards_alloc_init
c0de2b48 c0de2b48       ca     2         build/nanos2/obj/app/src/zknox/ecc/zkn_tEdwards.o:(.text.tEdwards_scalarMul_bn)
c0de2b48 c0de2b48        0     1                 $t.17
c0de2b49 c0de2b49       ca     1                 tEdwards_scalarMul_bn
c0de2c14 c0de2c14       40     4         build/nanos2/obj/app/src/zknox/ecc/zkn_tEdwards.o:(.text.tEdwards_scalarMul)
c0de2c14 c0de2c14        0     1                 $t.18
c0de2c15 c0de2c15       40     1                 tEdwards_scalarMul
c0de2c50 c0de2c50        0     1                 $d.19
c0de2c54 c0de2c54        6     2         build/nanos2/obj/app/src/zknox/ecc/zkn_tEdwards.o:(.text.OUTLINED_FUNCTION_0)
c0de2c54 c0de2c54        0     1                 $t.22
c0de2c55 c0de2c55        6     1                 OUTLINED_FUNCTION_0
c0de2c5a c0de2c5a        6     2         build/nanos2/obj/app/src/zknox/ecc/zkn_tEdwards.o:(.text.OUTLINED_FUNCTION_1)
c0de2c5a c0de2c5a        0     1                 $t.23
c0de2c5b c0de2c5b        6     1                 OUTLINED_FUNCTION_1
c0de2c60 c0de2c60        8     2         build/nanos2/obj/app/src/zknox/ecc/zkn_tEdwards.o:(.text.OUTLINED_FUNCTION_2)
c0de2c60 c0de2c60        0     1                 $t.24
c0de2c61 c0de2c61        8     1                 OUTLINED_FUNCTION_2
c0de2c68 c0de2c68        8     2         build/nanos2/obj/app/src/zknox/ecc/zkn_tEdwards.o:(.text.OUTLINED_FUNCTION_3)
c0de2c68 c0de2c68        0     1                 $t.25
c0de2c69 c0de2c69        8     1                 OUTLINED_FUNCTION_3
c0de2c70 c0de2c70        a     2         build/nanos2/obj/app/src/zknox/ecc/zkn_tEdwards.o:(.text.OUTLINED_FUNCTION_4)
c0de2c70 c0de2c70        0     1                 $t.26
c0de2c71 c0de2c71        a     1                 OUTLINED_FUNCTION_4
c0de2c7a c0de2c7a        a     2         build/nanos2/obj/app/src/zknox/ecc/zkn_tEdwards.o:(.text.OUTLINED_FUNCTION_5)
c0de2c7a c0de2c7a        0     1                 $t.27
c0de2c7b c0de2c7b        a     1                 OUTLINED_FUNCTION_5
c0de2c84 c0de2c84        a     2         build/nanos2/obj/app/src/zknox/ecc/zkn_tEdwards.o:(.text.OUTLINED_FUNCTION_6)
c0de2c84 c0de2c84        0     1                 $t.28
c0de2c85 c0de2c85        a     1                 OUTLINED_FUNCTION_6
c0de2c8e c0de2c8e        a     2         build/nanos2/obj/app/src/zknox/ecc/zkn_tEdwards.o:(.text.OUTLINED_FUNCTION_7)
c0de2c8e c0de2c8e        0     1                 $t.29
c0de2c8f c0de2c8f        a     1                 OUTLINED_FUNCTION_7
c0de2c98 c0de2c98        a     2         build/nanos2/obj/app/src/zknox/ecc/zkn_tEdwards.o:(.text.OUTLINED_FUNCTION_8)
c0de2c98 c0de2c98        0     1                 $t.30
c0de2c99 c0de2c99        a     1                 OUTLINED_FUNCTION_8
c0de2ca2 c0de2ca2        a     2         build/nanos2/obj/app/src/zknox/ecc/zkn_tEdwards.o:(.text.OUTLINED_FUNCTION_9)
c0de2ca2 c0de2ca2        0     1                 $t.31
c0de2ca3 c0de2ca3        a     1                 OUTLINED_FUNCTION_9
c0de2cac c0de2cac        a     2         build/nanos2/obj/app/src/zknox/ecc/zkn_tEdwards.o:(.text.OUTLINED_FUNCTION_10)
c0de2cac c0de2cac        0     1                 $t.32
c0de2cad c0de2cad        a     1                 OUTLINED_FUNCTION_10
c0de2cb6 c0de2cb6        6     2         build/nanos2/obj/app/src/zknox/ecc/zkn_tEdwards.o:(.text.OUTLINED_FUNCTION_11)
c0de2cb6 c0de2cb6        0     1                 $t.33
c0de2cb7 c0de2cb7        6     1                 OUTLINED_FUNCTION_11
c0de2cbc c0de2cbc       80     4         build/nanos2/obj/app/src/zknox/hash/zkn_poseidon_constants.o:(.text.grain_lfsr_advance)
c0de2cbc c0de2cbc        0     1                 $t.0
c0de2cbd c0de2cbd       80     1                 grain_lfsr_advance
c0de2d34 c0de2d34        0     1                 $d.1
c0de2d3c c0de2d3c       4a     2         build/nanos2/obj/app/src/zknox/hash/zkn_poseidon_constants.o:(.text.next64_graingen)
c0de2d3c c0de2d3c        0     1                 $t.2
c0de2d3d c0de2d3d       4a     1                 next64_graingen
c0de2d88 c0de2d88       30     4         build/nanos2/obj/app/src/zknox/hash/zkn_poseidon_constants.o:(.text.init_generator)
c0de2d88 c0de2d88        0     1                 $t.3
c0de2d89 c0de2d89       30     1                 init_generator
c0de2db0 c0de2db0        0     1                 $d.4
c0de2db8 c0de2db8       98     4         build/nanos2/obj/app/src/zknox/hash/zkn_poseidon_constants.o:(.text.gen_integer)
c0de2db8 c0de2db8        0     1                 $t.5
c0de2db9 c0de2db9       98     1                 gen_integer
c0de2e40 c0de2e40        0     1                 $d.6
c0de2e50 c0de2e50        8     2         build/nanos2/obj/app/src/zknox/hash/zkn_poseidon_constants.o:(.text.rev64)
c0de2e50 c0de2e50        0     1                 $t.7
c0de2e51 c0de2e51        8     1                 rev64
c0de2e58 c0de2e58        6     2         build/nanos2/obj/app/src/zknox/hash/zkn_poseidon_constants.o:(.text.Poseidon_getNext_RC)
c0de2e58 c0de2e58        0     1                 $t.8
c0de2e59 c0de2e59        6     1                 Poseidon_getNext_RC
c0de2e60 c0de2e60       cc     4         build/nanos2/obj/app/src/zknox/hash/zkn_poseidon_constants.o:(.text.Poseidon_alloc_init)
c0de2e60 c0de2e60        0     1                 $t.9
c0de2e61 c0de2e61       cc     1                 Poseidon_alloc_init
c0de2f28 c0de2f28        0     1                 $d.10
c0de2f2c c0de2f2c      1a0     4         build/nanos2/obj/app/src/zknox/hash/zkn_poseidon_constants.o:(.text.Poseidon)
c0de2f2c c0de2f2c        0     1                 $t.13
c0de2f2d c0de2f2d      1a0     1                 Poseidon
c0de30c8 c0de30c8        0     1                 $d.14
c0de30cc c0de30cc       98     4         build/nanos2/obj/app/src/zknox/hash/zkn_rfc9591frost.o:(.text.RFC9591_taggedHash)
c0de30cc c0de30cc        0     1                 $t.0
c0de30cd c0de30cd       98     1                 RFC9591_taggedHash
c0de3160 c0de3160        0     1                 $d.1
c0de3164 c0de3164       1c     2         build/nanos2/obj/app/src/zknox/hash/zkn_rfc9591frost.o:(.text.Babyfrost_H1)
c0de3164 c0de3164        0     1                 $t.2
c0de3165 c0de3165       1c     1                 Babyfrost_H1
c0de3180 c0de3180       28     4         build/nanos2/obj/app/src/zknox/hash/zkn_rfc9591frost.o:(.text.Babyfrost_H3)
c0de3180 c0de3180        0     1                 $t.3
c0de3181 c0de3181       28     1                 Babyfrost_H3
c0de31a4 c0de31a4        0     1                 $d.4
c0de31a8 c0de31a8       1c     2         build/nanos2/obj/app/src/zknox/hash/zkn_rfc9591frost.o:(.text.Babyfrost_H4)
c0de31a8 c0de31a8        0     1                 $t.5
c0de31a9 c0de31a9       1c     1                 Babyfrost_H4
c0de31c4 c0de31c4       1c     2         build/nanos2/obj/app/src/zknox/hash/zkn_rfc9591frost.o:(.text.Babyfrost_H5)
c0de31c4 c0de31c4        0     1                 $t.6
c0de31c5 c0de31c5       1c     1                 Babyfrost_H5
c0de31e0 c0de31e0       2c     2         build/nanos2/obj/app/src/zknox/hash/zkn_rfc9591frost.o:(.text.zkn_frost_hash_init)
c0de31e0 c0de31e0        0     1                 $t.7
c0de31e1 c0de31e1       2c     1                 zkn_frost_hash_init
c0de320c c0de320c       34     4         build/nanos2/obj/app/src/zknox/hash/zkn_rfc9591frost.o:(.text.zkn_frost_H1_init)
c0de320c c0de320c        0     1                 $t.8
c0de320d c0de320d       34     1                 zkn_frost_H1_init
c0de323c c0de323c        0     1                 $d.9
c0de3240 c0de3240       34     4         build/nanos2/obj/app/src/zknox/hash/zkn_rfc9591frost.o:(.text.zkn_frost_H5_init)
c0de3240 c0de3240        0     1                 $t.10
c0de3241 c0de3241       34     1                 zkn_frost_H5_init
c0de3270 c0de3270        0     1                 $d.11
c0de3274 c0de3274        4     2         build/nanos2/obj/app/src/zknox/hash/zkn_rfc9591frost.o:(.text.zkn_frost_hash_update)
c0de3274 c0de3274        0     1                 $t.12
c0de3275 c0de3275        4     1                 zkn_frost_hash_update
c0de3278 c0de3278       50     2         build/nanos2/obj/app/src/zknox/hash/zkn_rfc9591frost.o:(.text.zkn_frost_hash_final)
c0de3278 c0de3278        0     1                 $t.13
c0de3279 c0de3279       50     1                 zkn_frost_hash_final
c0de32c8 c0de32c8       14     2         build/nanos2/obj/app/src/zknox/hash/zkn_rfc9591frost.o:(.text.OUTLINED_FUNCTION_0)
c0de32c8 c0de32c8        0     1                 $t.14
c0de32c9 c0de32c9       14     1                 OUTLINED_FUNCTION_0
c0de32dc c0de32dc        e     2         build/nanos2/obj/app/src/zknox/hash/zkn_rfc9591frost.o:(.text.OUTLINED_FUNCTION_1)
c0de32dc c0de32dc        0     1                 $t.15
c0de32dd c0de32dd        e     1                 OUTLINED_FUNCTION_1
c0de32ea c0de32ea        a     2         build/nanos2/obj/app/src/zknox/hash/zkn_rfc9591frost.o:(.text.OUTLINED_FUNCTION_2)
c0de32ea c0de32ea        0     1                 $t.16
c0de32eb c0de32eb        a     1                 OUTLINED_FUNCTION_2
c0de32f4 c0de32f4        e     2         build/nanos2/obj/app/src/zknox/hash/zkn_rfc9591frost.o:(.text.OUTLINED_FUNCTION_3)
c0de32f4 c0de32f4        0     1                 $t.17
c0de32f5 c0de32f5        e     1                 OUTLINED_FUNCTION_3
c0de3302 c0de3302       d6     2         build/nanos2/obj/sdk/io/src/os_io_default_apdu.o:(.text.os_io_handle_default_apdu)
c0de3302 c0de3302        0     1                 $t.0
c0de3303 c0de3303       d6     1                 os_io_handle_default_apdu
c0de33d8 c0de33d8        e     2         build/nanos2/obj/sdk/io/src/os_io_default_apdu.o:(.text.OUTLINED_FUNCTION_0)
c0de33d8 c0de33d8        0     1                 $t.1
c0de33d9 c0de33d9        e     1                 OUTLINED_FUNCTION_0
c0de33e6 c0de33e6       1c     2         build/nanos2/obj/sdk/io/src/os_io_seph_ux.o:(.text.io_process_itc_ux_event)
c0de33e6 c0de33e6        0     1                 $t.2
c0de33e7 c0de33e7       1c     1                 io_process_itc_ux_event
c0de3404 c0de3404       28     4         build/nanos2/obj/sdk/io_legacy/src/os_io_legacy.o:(.text.io_legacy_apdu_tx)
c0de3404 c0de3404        0     1                 $t.12
c0de3405 c0de3405       28     1                 io_legacy_apdu_tx
c0de3424 c0de3424        0     1                 $d.13
c0de342c c0de342c      1b4     4         build/nanos2/obj/sdk/io_legacy/src/os_io_legacy.o:(.text.io_legacy_apdu_rx)
c0de342c c0de342c        0     1                 $t.14
c0de342d c0de342d      1b4     1                 io_legacy_apdu_rx
c0de35c4 c0de35c4        0     1                 $d.15
c0de35e0 c0de35e0       38     4         build/nanos2/obj/sdk/io_legacy/src/os_io_legacy.o:(.text.io_seproxyhal_init)
c0de35e0 c0de35e0        0     1                 $t.16
c0de35e1 c0de35e1       38     1                 io_seproxyhal_init
c0de3614 c0de3614        0     1                 $d.17
c0de3618 c0de3618       ac     2         build/nanos2/obj/sdk/lib_nbgl/src/nbgl_layout_nanos.o:(.text.getTextMaxLenAndWidth)
c0de3618 c0de3618        0     1                 $t.0
c0de3619 c0de3619       ac     1                 getTextMaxLenAndWidth
c0de36c4 c0de36c4       78     4         build/nanos2/obj/sdk/lib_nbgl/src/nbgl_layout_nanos.o:(.text.nbgl_layoutGet)
c0de36c4 c0de36c4        0     1                 $t.2
c0de36c5 c0de36c5       78     1                 nbgl_layoutGet
c0de3734 c0de3734        0     1                 $d.3
c0de373c c0de373c       50     4         build/nanos2/obj/sdk/lib_nbgl/src/nbgl_layout_nanos.o:(.text.buttonCallback)
c0de373c c0de373c        0     1                 $t.4
c0de373d c0de373d       50     1                 buttonCallback
c0de3788 c0de3788        0     1                 $d.5
c0de378c c0de378c       bc     4         build/nanos2/obj/sdk/lib_nbgl/src/nbgl_layout_nanos.o:(.text.nbgl_layoutAddNavigation)
c0de378c c0de378c        0     1                 $t.6
c0de378d c0de378d       bc     1                 nbgl_layoutAddNavigation
c0de3838 c0de3838        0     1                 $d.7
c0de3848 c0de3848      380     4         build/nanos2/obj/sdk/lib_nbgl/src/nbgl_layout_nanos.o:(.text.nbgl_layoutAddText)
c0de3848 c0de3848        0     1                 $t.8
c0de3849 c0de3849      380     1                 nbgl_layoutAddText
c0de3bc4 c0de3bc4        0     1                 $d.9
c0de3bc8 c0de3bc8       a8     2         build/nanos2/obj/sdk/lib_nbgl/src/nbgl_layout_nanos.o:(.text.nbgl_layoutAddMenuList)
c0de3bc8 c0de3bc8        0     1                 $t.10
c0de3bc9 c0de3bc9       a8     1                 nbgl_layoutAddMenuList
c0de3c70 c0de3c70      340     2         build/nanos2/obj/sdk/lib_nbgl/src/nbgl_layout_nanos.o:(.text.nbgl_layoutAddCenteredInfo)
c0de3c70 c0de3c70        0     1                 $t.11
c0de3c71 c0de3c71      340     1                 nbgl_layoutAddCenteredInfo
c0de3fb0 c0de3fb0      1dc     4         build/nanos2/obj/sdk/lib_nbgl/src/nbgl_layout_nanos.o:(.text.nbgl_layoutAddSwitch)
c0de3fb0 c0de3fb0        0     1                 $t.14
c0de3fb1 c0de3fb1      1dc     1                 nbgl_layoutAddSwitch
c0de417c c0de417c        0     1                 $d.15
c0de418c c0de418c       10     2         build/nanos2/obj/sdk/lib_nbgl/src/nbgl_layout_nanos.o:(.text.nbgl_layoutDraw)
c0de418c c0de418c        0     1                 $t.16
c0de418d c0de418d       10     1                 nbgl_layoutDraw
c0de419c c0de419c       1a     2         build/nanos2/obj/sdk/lib_nbgl/src/nbgl_layout_nanos.o:(.text.nbgl_layoutRelease)
c0de419c c0de419c        0     1                 $t.17
c0de419d c0de419d       1a     1                 nbgl_layoutRelease
c0de41b6 c0de41b6       1a     2         build/nanos2/obj/sdk/lib_nbgl/src/nbgl_layout_nanos.o:(.text.OUTLINED_FUNCTION_1)
c0de41b6 c0de41b6        0     1                 $t.19
c0de41b7 c0de41b7       1a     1                 OUTLINED_FUNCTION_1
c0de41d0 c0de41d0       1a     2         build/nanos2/obj/sdk/lib_nbgl/src/nbgl_layout_nanos.o:(.text.OUTLINED_FUNCTION_2)
c0de41d0 c0de41d0        0     1                 $t.20
c0de41d1 c0de41d1       1a     1                 OUTLINED_FUNCTION_2
c0de41ea c0de41ea       12     2         build/nanos2/obj/sdk/lib_nbgl/src/nbgl_layout_nanos.o:(.text.OUTLINED_FUNCTION_3)
c0de41ea c0de41ea        0     1                 $t.21
c0de41eb c0de41eb       12     1                 OUTLINED_FUNCTION_3
c0de41fc c0de41fc        6     2         build/nanos2/obj/sdk/lib_nbgl/src/nbgl_layout_nanos.o:(.text.OUTLINED_FUNCTION_4)
c0de41fc c0de41fc        0     1                 $t.22
c0de41fd c0de41fd        6     1                 OUTLINED_FUNCTION_4
c0de4202 c0de4202        a     2         build/nanos2/obj/sdk/lib_nbgl/src/nbgl_layout_nanos.o:(.text.OUTLINED_FUNCTION_5)
c0de4202 c0de4202        0     1                 $t.23
c0de4203 c0de4203        a     1                 OUTLINED_FUNCTION_5
c0de420c c0de420c       10     2         build/nanos2/obj/sdk/lib_nbgl/src/nbgl_layout_nanos.o:(.text.OUTLINED_FUNCTION_6)
c0de420c c0de420c        0     1                 $t.24
c0de420d c0de420d       10     1                 OUTLINED_FUNCTION_6
c0de421c c0de421c        8     2         build/nanos2/obj/sdk/lib_nbgl/src/nbgl_layout_nanos.o:(.text.OUTLINED_FUNCTION_7)
c0de421c c0de421c        0     1                 $t.25
c0de421d c0de421d        8     1                 OUTLINED_FUNCTION_7
c0de4224 c0de4224        6     2         build/nanos2/obj/sdk/lib_nbgl/src/nbgl_layout_nanos.o:(.text.OUTLINED_FUNCTION_8)
c0de4224 c0de4224        0     1                 $t.26
c0de4225 c0de4225        6     1                 OUTLINED_FUNCTION_8
c0de422a c0de422a        e     2         build/nanos2/obj/sdk/lib_nbgl/src/nbgl_layout_nanos.o:(.text.OUTLINED_FUNCTION_9)
c0de422a c0de422a        0     1                 $t.27
c0de422b c0de422b        e     1                 OUTLINED_FUNCTION_9
c0de4238 c0de4238       72     2         build/nanos2/obj/sdk/lib_nbgl/src/nbgl_step.o:(.text.nbgl_stepDrawText)
c0de4238 c0de4238        0     1                 $t.0
c0de4239 c0de4239       72     1                 nbgl_stepDrawText
c0de42ac c0de42ac       4c     4         build/nanos2/obj/sdk/lib_nbgl/src/nbgl_step.o:(.text.getFreeContext)
c0de42ac c0de42ac        0     1                 $t.1
c0de42ad c0de42ad       4c     1                 getFreeContext
c0de42f4 c0de42f4        0     1                 $d.2
c0de42f8 c0de42f8      1cc     4         build/nanos2/obj/sdk/lib_nbgl/src/nbgl_step.o:(.text.displayTextPage)
c0de42f8 c0de42f8        0     1                 $t.3
c0de42f9 c0de42f9      1cc     1                 displayTextPage
c0de44bc c0de44bc        0     1                 $d.4
c0de44c4 c0de44c4       7c     4         build/nanos2/obj/sdk/lib_nbgl/src/nbgl_step.o:(.text.nbgl_stepDrawCenteredInfo)
c0de44c4 c0de44c4        0     1                 $t.5
c0de44c5 c0de44c5       7c     1                 nbgl_stepDrawCenteredInfo
c0de453c c0de453c        0     1                 $d.6
c0de4540 c0de4540       6c     2         build/nanos2/obj/sdk/lib_nbgl/src/nbgl_step.o:(.text.actionCallback)
c0de4540 c0de4540        0     1                 $t.7
c0de4541 c0de4541       6c     1                 actionCallback
c0de45ac c0de45ac       38     2         build/nanos2/obj/sdk/lib_nbgl/src/nbgl_step.o:(.text.getNavigationInfo)
c0de45ac c0de45ac        0     1                 $t.8
c0de45ad c0de45ad       38     1                 getNavigationInfo
c0de45e4 c0de45e4       36     2         build/nanos2/obj/sdk/lib_nbgl/src/nbgl_step.o:(.text.nbgl_stepDrawMenuList)
c0de45e4 c0de45e4        0     1                 $t.9
c0de45e5 c0de45e5       36     1                 nbgl_stepDrawMenuList
c0de461c c0de461c       78     4         build/nanos2/obj/sdk/lib_nbgl/src/nbgl_step.o:(.text.displayMenuList)
c0de461c c0de461c        0     1                 $t.10
c0de461d c0de461d       78     1                 displayMenuList
c0de4690 c0de4690        0     1                 $d.11
c0de4694 c0de4694       7c     4         build/nanos2/obj/sdk/lib_nbgl/src/nbgl_step.o:(.text.nbgl_stepDrawSwitch)
c0de4694 c0de4694        0     1                 $t.13
c0de4695 c0de4695       7c     1                 nbgl_stepDrawSwitch
c0de470c c0de470c        0     1                 $d.14
c0de4710 c0de4710       18     2         build/nanos2/obj/sdk/lib_nbgl/src/nbgl_step.o:(.text.nbgl_stepRelease)
c0de4710 c0de4710        0     1                 $t.15
c0de4711 c0de4711       18     1                 nbgl_stepRelease
c0de4728 c0de4728       28     4         build/nanos2/obj/sdk/lib_nbgl/src/nbgl_step.o:(.text.getContextFromLayout)
c0de4728 c0de4728        0     1                 $t.16
c0de4729 c0de4729       28     1                 getContextFromLayout
c0de474c c0de474c        0     1                 $d.17
c0de4750 c0de4750       40     2         build/nanos2/obj/sdk/lib_nbgl/src/nbgl_step.o:(.text.menuListActionCallback)
c0de4750 c0de4750        0     1                 $t.18
c0de4751 c0de4751       40     1                 menuListActionCallback
c0de4790 c0de4790       8e     2         build/nanos2/obj/sdk/lib_nbgl/src/nbgl_step.o:(.text.OUTLINED_FUNCTION_0)
c0de4790 c0de4790        0     1                 $t.19
c0de4791 c0de4791       8e     1                 OUTLINED_FUNCTION_0
c0de481e c0de481e       4a     2         build/nanos2/obj/sdk/lib_nbgl/src/nbgl_step.o:(.text.OUTLINED_FUNCTION_1)
c0de481e c0de481e        0     1                 $t.20
c0de481f c0de481f       4a     1                 OUTLINED_FUNCTION_1
c0de4868 c0de4868       12     2         build/nanos2/obj/sdk/lib_nbgl/src/nbgl_step.o:(.text.OUTLINED_FUNCTION_2)
c0de4868 c0de4868        0     1                 $t.21
c0de4869 c0de4869       12     1                 OUTLINED_FUNCTION_2
c0de487a c0de487a        a     2         build/nanos2/obj/sdk/lib_nbgl/src/nbgl_step.o:(.text.OUTLINED_FUNCTION_3)
c0de487a c0de487a        0     1                 $t.22
c0de487b c0de487b        a     1                 OUTLINED_FUNCTION_3
c0de4884 c0de4884        6     2         build/nanos2/obj/sdk/lib_nbgl/src/nbgl_step.o:(.text.OUTLINED_FUNCTION_4)
c0de4884 c0de4884        0     1                 $t.23
c0de4885 c0de4885        6     1                 OUTLINED_FUNCTION_4
c0de488a c0de488a        e     2         build/nanos2/obj/sdk/lib_nbgl/src/nbgl_step.o:(.text.OUTLINED_FUNCTION_5)
c0de488a c0de488a        0     1                 $t.24
c0de488b c0de488b        e     1                 OUTLINED_FUNCTION_5
c0de4898 c0de4898       4c     4         build/nanos2/obj/sdk/lib_nbgl/src/nbgl_use_case_nanos.o:(.text.nbgl_useCaseHomeAndSettings)
c0de4898 c0de4898        0     1                 $t.11
c0de4899 c0de4899       4c     1                 nbgl_useCaseHomeAndSettings
c0de48e0 c0de48e0        0     1                 $d.12
c0de48e4 c0de48e4       78     4         build/nanos2/obj/sdk/lib_nbgl/src/nbgl_use_case_nanos.o:(.text.startUseCaseSettingsAtPage)
c0de48e4 c0de48e4        0     1                 $t.13
c0de48e5 c0de48e5       78     1                 startUseCaseSettingsAtPage
c0de4958 c0de4958        0     1                 $d.14
c0de495c c0de495c       8c     4         build/nanos2/obj/sdk/lib_nbgl/src/nbgl_use_case_nanos.o:(.text.startUseCaseHome)
c0de495c c0de495c        0     1                 $t.15
c0de495d c0de495d       8c     1                 startUseCaseHome
c0de49e4 c0de49e4        0     1                 $d.16
c0de49e8 c0de49e8       20     2         build/nanos2/obj/sdk/lib_nbgl/src/nbgl_use_case_nanos.o:(.text.nbgl_useCaseReview)
c0de49e8 c0de49e8        0     1                 $t.20
c0de49e9 c0de49e9       20     1                 nbgl_useCaseReview
c0de4a08 c0de4a08       50     4         build/nanos2/obj/sdk/lib_nbgl/src/nbgl_use_case_nanos.o:(.text.useCaseReview)
c0de4a08 c0de4a08        0     1                 $t.21
c0de4a09 c0de4a09       50     1                 useCaseReview
c0de4a54 c0de4a54        0     1                 $d.22
c0de4a58 c0de4a58       bc     4         build/nanos2/obj/sdk/lib_nbgl/src/nbgl_use_case_nanos.o:(.text.nbgl_useCaseAdvancedReview)
c0de4a58 c0de4a58        0     1                 $t.23
c0de4a59 c0de4a59       bc     1                 nbgl_useCaseAdvancedReview
c0de4b10 c0de4b10        0     1                 $d.24
c0de4b14 c0de4b14       14     4         build/nanos2/obj/sdk/lib_nbgl/src/nbgl_use_case_nanos.o:(.text.displayInitialWarning)
c0de4b14 c0de4b14        0     1                 $t.25
c0de4b15 c0de4b15       14     1                 displayInitialWarning
c0de4b24 c0de4b24        0     1                 $d.26
c0de4b28 c0de4b28       24     4         build/nanos2/obj/sdk/lib_nbgl/src/nbgl_use_case_nanos.o:(.text.nbgl_useCaseReviewBlindSigning)
c0de4b28 c0de4b28        0     1                 $t.27
c0de4b29 c0de4b29       24     1                 nbgl_useCaseReviewBlindSigning
c0de4b48 c0de4b48        0     1                 $d.28
c0de4b4c c0de4b4c       68     4         build/nanos2/obj/sdk/lib_nbgl/src/nbgl_use_case_nanos.o:(.text.nbgl_useCaseAddressReview)
c0de4b4c c0de4b4c        0     1                 $t.30
c0de4b4d c0de4b4d       68     1                 nbgl_useCaseAddressReview
c0de4bb0 c0de4bb0        0     1                 $d.31
c0de4bb4 c0de4bb4      198     4         build/nanos2/obj/sdk/lib_nbgl/src/nbgl_use_case_nanos.o:(.text.displayReviewPage)
c0de4bb4 c0de4bb4        0     1                 $t.32
c0de4bb5 c0de4bb5      198     1                 displayReviewPage
c0de4d30 c0de4d30        0     1                 $d.33
c0de4d4c c0de4d4c       40     4         build/nanos2/obj/sdk/lib_nbgl/src/nbgl_use_case_nanos.o:(.text.nbgl_useCaseStatus)
c0de4d4c c0de4d4c        0     1                 $t.36
c0de4d4d c0de4d4d       40     1                 nbgl_useCaseStatus
c0de4d84 c0de4d84        0     1                 $d.37
c0de4d8c c0de4d8c      188     4         build/nanos2/obj/sdk/lib_nbgl/src/nbgl_use_case_nanos.o:(.text.drawStep)
c0de4d8c c0de4d8c        0     1                 $t.38
c0de4d8d c0de4d8d      188     1                 drawStep
c0de4f00 c0de4f00        0     1                 $d.39
c0de4f14 c0de4f14       1c     4         build/nanos2/obj/sdk/lib_nbgl/src/nbgl_use_case_nanos.o:(.text.statusButtonCallback)
c0de4f14 c0de4f14        0     1                 $t.40
c0de4f15 c0de4f15       1c     1                 statusButtonCallback
c0de4f2c c0de4f2c        0     1                 $d.41
c0de4f30 c0de4f30       94     4         build/nanos2/obj/sdk/lib_nbgl/src/nbgl_use_case_nanos.o:(.text.nbgl_useCaseReviewStatus)
c0de4f30 c0de4f30        0     1                 $t.42
c0de4f31 c0de4f31       94     1                 nbgl_useCaseReviewStatus
c0de4fa4 c0de4fa4        0     1                 $d.43
c0de4fc4 c0de4fc4      184     4         build/nanos2/obj/sdk/lib_nbgl/src/nbgl_use_case_nanos.o:(.text.displayStreamingReviewPage)
c0de4fc4 c0de4fc4        0     1                 $t.46
c0de4fc5 c0de4fc5      184     1                 displayStreamingReviewPage
c0de5134 c0de5134        0     1                 $d.47
c0de5148 c0de5148       3c     4         build/nanos2/obj/sdk/lib_nbgl/src/nbgl_use_case_nanos.o:(.text.nbgl_useCaseSpinner)
c0de5148 c0de5148        0     1                 $t.57
c0de5149 c0de5149       3c     1                 nbgl_useCaseSpinner
c0de517c c0de517c        0     1                 $d.58
c0de5184 c0de5184       38     4         build/nanos2/obj/sdk/lib_nbgl/src/nbgl_use_case_nanos.o:(.text.nbgl_useCaseChoice)
c0de5184 c0de5184        0     1                 $t.59
c0de5185 c0de5185       38     1                 nbgl_useCaseChoice
c0de51b8 c0de51b8        0     1                 $d.60
c0de51bc c0de51bc       bc     4         build/nanos2/obj/sdk/lib_nbgl/src/nbgl_use_case_nanos.o:(.text.displayChoicePage)
c0de51bc c0de51bc        0     1                 $t.61
c0de51bd c0de51bd       bc     1                 displayChoicePage
c0de5260 c0de5260        0     1                 $d.62
c0de5278 c0de5278       b4     4         build/nanos2/obj/sdk/lib_nbgl/src/nbgl_use_case_nanos.o:(.text.getContentAtIdx)
c0de5278 c0de5278        0     1                 $t.71
c0de5279 c0de5279       b4     1                 getContentAtIdx
c0de5328 c0de5328        0     1                 $d.72
c0de532c c0de532c       34     2         build/nanos2/obj/sdk/lib_nbgl/src/nbgl_use_case_nanos.o:(.text.getContentNbElement)
c0de532c c0de532c        0     1                 $t.73
c0de532d c0de532d       34     1                 getContentNbElement
c0de5360 c0de5360       ac     4         build/nanos2/obj/sdk/lib_nbgl/src/nbgl_use_case_nanos.o:(.text.displayContent)
c0de5360 c0de5360        0     1                 $t.74
c0de5361 c0de5361       ac     1                 displayContent
c0de53f4 c0de53f4        0     1                 $d.75
c0de540c c0de540c      144     4         build/nanos2/obj/sdk/lib_nbgl/src/nbgl_use_case_nanos.o:(.text.getContentPage)
c0de540c c0de540c        0     1                 $t.76
c0de540d c0de540d      144     1                 getContentPage
c0de5544 c0de5544        0     1                 $d.77
c0de5550 c0de5550       50     4         build/nanos2/obj/sdk/lib_nbgl/src/nbgl_use_case_nanos.o:(.text.drawSwitchStep)
c0de5550 c0de5550        0     1                 $t.78
c0de5551 c0de5551       50     1                 drawSwitchStep
c0de559c c0de559c        0     1                 $d.79
c0de55a0 c0de55a0       1e     2         build/nanos2/obj/sdk/lib_nbgl/src/nbgl_use_case_nanos.o:(.text.contentCallback)
c0de55a0 c0de55a0        0     1                 $t.80
c0de55a1 c0de55a1       1e     1                 contentCallback
c0de55c0 c0de55c0       88     4         build/nanos2/obj/sdk/lib_nbgl/src/nbgl_use_case_nanos.o:(.text.getContentElemAtIdx)
c0de55c0 c0de55c0        0     1                 $t.81
c0de55c1 c0de55c1       88     1                 getContentElemAtIdx
c0de5640 c0de5640        0     1                 $d.82
c0de5648 c0de5648       46     2         build/nanos2/obj/sdk/lib_nbgl/src/nbgl_use_case_nanos.o:(.text.getPairData)
c0de5648 c0de5648        0     1                 $t.83
c0de5649 c0de5649       46     1                 getPairData
c0de5690 c0de5690       b0     4         build/nanos2/obj/sdk/lib_nbgl/src/nbgl_use_case_nanos.o:(.text.onSwitchAction)
c0de5690 c0de5690        0     1                 $t.84
c0de5691 c0de5691       b0     1                 onSwitchAction
c0de5738 c0de5738        0     1                 $d.85
c0de5740 c0de5740       9c     4         build/nanos2/obj/sdk/lib_nbgl/src/nbgl_use_case_nanos.o:(.text.displaySettingsPage)
c0de5740 c0de5740        0     1                 $t.86
c0de5741 c0de5741       9c     1                 displaySettingsPage
c0de57c4 c0de57c4        0     1                 $d.87
c0de57dc c0de57dc       1e     2         build/nanos2/obj/sdk/lib_nbgl/src/nbgl_use_case_nanos.o:(.text.settingsCallback)
c0de57dc c0de57dc        0     1                 $t.88
c0de57dd c0de57dd       1e     1                 settingsCallback
c0de57fc c0de57fc      124     4         build/nanos2/obj/sdk/lib_nbgl/src/nbgl_use_case_nanos.o:(.text.buttonGenericCallback)
c0de57fc c0de57fc        0     1                 $t.89
c0de57fd c0de57fd      124     1                 buttonGenericCallback
c0de5918 c0de5918        0     1                 $d.90
c0de5920 c0de5920       fc     4         build/nanos2/obj/sdk/lib_nbgl/src/nbgl_use_case_nanos.o:(.text.displayHomePage)
c0de5920 c0de5920        0     1                 $t.91
c0de5921 c0de5921       fc     1                 displayHomePage
c0de59f0 c0de59f0        0     1                 $d.92
c0de5a1c c0de5a1c        6     2         build/nanos2/obj/sdk/lib_nbgl/src/nbgl_use_case_nanos.o:(.text.startUseCaseSettings)
c0de5a1c c0de5a1c        0     1                 $t.93
c0de5a1d c0de5a1d        6     1                 startUseCaseSettings
c0de5a24 c0de5a24       24     4         build/nanos2/obj/sdk/lib_nbgl/src/nbgl_use_case_nanos.o:(.text.startUseCaseInfo)
c0de5a24 c0de5a24        0     1                 $t.94
c0de5a25 c0de5a25       24     1                 startUseCaseInfo
c0de5a44 c0de5a44        0     1                 $d.95
c0de5a48 c0de5a48       1c     2         build/nanos2/obj/sdk/lib_nbgl/src/nbgl_use_case_nanos.o:(.text.homeCallback)
c0de5a48 c0de5a48        0     1                 $t.96
c0de5a49 c0de5a49       1c     1                 homeCallback
c0de5a64 c0de5a64       78     4         build/nanos2/obj/sdk/lib_nbgl/src/nbgl_use_case_nanos.o:(.text.displayInfoPage)
c0de5a64 c0de5a64        0     1                 $t.97
c0de5a65 c0de5a65       78     1                 displayInfoPage
c0de5ac4 c0de5ac4        0     1                 $d.98
c0de5adc c0de5adc       1c     2         build/nanos2/obj/sdk/lib_nbgl/src/nbgl_use_case_nanos.o:(.text.infoCallback)
c0de5adc c0de5adc        0     1                 $t.99
c0de5add c0de5add       1c     1                 infoCallback
c0de5af8 c0de5af8       d0     4         build/nanos2/obj/sdk/lib_nbgl/src/nbgl_use_case_nanos.o:(.text.displayWarningStep)
c0de5af8 c0de5af8        0     1                 $t.100
c0de5af9 c0de5af9       d0     1                 displayWarningStep
c0de5bb4 c0de5bb4        0     1                 $d.101
c0de5bc8 c0de5bc8      128     4         build/nanos2/obj/sdk/lib_nbgl/src/nbgl_use_case_nanos.o:(.text.getLastPageInfo)
c0de5bc8 c0de5bc8        0     1                 $t.102
c0de5bc9 c0de5bc9      128     1                 getLastPageInfo
c0de5c94 c0de5c94        0     1                 $d.103
c0de5cf0 c0de5cf0       84     4         build/nanos2/obj/sdk/lib_nbgl/src/nbgl_use_case_nanos.o:(.text.warningNavigate)
c0de5cf0 c0de5cf0        0     1                 $t.104
c0de5cf1 c0de5cf1       84     1                 warningNavigate
c0de5d70 c0de5d70        0     1                 $d.105
c0de5d74 c0de5d74       14     4         build/nanos2/obj/sdk/lib_nbgl/src/nbgl_use_case_nanos.o:(.text.onReviewAccept)
c0de5d74 c0de5d74        0     1                 $t.106
c0de5d75 c0de5d75       14     1                 onReviewAccept
c0de5d84 c0de5d84        0     1                 $d.107
c0de5d88 c0de5d88       14     4         build/nanos2/obj/sdk/lib_nbgl/src/nbgl_use_case_nanos.o:(.text.onReviewReject)
c0de5d88 c0de5d88        0     1                 $t.108
c0de5d89 c0de5d89       14     1                 onReviewReject
c0de5d98 c0de5d98        0     1                 $d.109
c0de5d9c c0de5d9c       38     4         build/nanos2/obj/sdk/lib_nbgl/src/nbgl_use_case_nanos.o:(.text.launchReviewAfterWarning)
c0de5d9c c0de5d9c        0     1                 $t.110
c0de5d9d c0de5d9d       38     1                 launchReviewAfterWarning
c0de5dd0 c0de5dd0        0     1                 $d.111
c0de5dd4 c0de5dd4       b8     4         build/nanos2/obj/sdk/lib_nbgl/src/nbgl_use_case_nanos.o:(.text.buttonSkipCallback)
c0de5dd4 c0de5dd4        0     1                 $t.112
c0de5dd5 c0de5dd5       b8     1                 buttonSkipCallback
c0de5e88 c0de5e88        0     1                 $d.113
c0de5e8c c0de5e8c       74     4         build/nanos2/obj/sdk/lib_nbgl/src/nbgl_use_case_nanos.o:(.text.displayAliasFullValue)
c0de5e8c c0de5e8c        0     1                 $t.114
c0de5e8d c0de5e8d       74     1                 displayAliasFullValue
c0de5efc c0de5efc        0     1                 $d.115
c0de5f00 c0de5f00       24     4         build/nanos2/obj/sdk/lib_nbgl/src/nbgl_use_case_nanos.o:(.text.reviewCallback)
c0de5f00 c0de5f00        0     1                 $t.116
c0de5f01 c0de5f01       24     1                 reviewCallback
c0de5f20 c0de5f20        0     1                 $d.117
c0de5f24 c0de5f24       f4     4         build/nanos2/obj/sdk/lib_nbgl/src/nbgl_use_case_nanos.o:(.text.displayExtensionStep)
c0de5f24 c0de5f24        0     1                 $t.118
c0de5f25 c0de5f25       f4     1                 displayExtensionStep
c0de6004 c0de6004        0     1                 $d.119
c0de6018 c0de6018       74     4         build/nanos2/obj/sdk/lib_nbgl/src/nbgl_use_case_nanos.o:(.text.extensionNavigate)
c0de6018 c0de6018        0     1                 $t.120
c0de6019 c0de6019       74     1                 extensionNavigate
c0de6088 c0de6088        0     1                 $d.121
c0de608c c0de608c       10     4         build/nanos2/obj/sdk/lib_nbgl/src/nbgl_use_case_nanos.o:(.text.statusTickerCallback)
c0de608c c0de608c        0     1                 $t.122
c0de608d c0de608d       10     1                 statusTickerCallback
c0de6098 c0de6098        0     1                 $d.123
c0de609c c0de609c       64     4         build/nanos2/obj/sdk/lib_nbgl/src/nbgl_use_case_nanos.o:(.text.getChoiceName)
c0de609c c0de609c        0     1                 $t.124
c0de609d c0de609d       64     1                 getChoiceName
c0de60f8 c0de60f8        0     1                 $d.125
c0de6100 c0de6100       6c     4         build/nanos2/obj/sdk/lib_nbgl/src/nbgl_use_case_nanos.o:(.text.onChoiceSelected)
c0de6100 c0de6100        0     1                 $t.126
c0de6101 c0de6101       6c     1                 onChoiceSelected
c0de6168 c0de6168        0     1                 $d.127
c0de616c c0de616c       24     4         build/nanos2/obj/sdk/lib_nbgl/src/nbgl_use_case_nanos.o:(.text.streamingReviewCallback)
c0de616c c0de616c        0     1                 $t.128
c0de616d c0de616d       24     1                 streamingReviewCallback
c0de618c c0de618c        0     1                 $d.129
c0de6190 c0de6190       14     4         build/nanos2/obj/sdk/lib_nbgl/src/nbgl_use_case_nanos.o:(.text.onChoiceAccept)
c0de6190 c0de6190        0     1                 $t.130
c0de6191 c0de6191       14     1                 onChoiceAccept
c0de61a0 c0de61a0        0     1                 $d.131
c0de61a4 c0de61a4       14     4         build/nanos2/obj/sdk/lib_nbgl/src/nbgl_use_case_nanos.o:(.text.onChoiceReject)
c0de61a4 c0de61a4        0     1                 $t.132
c0de61a5 c0de61a5       14     1                 onChoiceReject
c0de61b4 c0de61b4        0     1                 $d.133
c0de61b8 c0de61b8       1c     2         build/nanos2/obj/sdk/lib_nbgl/src/nbgl_use_case_nanos.o:(.text.genericChoiceCallback)
c0de61b8 c0de61b8        0     1                 $t.134
c0de61b9 c0de61b9       1c     1                 genericChoiceCallback
c0de61d4 c0de61d4       14     2         build/nanos2/obj/sdk/lib_nbgl/src/nbgl_use_case_nanos.o:(.text.OUTLINED_FUNCTION_0)
c0de61d4 c0de61d4        0     1                 $t.140
c0de61d5 c0de61d5       14     1                 OUTLINED_FUNCTION_0
c0de61e8 c0de61e8       16     2         build/nanos2/obj/sdk/lib_nbgl/src/nbgl_use_case_nanos.o:(.text.OUTLINED_FUNCTION_1)
c0de61e8 c0de61e8        0     1                 $t.141
c0de61e9 c0de61e9       16     1                 OUTLINED_FUNCTION_1
c0de61fe c0de61fe        c     2         build/nanos2/obj/sdk/lib_nbgl/src/nbgl_use_case_nanos.o:(.text.OUTLINED_FUNCTION_2)
c0de61fe c0de61fe        0     1                 $t.142
c0de61ff c0de61ff        c     1                 OUTLINED_FUNCTION_2
c0de620a c0de620a        c     2         build/nanos2/obj/sdk/lib_nbgl/src/nbgl_use_case_nanos.o:(.text.OUTLINED_FUNCTION_3)
c0de620a c0de620a        0     1                 $t.143
c0de620b c0de620b        c     1                 OUTLINED_FUNCTION_3
c0de6216 c0de6216        8     2         build/nanos2/obj/sdk/lib_nbgl/src/nbgl_use_case_nanos.o:(.text.OUTLINED_FUNCTION_4)
c0de6216 c0de6216        0     1                 $t.144
c0de6217 c0de6217        8     1                 OUTLINED_FUNCTION_4
c0de621e c0de621e        6     2         build/nanos2/obj/sdk/lib_nbgl/src/nbgl_use_case_nanos.o:(.text.OUTLINED_FUNCTION_5)
c0de621e c0de621e        0     1                 $t.145
c0de621f c0de621f        6     1                 OUTLINED_FUNCTION_5
c0de6224 c0de6224        8     2         build/nanos2/obj/sdk/lib_nbgl/src/nbgl_use_case_nanos.o:(.text.OUTLINED_FUNCTION_6)
c0de6224 c0de6224        0     1                 $t.146
c0de6225 c0de6225        8     1                 OUTLINED_FUNCTION_6
c0de622c c0de622c        a     2         build/nanos2/obj/sdk/lib_nbgl/src/nbgl_use_case_nanos.o:(.text.OUTLINED_FUNCTION_7)
c0de622c c0de622c        0     1                 $t.147
c0de622d c0de622d        a     1                 OUTLINED_FUNCTION_7
c0de6236 c0de6236        e     2         build/nanos2/obj/sdk/lib_nbgl/src/nbgl_use_case_nanos.o:(.text.OUTLINED_FUNCTION_8)
c0de6236 c0de6236        0     1                 $t.148
c0de6237 c0de6237        e     1                 OUTLINED_FUNCTION_8
c0de6244 c0de6244        a     2         build/nanos2/obj/sdk/lib_nbgl/src/nbgl_use_case_nanos.o:(.text.OUTLINED_FUNCTION_9)
c0de6244 c0de6244        0     1                 $t.149
c0de6245 c0de6245        a     1                 OUTLINED_FUNCTION_9
c0de624e c0de624e        e     2         build/nanos2/obj/sdk/lib_nbgl/src/nbgl_use_case_nanos.o:(.text.OUTLINED_FUNCTION_10)
c0de624e c0de624e        0     1                 $t.150
c0de624f c0de624f        e     1                 OUTLINED_FUNCTION_10
c0de625c c0de625c       4e     2         build/nanos2/obj/sdk/lib_standard_app/bip32.o:(.text.bip32_path_read)
c0de625c c0de625c        0     1                 $t.0
c0de625d c0de625d       4e     1                 bip32_path_read
c0de62aa c0de62aa       16     2         build/nanos2/obj/sdk/lib_standard_app/buffer.o:(.text.buffer_seek_cur)
c0de62aa c0de62aa        0     1                 $t.2
c0de62ab c0de62ab       16     1                 buffer_seek_cur
c0de62c0 c0de62c0       2c     2         build/nanos2/obj/sdk/lib_standard_app/buffer.o:(.text.buffer_read_u8)
c0de62c0 c0de62c0        0     1                 $t.4
c0de62c1 c0de62c1       2c     1                 buffer_read_u8
c0de62ec c0de62ec       40     2         build/nanos2/obj/sdk/lib_standard_app/buffer.o:(.text.buffer_read_u64)
c0de62ec c0de62ec        0     1                 $t.7
c0de62ed c0de62ed       40     1                 buffer_read_u64
c0de632c c0de632c       3a     2         build/nanos2/obj/sdk/lib_standard_app/buffer.o:(.text.buffer_read_varint)
c0de632c c0de632c        0     1                 $t.8
c0de632d c0de632d       3a     1                 buffer_read_varint
c0de6366 c0de6366       2e     2         build/nanos2/obj/sdk/lib_standard_app/buffer.o:(.text.buffer_read_bip32_path)
c0de6366 c0de6366        0     1                 $t.9
c0de6367 c0de6367       2e     1                 buffer_read_bip32_path
c0de6394 c0de6394       26     2         build/nanos2/obj/sdk/lib_standard_app/buffer.o:(.text.buffer_copy)
c0de6394 c0de6394        0     1                 $t.10
c0de6395 c0de6395       26     1                 buffer_copy
c0de63ba c0de63ba       32     2         build/nanos2/obj/sdk/lib_standard_app/buffer.o:(.text.buffer_move)
c0de63ba c0de63ba        0     1                 $t.11
c0de63bb c0de63bb       32     1                 buffer_move
c0de63ec c0de63ec        c     2         build/nanos2/obj/sdk/lib_standard_app/buffer.o:(.text.OUTLINED_FUNCTION_0)
c0de63ec c0de63ec        0     1                 $t.12
c0de63ed c0de63ed        c     1                 OUTLINED_FUNCTION_0
c0de63f8 c0de63f8       70     2         build/nanos2/obj/sdk/lib_standard_app/crypto_helpers.o:(.text.bip32_derive_with_seed_init_privkey_256)
c0de63f8 c0de63f8        0     1                 $t.0
c0de63f9 c0de63f9       70     1                 bip32_derive_with_seed_init_privkey_256
c0de6468 c0de6468       80     2         build/nanos2/obj/sdk/lib_standard_app/crypto_helpers.o:(.text.os_derive_bip32_with_seed_no_throw)
c0de6468 c0de6468        0     1                 $t.1
c0de6469 c0de6469       80     1                 os_derive_bip32_with_seed_no_throw
c0de64e8 c0de64e8       68     2         build/nanos2/obj/sdk/lib_standard_app/crypto_helpers.o:(.text.bip32_derive_with_seed_get_pubkey_256)
c0de64e8 c0de64e8        0     1                 $t.2
c0de64e9 c0de64e9       68     1                 bip32_derive_with_seed_get_pubkey_256
c0de6550 c0de6550       4e     2         build/nanos2/obj/sdk/lib_standard_app/crypto_helpers.o:(.text.bip32_derive_with_seed_ecdsa_sign_hash_256)
c0de6550 c0de6550        0     1                 $t.3
c0de6551 c0de6551       4e     1                 bip32_derive_with_seed_ecdsa_sign_hash_256
c0de659e c0de659e        6     2         build/nanos2/obj/sdk/lib_standard_app/crypto_helpers.o:(.text.OUTLINED_FUNCTION_0)
c0de659e c0de659e        0     1                 $t.6
c0de659f c0de659f        6     1                 OUTLINED_FUNCTION_0
c0de65a4 c0de65a4       72     2         build/nanos2/obj/sdk/lib_standard_app/format.o:(.text.format_u64)
c0de65a4 c0de65a4        0     1                 $t.2
c0de65a5 c0de65a5       72     1                 format_u64
c0de6616 c0de6616       8e     2         build/nanos2/obj/sdk/lib_standard_app/format.o:(.text.format_fpu64)
c0de6616 c0de6616        0     1                 $t.3
c0de6617 c0de6617       8e     1                 format_fpu64
c0de66a4 c0de66a4       50     4         build/nanos2/obj/sdk/lib_standard_app/format.o:(.text.format_hex)
c0de66a4 c0de66a4        0     1                 $t.5
c0de66a5 c0de66a5       50     1                 format_hex
c0de66f0 c0de66f0        0     1                 $d.6
c0de66f4 c0de66f4        2     2         build/nanos2/obj/sdk/lib_standard_app/io.o:(.text.app_ticker_event_callback)
c0de66f4 c0de66f4        0     1                 $t.0
c0de66f5 c0de66f5        2     1                 app_ticker_event_callback
c0de66f8 c0de66f8       30     4         build/nanos2/obj/sdk/lib_standard_app/io.o:(.text.io_event)
c0de66f8 c0de66f8        0     1                 $t.1
c0de66f9 c0de66f9       30     1                 io_event
c0de6724 c0de6724        0     1                 $d.2
c0de6728 c0de6728       10     4         build/nanos2/obj/sdk/lib_standard_app/io.o:(.text.io_init)
c0de6728 c0de6728        0     1                 $t.3
c0de6729 c0de6729       10     1                 io_init
c0de6734 c0de6734        0     1                 $d.4
c0de6738 c0de6738       2c     4         build/nanos2/obj/sdk/lib_standard_app/io.o:(.text.io_recv_command)
c0de6738 c0de6738        0     1                 $t.5
c0de6739 c0de6739       2c     1                 io_recv_command
c0de6760 c0de6760        0     1                 $d.6
c0de6764 c0de6764       a8     4         build/nanos2/obj/sdk/lib_standard_app/io.o:(.text.io_send_response_buffers)
c0de6764 c0de6764        0     1                 $t.7
c0de6765 c0de6765       a8     1                 io_send_response_buffers
c0de67fc c0de67fc        0     1                 $d.8
c0de680c c0de680c        a     2         build/nanos2/obj/sdk/lib_standard_app/io.o:(.text.OUTLINED_FUNCTION_0)
c0de680c c0de680c        0     1                 $t.10
c0de680d c0de680d        a     1                 OUTLINED_FUNCTION_0
c0de6816 c0de6816        6     2         build/nanos2/obj/sdk/lib_standard_app/main.o:(.text.app_exit)
c0de6816 c0de6816        0     1                 $t.0
c0de6817 c0de6817        6     1                 app_exit
c0de681c c0de681c        e     2         build/nanos2/obj/sdk/lib_standard_app/main.o:(.text.common_app_init)
c0de681c c0de681c        0     1                 $t.1
c0de681d c0de681d        e     1                 common_app_init
c0de682c c0de682c       6c     4         build/nanos2/obj/sdk/lib_standard_app/main.o:(.text.standalone_app_main)
c0de682c c0de682c        0     1                 $t.2
c0de682d c0de682d       6c     1                 standalone_app_main
c0de688c c0de688c        0     1                 $d.3
c0de6898 c0de6898       a0     4         build/nanos2/obj/sdk/lib_standard_app/main.o:(.text.library_app_main)
c0de6898 c0de6898        0     1                 $t.4
c0de6899 c0de6899       a0     1                 library_app_main
c0de6928 c0de6928        0     1                 $d.5
c0de6938 c0de6938       36     2         build/nanos2/obj/sdk/lib_standard_app/parser.o:(.text.apdu_parser)
c0de6938 c0de6938        0     1                 $t.0
c0de6939 c0de6939       36     1                 apdu_parser
c0de696e c0de696e       18     2         build/nanos2/obj/sdk/lib_standard_app/read.o:(.text.read_u32_be)
c0de696e c0de696e        0     1                 $t.1
c0de696f c0de696f       18     1                 read_u32_be
c0de6986 c0de6986       30     2         build/nanos2/obj/sdk/lib_standard_app/read.o:(.text.read_u64_be)
c0de6986 c0de6986        0     1                 $t.2
c0de6987 c0de6987       30     1                 read_u64_be
c0de69b6 c0de69b6        e     2         build/nanos2/obj/sdk/lib_standard_app/read.o:(.text.read_u16_le)
c0de69b6 c0de69b6        0     1                 $t.3
c0de69b7 c0de69b7        e     1                 read_u16_le
c0de69c4 c0de69c4       18     2         build/nanos2/obj/sdk/lib_standard_app/read.o:(.text.read_u32_le)
c0de69c4 c0de69c4        0     1                 $t.4
c0de69c5 c0de69c5       18     1                 read_u32_le
c0de69dc c0de69dc       2e     2         build/nanos2/obj/sdk/lib_standard_app/read.o:(.text.read_u64_le)
c0de69dc c0de69dc        0     1                 $t.5
c0de69dd c0de69dd       2e     1                 read_u64_le
c0de6a0a c0de6a0a        c     2         build/nanos2/obj/sdk/lib_standard_app/swap_error_code_helpers.o:(.text.send_swap_error_simple)
c0de6a0a c0de6a0a        0     1                 $t.0
c0de6a0b c0de6a0b        c     1                 send_swap_error_simple
c0de6a18 c0de6a18       64     4         build/nanos2/obj/sdk/lib_standard_app/swap_error_code_helpers.o:(.text.send_swap_error_with_buffers)
c0de6a18 c0de6a18        0     1                 $t.1
c0de6a19 c0de6a19       64     1                 send_swap_error_with_buffers
c0de6a74 c0de6a74        0     1                 $d.2
c0de6a7c c0de6a7c       34     2         build/nanos2/obj/sdk/lib_standard_app/swap_utils.o:(.text.swap_str_to_u64)
c0de6a7c c0de6a7c        0     1                 $t.0
c0de6a7d c0de6a7d       34     1                 swap_str_to_u64
c0de6ab0 c0de6ab0       5c     2         build/nanos2/obj/sdk/lib_standard_app/varint.o:(.text.varint_read)
c0de6ab0 c0de6ab0        0     1                 $t.1
c0de6ab1 c0de6ab1       5c     1                 varint_read
c0de6b0c c0de6b0c        a     2         build/nanos2/obj/sdk/lib_standard_app/write.o:(.text.write_u16_be)
c0de6b0c c0de6b0c        0     1                 $t.0
c0de6b0d c0de6b0d        a     1                 write_u16_be
c0de6b18 c0de6b18       34     4         build/nanos2/obj/sdk/lib_ux_nbgl/ux.o:(.text.ux_process_button_event)
c0de6b18 c0de6b18        0     1                 $t.0
c0de6b19 c0de6b19       34     1                 ux_process_button_event
c0de6b48 c0de6b48        0     1                 $d.1
c0de6b4c c0de6b4c       54     4         build/nanos2/obj/sdk/lib_ux_nbgl/ux.o:(.text.ux_forward_event)
c0de6b4c c0de6b4c        0     1                 $t.2
c0de6b4d c0de6b4d       54     1                 ux_forward_event
c0de6b9c c0de6b9c        0     1                 $d.3
c0de6ba0 c0de6ba0       30     4         build/nanos2/obj/sdk/lib_ux_nbgl/ux.o:(.text.ux_process_ticker_event)
c0de6ba0 c0de6ba0        0     1                 $t.4
c0de6ba1 c0de6ba1       30     1                 ux_process_ticker_event
c0de6bcc c0de6bcc        0     1                 $d.5
c0de6bd0 c0de6bd0        6     2         build/nanos2/obj/sdk/lib_ux_nbgl/ux.o:(.text.ux_process_default_event)
c0de6bd0 c0de6bd0        0     1                 $t.6
c0de6bd1 c0de6bd1        6     1                 ux_process_default_event
c0de6bd6 c0de6bd6       4e     2         build/nanos2/obj/sdk/src/cx_hash_iovec.o:(.text.hash_iovec_ex)
c0de6bd6 c0de6bd6        0     1                 $t.7
c0de6bd7 c0de6bd7       4e     1                 hash_iovec_ex
c0de6c24 c0de6c24       1a     2         build/nanos2/obj/sdk/src/cx_hash_iovec.o:(.text.cx_keccak_256_hash_iovec)
c0de6c24 c0de6c24        0     1                 $t.12
c0de6c25 c0de6c25       1a     1                 cx_keccak_256_hash_iovec
c0de6c3e c0de6c3e       1a     2         build/nanos2/obj/sdk/src/cx_hash_iovec.o:(.text.cx_blake2b_512_hash_iovec)
c0de6c3e c0de6c3e        0     1                 $t.18
c0de6c3f c0de6c3f       1a     1                 cx_blake2b_512_hash_iovec
c0de6c58 c0de6c58        a     1         build/nanos2/obj/sdk/src/cx_stubs.o:(.text.cx_ecdsa_sign_no_throw)
c0de6c58 c0de6c58        0     1                 $t.44
c0de6c59 c0de6c59        0     1                 cx_ecdsa_sign_no_throw
c0de6c62 c0de6c62        a     1         build/nanos2/obj/sdk/src/cx_stubs.o:(.text.cx_ecfp_generate_pair2_no_throw)
c0de6c62 c0de6c62        0     1                 $t.49
c0de6c63 c0de6c63        0     1                 cx_ecfp_generate_pair2_no_throw
c0de6c6c c0de6c6c        a     1         build/nanos2/obj/sdk/src/cx_stubs.o:(.text.cx_ecfp_init_private_key_no_throw)
c0de6c6c c0de6c6c        0     1                 $t.51
c0de6c6d c0de6c6d        0     1                 cx_ecfp_init_private_key_no_throw
c0de6c76 c0de6c76        a     1         build/nanos2/obj/sdk/src/cx_stubs.o:(.text.cx_hash_final)
c0de6c76 c0de6c76        0     1                 $t.63
c0de6c77 c0de6c77        0     1                 cx_hash_final
c0de6c80 c0de6c80        a     1         build/nanos2/obj/sdk/src/cx_stubs.o:(.text.cx_hash_init_ex)
c0de6c80 c0de6c80        0     1                 $t.67
c0de6c81 c0de6c81        0     1                 cx_hash_init_ex
c0de6c8a c0de6c8a        a     1         build/nanos2/obj/sdk/src/cx_stubs.o:(.text.cx_hash_update)
c0de6c8a c0de6c8a        0     1                 $t.72
c0de6c8b c0de6c8b        0     1                 cx_hash_update
c0de6c94 c0de6c94       10     4         build/nanos2/obj/sdk/src/cx_stubs.o:(.text.cx_aes_siv_reset)
c0de6c94 c0de6c94        0     1                 $t.144
c0de6c95 c0de6c95        0     1                 cx_aes_siv_reset
c0de6c9d c0de6c9d        0     1                 cx_trampoline_helper
c0de6ca0 c0de6ca0        0     1                 $d.145
c0de6ca4 c0de6ca4        6     2         build/nanos2/obj/sdk/src/ledger_assert.o:(.text.assert_exit)
c0de6ca4 c0de6ca4        0     1                 $t.0
c0de6ca5 c0de6ca5        6     1                 assert_exit
c0de6caa c0de6caa        a     1         build/nanos2/obj/sdk/src/nbgl_stubs.o:(.text.nbgl_refresh)
c0de6caa c0de6caa        0     1                 $t.0
c0de6cab c0de6cab        0     1                 nbgl_refresh
c0de6cb4 c0de6cb4        a     1         build/nanos2/obj/sdk/src/nbgl_stubs.o:(.text.nbgl_objInit)
c0de6cb4 c0de6cb4        0     1                 $t.5
c0de6cb5 c0de6cb5        0     1                 nbgl_objInit
c0de6cbe c0de6cbe        a     1         build/nanos2/obj/sdk/src/nbgl_stubs.o:(.text.nbgl_objAllowDrawing)
c0de6cbe c0de6cbe        0     1                 $t.7
c0de6cbf c0de6cbf        0     1                 nbgl_objAllowDrawing
c0de6cc8 c0de6cc8        a     1         build/nanos2/obj/sdk/src/nbgl_stubs.o:(.text.nbgl_screenSet)
c0de6cc8 c0de6cc8        0     1                 $t.10
c0de6cc9 c0de6cc9        0     1                 nbgl_screenSet
c0de6cd2 c0de6cd2        a     1         build/nanos2/obj/sdk/src/nbgl_stubs.o:(.text.nbgl_screenPush)
c0de6cd2 c0de6cd2        0     1                 $t.11
c0de6cd3 c0de6cd3        0     1                 nbgl_screenPush
c0de6cdc c0de6cdc        a     1         build/nanos2/obj/sdk/src/nbgl_stubs.o:(.text.nbgl_screenRedraw)
c0de6cdc c0de6cdc        0     1                 $t.12
c0de6cdd c0de6cdd        0     1                 nbgl_screenRedraw
c0de6ce6 c0de6ce6        a     1         build/nanos2/obj/sdk/src/nbgl_stubs.o:(.text.nbgl_screenPop)
c0de6ce6 c0de6ce6        0     1                 $t.13
c0de6ce7 c0de6ce7        0     1                 nbgl_screenPop
c0de6cf0 c0de6cf0        a     1         build/nanos2/obj/sdk/src/nbgl_stubs.o:(.text.nbgl_screenHandler)
[...]
c0de76e0 c0de76e0        0     1                 $t.0
c0de76e1 c0de76e1       14     1                 __aeabi_uldivmod
c0de76f4 c0de76f4        4     2         /opt/nanosplus-secure-sdk/arch/st33k1/lib/libc.a(lib_a-explicit_bzero.o):(.text.explicit_bzero)
c0de76f4 c0de76f4        0     1                 $t
c0de76f5 c0de76f5        4     1                 explicit_bzero
c0de76f8 c0de76f8        8     2         /opt/nanosplus-secure-sdk/arch/st33k1/lib/libc.a(lib_a-bzero.o):(.text.bzero)
c0de76f8 c0de76f8        0     1                 $t
c0de76f9 c0de76f9        8     1                 bzero
c0de7700 c0de7700       1c     2         /opt/nanosplus-secure-sdk/arch/st33k1/lib/libc.a(lib_a-memcpy-stub.o):(.text.memcpy)
c0de7700 c0de7700        0     1                 $t
c0de7701 c0de7701       1c     1                 memcpy
c0de771c c0de771c       34     2         /opt/nanosplus-secure-sdk/arch/st33k1/lib/libc.a(lib_a-memmove.o):(.text.memmove)
c0de771c c0de771c        0     1                 $t
c0de771d c0de771d       34     1                 memmove
c0de7750 c0de7750       10     2         /opt/nanosplus-secure-sdk/arch/st33k1/lib/libc.a(lib_a-memset.o):(.text.memset)
c0de7750 c0de7750        0     1                 $t
c0de7751 c0de7751       10     1                 memset
c0de7760 c0de7760       1c     4         /opt/nanosplus-secure-sdk/arch/st33k1/lib/libc.a(lib_a-setjmp.o):(.text)
c0de7760 c0de7760        0     1                 $t
c0de7761 c0de7761        c     1                 setjmp
c0de776d c0de776d        e     1                 longjmp
c0de777c c0de777c       14     2         /opt/nanosplus-secure-sdk/arch/st33k1/lib/libc.a(lib_a-strcmp.o):(.text)
c0de777c c0de777c        0     1                 $t
c0de777d c0de777d       14     1                 strcmp
c0de7790 c0de7790       10     2         /opt/nanosplus-secure-sdk/arch/st33k1/lib/libc.a(lib_a-strlen.o):(.text)
c0de7790 c0de7790        0     1                 $t
c0de7791 c0de7791       10     1                 strlen
c0de77a0 c0de77a0       24     2         /opt/nanosplus-secure-sdk/arch/st33k1/lib/libc.a(lib_a-strncmp.o):(.text.strncmp)
c0de77a0 c0de77a0        0     1                 $t
c0de77a1 c0de77a1       24     1                 strncmp
c0de77c4 c0de77c4       26     2         /opt/nanosplus-secure-sdk/arch/st33k1/lib/libc.a(lib_a-strncpy.o):(.text.strncpy)
c0de77c4 c0de77c4        0     1                 $t
c0de77c5 c0de77c5       26     1                 strncpy
c0de77ea c0de77ea        0     1         _ecode = .
c0de77ea c0de77ea       16     1         build/nanos2/gen_src/glyphs.o:(.rodata.C_home_zknox_14px_bitmap)
c0de77ea c0de77ea       16     1                 C_home_zknox_14px_bitmap
c0de7800 c0de7800        a     1         build/nanos2/gen_src/glyphs.o:(.rodata.C_home_zknox_14px)
c0de7800 c0de7800        a     1                 C_home_zknox_14px
c0de780a c0de780a       19     1         build/nanos2/gen_src/glyphs.o:(.rodata.C_Information_circle_14px_bitmap)
c0de780a c0de780a       19     1                 C_Information_circle_14px_bitmap
c0de7823 c0de7823        a     1         build/nanos2/gen_src/glyphs.o:(.rodata.C_Information_circle_14px)
c0de7823 c0de7823        a     1                 C_Information_circle_14px
c0de782d c0de782d       19     1         build/nanos2/gen_src/glyphs.o:(.rodata.C_Quit_14px_bitmap)
c0de782d c0de782d       19     1                 C_Quit_14px_bitmap
c0de7846 c0de7846        a     1         build/nanos2/gen_src/glyphs.o:(.rodata.C_Quit_14px)
c0de7846 c0de7846        a     1                 C_Quit_14px
c0de7850 c0de7850        c     1         build/nanos2/gen_src/glyphs.o:(.rodata.C_Switch_Off_8px_bitmap)
c0de7850 c0de7850        c     1                 C_Switch_Off_8px_bitmap
c0de785c c0de785c        a     1         build/nanos2/gen_src/glyphs.o:(.rodata.C_Switch_Off_8px)
c0de785c c0de785c        a     1                 C_Switch_Off_8px
c0de7866 c0de7866        c     1         build/nanos2/gen_src/glyphs.o:(.rodata.C_Switch_On_8px_bitmap)
c0de7866 c0de7866        c     1                 C_Switch_On_8px_bitmap
c0de7872 c0de7872        a     1         build/nanos2/gen_src/glyphs.o:(.rodata.C_Switch_On_8px)
c0de7872 c0de7872        a     1                 C_Switch_On_8px
c0de787c c0de787c       19     1         build/nanos2/gen_src/glyphs.o:(.rodata.C_icon_back_x_bitmap)
c0de787c c0de787c       19     1                 C_icon_back_x_bitmap
c0de7895 c0de7895        a     1         build/nanos2/gen_src/glyphs.o:(.rodata.C_icon_back_x)
c0de7895 c0de7895        a     1                 C_icon_back_x
c0de789f c0de789f       19     1         build/nanos2/gen_src/glyphs.o:(.rodata.C_icon_coggle_bitmap)
c0de789f c0de789f       19     1                 C_icon_coggle_bitmap
c0de78b8 c0de78b8        a     1         build/nanos2/gen_src/glyphs.o:(.rodata.C_icon_coggle)
c0de78b8 c0de78b8        a     1                 C_icon_coggle
c0de78c2 c0de78c2       19     1         build/nanos2/gen_src/glyphs.o:(.rodata.C_icon_crossmark_bitmap)
c0de78c2 c0de78c2       19     1                 C_icon_crossmark_bitmap
c0de78db c0de78db        a     1         build/nanos2/gen_src/glyphs.o:(.rodata.C_icon_crossmark)
c0de78db c0de78db        a     1                 C_icon_crossmark
c0de78e5 c0de78e5        4     1         build/nanos2/gen_src/glyphs.o:(.rodata.C_icon_down_bitmap)
c0de78e5 c0de78e5        4     1                 C_icon_down_bitmap
c0de78e9 c0de78e9        a     1         build/nanos2/gen_src/glyphs.o:(.rodata.C_icon_down)
c0de78e9 c0de78e9        a     1                 C_icon_down
c0de78f3 c0de78f3        4     1         build/nanos2/gen_src/glyphs.o:(.rodata.C_icon_left_bitmap)
c0de78f3 c0de78f3        4     1                 C_icon_left_bitmap
c0de78f7 c0de78f7        a     1         build/nanos2/gen_src/glyphs.o:(.rodata.C_icon_left)
c0de78f7 c0de78f7        a     1                 C_icon_left
c0de7901 c0de7901       19     1         build/nanos2/gen_src/glyphs.o:(.rodata.C_icon_processing_bitmap)
c0de7901 c0de7901       19     1                 C_icon_processing_bitmap
c0de791a c0de791a        a     1         build/nanos2/gen_src/glyphs.o:(.rodata.C_icon_processing)
c0de791a c0de791a        a     1                 C_icon_processing
c0de7924 c0de7924        4     1         build/nanos2/gen_src/glyphs.o:(.rodata.C_icon_right_bitmap)
c0de7924 c0de7924        4     1                 C_icon_right_bitmap
c0de7928 c0de7928        a     1         build/nanos2/gen_src/glyphs.o:(.rodata.C_icon_right)
c0de7928 c0de7928        a     1                 C_icon_right
c0de7932 c0de7932        4     1         build/nanos2/gen_src/glyphs.o:(.rodata.C_icon_up_bitmap)
c0de7932 c0de7932        4     1                 C_icon_up_bitmap
c0de7936 c0de7936        a     1         build/nanos2/gen_src/glyphs.o:(.rodata.C_icon_up)
c0de7936 c0de7936        a     1                 C_icon_up
c0de7940 c0de7940       17     1         build/nanos2/gen_src/glyphs.o:(.rodata.C_icon_validate_14_bitmap)
c0de7940 c0de7940       17     1                 C_icon_validate_14_bitmap
c0de7957 c0de7957        a     1         build/nanos2/gen_src/glyphs.o:(.rodata.C_icon_validate_14)
c0de7957 c0de7957        a     1                 C_icon_validate_14
c0de7961 c0de7961       19     1         build/nanos2/gen_src/glyphs.o:(.rodata.C_icon_warning_bitmap)
c0de7961 c0de7961       19     1                 C_icon_warning_bitmap
c0de797a c0de797a        a     1         build/nanos2/gen_src/glyphs.o:(.rodata.C_icon_warning)
c0de797a c0de797a        a     1                 C_icon_warning
c0de7984 c0de7984       40     1         build/nanos2/gen_src/glyphs.o:(.rodata.C_app_zknox_14px_bitmap)
c0de7984 c0de7984       40     1                 C_app_zknox_14px_bitmap
c0de79c4 c0de79c4        a     1         build/nanos2/gen_src/glyphs.o:(.rodata.C_app_zknox_14px)
c0de79c4 c0de79c4        a     1                 C_app_zknox_14px
c0de79ce c0de79ce      350     1         <internal>:(.text)
c0de7d20 c0de7d20      260     8         <internal>:(.text)
c0de7f80 c0de7f80       a0     4         build/nanos2/obj/app/src/handler/zkn_magicbox.o:(.rodata..L__const.handler_cmd_Poseidon.input)
c0de7f80 c0de7f80       a0     1                 .L__const.handler_cmd_Poseidon.input
c0de8020 c0de8020      1e0     4         build/nanos2/obj/app/src/handler/zkn_magicbox.o:(.rodata..L__const.handler_cmd_encodeCommitment.commitmentlist_be)
c0de8020 c0de8020      1e0     1                 .L__const.handler_cmd_encodeCommitment.commitmentlist_be
c0de8200 c0de8200      1e0     4         build/nanos2/obj/app/src/handler/zkn_magicbox.o:(.rodata..L__const.handler_cmd_GroupCommitment.commitmentlist_be)
c0de8200 c0de8200      1e0     1                 .L__const.handler_cmd_GroupCommitment.commitmentlist_be
c0de83e0 c0de83e0       60     4         build/nanos2/obj/app/src/handler/zkn_magicbox.o:(.rodata..L__const.handler_cmd_GroupCommitment.binding_factors)
c0de83e0 c0de83e0       60     1                 .L__const.handler_cmd_GroupCommitment.binding_factors
c0de8440 c0de8440      1e0     4         build/nanos2/obj/app/src/handler/zkn_magicbox.o:(.rodata..L__const.handler_cmd_BindingFactors.commitmentlist_be)
c0de8440 c0de8440      1e0     1                 .L__const.handler_cmd_BindingFactors.commitmentlist_be
c0de8620 c0de8620        c     4         build/nanos2/obj/app/src/ui/menu_nbgl.o:(.rodata.settingContents)
c0de8620 c0de8620        c     1                 settingContents
c0de862c c0de862c       10     4         build/nanos2/obj/app/src/ui/menu_nbgl.o:(.rodata.infoList)
c0de862c c0de862c       10     1                 infoList
c0de863c c0de863c       38     4         build/nanos2/obj/app/src/ui/menu_nbgl.o:(.rodata.contents)
c0de863c c0de863c       38     1                 contents
c0de8674 c0de8674        8     4         build/nanos2/obj/app/src/ui/menu_nbgl.o:(.rodata.INFO_TYPES)
c0de8674 c0de8674        8     1                 INFO_TYPES
c0de867c c0de867c        8     4         build/nanos2/obj/app/src/ui/menu_nbgl.o:(.rodata.INFO_CONTENTS)
c0de867c c0de867c        8     1                 INFO_CONTENTS
c0de8684 c0de8684       40     4         build/nanos2/obj/app/src/zknox/ecc/zkn_eddsa.o:(.rodata..L__const.EddsaPoseidon_Sign_final.big_n)
c0de8684 c0de8684       40     1                 .L__const.EddsaPoseidon_Sign_final.big_n
c0de86c4 c0de86c4      480     4         build/nanos2/obj/app/src/zknox/hash/zkn_poseidon_constants.o:(.rodata..L__const.Poseidon_alloc_init.MixColumn)
c0de86c4 c0de86c4      480     1                 .L__const.Poseidon_alloc_init.MixColumn
c0de8b44 c0de8b44       1d     4         build/nanos2/obj/app/src/zknox/hash/zkn_rfc9591frost.o:(.rodata..L__const.zkn_frost_H5_init.contextString_BabyFROST)
c0de8b44 c0de8b44       1d     1                 .L__const.zkn_frost_H5_init.contextString_BabyFROST
c0de8b64 c0de8b64       28     4         build/nanos2/obj/sdk/lib_nbgl/src/nbgl_use_case_nanos.o:(.rodata.blindSigningWarning)
c0de8b64 c0de8b64       28     1                 blindSigningWarning
c0de8b8c c0de8b8c       20     1         <internal>:(.text)
c0de8bac c0de8bac        0     1         . = ALIGN ( 4 )
c0de8bac c0de8bac        0     1         _etext = .
c0de8bac c0de8bac       54     1         . = ALIGN ( PAGE_SIZE )
c0de8c00 c0de8c00        0     1         _nvram_data = .
c0de8c00 c0de8c00        3     1         build/nanos2/obj/app/src/app_main.o:(.rodata.N_storage_real)
c0de8c00 c0de8c00        3     1                 N_storage_real
c0de8c03 c0de8c03      1fd     1         . = ALIGN ( PAGE_SIZE )
c0de8e00 c0de8e00        0     1         _envram_data = .
c0de8e00 c0de8e00        0     1         _install_parameters = .
c0de8e00 c0de8e00       88     1         build/nanos2/obj/sdk/src/app_metadata.o:(.install_parameters)
c0de8e00 c0de8e00       88     1                 install_parameters
c0de8e88 c0de8e88        0     1         _einstall_parameters = .
c0de8e88 c0de8e88        0     1         _nvram_end = .
d0000000 d0000000        0     1 .data
d0000000 d0000000        0     1         . = ALIGN ( 4 )
d0000000 d0000000        0     1         _data = .
d0000000 d0000000        0     1         _edata = .
d0000000 d0000000        0     1 
da7a0000 da7a0000      8dc     8 .bss
da7a0000 da7a0000        0     1         _bss = .
da7a0000 da7a0000      2d8     8         build/nanos2/obj/app/src/app_main.o:(.bss.G_context)
da7a0000 da7a0000      2d8     1                 G_context
da7a02d8 da7a02d8       20     1         build/nanos2/obj/app/src/app_main.o:(.bss.g_insecure_secret)
da7a02d8 da7a02d8       20     1                 g_insecure_secret
da7a02f8 da7a02f8       48     8         build/nanos2/obj/app/src/swap/handle_swap_sign_transaction.o:(.bss.G_swap_validated)
da7a02f8 da7a02f8       48     1                 G_swap_validated
da7a0340 da7a0340       1c     4         build/nanos2/obj/app/src/ui/menu_nbgl.o:(.bss..L_MergedGlobals)
da7a0340 da7a0340       1c     1                 .L_MergedGlobals
da7a0340 da7a0340        1     1                 initSettingPage
da7a0344 da7a0344       18     1                 switches
da7a035c da7a035c       2b     4         build/nanos2/obj/app/src/ui/nbgl_display_address.o:(.bss.g_address)
da7a035c da7a035c       2b     1                 g_address
da7a0388 da7a0388       7f     4         build/nanos2/obj/app/src/ui/nbgl_display_transaction.o:(.bss..L_MergedGlobals)
da7a0388 da7a0388       7f     1                 .L_MergedGlobals
da7a0388 da7a0388       14     1                 pairList
da7a039c da7a039c       1e     1                 g_amount
da7a03bc da7a03bc       20     1                 pairs
da7a03dc da7a03dc       2b     1                 g_address
da7a0407 da7a0407      111     1         build/nanos2/obj/sdk/io/src/os_io.o:(.bss.G_io_tx_buffer)
da7a0407 da7a0407      111     1                 G_io_tx_buffer
da7a0518 da7a0518      111     1         build/nanos2/obj/sdk/io/src/os_io.o:(.bss.G_io_rx_buffer)
da7a0518 da7a0518      111     1                 G_io_rx_buffer
da7a062a da7a062a        8     2         build/nanos2/obj/sdk/io_legacy/src/os_io_legacy.o:(.bss.G_io_app)
da7a062a da7a062a        8     1                 G_io_app
da7a0632 da7a0632        2     1         build/nanos2/obj/sdk/io_legacy/src/os_io_legacy.o:(.bss..L_MergedGlobals)
da7a0632 da7a0632        2     1                 .L_MergedGlobals
da7a0632 da7a0632        1     1                 need_to_start_io
da7a0633 da7a0633        1     1                 io_os_legacy_apdu_type
da7a0634 da7a0634       24     4         build/nanos2/obj/sdk/lib_nbgl/src/nbgl_layout_nanos.o:(.bss.gLayout)
da7a0634 da7a0634       24     1                 gLayout
da7a0658 da7a0658       14     4         build/nanos2/obj/sdk/lib_nbgl/src/nbgl_layout_nanos.o:(.bss.nbgl_layoutAddText.tmpString)
da7a0658 da7a0658       14     1                 nbgl_layoutAddText.tmpString
da7a066c da7a066c       d8     4         build/nanos2/obj/sdk/lib_nbgl/src/nbgl_step.o:(.bss.contexts)
da7a066c da7a066c       d8     1                 contexts
da7a0744 da7a0744       68     4         build/nanos2/obj/sdk/lib_nbgl/src/nbgl_use_case_nanos.o:(.bss..L_MergedGlobals)
da7a0744 da7a0744       68     1                 .L_MergedGlobals
da7a0744 da7a0744       28     1                 reviewWithWarnCtx
da7a076c da7a076c       40     1                 context
da7a07ac da7a07ac      110     1         build/nanos2/obj/sdk/lib_standard_app/io.o:(.bss.G_io_seproxyhal_spi_buffer)
da7a07ac da7a07ac      110     1                 G_io_seproxyhal_spi_buffer
da7a08bc da7a08bc        1     1         build/nanos2/obj/sdk/lib_standard_app/io.o:(.bss.need_to_start_io)
da7a08bc da7a08bc        1     1                 need_to_start_io
da7a08c0 da7a08c0        c     4         build/nanos2/obj/sdk/lib_standard_app/main.o:(.bss.G_ux_params)
da7a08c0 da7a08c0        c     1                 G_ux_params
da7a08cc da7a08cc        1     1         build/nanos2/obj/sdk/lib_standard_app/swap_utils.o:(.bss.G_called_from_swap)
da7a08cc da7a08cc        1     1                 G_called_from_swap
da7a08cd da7a08cd        1     1         build/nanos2/obj/sdk/lib_standard_app/swap_utils.o:(.bss.G_swap_response_ready)
da7a08cd da7a08cd        1     1                 G_swap_response_ready
da7a08d0 da7a08d0        4     4         build/nanos2/obj/sdk/lib_standard_app/swap_utils.o:(.bss.G_swap_signing_return_value_address)
da7a08d0 da7a08d0        4     1                 G_swap_signing_return_value_address
da7a08d4 da7a08d4        4     4         build/nanos2/obj/sdk/lib_ux_nbgl/ux.o:(.bss.nbTicks)
da7a08d4 da7a08d4        4     1                 nbTicks
da7a08d8 da7a08d8        0     1         _ebss = .
da7a08d8 da7a08d8        0     1         . = ALIGN ( 4 )
da7a08d8 da7a08d8        0     1         app_stack_canary = .
da7a08d8 da7a08d8        4     1         . += 4
da7a08dc da7a08dc        0     1         _stack = .
da7a08dc da7a08dc        0     1         _estack = ABSOLUTE ( END_STACK )
da7a08dc da7a08dc        0     1 
d0000000 d0000000       10     4 DEBUG
d0000000 d0000000       10     4         <internal>:(.ARM.exidx)
       0        0       5d     1 .comment
       0        0       5d     1         <internal>:(.comment)
       0        0        6     1 ledger.target
       0        0        6     1         build/nanos2/obj/sdk/src/app_metadata.o:(ledger.target)
       0        0        6     1                 target
       0        0        d     1 ledger.target_name
       0        0        d     1         build/nanos2/obj/sdk/src/app_metadata.o:(ledger.target_name)
       0        0        d     1                 target_name
       0        0        a     1 ledger.target_id
       0        0        a     1         build/nanos2/obj/sdk/src/app_metadata.o:(ledger.target_id)
       0        0        a     1                 target_id
       0        0        7     1 ledger.app_name
       0        0        7     1         build/nanos2/obj/sdk/src/app_metadata.o:(ledger.app_name)
       0        0        7     1                 app_name
       0        0        5     1 ledger.app_version
       0        0        5     1         build/nanos2/obj/sdk/src/app_metadata.o:(ledger.app_version)
       0        0        5     1                 app_version
       0        0        2     1 ledger.api_level
       0        0        2     1         build/nanos2/obj/sdk/src/app_metadata.o:(ledger.api_level)
       0        0        2     1                 api_level
       0        0       11     1 ledger.sdk_name
       0        0       11     1         build/nanos2/obj/sdk/src/app_metadata.o:(ledger.sdk_name)
       0        0       11     1                 sdk_name
       0        0        7     1 ledger.sdk_version
       0        0        7     1         build/nanos2/obj/sdk/src/app_metadata.o:(ledger.sdk_version)
       0        0        7     1                 sdk_version
       0        0       28     1 ledger.sdk_hash
       0        0       28     1         build/nanos2/obj/sdk/src/app_metadata.o:(ledger.sdk_hash)
       0        0       28     1                 sdk_hash
       0        0        4     1 ledger.sdk_graphics
       0        0        4     1         build/nanos2/obj/sdk/src/app_metadata.o:(ledger.sdk_graphics)
       0        0        4     1                 sdk_graphics
d0000010 d0000010        0     1 PROVIDE ( _nvram = ABSOLUTE ( _nvram_start ) )
d0000010 d0000010        0     1 PROVIDE ( _envram = ABSOLUTE ( _nvram_end ) )
       0        0       45     1 .ARM.attributes
       0        0       45     1         build/nanos2/gen_src/glyphs.o:(.ARM.attributes)
       0        0     46c0     4 .symtab
       0        0     46c0     4         <internal>:(.symtab)
       0        0       f8     1 .shstrtab
       0        0       f8     1         <internal>:(.shstrtab)
       0        0     3567     1 .strtab
       0        0     3567     1         <internal>:(.strtab)
