     VMA      LMA     Size Align Out     In      Symbol
       0        0        0     1 PAGE_SIZE = 512
       0        0        0     1 STACK_MIN_SIZE = DEFINED ( stack_min_size ) ? stack_min_size : 1500
       0        0        0     1 END_STACK = ORIGIN ( SRAM ) + LENGTH ( SRAM )
c0de0000 c0de0000     8e3f     8 .text
c0de0000 c0de0000        0     1         _text = .
c0de0000 c0de0000        0     1         _nvram_start = .
c0de0000 c0de0000       28     2         build/nanos2/obj/sdk/lib_standard_app/main.o:(.boot)
c0de0000 c0de0000        0     1                 $t.6
c0de0001 c0de0001       28     1                 main
c0de0028 c0de0028        0     1         _code = .
c0de0028 c0de0028       4a     2         build/nanos2/obj/app/src/address.o:(.text.address_from_pubkey)
c0de0028 c0de0028        0     1                 $t.0
c0de0029 c0de0029       4a     1                 address_from_pubkey
c0de0072 c0de0072      2ae     2         build/nanos2/obj/app/src/apdu/dispatcher.o:(.text.apdu_dispatcher)
c0de0072 c0de0072        0     1                 $t.0
c0de0073 c0de0073      2ae     1                 apdu_dispatcher
c0de0320 c0de0320        e     2         build/nanos2/obj/app/src/apdu/dispatcher.o:(.text.io_send_sw)
c0de0320 c0de0320        0     1                 $t.1
c0de0321 c0de0321        e     1                 io_send_sw
c0de032e c0de032e        8     2         build/nanos2/obj/app/src/apdu/dispatcher.o:(.text.OUTLINED_FUNCTION_0)
c0de032e c0de032e        0     1                 $t.2
c0de032f c0de032f        8     1                 OUTLINED_FUNCTION_0
c0de0338 c0de0338       94     4         build/nanos2/obj/app/src/app_main.o:(.text.app_main)
c0de0338 c0de0338        0     1                 $t.0
c0de0339 c0de0339       94     1                 app_main
c0de03b8 c0de03b8        0     1                 $d.1
c0de03cc c0de03cc       28     4         build/nanos2/obj/app/src/handler/get_app_name.o:(.text.handler_get_app_name)
c0de03cc c0de03cc        0     1                 $t.0
c0de03cd c0de03cd       28     1                 handler_get_app_name
c0de03f0 c0de03f0        0     1                 $d.1
c0de03f4 c0de03f4       98     4         build/nanos2/obj/app/src/handler/get_public_key.o:(.text.handler_get_public_key)
c0de03f4 c0de03f4        0     1                 $t.0
c0de03f5 c0de03f5       98     1                 handler_get_public_key
c0de0488 c0de0488        0     1                 $d.1
c0de048c c0de048c        e     2         build/nanos2/obj/app/src/handler/get_public_key.o:(.text.io_send_sw)
c0de048c c0de048c        0     1                 $t.2
c0de048d c0de048d        e     1                 io_send_sw
c0de049a c0de049a       2e     2         build/nanos2/obj/app/src/handler/get_version.o:(.text.handler_get_version)
c0de049a c0de049a        0     1                 $t.0
c0de049b c0de049b       2e     1                 handler_get_version
c0de04c8 c0de04c8      150     4         build/nanos2/obj/app/src/handler/sign_tx.o:(.text.handler_sign_tx)
c0de04c8 c0de04c8        0     1                 $t.0
c0de04c9 c0de04c9      150     1                 handler_sign_tx
c0de0608 c0de0608        0     1                 $d.1
c0de0618 c0de0618        e     2         build/nanos2/obj/app/src/handler/sign_tx.o:(.text.io_send_sw)
c0de0618 c0de0618        0     1                 $t.2
c0de0619 c0de0619        e     1                 io_send_sw
c0de0626 c0de0626       4e     2         build/nanos2/obj/app/src/handler/zkn_magicbox.o:(.text.handler_cmd_blake2b512)
c0de0626 c0de0626        0     1                 $t.0
c0de0627 c0de0627       4e     1                 handler_cmd_blake2b512
c0de0674 c0de0674       16     2         build/nanos2/obj/app/src/handler/zkn_magicbox.o:(.text.io_send_response_pointer)
c0de0674 c0de0674        0     1                 $t.1
c0de0675 c0de0675       16     1                 io_send_response_pointer
c0de068a c0de068a        e     2         build/nanos2/obj/app/src/handler/zkn_magicbox.o:(.text.io_send_sw)
c0de068a c0de068a        0     1                 $t.2
c0de068b c0de068b        e     1                 io_send_sw
c0de0698 c0de0698       3a     2         build/nanos2/obj/app/src/handler/zkn_magicbox.o:(.text.handler_cmd_keccakH)
c0de0698 c0de0698        0     1                 $t.3
c0de0699 c0de0699       3a     1                 handler_cmd_keccakH
c0de06d4 c0de06d4       94     4         build/nanos2/obj/app/src/handler/zkn_magicbox.o:(.text.handler_cmd_bolos_stretch)
c0de06d4 c0de06d4        0     1                 $t.4
c0de06d5 c0de06d5       94     1                 handler_cmd_bolos_stretch
c0de075c c0de075c        0     1                 $d.5
c0de0768 c0de0768      10c     4         build/nanos2/obj/app/src/handler/zkn_magicbox.o:(.text.handler_cmd_Poseidon)
c0de0768 c0de0768        0     1                 $t.6
c0de0769 c0de0769      10c     1                 handler_cmd_Poseidon
c0de086c c0de086c        0     1                 $d.7
c0de0874 c0de0874       8c     4         build/nanos2/obj/app/src/handler/zkn_magicbox.o:(.text.handler_cmd_Poseidon_ithRC)
c0de0874 c0de0874        0     1                 $t.8
c0de0875 c0de0875       8c     1                 handler_cmd_Poseidon_ithRC
c0de08f8 c0de08f8        0     1                 $d.9
c0de0900 c0de0900       82     2         build/nanos2/obj/app/src/handler/zkn_magicbox.o:(.text.handler_cmd_tEddsaPoseidon_Kpub)
c0de0900 c0de0900        0     1                 $t.12
c0de0901 c0de0901       82     1                 handler_cmd_tEddsaPoseidon_Kpub
c0de0982 c0de0982       b2     2         build/nanos2/obj/app/src/handler/zkn_magicbox.o:(.text.handler_cmd_tEddsaPoseidon_Sign)
c0de0982 c0de0982        0     1                 $t.13
c0de0983 c0de0983       b2     1                 handler_cmd_tEddsaPoseidon_Sign
c0de0a34 c0de0a34       e8     4         build/nanos2/obj/app/src/handler/zkn_magicbox.o:(.text.handler_cmd_tEddsaPoseidon)
c0de0a34 c0de0a34        0     1                 $t.14
c0de0a35 c0de0a35       e8     1                 handler_cmd_tEddsaPoseidon
c0de0b14 c0de0b14        0     1                 $d.15
c0de0b1c c0de0b1c      16c     4         build/nanos2/obj/app/src/handler/zkn_magicbox.o:(.text.handler_cmd_tEdwards)
c0de0b1c c0de0b1c        0     1                 $t.16
c0de0b1d c0de0b1d      16c     1                 handler_cmd_tEdwards
c0de0c78 c0de0c78        0     1                 $d.17
c0de0c88 c0de0c88      16a     2         build/nanos2/obj/app/src/handler/zkn_magicbox.o:(.text.handler_cmd_Interpolate)
c0de0c88 c0de0c88        0     1                 $t.20
c0de0c89 c0de0c89      16a     1                 handler_cmd_Interpolate
c0de0df2 c0de0df2      190     2         build/nanos2/obj/app/src/handler/zkn_magicbox.o:(.text.handler_cmd_Split)
c0de0df2 c0de0df2        0     1                 $t.21
c0de0df3 c0de0df3      190     1                 handler_cmd_Split
c0de0f82 c0de0f82       a0     2         build/nanos2/obj/app/src/handler/zkn_magicbox.o:(.text.handler_cmd_frostH)
c0de0f82 c0de0f82        0     1                 $t.22
c0de0f83 c0de0f83       a0     1                 handler_cmd_frostH
c0de1024 c0de1024       6c     4         build/nanos2/obj/app/src/handler/zkn_magicbox.o:(.text.handler_cmd_encodeCommitment)
c0de1024 c0de1024        0     1                 $t.23
c0de1025 c0de1025       6c     1                 handler_cmd_encodeCommitment
c0de108c c0de108c        0     1                 $d.24
c0de1090 c0de1090       84     4         build/nanos2/obj/app/src/handler/zkn_magicbox.o:(.text.handler_cmd_GroupCommitment)
c0de1090 c0de1090        0     1                 $t.25
c0de1091 c0de1091       84     1                 handler_cmd_GroupCommitment
c0de110c c0de110c        0     1                 $d.26
c0de1114 c0de1114       e8     4         build/nanos2/obj/app/src/handler/zkn_magicbox.o:(.text.handler_cmd_BindingFactors)
c0de1114 c0de1114        0     1                 $t.29
c0de1115 c0de1115       e8     1                 handler_cmd_BindingFactors
c0de11f0 c0de11f0        0     1                 $d.30
c0de11fc c0de11fc       c0     4         build/nanos2/obj/app/src/handler/zkn_magicbox.o:(.text.handler_get_insecure_secret)
c0de11fc c0de11fc        0     1                 $t.32
c0de11fd c0de11fd       c0     1                 handler_get_insecure_secret
c0de12b4 c0de12b4        0     1                 $d.33
c0de12bc c0de12bc       70     4         build/nanos2/obj/app/src/handler/zkn_magicbox.o:(.text.handler_get_insecure_public)
c0de12bc c0de12bc        0     1                 $t.34
c0de12bd c0de12bd       70     1                 handler_get_insecure_public
c0de1328 c0de1328        0     1                 $d.35
c0de132c c0de132c       9c     4         build/nanos2/obj/app/src/handler/zkn_magicbox.o:(.text.handler_cmd_tEddsaPoseidon_Sign_with_secret)
c0de132c c0de132c        0     1                 $t.36
c0de132d c0de132d       9c     1                 handler_cmd_tEddsaPoseidon_Sign_with_secret
c0de13c4 c0de13c4        0     1                 $d.37
c0de13c8 c0de13c8        8     2         build/nanos2/obj/app/src/handler/zkn_magicbox.o:(.text.OUTLINED_FUNCTION_0)
c0de13c8 c0de13c8        0     1                 $t.38
c0de13c9 c0de13c9        8     1                 OUTLINED_FUNCTION_0
c0de13d0 c0de13d0        6     2         build/nanos2/obj/app/src/handler/zkn_magicbox.o:(.text.OUTLINED_FUNCTION_1)
c0de13d0 c0de13d0        0     1                 $t.39
c0de13d1 c0de13d1        6     1                 OUTLINED_FUNCTION_1
c0de13d6 c0de13d6        6     2         build/nanos2/obj/app/src/handler/zkn_magicbox.o:(.text.OUTLINED_FUNCTION_2)
c0de13d6 c0de13d6        0     1                 $t.40
c0de13d7 c0de13d7        6     1                 OUTLINED_FUNCTION_2
c0de13dc c0de13dc        6     2         build/nanos2/obj/app/src/handler/zkn_magicbox.o:(.text.OUTLINED_FUNCTION_3)
c0de13dc c0de13dc        0     1                 $t.41
c0de13dd c0de13dd        6     1                 OUTLINED_FUNCTION_3
c0de13e2 c0de13e2        e     2         build/nanos2/obj/app/src/handler/zkn_magicbox.o:(.text.OUTLINED_FUNCTION_4)
c0de13e2 c0de13e2        0     1                 $t.42
c0de13e3 c0de13e3        e     1                 OUTLINED_FUNCTION_4
c0de13f0 c0de13f0        8     2         build/nanos2/obj/app/src/handler/zkn_magicbox.o:(.text.OUTLINED_FUNCTION_5)
c0de13f0 c0de13f0        0     1                 $t.43
c0de13f1 c0de13f1        8     1                 OUTLINED_FUNCTION_5
c0de13f8 c0de13f8        6     2         build/nanos2/obj/app/src/handler/zkn_magicbox.o:(.text.OUTLINED_FUNCTION_6)
c0de13f8 c0de13f8        0     1                 $t.44
c0de13f9 c0de13f9        6     1                 OUTLINED_FUNCTION_6
c0de13fe c0de13fe        6     2         build/nanos2/obj/app/src/handler/zkn_magicbox.o:(.text.OUTLINED_FUNCTION_7)
c0de13fe c0de13fe        0     1                 $t.45
c0de13ff c0de13ff        6     1                 OUTLINED_FUNCTION_7
c0de1404 c0de1404       10     2         build/nanos2/obj/app/src/handler/zkn_magicbox.o:(.text.OUTLINED_FUNCTION_8)
c0de1404 c0de1404        0     1                 $t.46
c0de1405 c0de1405       10     1                 OUTLINED_FUNCTION_8
c0de1414 c0de1414        c     2         build/nanos2/obj/app/src/handler/zkn_magicbox.o:(.text.OUTLINED_FUNCTION_9)
c0de1414 c0de1414        0     1                 $t.47
c0de1415 c0de1415        c     1                 OUTLINED_FUNCTION_9
c0de1420 c0de1420        8     2         build/nanos2/obj/app/src/handler/zkn_magicbox.o:(.text.OUTLINED_FUNCTION_10)
c0de1420 c0de1420        0     1                 $t.48
c0de1421 c0de1421        8     1                 OUTLINED_FUNCTION_10
c0de1428 c0de1428        6     2         build/nanos2/obj/app/src/handler/zkn_magicbox.o:(.text.OUTLINED_FUNCTION_11)
c0de1428 c0de1428        0     1                 $t.49
c0de1429 c0de1429        6     1                 OUTLINED_FUNCTION_11
c0de142e c0de142e        6     2         build/nanos2/obj/app/src/handler/zkn_magicbox.o:(.text.OUTLINED_FUNCTION_12)
c0de142e c0de142e        0     1                 $t.50
c0de142f c0de142f        6     1                 OUTLINED_FUNCTION_12
c0de1434 c0de1434       44     4         build/nanos2/obj/app/src/helper/send_reponse.o:(.text.helper_send_response_pubkey)
c0de1434 c0de1434        0     1                 $t.0
c0de1435 c0de1435       44     1                 helper_send_response_pubkey
c0de1474 c0de1474        0     1                 $d.1
c0de1478 c0de1478       18     2         build/nanos2/obj/app/src/helper/send_reponse.o:(.text.io_send_response_pointer)
c0de1478 c0de1478        0     1                 $t.2
c0de1479 c0de1479       18     1                 io_send_response_pointer
c0de1490 c0de1490       40     4         build/nanos2/obj/app/src/helper/send_reponse.o:(.text.helper_send_response_sig_zkn)
c0de1490 c0de1490        0     1                 $t.5
c0de1491 c0de1491       40     1                 helper_send_response_sig_zkn
c0de14cc c0de14cc        0     1                 $d.6
c0de14d0 c0de14d0       12     2         build/nanos2/obj/app/src/helper/send_reponse.o:(.text.OUTLINED_FUNCTION_0)
c0de14d0 c0de14d0        0     1                 $t.7
c0de14d1 c0de14d1       12     1                 OUTLINED_FUNCTION_0
c0de14e2 c0de14e2       b4     2         build/nanos2/obj/app/src/swap/handle_check_address.o:(.text.swap_handle_check_address)
c0de14e2 c0de14e2        0     1                 $t.0
c0de14e3 c0de14e3       b4     1                 swap_handle_check_address
c0de1598 c0de1598       58     4         build/nanos2/obj/app/src/swap/handle_get_printable_amount.o:(.text.swap_handle_get_printable_amount)
c0de1598 c0de1598        0     1                 $t.0
c0de1599 c0de1599       58     1                 swap_handle_get_printable_amount
c0de15ec c0de15ec        0     1                 $d.1
c0de15f0 c0de15f0       80     4         build/nanos2/obj/app/src/swap/handle_swap_sign_transaction.o:(.text.swap_copy_transaction_parameters)
c0de15f0 c0de15f0        0     1                 $t.0
c0de15f1 c0de15f1       80     1                 swap_copy_transaction_parameters
c0de166c c0de166c        0     1                 $d.1
c0de1670 c0de1670       80     4         build/nanos2/obj/app/src/swap/handle_swap_sign_transaction.o:(.text.swap_check_validity)
c0de1670 c0de1670        0     1                 $t.2
c0de1671 c0de1671       80     1                 swap_check_validity
c0de16ec c0de16ec        0     1                 $d.3
c0de16f0 c0de16f0       be     2         build/nanos2/obj/app/src/transaction/deserialize.o:(.text.transaction_deserialize)
c0de16f0 c0de16f0        0     1                 $t.0
c0de16f1 c0de16f1       be     1                 transaction_deserialize
c0de17ae c0de17ae       3a     2         build/nanos2/obj/app/src/transaction/utils.o:(.text.transaction_utils_check_encoding)
c0de17ae c0de17ae        0     1                 $t.0
c0de17af c0de17af       3a     1                 transaction_utils_check_encoding
c0de17e8 c0de17e8        e     2         build/nanos2/obj/app/src/ui/action/validate.o:(.text.validate_pubkey)
c0de17e8 c0de17e8        0     1                 $t.0
c0de17e9 c0de17e9        e     1                 validate_pubkey
c0de17f6 c0de17f6        e     2         build/nanos2/obj/app/src/ui/action/validate.o:(.text.io_send_sw)
c0de17f6 c0de17f6        0     1                 $t.1
c0de17f7 c0de17f7        e     1                 io_send_sw
c0de1804 c0de1804       a0     4         build/nanos2/obj/app/src/ui/action/validate.o:(.text.validate_transaction)
c0de1804 c0de1804        0     1                 $t.2
c0de1805 c0de1805       a0     1                 validate_transaction
c0de189c c0de189c        0     1                 $d.3
c0de18a4 c0de18a4        6     2         build/nanos2/obj/app/src/ui/menu_nbgl.o:(.text.app_quit)
c0de18a4 c0de18a4        0     1                 $t.0
c0de18a5 c0de18a5        6     1                 app_quit
c0de18ac c0de18ac       90     4         build/nanos2/obj/app/src/ui/menu_nbgl.o:(.text.ui_menu_main)
c0de18ac c0de18ac        0     1                 $t.1
c0de18ad c0de18ad       90     1                 ui_menu_main
c0de1910 c0de1910        0     1                 $d.2
c0de193c c0de193c       b4     4         build/nanos2/obj/app/src/ui/menu_nbgl.o:(.text.controls_callback)
c0de193c c0de193c        0     1                 $t.3
c0de193d c0de193d       b4     1                 controls_callback
c0de19c8 c0de19c8        0     1                 $d.4
c0de19f0 c0de19f0       7c     4         build/nanos2/obj/app/src/ui/menu_nbgl.o:(.text.review_warning_choice)
c0de19f0 c0de19f0        0     1                 $t.5
c0de19f1 c0de19f1       7c     1                 review_warning_choice
c0de1a50 c0de1a50        0     1                 $d.6
c0de1a6c c0de1a6c        6     2         build/nanos2/obj/app/src/ui/menu_nbgl.o:(.text.OUTLINED_FUNCTION_0)
c0de1a6c c0de1a6c        0     1                 $t.7
c0de1a6d c0de1a6d        6     1                 OUTLINED_FUNCTION_0
c0de1a74 c0de1a74       a4     4         build/nanos2/obj/app/src/ui/nbgl_display_address.o:(.text.ui_display_address)
c0de1a74 c0de1a74        0     1                 $t.0
c0de1a75 c0de1a75       a4     1                 ui_display_address
c0de1b04 c0de1b04        0     1                 $d.1
c0de1b18 c0de1b18        e     2         build/nanos2/obj/app/src/ui/nbgl_display_address.o:(.text.io_send_sw)
c0de1b18 c0de1b18        0     1                 $t.2
c0de1b19 c0de1b19        e     1                 io_send_sw
c0de1b28 c0de1b28       20     4         build/nanos2/obj/app/src/ui/nbgl_display_address.o:(.text.review_choice)
c0de1b28 c0de1b28        0     1                 $t.3
c0de1b29 c0de1b29       20     1                 review_choice
c0de1b44 c0de1b44        0     1                 $d.4
c0de1b48 c0de1b48       dc     4         build/nanos2/obj/app/src/ui/nbgl_display_transaction.o:(.text.ui_display_transaction_bs_choice)
c0de1b48 c0de1b48        0     1                 $t.0
c0de1b49 c0de1b49       dc     1                 ui_display_transaction_bs_choice
c0de1c04 c0de1c04        0     1                 $d.1
c0de1c24 c0de1c24        e     2         build/nanos2/obj/app/src/ui/nbgl_display_transaction.o:(.text.io_send_sw)
c0de1c24 c0de1c24        0     1                 $t.2
c0de1c25 c0de1c25        e     1                 io_send_sw
c0de1c34 c0de1c34       1c     4         build/nanos2/obj/app/src/ui/nbgl_display_transaction.o:(.text.review_choice)
c0de1c34 c0de1c34        0     1                 $t.3
c0de1c35 c0de1c35       1c     1                 review_choice
c0de1c4c c0de1c4c        0     1                 $d.4
c0de1c50 c0de1c50        6     2         build/nanos2/obj/app/src/ui/nbgl_display_transaction.o:(.text.ui_display_blind_signed_transaction)
c0de1c50 c0de1c50        0     1                 $t.5
c0de1c51 c0de1c51        6     1                 ui_display_blind_signed_transaction
c0de1c56 c0de1c56        6     2         build/nanos2/obj/app/src/ui/nbgl_display_transaction.o:(.text.ui_display_transaction)
c0de1c56 c0de1c56        0     1                 $t.6
c0de1c57 c0de1c57        6     1                 ui_display_transaction
c0de1c5c c0de1c5c       6c     4         build/nanos2/obj/app/src/zknox/ecc/zkn_eddsa.o:(.text.zkn_prv_hash)
c0de1c5c c0de1c5c        0     1                 $t.0
c0de1c5d c0de1c5d       6c     1                 zkn_prv_hash
c0de1cc4 c0de1cc4        0     1                 $d.1
c0de1cc8 c0de1cc8       4e     2         build/nanos2/obj/app/src/zknox/ecc/zkn_eddsa.o:(.text.zkn_prv2pub)
c0de1cc8 c0de1cc8        0     1                 $t.2
c0de1cc9 c0de1cc9       4e     1                 zkn_prv2pub
c0de1d18 c0de1d18      2b8     4         build/nanos2/obj/app/src/zknox/ecc/zkn_eddsa.o:(.text.EddsaPoseidon_Sign_final)
c0de1d18 c0de1d18        0     1                 $t.3
c0de1d19 c0de1d19      2b8     1                 EddsaPoseidon_Sign_final
c0de1fc8 c0de1fc8        0     1                 $d.4
c0de1fd0 c0de1fd0        8     2         build/nanos2/obj/app/src/zknox/ecc/zkn_eddsa.o:(.text.rev64)
c0de1fd0 c0de1fd0        0     1                 $t.5
c0de1fd1 c0de1fd1        8     1                 rev64
c0de1fd8 c0de1fd8        8     2         build/nanos2/obj/app/src/zknox/ecc/zkn_eddsa.o:(.text.OUTLINED_FUNCTION_0)
c0de1fd8 c0de1fd8        0     1                 $t.6
c0de1fd9 c0de1fd9        8     1                 OUTLINED_FUNCTION_0
c0de1fe0 c0de1fe0        6     2         build/nanos2/obj/app/src/zknox/ecc/zkn_eddsa.o:(.text.OUTLINED_FUNCTION_1)
c0de1fe0 c0de1fe0        0     1                 $t.7
c0de1fe1 c0de1fe1        6     1                 OUTLINED_FUNCTION_1
c0de1fe6 c0de1fe6       c0     2         build/nanos2/obj/app/src/zknox/ecc/zkn_frost.o:(.text.zkn_frost_interpolate)
c0de1fe6 c0de1fe6        0     1                 $t.0
c0de1fe7 c0de1fe7       c0     1                 zkn_frost_interpolate
c0de20a6 c0de20a6       84     2         build/nanos2/obj/app/src/zknox/ecc/zkn_frost.o:(.text.zkn_frost_interpolate_secrets)
c0de20a6 c0de20a6        0     1                 $t.1
c0de20a7 c0de20a7       84     1                 zkn_frost_interpolate_secrets
c0de212a c0de212a       72     2         build/nanos2/obj/app/src/zknox/ecc/zkn_frost.o:(.text.zkn_evalshare)
c0de212a c0de212a        0     1                 $t.3
c0de212b c0de212b       72     1                 zkn_evalshare
c0de219c c0de219c       fa     2         build/nanos2/obj/app/src/zknox/ecc/zkn_frost.o:(.text.zkn_encode_group_commitmentHash)
c0de219c c0de219c        0     1                 $t.6
c0de219d c0de219d       fa     1                 zkn_encode_group_commitmentHash
c0de2296 c0de2296       d6     2         build/nanos2/obj/app/src/zknox/ecc/zkn_frost.o:(.text.zkn_compute_group_commitment)
c0de2296 c0de2296        0     1                 $t.7
c0de2297 c0de2297       d6     1                 zkn_compute_group_commitment
c0de236c c0de236c      106     2         build/nanos2/obj/app/src/zknox/ecc/zkn_frost.o:(.text.zkn_compute_binding_factors)
c0de236c c0de236c        0     1                 $t.8
c0de236d c0de236d      106     1                 zkn_compute_binding_factors
c0de2472 c0de2472       10     2         build/nanos2/obj/app/src/zknox/ecc/zkn_frost.o:(.text.zkn_serialize_scalar_for_hash)
c0de2472 c0de2472        0     1                 $t.9
c0de2473 c0de2473       10     1                 zkn_serialize_scalar_for_hash
c0de2482 c0de2482       16     2         build/nanos2/obj/app/src/zknox/ecc/zkn_frost.o:(.text.OUTLINED_FUNCTION_0)
c0de2482 c0de2482        0     1                 $t.16
c0de2483 c0de2483       16     1                 OUTLINED_FUNCTION_0
c0de2498 c0de2498        8     2         build/nanos2/obj/app/src/zknox/ecc/zkn_frost.o:(.text.OUTLINED_FUNCTION_2)
c0de2498 c0de2498        0     1                 $t.18
c0de2499 c0de2499        8     1                 OUTLINED_FUNCTION_2
c0de24a0 c0de24a0        6     2         build/nanos2/obj/app/src/zknox/ecc/zkn_frost.o:(.text.OUTLINED_FUNCTION_3)
c0de24a0 c0de24a0        0     1                 $t.19
c0de24a1 c0de24a1        6     1                 OUTLINED_FUNCTION_3
c0de24a6 c0de24a6        6     2         build/nanos2/obj/app/src/zknox/ecc/zkn_frost.o:(.text.OUTLINED_FUNCTION_4)
c0de24a6 c0de24a6        0     1                 $t.20
c0de24a7 c0de24a7        6     1                 OUTLINED_FUNCTION_4
c0de24ac c0de24ac       2a     2         build/nanos2/obj/app/src/zknox/ecc/zkn_tEdwards.o:(.text.tEdwards_alloc)
c0de24ac c0de24ac        0     1                 $t.0
c0de24ad c0de24ad       2a     1                 tEdwards_alloc
c0de24d6 c0de24d6       22     2         build/nanos2/obj/app/src/zknox/ecc/zkn_tEdwards.o:(.text.tEdwards_destroy)
c0de24d6 c0de24d6        0     1                 $t.1
c0de24d7 c0de24d7       22     1                 tEdwards_destroy
c0de24f8 c0de24f8       d6     2         build/nanos2/obj/app/src/zknox/ecc/zkn_tEdwards.o:(.text.tEdwards_double)
c0de24f8 c0de24f8        0     1                 $t.2
c0de24f9 c0de24f9       d6     1                 tEdwards_double
c0de25ce c0de25ce      130     2         build/nanos2/obj/app/src/zknox/ecc/zkn_tEdwards.o:(.text.tEdwards_add)
c0de25ce c0de25ce        0     1                 $t.3
c0de25cf c0de25cf      130     1                 tEdwards_add
c0de26fe c0de26fe       ac     2         build/nanos2/obj/app/src/zknox/ecc/zkn_tEdwards.o:(.text.tEdwards_IsOnCurve)
c0de26fe c0de26fe        0     1                 $t.4
c0de26ff c0de26ff       ac     1                 tEdwards_IsOnCurve
c0de27ac c0de27ac      1e0     4         build/nanos2/obj/app/src/zknox/ecc/zkn_tEdwards.o:(.text.tEdwards_Curve_alloc_init)
c0de27ac c0de27ac        0     1                 $t.5
c0de27ad c0de27ad      1e0     1                 tEdwards_Curve_alloc_init
c0de2960 c0de2960        0     1                 $d.6
c0de298c c0de298c       7e     2         build/nanos2/obj/app/src/zknox/ecc/zkn_tEdwards.o:(.text.tEdwards_init)
c0de298c c0de298c        0     1                 $t.7
c0de298d c0de298d       7e     1                 tEdwards_init
c0de2a0a c0de2a0a       92     2         build/nanos2/obj/app/src/zknox/ecc/zkn_tEdwards.o:(.text.tEdwards_Curve_partial_destroy)
c0de2a0a c0de2a0a        0     1                 $t.9
c0de2a0b c0de2a0b       92     1                 tEdwards_Curve_partial_destroy
c0de2a9c c0de2a9c       26     2         build/nanos2/obj/app/src/zknox/ecc/zkn_tEdwards.o:(.text.tEdwards_SetNeutral)
c0de2a9c c0de2a9c        0     1                 $t.11
c0de2a9d c0de2a9d       26     1                 tEdwards_SetNeutral
c0de2ac2 c0de2ac2       4c     2         build/nanos2/obj/app/src/zknox/ecc/zkn_tEdwards.o:(.text.tEdwards_export)
c0de2ac2 c0de2ac2        0     1                 $t.12
c0de2ac3 c0de2ac3       4c     1                 tEdwards_export
c0de2b0e c0de2b0e       5a     2         build/nanos2/obj/app/src/zknox/ecc/zkn_tEdwards.o:(.text.tEdwards_normalize)
c0de2b0e c0de2b0e        0     1                 $t.13
c0de2b0f c0de2b0f       5a     1                 tEdwards_normalize
c0de2b68 c0de2b68       26     2         build/nanos2/obj/app/src/zknox/ecc/zkn_tEdwards.o:(.text.tEdwards_copy)
c0de2b68 c0de2b68        0     1                 $t.14
c0de2b69 c0de2b69       26     1                 tEdwards_copy
c0de2b8e c0de2b8e       3e     2         build/nanos2/obj/app/src/zknox/ecc/zkn_tEdwards.o:(.text.tEdwards_alloc_init)
c0de2b8e c0de2b8e        0     1                 $t.15
c0de2b8f c0de2b8f       3e     1                 tEdwards_alloc_init
c0de2bcc c0de2bcc       ca     2         build/nanos2/obj/app/src/zknox/ecc/zkn_tEdwards.o:(.text.tEdwards_scalarMul_bn)
c0de2bcc c0de2bcc        0     1                 $t.17
c0de2bcd c0de2bcd       ca     1                 tEdwards_scalarMul_bn
c0de2c98 c0de2c98       40     4         build/nanos2/obj/app/src/zknox/ecc/zkn_tEdwards.o:(.text.tEdwards_scalarMul)
c0de2c98 c0de2c98        0     1                 $t.18
c0de2c99 c0de2c99       40     1                 tEdwards_scalarMul
c0de2cd4 c0de2cd4        0     1                 $d.19
c0de2cd8 c0de2cd8        6     2         build/nanos2/obj/app/src/zknox/ecc/zkn_tEdwards.o:(.text.OUTLINED_FUNCTION_0)
c0de2cd8 c0de2cd8        0     1                 $t.22
c0de2cd9 c0de2cd9        6     1                 OUTLINED_FUNCTION_0
c0de2cde c0de2cde        6     2         build/nanos2/obj/app/src/zknox/ecc/zkn_tEdwards.o:(.text.OUTLINED_FUNCTION_1)
c0de2cde c0de2cde        0     1                 $t.23
c0de2cdf c0de2cdf        6     1                 OUTLINED_FUNCTION_1
c0de2ce4 c0de2ce4        8     2         build/nanos2/obj/app/src/zknox/ecc/zkn_tEdwards.o:(.text.OUTLINED_FUNCTION_2)
c0de2ce4 c0de2ce4        0     1                 $t.24
c0de2ce5 c0de2ce5        8     1                 OUTLINED_FUNCTION_2
c0de2cec c0de2cec        8     2         build/nanos2/obj/app/src/zknox/ecc/zkn_tEdwards.o:(.text.OUTLINED_FUNCTION_3)
c0de2cec c0de2cec        0     1                 $t.25
c0de2ced c0de2ced        8     1                 OUTLINED_FUNCTION_3
c0de2cf4 c0de2cf4        a     2         build/nanos2/obj/app/src/zknox/ecc/zkn_tEdwards.o:(.text.OUTLINED_FUNCTION_4)
c0de2cf4 c0de2cf4        0     1                 $t.26
c0de2cf5 c0de2cf5        a     1                 OUTLINED_FUNCTION_4
c0de2cfe c0de2cfe        a     2         build/nanos2/obj/app/src/zknox/ecc/zkn_tEdwards.o:(.text.OUTLINED_FUNCTION_5)
c0de2cfe c0de2cfe        0     1                 $t.27
c0de2cff c0de2cff        a     1                 OUTLINED_FUNCTION_5
c0de2d08 c0de2d08        a     2         build/nanos2/obj/app/src/zknox/ecc/zkn_tEdwards.o:(.text.OUTLINED_FUNCTION_6)
c0de2d08 c0de2d08        0     1                 $t.28
c0de2d09 c0de2d09        a     1                 OUTLINED_FUNCTION_6
c0de2d12 c0de2d12        a     2         build/nanos2/obj/app/src/zknox/ecc/zkn_tEdwards.o:(.text.OUTLINED_FUNCTION_7)
c0de2d12 c0de2d12        0     1                 $t.29
c0de2d13 c0de2d13        a     1                 OUTLINED_FUNCTION_7
c0de2d1c c0de2d1c        a     2         build/nanos2/obj/app/src/zknox/ecc/zkn_tEdwards.o:(.text.OUTLINED_FUNCTION_8)
c0de2d1c c0de2d1c        0     1                 $t.30
c0de2d1d c0de2d1d        a     1                 OUTLINED_FUNCTION_8
c0de2d26 c0de2d26        a     2         build/nanos2/obj/app/src/zknox/ecc/zkn_tEdwards.o:(.text.OUTLINED_FUNCTION_9)
c0de2d26 c0de2d26        0     1                 $t.31
c0de2d27 c0de2d27        a     1                 OUTLINED_FUNCTION_9
c0de2d30 c0de2d30        a     2         build/nanos2/obj/app/src/zknox/ecc/zkn_tEdwards.o:(.text.OUTLINED_FUNCTION_10)
c0de2d30 c0de2d30        0     1                 $t.32
c0de2d31 c0de2d31        a     1                 OUTLINED_FUNCTION_10
c0de2d3a c0de2d3a        6     2         build/nanos2/obj/app/src/zknox/ecc/zkn_tEdwards.o:(.text.OUTLINED_FUNCTION_11)
c0de2d3a c0de2d3a        0     1                 $t.33
c0de2d3b c0de2d3b        6     1                 OUTLINED_FUNCTION_11
c0de2d40 c0de2d40       80     4         build/nanos2/obj/app/src/zknox/hash/zkn_poseidon_constants.o:(.text.grain_lfsr_advance)
c0de2d40 c0de2d40        0     1                 $t.0
c0de2d41 c0de2d41       80     1                 grain_lfsr_advance
c0de2db8 c0de2db8        0     1                 $d.1
c0de2dc0 c0de2dc0       4a     2         build/nanos2/obj/app/src/zknox/hash/zkn_poseidon_constants.o:(.text.next64_graingen)
c0de2dc0 c0de2dc0        0     1                 $t.2
c0de2dc1 c0de2dc1       4a     1                 next64_graingen
c0de2e0c c0de2e0c       30     4         build/nanos2/obj/app/src/zknox/hash/zkn_poseidon_constants.o:(.text.init_generator)
c0de2e0c c0de2e0c        0     1                 $t.3
c0de2e0d c0de2e0d       30     1                 init_generator
c0de2e34 c0de2e34        0     1                 $d.4
c0de2e3c c0de2e3c       98     4         build/nanos2/obj/app/src/zknox/hash/zkn_poseidon_constants.o:(.text.gen_integer)
c0de2e3c c0de2e3c        0     1                 $t.5
c0de2e3d c0de2e3d       98     1                 gen_integer
c0de2ec4 c0de2ec4        0     1                 $d.6
c0de2ed4 c0de2ed4        8     2         build/nanos2/obj/app/src/zknox/hash/zkn_poseidon_constants.o:(.text.rev64)
c0de2ed4 c0de2ed4        0     1                 $t.7
c0de2ed5 c0de2ed5        8     1                 rev64
c0de2edc c0de2edc        6     2         build/nanos2/obj/app/src/zknox/hash/zkn_poseidon_constants.o:(.text.Poseidon_getNext_RC)
c0de2edc c0de2edc        0     1                 $t.8
c0de2edd c0de2edd        6     1                 Poseidon_getNext_RC
c0de2ee4 c0de2ee4       cc     4         build/nanos2/obj/app/src/zknox/hash/zkn_poseidon_constants.o:(.text.Poseidon_alloc_init)
c0de2ee4 c0de2ee4        0     1                 $t.9
c0de2ee5 c0de2ee5       cc     1                 Poseidon_alloc_init
c0de2fac c0de2fac        0     1                 $d.10
c0de2fb0 c0de2fb0      1a0     4         build/nanos2/obj/app/src/zknox/hash/zkn_poseidon_constants.o:(.text.Poseidon)
c0de2fb0 c0de2fb0        0     1                 $t.13
c0de2fb1 c0de2fb1      1a0     1                 Poseidon
c0de314c c0de314c        0     1                 $d.14
c0de3150 c0de3150       98     4         build/nanos2/obj/app/src/zknox/hash/zkn_rfc9591frost.o:(.text.RFC9591_taggedHash)
c0de3150 c0de3150        0     1                 $t.0
c0de3151 c0de3151       98     1                 RFC9591_taggedHash
c0de31e4 c0de31e4        0     1                 $d.1
c0de31e8 c0de31e8       1c     2         build/nanos2/obj/app/src/zknox/hash/zkn_rfc9591frost.o:(.text.Babyfrost_H1)
c0de31e8 c0de31e8        0     1                 $t.2
c0de31e9 c0de31e9       1c     1                 Babyfrost_H1
c0de3204 c0de3204       28     4         build/nanos2/obj/app/src/zknox/hash/zkn_rfc9591frost.o:(.text.Babyfrost_H3)
c0de3204 c0de3204        0     1                 $t.3
c0de3205 c0de3205       28     1                 Babyfrost_H3
c0de3228 c0de3228        0     1                 $d.4
c0de322c c0de322c       1c     2         build/nanos2/obj/app/src/zknox/hash/zkn_rfc9591frost.o:(.text.Babyfrost_H4)
c0de322c c0de322c        0     1                 $t.5
c0de322d c0de322d       1c     1                 Babyfrost_H4
c0de3248 c0de3248       1c     2         build/nanos2/obj/app/src/zknox/hash/zkn_rfc9591frost.o:(.text.Babyfrost_H5)
c0de3248 c0de3248        0     1                 $t.6
c0de3249 c0de3249       1c     1                 Babyfrost_H5
c0de3264 c0de3264       2c     2         build/nanos2/obj/app/src/zknox/hash/zkn_rfc9591frost.o:(.text.zkn_frost_hash_init)
c0de3264 c0de3264        0     1                 $t.7
c0de3265 c0de3265       2c     1                 zkn_frost_hash_init
c0de3290 c0de3290       34     4         build/nanos2/obj/app/src/zknox/hash/zkn_rfc9591frost.o:(.text.zkn_frost_H1_init)
c0de3290 c0de3290        0     1                 $t.8
c0de3291 c0de3291       34     1                 zkn_frost_H1_init
c0de32c0 c0de32c0        0     1                 $d.9
c0de32c4 c0de32c4       34     4         build/nanos2/obj/app/src/zknox/hash/zkn_rfc9591frost.o:(.text.zkn_frost_H5_init)
c0de32c4 c0de32c4        0     1                 $t.10
c0de32c5 c0de32c5       34     1                 zkn_frost_H5_init
c0de32f4 c0de32f4        0     1                 $d.11
c0de32f8 c0de32f8        4     2         build/nanos2/obj/app/src/zknox/hash/zkn_rfc9591frost.o:(.text.zkn_frost_hash_update)
c0de32f8 c0de32f8        0     1                 $t.12
c0de32f9 c0de32f9        4     1                 zkn_frost_hash_update
c0de32fc c0de32fc       50     2         build/nanos2/obj/app/src/zknox/hash/zkn_rfc9591frost.o:(.text.zkn_frost_hash_final)
c0de32fc c0de32fc        0     1                 $t.13
c0de32fd c0de32fd       50     1                 zkn_frost_hash_final
c0de334c c0de334c       14     2         build/nanos2/obj/app/src/zknox/hash/zkn_rfc9591frost.o:(.text.OUTLINED_FUNCTION_0)
c0de334c c0de334c        0     1                 $t.14
c0de334d c0de334d       14     1                 OUTLINED_FUNCTION_0
c0de3360 c0de3360        e     2         build/nanos2/obj/app/src/zknox/hash/zkn_rfc9591frost.o:(.text.OUTLINED_FUNCTION_1)
c0de3360 c0de3360        0     1                 $t.15
c0de3361 c0de3361        e     1                 OUTLINED_FUNCTION_1
c0de336e c0de336e        a     2         build/nanos2/obj/app/src/zknox/hash/zkn_rfc9591frost.o:(.text.OUTLINED_FUNCTION_2)
c0de336e c0de336e        0     1                 $t.16
c0de336f c0de336f        a     1                 OUTLINED_FUNCTION_2
c0de3378 c0de3378        e     2         build/nanos2/obj/app/src/zknox/hash/zkn_rfc9591frost.o:(.text.OUTLINED_FUNCTION_3)
c0de3378 c0de3378        0     1                 $t.17
c0de3379 c0de3379        e     1                 OUTLINED_FUNCTION_3
c0de3386 c0de3386       d6     2         build/nanos2/obj/sdk/io/src/os_io_default_apdu.o:(.text.os_io_handle_default_apdu)
c0de3386 c0de3386        0     1                 $t.0
c0de3387 c0de3387       d6     1                 os_io_handle_default_apdu
c0de345c c0de345c        e     2         build/nanos2/obj/sdk/io/src/os_io_default_apdu.o:(.text.OUTLINED_FUNCTION_0)
c0de345c c0de345c        0     1                 $t.1
c0de345d c0de345d        e     1                 OUTLINED_FUNCTION_0
c0de346a c0de346a       1c     2         build/nanos2/obj/sdk/io/src/os_io_seph_ux.o:(.text.io_process_itc_ux_event)
c0de346a c0de346a        0     1                 $t.2
c0de346b c0de346b       1c     1                 io_process_itc_ux_event
c0de3488 c0de3488       28     4         build/nanos2/obj/sdk/io_legacy/src/os_io_legacy.o:(.text.io_legacy_apdu_tx)
c0de3488 c0de3488        0     1                 $t.12
c0de3489 c0de3489       28     1                 io_legacy_apdu_tx
c0de34a8 c0de34a8        0     1                 $d.13
c0de34b0 c0de34b0      1b4     4         build/nanos2/obj/sdk/io_legacy/src/os_io_legacy.o:(.text.io_legacy_apdu_rx)
c0de34b0 c0de34b0        0     1                 $t.14
c0de34b1 c0de34b1      1b4     1                 io_legacy_apdu_rx
c0de3648 c0de3648        0     1                 $d.15
c0de3664 c0de3664       38     4         build/nanos2/obj/sdk/io_legacy/src/os_io_legacy.o:(.text.io_seproxyhal_init)
c0de3664 c0de3664        0     1                 $t.16
c0de3665 c0de3665       38     1                 io_seproxyhal_init
c0de3698 c0de3698        0     1                 $d.17
c0de369c c0de369c       ac     2         build/nanos2/obj/sdk/lib_nbgl/src/nbgl_layout_nanos.o:(.text.getTextMaxLenAndWidth)
c0de369c c0de369c        0     1                 $t.0
c0de369d c0de369d       ac     1                 getTextMaxLenAndWidth
c0de3748 c0de3748       78     4         build/nanos2/obj/sdk/lib_nbgl/src/nbgl_layout_nanos.o:(.text.nbgl_layoutGet)
c0de3748 c0de3748        0     1                 $t.2
c0de3749 c0de3749       78     1                 nbgl_layoutGet
c0de37b8 c0de37b8        0     1                 $d.3
c0de37c0 c0de37c0       50     4         build/nanos2/obj/sdk/lib_nbgl/src/nbgl_layout_nanos.o:(.text.buttonCallback)
c0de37c0 c0de37c0        0     1                 $t.4
c0de37c1 c0de37c1       50     1                 buttonCallback
c0de380c c0de380c        0     1                 $d.5
c0de3810 c0de3810       bc     4         build/nanos2/obj/sdk/lib_nbgl/src/nbgl_layout_nanos.o:(.text.nbgl_layoutAddNavigation)
c0de3810 c0de3810        0     1                 $t.6
c0de3811 c0de3811       bc     1                 nbgl_layoutAddNavigation
c0de38bc c0de38bc        0     1                 $d.7
c0de38cc c0de38cc      380     4         build/nanos2/obj/sdk/lib_nbgl/src/nbgl_layout_nanos.o:(.text.nbgl_layoutAddText)
c0de38cc c0de38cc        0     1                 $t.8
c0de38cd c0de38cd      380     1                 nbgl_layoutAddText
c0de3c48 c0de3c48        0     1                 $d.9
c0de3c4c c0de3c4c       a8     2         build/nanos2/obj/sdk/lib_nbgl/src/nbgl_layout_nanos.o:(.text.nbgl_layoutAddMenuList)
c0de3c4c c0de3c4c        0     1                 $t.10
c0de3c4d c0de3c4d       a8     1                 nbgl_layoutAddMenuList
c0de3cf4 c0de3cf4      340     2         build/nanos2/obj/sdk/lib_nbgl/src/nbgl_layout_nanos.o:(.text.nbgl_layoutAddCenteredInfo)
c0de3cf4 c0de3cf4        0     1                 $t.11
c0de3cf5 c0de3cf5      340     1                 nbgl_layoutAddCenteredInfo
c0de4034 c0de4034      1dc     4         build/nanos2/obj/sdk/lib_nbgl/src/nbgl_layout_nanos.o:(.text.nbgl_layoutAddSwitch)
c0de4034 c0de4034        0     1                 $t.14
c0de4035 c0de4035      1dc     1                 nbgl_layoutAddSwitch
c0de4200 c0de4200        0     1                 $d.15
c0de4210 c0de4210       10     2         build/nanos2/obj/sdk/lib_nbgl/src/nbgl_layout_nanos.o:(.text.nbgl_layoutDraw)
c0de4210 c0de4210        0     1                 $t.16
c0de4211 c0de4211       10     1                 nbgl_layoutDraw
c0de4220 c0de4220       1a     2         build/nanos2/obj/sdk/lib_nbgl/src/nbgl_layout_nanos.o:(.text.nbgl_layoutRelease)
c0de4220 c0de4220        0     1                 $t.17
c0de4221 c0de4221       1a     1                 nbgl_layoutRelease
c0de423a c0de423a       1a     2         build/nanos2/obj/sdk/lib_nbgl/src/nbgl_layout_nanos.o:(.text.OUTLINED_FUNCTION_1)
c0de423a c0de423a        0     1                 $t.19
c0de423b c0de423b       1a     1                 OUTLINED_FUNCTION_1
c0de4254 c0de4254       1a     2         build/nanos2/obj/sdk/lib_nbgl/src/nbgl_layout_nanos.o:(.text.OUTLINED_FUNCTION_2)
c0de4254 c0de4254        0     1                 $t.20
c0de4255 c0de4255       1a     1                 OUTLINED_FUNCTION_2
c0de426e c0de426e       12     2         build/nanos2/obj/sdk/lib_nbgl/src/nbgl_layout_nanos.o:(.text.OUTLINED_FUNCTION_3)
c0de426e c0de426e        0     1                 $t.21
c0de426f c0de426f       12     1                 OUTLINED_FUNCTION_3
c0de4280 c0de4280        6     2         build/nanos2/obj/sdk/lib_nbgl/src/nbgl_layout_nanos.o:(.text.OUTLINED_FUNCTION_4)
c0de4280 c0de4280        0     1                 $t.22
c0de4281 c0de4281        6     1                 OUTLINED_FUNCTION_4
c0de4286 c0de4286        a     2         build/nanos2/obj/sdk/lib_nbgl/src/nbgl_layout_nanos.o:(.text.OUTLINED_FUNCTION_5)
c0de4286 c0de4286        0     1                 $t.23
c0de4287 c0de4287        a     1                 OUTLINED_FUNCTION_5
c0de4290 c0de4290       10     2         build/nanos2/obj/sdk/lib_nbgl/src/nbgl_layout_nanos.o:(.text.OUTLINED_FUNCTION_6)
c0de4290 c0de4290        0     1                 $t.24
c0de4291 c0de4291       10     1                 OUTLINED_FUNCTION_6
c0de42a0 c0de42a0        8     2         build/nanos2/obj/sdk/lib_nbgl/src/nbgl_layout_nanos.o:(.text.OUTLINED_FUNCTION_7)
c0de42a0 c0de42a0        0     1                 $t.25
c0de42a1 c0de42a1        8     1                 OUTLINED_FUNCTION_7
c0de42a8 c0de42a8        6     2         build/nanos2/obj/sdk/lib_nbgl/src/nbgl_layout_nanos.o:(.text.OUTLINED_FUNCTION_8)
c0de42a8 c0de42a8        0     1                 $t.26
c0de42a9 c0de42a9        6     1                 OUTLINED_FUNCTION_8
c0de42ae c0de42ae        e     2         build/nanos2/obj/sdk/lib_nbgl/src/nbgl_layout_nanos.o:(.text.OUTLINED_FUNCTION_9)
c0de42ae c0de42ae        0     1                 $t.27
c0de42af c0de42af        e     1                 OUTLINED_FUNCTION_9
c0de42bc c0de42bc       72     2         build/nanos2/obj/sdk/lib_nbgl/src/nbgl_step.o:(.text.nbgl_stepDrawText)
c0de42bc c0de42bc        0     1                 $t.0
c0de42bd c0de42bd       72     1                 nbgl_stepDrawText
c0de4330 c0de4330       4c     4         build/nanos2/obj/sdk/lib_nbgl/src/nbgl_step.o:(.text.getFreeContext)
c0de4330 c0de4330        0     1                 $t.1
c0de4331 c0de4331       4c     1                 getFreeContext
c0de4378 c0de4378        0     1                 $d.2
c0de437c c0de437c      1cc     4         build/nanos2/obj/sdk/lib_nbgl/src/nbgl_step.o:(.text.displayTextPage)
c0de437c c0de437c        0     1                 $t.3
c0de437d c0de437d      1cc     1                 displayTextPage
c0de4540 c0de4540        0     1                 $d.4
c0de4548 c0de4548       7c     4         build/nanos2/obj/sdk/lib_nbgl/src/nbgl_step.o:(.text.nbgl_stepDrawCenteredInfo)
c0de4548 c0de4548        0     1                 $t.5
c0de4549 c0de4549       7c     1                 nbgl_stepDrawCenteredInfo
c0de45c0 c0de45c0        0     1                 $d.6
c0de45c4 c0de45c4       6c     2         build/nanos2/obj/sdk/lib_nbgl/src/nbgl_step.o:(.text.actionCallback)
c0de45c4 c0de45c4        0     1                 $t.7
c0de45c5 c0de45c5       6c     1                 actionCallback
c0de4630 c0de4630       38     2         build/nanos2/obj/sdk/lib_nbgl/src/nbgl_step.o:(.text.getNavigationInfo)
c0de4630 c0de4630        0     1                 $t.8
c0de4631 c0de4631       38     1                 getNavigationInfo
c0de4668 c0de4668       36     2         build/nanos2/obj/sdk/lib_nbgl/src/nbgl_step.o:(.text.nbgl_stepDrawMenuList)
c0de4668 c0de4668        0     1                 $t.9
c0de4669 c0de4669       36     1                 nbgl_stepDrawMenuList
c0de46a0 c0de46a0       78     4         build/nanos2/obj/sdk/lib_nbgl/src/nbgl_step.o:(.text.displayMenuList)
c0de46a0 c0de46a0        0     1                 $t.10
c0de46a1 c0de46a1       78     1                 displayMenuList
c0de4714 c0de4714        0     1                 $d.11
c0de4718 c0de4718       7c     4         build/nanos2/obj/sdk/lib_nbgl/src/nbgl_step.o:(.text.nbgl_stepDrawSwitch)
c0de4718 c0de4718        0     1                 $t.13
c0de4719 c0de4719       7c     1                 nbgl_stepDrawSwitch
c0de4790 c0de4790        0     1                 $d.14
c0de4794 c0de4794       18     2         build/nanos2/obj/sdk/lib_nbgl/src/nbgl_step.o:(.text.nbgl_stepRelease)
c0de4794 c0de4794        0     1                 $t.15
c0de4795 c0de4795       18     1                 nbgl_stepRelease
c0de47ac c0de47ac       28     4         build/nanos2/obj/sdk/lib_nbgl/src/nbgl_step.o:(.text.getContextFromLayout)
c0de47ac c0de47ac        0     1                 $t.16
c0de47ad c0de47ad       28     1                 getContextFromLayout
c0de47d0 c0de47d0        0     1                 $d.17
c0de47d4 c0de47d4       40     2         build/nanos2/obj/sdk/lib_nbgl/src/nbgl_step.o:(.text.menuListActionCallback)
c0de47d4 c0de47d4        0     1                 $t.18
c0de47d5 c0de47d5       40     1                 menuListActionCallback
c0de4814 c0de4814       8e     2         build/nanos2/obj/sdk/lib_nbgl/src/nbgl_step.o:(.text.OUTLINED_FUNCTION_0)
c0de4814 c0de4814        0     1                 $t.19
c0de4815 c0de4815       8e     1                 OUTLINED_FUNCTION_0
c0de48a2 c0de48a2       4a     2         build/nanos2/obj/sdk/lib_nbgl/src/nbgl_step.o:(.text.OUTLINED_FUNCTION_1)
c0de48a2 c0de48a2        0     1                 $t.20
c0de48a3 c0de48a3       4a     1                 OUTLINED_FUNCTION_1
c0de48ec c0de48ec       12     2         build/nanos2/obj/sdk/lib_nbgl/src/nbgl_step.o:(.text.OUTLINED_FUNCTION_2)
c0de48ec c0de48ec        0     1                 $t.21
c0de48ed c0de48ed       12     1                 OUTLINED_FUNCTION_2
c0de48fe c0de48fe        a     2         build/nanos2/obj/sdk/lib_nbgl/src/nbgl_step.o:(.text.OUTLINED_FUNCTION_3)
c0de48fe c0de48fe        0     1                 $t.22
c0de48ff c0de48ff        a     1                 OUTLINED_FUNCTION_3
c0de4908 c0de4908        6     2         build/nanos2/obj/sdk/lib_nbgl/src/nbgl_step.o:(.text.OUTLINED_FUNCTION_4)
c0de4908 c0de4908        0     1                 $t.23
c0de4909 c0de4909        6     1                 OUTLINED_FUNCTION_4
c0de490e c0de490e        e     2         build/nanos2/obj/sdk/lib_nbgl/src/nbgl_step.o:(.text.OUTLINED_FUNCTION_5)
c0de490e c0de490e        0     1                 $t.24
c0de490f c0de490f        e     1                 OUTLINED_FUNCTION_5
c0de491c c0de491c       4c     4         build/nanos2/obj/sdk/lib_nbgl/src/nbgl_use_case_nanos.o:(.text.nbgl_useCaseHomeAndSettings)
c0de491c c0de491c        0     1                 $t.11
c0de491d c0de491d       4c     1                 nbgl_useCaseHomeAndSettings
c0de4964 c0de4964        0     1                 $d.12
c0de4968 c0de4968       78     4         build/nanos2/obj/sdk/lib_nbgl/src/nbgl_use_case_nanos.o:(.text.startUseCaseSettingsAtPage)
c0de4968 c0de4968        0     1                 $t.13
c0de4969 c0de4969       78     1                 startUseCaseSettingsAtPage
c0de49dc c0de49dc        0     1                 $d.14
c0de49e0 c0de49e0       8c     4         build/nanos2/obj/sdk/lib_nbgl/src/nbgl_use_case_nanos.o:(.text.startUseCaseHome)
c0de49e0 c0de49e0        0     1                 $t.15
c0de49e1 c0de49e1       8c     1                 startUseCaseHome
c0de4a68 c0de4a68        0     1                 $d.16
c0de4a6c c0de4a6c       20     2         build/nanos2/obj/sdk/lib_nbgl/src/nbgl_use_case_nanos.o:(.text.nbgl_useCaseReview)
c0de4a6c c0de4a6c        0     1                 $t.20
c0de4a6d c0de4a6d       20     1                 nbgl_useCaseReview
c0de4a8c c0de4a8c       50     4         build/nanos2/obj/sdk/lib_nbgl/src/nbgl_use_case_nanos.o:(.text.useCaseReview)
c0de4a8c c0de4a8c        0     1                 $t.21
c0de4a8d c0de4a8d       50     1                 useCaseReview
c0de4ad8 c0de4ad8        0     1                 $d.22
c0de4adc c0de4adc       bc     4         build/nanos2/obj/sdk/lib_nbgl/src/nbgl_use_case_nanos.o:(.text.nbgl_useCaseAdvancedReview)
c0de4adc c0de4adc        0     1                 $t.23
c0de4add c0de4add       bc     1                 nbgl_useCaseAdvancedReview
c0de4b94 c0de4b94        0     1                 $d.24
c0de4b98 c0de4b98       14     4         build/nanos2/obj/sdk/lib_nbgl/src/nbgl_use_case_nanos.o:(.text.displayInitialWarning)
c0de4b98 c0de4b98        0     1                 $t.25
c0de4b99 c0de4b99       14     1                 displayInitialWarning
c0de4ba8 c0de4ba8        0     1                 $d.26
c0de4bac c0de4bac       24     4         build/nanos2/obj/sdk/lib_nbgl/src/nbgl_use_case_nanos.o:(.text.nbgl_useCaseReviewBlindSigning)
c0de4bac c0de4bac        0     1                 $t.27
c0de4bad c0de4bad       24     1                 nbgl_useCaseReviewBlindSigning
c0de4bcc c0de4bcc        0     1                 $d.28
c0de4bd0 c0de4bd0       68     4         build/nanos2/obj/sdk/lib_nbgl/src/nbgl_use_case_nanos.o:(.text.nbgl_useCaseAddressReview)
c0de4bd0 c0de4bd0        0     1                 $t.30
c0de4bd1 c0de4bd1       68     1                 nbgl_useCaseAddressReview
c0de4c34 c0de4c34        0     1                 $d.31
c0de4c38 c0de4c38      198     4         build/nanos2/obj/sdk/lib_nbgl/src/nbgl_use_case_nanos.o:(.text.displayReviewPage)
c0de4c38 c0de4c38        0     1                 $t.32
c0de4c39 c0de4c39      198     1                 displayReviewPage
c0de4db4 c0de4db4        0     1                 $d.33
c0de4dd0 c0de4dd0       40     4         build/nanos2/obj/sdk/lib_nbgl/src/nbgl_use_case_nanos.o:(.text.nbgl_useCaseStatus)
c0de4dd0 c0de4dd0        0     1                 $t.36
c0de4dd1 c0de4dd1       40     1                 nbgl_useCaseStatus
c0de4e08 c0de4e08        0     1                 $d.37
c0de4e10 c0de4e10      188     4         build/nanos2/obj/sdk/lib_nbgl/src/nbgl_use_case_nanos.o:(.text.drawStep)
c0de4e10 c0de4e10        0     1                 $t.38
c0de4e11 c0de4e11      188     1                 drawStep
c0de4f84 c0de4f84        0     1                 $d.39
c0de4f98 c0de4f98       1c     4         build/nanos2/obj/sdk/lib_nbgl/src/nbgl_use_case_nanos.o:(.text.statusButtonCallback)
c0de4f98 c0de4f98        0     1                 $t.40
c0de4f99 c0de4f99       1c     1                 statusButtonCallback
c0de4fb0 c0de4fb0        0     1                 $d.41
c0de4fb4 c0de4fb4       94     4         build/nanos2/obj/sdk/lib_nbgl/src/nbgl_use_case_nanos.o:(.text.nbgl_useCaseReviewStatus)
c0de4fb4 c0de4fb4        0     1                 $t.42
c0de4fb5 c0de4fb5       94     1                 nbgl_useCaseReviewStatus
c0de5028 c0de5028        0     1                 $d.43
c0de5048 c0de5048      184     4         build/nanos2/obj/sdk/lib_nbgl/src/nbgl_use_case_nanos.o:(.text.displayStreamingReviewPage)
c0de5048 c0de5048        0     1                 $t.46
c0de5049 c0de5049      184     1                 displayStreamingReviewPage
c0de51b8 c0de51b8        0     1                 $d.47
c0de51cc c0de51cc       3c     4         build/nanos2/obj/sdk/lib_nbgl/src/nbgl_use_case_nanos.o:(.text.nbgl_useCaseSpinner)
c0de51cc c0de51cc        0     1                 $t.57
c0de51cd c0de51cd       3c     1                 nbgl_useCaseSpinner
c0de5200 c0de5200        0     1                 $d.58
c0de5208 c0de5208       38     4         build/nanos2/obj/sdk/lib_nbgl/src/nbgl_use_case_nanos.o:(.text.nbgl_useCaseChoice)
c0de5208 c0de5208        0     1                 $t.59
c0de5209 c0de5209       38     1                 nbgl_useCaseChoice
c0de523c c0de523c        0     1                 $d.60
c0de5240 c0de5240       bc     4         build/nanos2/obj/sdk/lib_nbgl/src/nbgl_use_case_nanos.o:(.text.displayChoicePage)
c0de5240 c0de5240        0     1                 $t.61
c0de5241 c0de5241       bc     1                 displayChoicePage
c0de52e4 c0de52e4        0     1                 $d.62
c0de52fc c0de52fc       b4     4         build/nanos2/obj/sdk/lib_nbgl/src/nbgl_use_case_nanos.o:(.text.getContentAtIdx)
c0de52fc c0de52fc        0     1                 $t.71
c0de52fd c0de52fd       b4     1                 getContentAtIdx
c0de53ac c0de53ac        0     1                 $d.72
c0de53b0 c0de53b0       34     2         build/nanos2/obj/sdk/lib_nbgl/src/nbgl_use_case_nanos.o:(.text.getContentNbElement)
c0de53b0 c0de53b0        0     1                 $t.73
c0de53b1 c0de53b1       34     1                 getContentNbElement
c0de53e4 c0de53e4       ac     4         build/nanos2/obj/sdk/lib_nbgl/src/nbgl_use_case_nanos.o:(.text.displayContent)
c0de53e4 c0de53e4        0     1                 $t.74
c0de53e5 c0de53e5       ac     1                 displayContent
c0de5478 c0de5478        0     1                 $d.75
c0de5490 c0de5490      144     4         build/nanos2/obj/sdk/lib_nbgl/src/nbgl_use_case_nanos.o:(.text.getContentPage)
c0de5490 c0de5490        0     1                 $t.76
c0de5491 c0de5491      144     1                 getContentPage
c0de55c8 c0de55c8        0     1                 $d.77
c0de55d4 c0de55d4       50     4         build/nanos2/obj/sdk/lib_nbgl/src/nbgl_use_case_nanos.o:(.text.drawSwitchStep)
c0de55d4 c0de55d4        0     1                 $t.78
c0de55d5 c0de55d5       50     1                 drawSwitchStep
c0de5620 c0de5620        0     1                 $d.79
c0de5624 c0de5624       1e     2         build/nanos2/obj/sdk/lib_nbgl/src/nbgl_use_case_nanos.o:(.text.contentCallback)
c0de5624 c0de5624        0     1                 $t.80
c0de5625 c0de5625       1e     1                 contentCallback
c0de5644 c0de5644       88     4         build/nanos2/obj/sdk/lib_nbgl/src/nbgl_use_case_nanos.o:(.text.getContentElemAtIdx)
c0de5644 c0de5644        0     1                 $t.81
c0de5645 c0de5645       88     1                 getContentElemAtIdx
c0de56c4 c0de56c4        0     1                 $d.82
c0de56cc c0de56cc       46     2         build/nanos2/obj/sdk/lib_nbgl/src/nbgl_use_case_nanos.o:(.text.getPairData)
c0de56cc c0de56cc        0     1                 $t.83
c0de56cd c0de56cd       46     1                 getPairData
c0de5714 c0de5714       b0     4         build/nanos2/obj/sdk/lib_nbgl/src/nbgl_use_case_nanos.o:(.text.onSwitchAction)
c0de5714 c0de5714        0     1                 $t.84
c0de5715 c0de5715       b0     1                 onSwitchAction
c0de57bc c0de57bc        0     1                 $d.85
c0de57c4 c0de57c4       9c     4         build/nanos2/obj/sdk/lib_nbgl/src/nbgl_use_case_nanos.o:(.text.displaySettingsPage)
c0de57c4 c0de57c4        0     1                 $t.86
c0de57c5 c0de57c5       9c     1                 displaySettingsPage
c0de5848 c0de5848        0     1                 $d.87
c0de5860 c0de5860       1e     2         build/nanos2/obj/sdk/lib_nbgl/src/nbgl_use_case_nanos.o:(.text.settingsCallback)
c0de5860 c0de5860        0     1                 $t.88
c0de5861 c0de5861       1e     1                 settingsCallback
c0de5880 c0de5880      124     4         build/nanos2/obj/sdk/lib_nbgl/src/nbgl_use_case_nanos.o:(.text.buttonGenericCallback)
c0de5880 c0de5880        0     1                 $t.89
c0de5881 c0de5881      124     1                 buttonGenericCallback
c0de599c c0de599c        0     1                 $d.90
c0de59a4 c0de59a4       fc     4         build/nanos2/obj/sdk/lib_nbgl/src/nbgl_use_case_nanos.o:(.text.displayHomePage)
c0de59a4 c0de59a4        0     1                 $t.91
c0de59a5 c0de59a5       fc     1                 displayHomePage
c0de5a74 c0de5a74        0     1                 $d.92
c0de5aa0 c0de5aa0        6     2         build/nanos2/obj/sdk/lib_nbgl/src/nbgl_use_case_nanos.o:(.text.startUseCaseSettings)
c0de5aa0 c0de5aa0        0     1                 $t.93
c0de5aa1 c0de5aa1        6     1                 startUseCaseSettings
c0de5aa8 c0de5aa8       24     4         build/nanos2/obj/sdk/lib_nbgl/src/nbgl_use_case_nanos.o:(.text.startUseCaseInfo)
c0de5aa8 c0de5aa8        0     1                 $t.94
c0de5aa9 c0de5aa9       24     1                 startUseCaseInfo
c0de5ac8 c0de5ac8        0     1                 $d.95
c0de5acc c0de5acc       1c     2         build/nanos2/obj/sdk/lib_nbgl/src/nbgl_use_case_nanos.o:(.text.homeCallback)
c0de5acc c0de5acc        0     1                 $t.96
c0de5acd c0de5acd       1c     1                 homeCallback
c0de5ae8 c0de5ae8       78     4         build/nanos2/obj/sdk/lib_nbgl/src/nbgl_use_case_nanos.o:(.text.displayInfoPage)
c0de5ae8 c0de5ae8        0     1                 $t.97
c0de5ae9 c0de5ae9       78     1                 displayInfoPage
c0de5b48 c0de5b48        0     1                 $d.98
c0de5b60 c0de5b60       1c     2         build/nanos2/obj/sdk/lib_nbgl/src/nbgl_use_case_nanos.o:(.text.infoCallback)
c0de5b60 c0de5b60        0     1                 $t.99
c0de5b61 c0de5b61       1c     1                 infoCallback
c0de5b7c c0de5b7c       d0     4         build/nanos2/obj/sdk/lib_nbgl/src/nbgl_use_case_nanos.o:(.text.displayWarningStep)
c0de5b7c c0de5b7c        0     1                 $t.100
c0de5b7d c0de5b7d       d0     1                 displayWarningStep
c0de5c38 c0de5c38        0     1                 $d.101
c0de5c4c c0de5c4c      128     4         build/nanos2/obj/sdk/lib_nbgl/src/nbgl_use_case_nanos.o:(.text.getLastPageInfo)
c0de5c4c c0de5c4c        0     1                 $t.102
c0de5c4d c0de5c4d      128     1                 getLastPageInfo
c0de5d18 c0de5d18        0     1                 $d.103
c0de5d74 c0de5d74       84     4         build/nanos2/obj/sdk/lib_nbgl/src/nbgl_use_case_nanos.o:(.text.warningNavigate)
c0de5d74 c0de5d74        0     1                 $t.104
c0de5d75 c0de5d75       84     1                 warningNavigate
c0de5df4 c0de5df4        0     1                 $d.105
c0de5df8 c0de5df8       14     4         build/nanos2/obj/sdk/lib_nbgl/src/nbgl_use_case_nanos.o:(.text.onReviewAccept)
c0de5df8 c0de5df8        0     1                 $t.106
c0de5df9 c0de5df9       14     1                 onReviewAccept
c0de5e08 c0de5e08        0     1                 $d.107
c0de5e0c c0de5e0c       14     4         build/nanos2/obj/sdk/lib_nbgl/src/nbgl_use_case_nanos.o:(.text.onReviewReject)
c0de5e0c c0de5e0c        0     1                 $t.108
c0de5e0d c0de5e0d       14     1                 onReviewReject
c0de5e1c c0de5e1c        0     1                 $d.109
c0de5e20 c0de5e20       38     4         build/nanos2/obj/sdk/lib_nbgl/src/nbgl_use_case_nanos.o:(.text.launchReviewAfterWarning)
c0de5e20 c0de5e20        0     1                 $t.110
c0de5e21 c0de5e21       38     1                 launchReviewAfterWarning
c0de5e54 c0de5e54        0     1                 $d.111
c0de5e58 c0de5e58       b8     4         build/nanos2/obj/sdk/lib_nbgl/src/nbgl_use_case_nanos.o:(.text.buttonSkipCallback)
c0de5e58 c0de5e58        0     1                 $t.112
c0de5e59 c0de5e59       b8     1                 buttonSkipCallback
c0de5f0c c0de5f0c        0     1                 $d.113
c0de5f10 c0de5f10       74     4         build/nanos2/obj/sdk/lib_nbgl/src/nbgl_use_case_nanos.o:(.text.displayAliasFullValue)
c0de5f10 c0de5f10        0     1                 $t.114
c0de5f11 c0de5f11       74     1                 displayAliasFullValue
c0de5f80 c0de5f80        0     1                 $d.115
c0de5f84 c0de5f84       24     4         build/nanos2/obj/sdk/lib_nbgl/src/nbgl_use_case_nanos.o:(.text.reviewCallback)
c0de5f84 c0de5f84        0     1                 $t.116
c0de5f85 c0de5f85       24     1                 reviewCallback
c0de5fa4 c0de5fa4        0     1                 $d.117
c0de5fa8 c0de5fa8       f4     4         build/nanos2/obj/sdk/lib_nbgl/src/nbgl_use_case_nanos.o:(.text.displayExtensionStep)
c0de5fa8 c0de5fa8        0     1                 $t.118
c0de5fa9 c0de5fa9       f4     1                 displayExtensionStep
c0de6088 c0de6088        0     1                 $d.119
c0de609c c0de609c       74     4         build/nanos2/obj/sdk/lib_nbgl/src/nbgl_use_case_nanos.o:(.text.extensionNavigate)
c0de609c c0de609c        0     1                 $t.120
c0de609d c0de609d       74     1                 extensionNavigate
c0de610c c0de610c        0     1                 $d.121
c0de6110 c0de6110       10     4         build/nanos2/obj/sdk/lib_nbgl/src/nbgl_use_case_nanos.o:(.text.statusTickerCallback)
c0de6110 c0de6110        0     1                 $t.122
c0de6111 c0de6111       10     1                 statusTickerCallback
c0de611c c0de611c        0     1                 $d.123
c0de6120 c0de6120       64     4         build/nanos2/obj/sdk/lib_nbgl/src/nbgl_use_case_nanos.o:(.text.getChoiceName)
c0de6120 c0de6120        0     1                 $t.124
c0de6121 c0de6121       64     1                 getChoiceName
c0de617c c0de617c        0     1                 $d.125
c0de6184 c0de6184       6c     4         build/nanos2/obj/sdk/lib_nbgl/src/nbgl_use_case_nanos.o:(.text.onChoiceSelected)
c0de6184 c0de6184        0     1                 $t.126
c0de6185 c0de6185       6c     1                 onChoiceSelected
c0de61ec c0de61ec        0     1                 $d.127
c0de61f0 c0de61f0       24     4         build/nanos2/obj/sdk/lib_nbgl/src/nbgl_use_case_nanos.o:(.text.streamingReviewCallback)
c0de61f0 c0de61f0        0     1                 $t.128
c0de61f1 c0de61f1       24     1                 streamingReviewCallback
c0de6210 c0de6210        0     1                 $d.129
c0de6214 c0de6214       14     4         build/nanos2/obj/sdk/lib_nbgl/src/nbgl_use_case_nanos.o:(.text.onChoiceAccept)
c0de6214 c0de6214        0     1                 $t.130
c0de6215 c0de6215       14     1                 onChoiceAccept
c0de6224 c0de6224        0     1                 $d.131
c0de6228 c0de6228       14     4         build/nanos2/obj/sdk/lib_nbgl/src/nbgl_use_case_nanos.o:(.text.onChoiceReject)
c0de6228 c0de6228        0     1                 $t.132
c0de6229 c0de6229       14     1                 onChoiceReject
c0de6238 c0de6238        0     1                 $d.133
c0de623c c0de623c       1c     2         build/nanos2/obj/sdk/lib_nbgl/src/nbgl_use_case_nanos.o:(.text.genericChoiceCallback)
c0de623c c0de623c        0     1                 $t.134
c0de623d c0de623d       1c     1                 genericChoiceCallback
c0de6258 c0de6258       14     2         build/nanos2/obj/sdk/lib_nbgl/src/nbgl_use_case_nanos.o:(.text.OUTLINED_FUNCTION_0)
c0de6258 c0de6258        0     1                 $t.140
c0de6259 c0de6259       14     1                 OUTLINED_FUNCTION_0
c0de626c c0de626c       16     2         build/nanos2/obj/sdk/lib_nbgl/src/nbgl_use_case_nanos.o:(.text.OUTLINED_FUNCTION_1)
c0de626c c0de626c        0     1                 $t.141
c0de626d c0de626d       16     1                 OUTLINED_FUNCTION_1
c0de6282 c0de6282        c     2         build/nanos2/obj/sdk/lib_nbgl/src/nbgl_use_case_nanos.o:(.text.OUTLINED_FUNCTION_2)
c0de6282 c0de6282        0     1                 $t.142
c0de6283 c0de6283        c     1                 OUTLINED_FUNCTION_2
c0de628e c0de628e        c     2         build/nanos2/obj/sdk/lib_nbgl/src/nbgl_use_case_nanos.o:(.text.OUTLINED_FUNCTION_3)
c0de628e c0de628e        0     1                 $t.143
c0de628f c0de628f        c     1                 OUTLINED_FUNCTION_3
c0de629a c0de629a        8     2         build/nanos2/obj/sdk/lib_nbgl/src/nbgl_use_case_nanos.o:(.text.OUTLINED_FUNCTION_4)
c0de629a c0de629a        0     1                 $t.144
c0de629b c0de629b        8     1                 OUTLINED_FUNCTION_4
c0de62a2 c0de62a2        6     2         build/nanos2/obj/sdk/lib_nbgl/src/nbgl_use_case_nanos.o:(.text.OUTLINED_FUNCTION_5)
c0de62a2 c0de62a2        0     1                 $t.145
c0de62a3 c0de62a3        6     1                 OUTLINED_FUNCTION_5
c0de62a8 c0de62a8        8     2         build/nanos2/obj/sdk/lib_nbgl/src/nbgl_use_case_nanos.o:(.text.OUTLINED_FUNCTION_6)
c0de62a8 c0de62a8        0     1                 $t.146
c0de62a9 c0de62a9        8     1                 OUTLINED_FUNCTION_6
c0de62b0 c0de62b0        a     2         build/nanos2/obj/sdk/lib_nbgl/src/nbgl_use_case_nanos.o:(.text.OUTLINED_FUNCTION_7)
c0de62b0 c0de62b0        0     1                 $t.147
c0de62b1 c0de62b1        a     1                 OUTLINED_FUNCTION_7
c0de62ba c0de62ba        e     2         build/nanos2/obj/sdk/lib_nbgl/src/nbgl_use_case_nanos.o:(.text.OUTLINED_FUNCTION_8)
c0de62ba c0de62ba        0     1                 $t.148
c0de62bb c0de62bb        e     1                 OUTLINED_FUNCTION_8
c0de62c8 c0de62c8        a     2         build/nanos2/obj/sdk/lib_nbgl/src/nbgl_use_case_nanos.o:(.text.OUTLINED_FUNCTION_9)
c0de62c8 c0de62c8        0     1                 $t.149
c0de62c9 c0de62c9        a     1                 OUTLINED_FUNCTION_9
c0de62d2 c0de62d2        e     2         build/nanos2/obj/sdk/lib_nbgl/src/nbgl_use_case_nanos.o:(.text.OUTLINED_FUNCTION_10)
c0de62d2 c0de62d2        0     1                 $t.150
c0de62d3 c0de62d3        e     1                 OUTLINED_FUNCTION_10
c0de62e0 c0de62e0       4e     2         build/nanos2/obj/sdk/lib_standard_app/bip32.o:(.text.bip32_path_read)
c0de62e0 c0de62e0        0     1                 $t.0
c0de62e1 c0de62e1       4e     1                 bip32_path_read
c0de632e c0de632e       16     2         build/nanos2/obj/sdk/lib_standard_app/buffer.o:(.text.buffer_seek_cur)
c0de632e c0de632e        0     1                 $t.2
c0de632f c0de632f       16     1                 buffer_seek_cur
c0de6344 c0de6344       2c     2         build/nanos2/obj/sdk/lib_standard_app/buffer.o:(.text.buffer_read_u8)
c0de6344 c0de6344        0     1                 $t.4
c0de6345 c0de6345       2c     1                 buffer_read_u8
c0de6370 c0de6370       40     2         build/nanos2/obj/sdk/lib_standard_app/buffer.o:(.text.buffer_read_u64)
c0de6370 c0de6370        0     1                 $t.7
c0de6371 c0de6371       40     1                 buffer_read_u64
c0de63b0 c0de63b0       3a     2         build/nanos2/obj/sdk/lib_standard_app/buffer.o:(.text.buffer_read_varint)
c0de63b0 c0de63b0        0     1                 $t.8
c0de63b1 c0de63b1       3a     1                 buffer_read_varint
c0de63ea c0de63ea       2e     2         build/nanos2/obj/sdk/lib_standard_app/buffer.o:(.text.buffer_read_bip32_path)
c0de63ea c0de63ea        0     1                 $t.9
c0de63eb c0de63eb       2e     1                 buffer_read_bip32_path
c0de6418 c0de6418       26     2         build/nanos2/obj/sdk/lib_standard_app/buffer.o:(.text.buffer_copy)
c0de6418 c0de6418        0     1                 $t.10
c0de6419 c0de6419       26     1                 buffer_copy
c0de643e c0de643e       32     2         build/nanos2/obj/sdk/lib_standard_app/buffer.o:(.text.buffer_move)
c0de643e c0de643e        0     1                 $t.11
c0de643f c0de643f       32     1                 buffer_move
c0de6470 c0de6470        c     2         build/nanos2/obj/sdk/lib_standard_app/buffer.o:(.text.OUTLINED_FUNCTION_0)
c0de6470 c0de6470        0     1                 $t.12
c0de6471 c0de6471        c     1                 OUTLINED_FUNCTION_0
c0de647c c0de647c       70     2         build/nanos2/obj/sdk/lib_standard_app/crypto_helpers.o:(.text.bip32_derive_with_seed_init_privkey_256)
c0de647c c0de647c        0     1                 $t.0
c0de647d c0de647d       70     1                 bip32_derive_with_seed_init_privkey_256
c0de64ec c0de64ec       80     2         build/nanos2/obj/sdk/lib_standard_app/crypto_helpers.o:(.text.os_derive_bip32_with_seed_no_throw)
c0de64ec c0de64ec        0     1                 $t.1
c0de64ed c0de64ed       80     1                 os_derive_bip32_with_seed_no_throw
c0de656c c0de656c       68     2         build/nanos2/obj/sdk/lib_standard_app/crypto_helpers.o:(.text.bip32_derive_with_seed_get_pubkey_256)
c0de656c c0de656c        0     1                 $t.2
c0de656d c0de656d       68     1                 bip32_derive_with_seed_get_pubkey_256
c0de65d4 c0de65d4        6     2         build/nanos2/obj/sdk/lib_standard_app/crypto_helpers.o:(.text.OUTLINED_FUNCTION_0)
c0de65d4 c0de65d4        0     1                 $t.6
c0de65d5 c0de65d5        6     1                 OUTLINED_FUNCTION_0
c0de65da c0de65da       72     2         build/nanos2/obj/sdk/lib_standard_app/format.o:(.text.format_u64)
c0de65da c0de65da        0     1                 $t.2
c0de65db c0de65db       72     1                 format_u64
c0de664c c0de664c       8e     2         build/nanos2/obj/sdk/lib_standard_app/format.o:(.text.format_fpu64)
c0de664c c0de664c        0     1                 $t.3
c0de664d c0de664d       8e     1                 format_fpu64
c0de66dc c0de66dc       50     4         build/nanos2/obj/sdk/lib_standard_app/format.o:(.text.format_hex)
c0de66dc c0de66dc        0     1                 $t.5
c0de66dd c0de66dd       50     1                 format_hex
c0de6728 c0de6728        0     1                 $d.6
c0de672c c0de672c        2     2         build/nanos2/obj/sdk/lib_standard_app/io.o:(.text.app_ticker_event_callback)
c0de672c c0de672c        0     1                 $t.0
c0de672d c0de672d        2     1                 app_ticker_event_callback
c0de6730 c0de6730       30     4         build/nanos2/obj/sdk/lib_standard_app/io.o:(.text.io_event)
c0de6730 c0de6730        0     1                 $t.1
c0de6731 c0de6731       30     1                 io_event
c0de675c c0de675c        0     1                 $d.2
c0de6760 c0de6760       10     4         build/nanos2/obj/sdk/lib_standard_app/io.o:(.text.io_init)
c0de6760 c0de6760        0     1                 $t.3
c0de6761 c0de6761       10     1                 io_init
c0de676c c0de676c        0     1                 $d.4
c0de6770 c0de6770       2c     4         build/nanos2/obj/sdk/lib_standard_app/io.o:(.text.io_recv_command)
c0de6770 c0de6770        0     1                 $t.5
c0de6771 c0de6771       2c     1                 io_recv_command
c0de6798 c0de6798        0     1                 $d.6
c0de679c c0de679c       a8     4         build/nanos2/obj/sdk/lib_standard_app/io.o:(.text.io_send_response_buffers)
c0de679c c0de679c        0     1                 $t.7
c0de679d c0de679d       a8     1                 io_send_response_buffers
c0de6834 c0de6834        0     1                 $d.8
c0de6844 c0de6844        a     2         build/nanos2/obj/sdk/lib_standard_app/io.o:(.text.OUTLINED_FUNCTION_0)
c0de6844 c0de6844        0     1                 $t.10
c0de6845 c0de6845        a     1                 OUTLINED_FUNCTION_0
c0de684e c0de684e        6     2         build/nanos2/obj/sdk/lib_standard_app/main.o:(.text.app_exit)
c0de684e c0de684e        0     1                 $t.0
c0de684f c0de684f        6     1                 app_exit
c0de6854 c0de6854        e     2         build/nanos2/obj/sdk/lib_standard_app/main.o:(.text.common_app_init)
c0de6854 c0de6854        0     1                 $t.1
c0de6855 c0de6855        e     1                 common_app_init
c0de6864 c0de6864       6c     4         build/nanos2/obj/sdk/lib_standard_app/main.o:(.text.standalone_app_main)
c0de6864 c0de6864        0     1                 $t.2
c0de6865 c0de6865       6c     1                 standalone_app_main
c0de68c4 c0de68c4        0     1                 $d.3
c0de68d0 c0de68d0       a0     4         build/nanos2/obj/sdk/lib_standard_app/main.o:(.text.library_app_main)
c0de68d0 c0de68d0        0     1                 $t.4
c0de68d1 c0de68d1       a0     1                 library_app_main
c0de6960 c0de6960        0     1                 $d.5
c0de6970 c0de6970       36     2         build/nanos2/obj/sdk/lib_standard_app/parser.o:(.text.apdu_parser)
c0de6970 c0de6970        0     1                 $t.0
c0de6971 c0de6971       36     1                 apdu_parser
c0de69a6 c0de69a6       18     2         build/nanos2/obj/sdk/lib_standard_app/read.o:(.text.read_u32_be)
c0de69a6 c0de69a6        0     1                 $t.1
c0de69a7 c0de69a7       18     1                 read_u32_be
c0de69be c0de69be       30     2         build/nanos2/obj/sdk/lib_standard_app/read.o:(.text.read_u64_be)
c0de69be c0de69be        0     1                 $t.2
c0de69bf c0de69bf       30     1                 read_u64_be
c0de69ee c0de69ee        e     2         build/nanos2/obj/sdk/lib_standard_app/read.o:(.text.read_u16_le)
c0de69ee c0de69ee        0     1                 $t.3
c0de69ef c0de69ef        e     1                 read_u16_le
c0de69fc c0de69fc       18     2         build/nanos2/obj/sdk/lib_standard_app/read.o:(.text.read_u32_le)
c0de69fc c0de69fc        0     1                 $t.4
c0de69fd c0de69fd       18     1                 read_u32_le
c0de6a14 c0de6a14       2e     2         build/nanos2/obj/sdk/lib_standard_app/read.o:(.text.read_u64_le)
c0de6a14 c0de6a14        0     1                 $t.5
c0de6a15 c0de6a15       2e     1                 read_u64_le
c0de6a42 c0de6a42        c     2         build/nanos2/obj/sdk/lib_standard_app/swap_error_code_helpers.o:(.text.send_swap_error_simple)
c0de6a42 c0de6a42        0     1                 $t.0
c0de6a43 c0de6a43        c     1                 send_swap_error_simple
c0de6a50 c0de6a50       64     4         build/nanos2/obj/sdk/lib_standard_app/swap_error_code_helpers.o:(.text.send_swap_error_with_buffers)
c0de6a50 c0de6a50        0     1                 $t.1
c0de6a51 c0de6a51       64     1                 send_swap_error_with_buffers
c0de6aac c0de6aac        0     1                 $d.2
c0de6ab4 c0de6ab4       34     2         build/nanos2/obj/sdk/lib_standard_app/swap_utils.o:(.text.swap_str_to_u64)
c0de6ab4 c0de6ab4        0     1                 $t.0
c0de6ab5 c0de6ab5       34     1                 swap_str_to_u64
c0de6ae8 c0de6ae8       5c     2         build/nanos2/obj/sdk/lib_standard_app/varint.o:(.text.varint_read)
c0de6ae8 c0de6ae8        0     1                 $t.1
c0de6ae9 c0de6ae9       5c     1                 varint_read
c0de6b44 c0de6b44        a     2         build/nanos2/obj/sdk/lib_standard_app/write.o:(.text.write_u16_be)
c0de6b44 c0de6b44        0     1                 $t.0
c0de6b45 c0de6b45        a     1                 write_u16_be
c0de6b50 c0de6b50       34     4         build/nanos2/obj/sdk/lib_ux_nbgl/ux.o:(.text.ux_process_button_event)
c0de6b50 c0de6b50        0     1                 $t.0
c0de6b51 c0de6b51       34     1                 ux_process_button_event
c0de6b80 c0de6b80        0     1                 $d.1
c0de6b84 c0de6b84       54     4         build/nanos2/obj/sdk/lib_ux_nbgl/ux.o:(.text.ux_forward_event)
c0de6b84 c0de6b84        0     1                 $t.2
c0de6b85 c0de6b85       54     1                 ux_forward_event
c0de6bd4 c0de6bd4        0     1                 $d.3
c0de6bd8 c0de6bd8       30     4         build/nanos2/obj/sdk/lib_ux_nbgl/ux.o:(.text.ux_process_ticker_event)
c0de6bd8 c0de6bd8        0     1                 $t.4
c0de6bd9 c0de6bd9       30     1                 ux_process_ticker_event
c0de6c04 c0de6c04        0     1                 $d.5
c0de6c08 c0de6c08        6     2         build/nanos2/obj/sdk/lib_ux_nbgl/ux.o:(.text.ux_process_default_event)
c0de6c08 c0de6c08        0     1                 $t.6
c0de6c09 c0de6c09        6     1                 ux_process_default_event
c0de6c0e c0de6c0e       4e     2         build/nanos2/obj/sdk/src/cx_hash_iovec.o:(.text.hash_iovec_ex)
c0de6c0e c0de6c0e        0     1                 $t.7
c0de6c0f c0de6c0f       4e     1                 hash_iovec_ex
c0de6c5c c0de6c5c       1a     2         build/nanos2/obj/sdk/src/cx_hash_iovec.o:(.text.cx_keccak_256_hash_iovec)
c0de6c5c c0de6c5c        0     1                 $t.12
c0de6c5d c0de6c5d       1a     1                 cx_keccak_256_hash_iovec
c0de6c76 c0de6c76       1a     2         build/nanos2/obj/sdk/src/cx_hash_iovec.o:(.text.cx_blake2b_512_hash_iovec)
c0de6c76 c0de6c76        0     1                 $t.18
c0de6c77 c0de6c77       1a     1                 cx_blake2b_512_hash_iovec
c0de6c90 c0de6c90        a     1         build/nanos2/obj/sdk/src/cx_stubs.o:(.text.cx_ecfp_generate_pair2_no_throw)
c0de6c90 c0de6c90        0     1                 $t.49
c0de6c91 c0de6c91        0     1                 cx_ecfp_generate_pair2_no_throw
c0de6c9a c0de6c9a        a     1         build/nanos2/obj/sdk/src/cx_stubs.o:(.text.cx_ecfp_init_private_key_no_throw)
c0de6c9a c0de6c9a        0     1                 $t.51
c0de6c9b c0de6c9b        0     1                 cx_ecfp_init_private_key_no_throw
c0de6ca4 c0de6ca4        a     1         build/nanos2/obj/sdk/src/cx_stubs.o:(.text.cx_hash_final)
c0de6ca4 c0de6ca4        0     1                 $t.63
c0de6ca5 c0de6ca5        0     1                 cx_hash_final
c0de6cae c0de6cae        a     1         build/nanos2/obj/sdk/src/cx_stubs.o:(.text.cx_hash_init_ex)
c0de6cae c0de6cae        0     1                 $t.67
c0de6caf c0de6caf        0     1                 cx_hash_init_ex
c0de6cb8 c0de6cb8        a     1         build/nanos2/obj/sdk/src/cx_stubs.o:(.text.cx_hash_update)
c0de6cb8 c0de6cb8        0     1                 $t.72
c0de6cb9 c0de6cb9        0     1                 cx_hash_update
c0de6cc4 c0de6cc4       10     4         build/nanos2/obj/sdk/src/cx_stubs.o:(.text.cx_aes_siv_reset)
c0de6cc4 c0de6cc4        0     1                 $t.144
c0de6cc5 c0de6cc5        0     1                 cx_aes_siv_reset
c0de6ccd c0de6ccd        0     1                 cx_trampoline_helper
c0de6cd0 c0de6cd0        0     1                 $d.145
c0de6cd4 c0de6cd4        6     2         build/nanos2/obj/sdk/src/ledger_assert.o:(.text.assert_exit)
c0de6cd4 c0de6cd4        0     1                 $t.0
c0de6cd5 c0de6cd5        6     1                 assert_exit
c0de6cda c0de6cda        a     1         build/nanos2/obj/sdk/src/nbgl_stubs.o:(.text.nbgl_refresh)
c0de6cda c0de6cda        0     1                 $t.0
c0de6cdb c0de6cdb        0     1                 nbgl_refresh
c0de6ce4 c0de6ce4        a     1         build/nanos2/obj/sdk/src/nbgl_stubs.o:(.text.nbgl_objInit)
c0de6ce4 c0de6ce4        0     1                 $t.5
c0de6ce5 c0de6ce5        0     1                 nbgl_objInit
c0de6cee c0de6cee        a     1         build/nanos2/obj/sdk/src/nbgl_stubs.o:(.text.nbgl_objAllowDrawing)
c0de6cee c0de6cee        0     1                 $t.7
c0de6cef c0de6cef        0     1                 nbgl_objAllowDrawing
c0de6cf8 c0de6cf8        a     1         build/nanos2/obj/sdk/src/nbgl_stubs.o:(.text.nbgl_screenSet)
c0de6cf8 c0de6cf8        0     1                 $t.10
c0de6cf9 c0de6cf9        0     1                 nbgl_screenSet
c0de6d02 c0de6d02        a     1         build/nanos2/obj/sdk/src/nbgl_stubs.o:(.text.nbgl_screenPush)
c0de6d02 c0de6d02        0     1                 $t.11
c0de6d03 c0de6d03        0     1                 nbgl_screenPush
c0de6d0c c0de6d0c        a     1         build/nanos2/obj/sdk/src/nbgl_stubs.o:(.text.nbgl_screenRedraw)
c0de6d0c c0de6d0c        0     1                 $t.12
c0de6d0d c0de6d0d        0     1                 nbgl_screenRedraw
c0de6d16 c0de6d16        a     1         build/nanos2/obj/sdk/src/nbgl_stubs.o:(.text.nbgl_screenPop)
c0de6d16 c0de6d16        0     1                 $t.13
c0de6d17 c0de6d17        0     1                 nbgl_screenPop
[...]
c0de7710 c0de7710        0     1                 $t.0
c0de7711 c0de7711       14     1                 __aeabi_uldivmod
c0de7724 c0de7724        4     2         /opt/nanosplus-secure-sdk/arch/st33k1/lib/libc.a(lib_a-explicit_bzero.o):(.text.explicit_bzero)
c0de7724 c0de7724        0     1                 $t
c0de7725 c0de7725        4     1                 explicit_bzero
c0de7728 c0de7728        8     2         /opt/nanosplus-secure-sdk/arch/st33k1/lib/libc.a(lib_a-bzero.o):(.text.bzero)
c0de7728 c0de7728        0     1                 $t
c0de7729 c0de7729        8     1                 bzero
c0de7730 c0de7730       1c     2         /opt/nanosplus-secure-sdk/arch/st33k1/lib/libc.a(lib_a-memcpy-stub.o):(.text.memcpy)
c0de7730 c0de7730        0     1                 $t
c0de7731 c0de7731       1c     1                 memcpy
c0de774c c0de774c       34     2         /opt/nanosplus-secure-sdk/arch/st33k1/lib/libc.a(lib_a-memmove.o):(.text.memmove)
c0de774c c0de774c        0     1                 $t
c0de774d c0de774d       34     1                 memmove
c0de7780 c0de7780       10     2         /opt/nanosplus-secure-sdk/arch/st33k1/lib/libc.a(lib_a-memset.o):(.text.memset)
c0de7780 c0de7780        0     1                 $t
c0de7781 c0de7781       10     1                 memset
c0de7790 c0de7790       1c     4         /opt/nanosplus-secure-sdk/arch/st33k1/lib/libc.a(lib_a-setjmp.o):(.text)
c0de7790 c0de7790        0     1                 $t
c0de7791 c0de7791        c     1                 setjmp
c0de779d c0de779d        e     1                 longjmp
c0de77ac c0de77ac       14     2         /opt/nanosplus-secure-sdk/arch/st33k1/lib/libc.a(lib_a-strcmp.o):(.text)
c0de77ac c0de77ac        0     1                 $t
c0de77ad c0de77ad       14     1                 strcmp
c0de77c0 c0de77c0       10     2         /opt/nanosplus-secure-sdk/arch/st33k1/lib/libc.a(lib_a-strlen.o):(.text)
c0de77c0 c0de77c0        0     1                 $t
c0de77c1 c0de77c1       10     1                 strlen
c0de77d0 c0de77d0       24     2         /opt/nanosplus-secure-sdk/arch/st33k1/lib/libc.a(lib_a-strncmp.o):(.text.strncmp)
c0de77d0 c0de77d0        0     1                 $t
c0de77d1 c0de77d1       24     1                 strncmp
c0de77f4 c0de77f4       26     2         /opt/nanosplus-secure-sdk/arch/st33k1/lib/libc.a(lib_a-strncpy.o):(.text.strncpy)
c0de77f4 c0de77f4        0     1                 $t
c0de77f5 c0de77f5       26     1                 strncpy
c0de781a c0de781a        0     1         _ecode = .
c0de781a c0de781a       19     1         build/nanos2/gen_src/glyphs.o:(.rodata.C_home_boilerplate_14px_bitmap)
c0de781a c0de781a       19     1                 C_home_boilerplate_14px_bitmap
c0de7833 c0de7833        a     1         build/nanos2/gen_src/glyphs.o:(.rodata.C_home_boilerplate_14px)
c0de7833 c0de7833        a     1                 C_home_boilerplate_14px
c0de783d c0de783d       19     1         build/nanos2/gen_src/glyphs.o:(.rodata.C_Information_circle_14px_bitmap)
c0de783d c0de783d       19     1                 C_Information_circle_14px_bitmap
c0de7856 c0de7856        a     1         build/nanos2/gen_src/glyphs.o:(.rodata.C_Information_circle_14px)
c0de7856 c0de7856        a     1                 C_Information_circle_14px
c0de7860 c0de7860       19     1         build/nanos2/gen_src/glyphs.o:(.rodata.C_Quit_14px_bitmap)
c0de7860 c0de7860       19     1                 C_Quit_14px_bitmap
c0de7879 c0de7879        a     1         build/nanos2/gen_src/glyphs.o:(.rodata.C_Quit_14px)
c0de7879 c0de7879        a     1                 C_Quit_14px
c0de7883 c0de7883        c     1         build/nanos2/gen_src/glyphs.o:(.rodata.C_Switch_Off_8px_bitmap)
c0de7883 c0de7883        c     1                 C_Switch_Off_8px_bitmap
c0de788f c0de788f        a     1         build/nanos2/gen_src/glyphs.o:(.rodata.C_Switch_Off_8px)
c0de788f c0de788f        a     1                 C_Switch_Off_8px
c0de7899 c0de7899        c     1         build/nanos2/gen_src/glyphs.o:(.rodata.C_Switch_On_8px_bitmap)
c0de7899 c0de7899        c     1                 C_Switch_On_8px_bitmap
c0de78a5 c0de78a5        a     1         build/nanos2/gen_src/glyphs.o:(.rodata.C_Switch_On_8px)
c0de78a5 c0de78a5        a     1                 C_Switch_On_8px
c0de78af c0de78af       19     1         build/nanos2/gen_src/glyphs.o:(.rodata.C_icon_back_x_bitmap)
c0de78af c0de78af       19     1                 C_icon_back_x_bitmap
c0de78c8 c0de78c8        a     1         build/nanos2/gen_src/glyphs.o:(.rodata.C_icon_back_x)
c0de78c8 c0de78c8        a     1                 C_icon_back_x
c0de78d2 c0de78d2       19     1         build/nanos2/gen_src/glyphs.o:(.rodata.C_icon_coggle_bitmap)
c0de78d2 c0de78d2       19     1                 C_icon_coggle_bitmap
c0de78eb c0de78eb        a     1         build/nanos2/gen_src/glyphs.o:(.rodata.C_icon_coggle)
c0de78eb c0de78eb        a     1                 C_icon_coggle
c0de78f5 c0de78f5       19     1         build/nanos2/gen_src/glyphs.o:(.rodata.C_icon_crossmark_bitmap)
c0de78f5 c0de78f5       19     1                 C_icon_crossmark_bitmap
c0de790e c0de790e        a     1         build/nanos2/gen_src/glyphs.o:(.rodata.C_icon_crossmark)
c0de790e c0de790e        a     1                 C_icon_crossmark
c0de7918 c0de7918        4     1         build/nanos2/gen_src/glyphs.o:(.rodata.C_icon_down_bitmap)
c0de7918 c0de7918        4     1                 C_icon_down_bitmap
c0de791c c0de791c        a     1         build/nanos2/gen_src/glyphs.o:(.rodata.C_icon_down)
c0de791c c0de791c        a     1                 C_icon_down
c0de7926 c0de7926        4     1         build/nanos2/gen_src/glyphs.o:(.rodata.C_icon_left_bitmap)
c0de7926 c0de7926        4     1                 C_icon_left_bitmap
c0de792a c0de792a        a     1         build/nanos2/gen_src/glyphs.o:(.rodata.C_icon_left)
c0de792a c0de792a        a     1                 C_icon_left
c0de7934 c0de7934       19     1         build/nanos2/gen_src/glyphs.o:(.rodata.C_icon_processing_bitmap)
c0de7934 c0de7934       19     1                 C_icon_processing_bitmap
c0de794d c0de794d        a     1         build/nanos2/gen_src/glyphs.o:(.rodata.C_icon_processing)
c0de794d c0de794d        a     1                 C_icon_processing
c0de7957 c0de7957        4     1         build/nanos2/gen_src/glyphs.o:(.rodata.C_icon_right_bitmap)
c0de7957 c0de7957        4     1                 C_icon_right_bitmap
c0de795b c0de795b        a     1         build/nanos2/gen_src/glyphs.o:(.rodata.C_icon_right)
c0de795b c0de795b        a     1                 C_icon_right
c0de7965 c0de7965        4     1         build/nanos2/gen_src/glyphs.o:(.rodata.C_icon_up_bitmap)
c0de7965 c0de7965        4     1                 C_icon_up_bitmap
c0de7969 c0de7969        a     1         build/nanos2/gen_src/glyphs.o:(.rodata.C_icon_up)
c0de7969 c0de7969        a     1                 C_icon_up
c0de7973 c0de7973       17     1         build/nanos2/gen_src/glyphs.o:(.rodata.C_icon_validate_14_bitmap)
c0de7973 c0de7973       17     1                 C_icon_validate_14_bitmap
c0de798a c0de798a        a     1         build/nanos2/gen_src/glyphs.o:(.rodata.C_icon_validate_14)
c0de798a c0de798a        a     1                 C_icon_validate_14
c0de7994 c0de7994       19     1         build/nanos2/gen_src/glyphs.o:(.rodata.C_icon_warning_bitmap)
c0de7994 c0de7994       19     1                 C_icon_warning_bitmap
c0de79ad c0de79ad        a     1         build/nanos2/gen_src/glyphs.o:(.rodata.C_icon_warning)
c0de79ad c0de79ad        a     1                 C_icon_warning
c0de79b7 c0de79b7       19     1         build/nanos2/gen_src/glyphs.o:(.rodata.C_app_boilerplate_14px_bitmap)
c0de79b7 c0de79b7       19     1                 C_app_boilerplate_14px_bitmap
c0de79d0 c0de79d0        a     1         build/nanos2/gen_src/glyphs.o:(.rodata.C_app_boilerplate_14px)
c0de79d0 c0de79d0        a     1                 C_app_boilerplate_14px
c0de79da c0de79da      350     1         <internal>:(.text)
c0de7d30 c0de7d30      260     8         <internal>:(.text)
c0de7f90 c0de7f90       a0     4         build/nanos2/obj/app/src/handler/zkn_magicbox.o:(.rodata..L__const.handler_cmd_Poseidon.input)
c0de7f90 c0de7f90       a0     1                 .L__const.handler_cmd_Poseidon.input
c0de8030 c0de8030      1e0     4         build/nanos2/obj/app/src/handler/zkn_magicbox.o:(.rodata..L__const.handler_cmd_encodeCommitment.commitmentlist_be)
c0de8030 c0de8030      1e0     1                 .L__const.handler_cmd_encodeCommitment.commitmentlist_be
c0de8210 c0de8210      1e0     4         build/nanos2/obj/app/src/handler/zkn_magicbox.o:(.rodata..L__const.handler_cmd_GroupCommitment.commitmentlist_be)
c0de8210 c0de8210      1e0     1                 .L__const.handler_cmd_GroupCommitment.commitmentlist_be
c0de83f0 c0de83f0       60     4         build/nanos2/obj/app/src/handler/zkn_magicbox.o:(.rodata..L__const.handler_cmd_GroupCommitment.binding_factors)
c0de83f0 c0de83f0       60     1                 .L__const.handler_cmd_GroupCommitment.binding_factors
c0de8450 c0de8450      1e0     4         build/nanos2/obj/app/src/handler/zkn_magicbox.o:(.rodata..L__const.handler_cmd_BindingFactors.commitmentlist_be)
c0de8450 c0de8450      1e0     1                 .L__const.handler_cmd_BindingFactors.commitmentlist_be
c0de8630 c0de8630        c     4         build/nanos2/obj/app/src/ui/menu_nbgl.o:(.rodata.settingContents)
c0de8630 c0de8630        c     1                 settingContents
c0de863c c0de863c       10     4         build/nanos2/obj/app/src/ui/menu_nbgl.o:(.rodata.infoList)
c0de863c c0de863c       10     1                 infoList
c0de864c c0de864c       38     4         build/nanos2/obj/app/src/ui/menu_nbgl.o:(.rodata.contents)
c0de864c c0de864c       38     1                 contents
c0de8684 c0de8684        8     4         build/nanos2/obj/app/src/ui/menu_nbgl.o:(.rodata.INFO_TYPES)
c0de8684 c0de8684        8     1                 INFO_TYPES
c0de868c c0de868c        8     4         build/nanos2/obj/app/src/ui/menu_nbgl.o:(.rodata.INFO_CONTENTS)
c0de868c c0de868c        8     1                 INFO_CONTENTS
c0de8694 c0de8694       40     4         build/nanos2/obj/app/src/zknox/ecc/zkn_eddsa.o:(.rodata..L__const.EddsaPoseidon_Sign_final.big_n)
c0de8694 c0de8694       40     1                 .L__const.EddsaPoseidon_Sign_final.big_n
c0de86d4 c0de86d4      480     4         build/nanos2/obj/app/src/zknox/hash/zkn_poseidon_constants.o:(.rodata..L__const.Poseidon_alloc_init.MixColumn)
c0de86d4 c0de86d4      480     1                 .L__const.Poseidon_alloc_init.MixColumn
c0de8b54 c0de8b54       1d     4         build/nanos2/obj/app/src/zknox/hash/zkn_rfc9591frost.o:(.rodata..L__const.zkn_frost_H5_init.contextString_BabyFROST)
c0de8b54 c0de8b54       1d     1                 .L__const.zkn_frost_H5_init.contextString_BabyFROST
c0de8b74 c0de8b74       28     4         build/nanos2/obj/sdk/lib_nbgl/src/nbgl_use_case_nanos.o:(.rodata.blindSigningWarning)
c0de8b74 c0de8b74       28     1                 blindSigningWarning
c0de8b9c c0de8b9c       20     1         <internal>:(.text)
c0de8bbc c0de8bbc        0     1         . = ALIGN ( 4 )
c0de8bbc c0de8bbc        0     1         _etext = .
c0de8bbc c0de8bbc       44     1         . = ALIGN ( PAGE_SIZE )
c0de8c00 c0de8c00        0     1         _nvram_data = .
c0de8c00 c0de8c00        3     1         build/nanos2/obj/app/src/app_main.o:(.rodata.N_storage_real)
c0de8c00 c0de8c00        3     1                 N_storage_real
c0de8c03 c0de8c03      1fd     1         . = ALIGN ( PAGE_SIZE )
c0de8e00 c0de8e00        0     1         _envram_data = .
c0de8e00 c0de8e00        0     1         _install_parameters = .
c0de8e00 c0de8e00       3f     1         build/nanos2/obj/sdk/src/app_metadata.o:(.install_parameters)
c0de8e00 c0de8e00       3f     1                 install_parameters
c0de8e3f c0de8e3f        0     1         _einstall_parameters = .
c0de8e3f c0de8e3f        0     1         _nvram_end = .
d0000000 d0000000        0     1 .data
d0000000 d0000000        0     1         . = ALIGN ( 4 )
d0000000 d0000000        0     1         _data = .
d0000000 d0000000        0     1         _edata = .
d0000000 d0000000        0     1 
da7a0000 da7a0000      8e8     8 .bss
da7a0000 da7a0000        0     1         _bss = .
da7a0000 da7a0000      2f0     8         build/nanos2/obj/app/src/app_main.o:(.bss.G_context)
da7a0000 da7a0000      2f0     1                 G_context
da7a02f0 da7a02f0       20     1         build/nanos2/obj/app/src/app_main.o:(.bss.g_insecure_secret)
da7a02f0 da7a02f0       20     1                 g_insecure_secret
da7a0310 da7a0310       48     8         build/nanos2/obj/app/src/swap/handle_swap_sign_transaction.o:(.bss.G_swap_validated)
da7a0310 da7a0310       48     1                 G_swap_validated
da7a0358 da7a0358       1c     4         build/nanos2/obj/app/src/ui/menu_nbgl.o:(.bss..L_MergedGlobals)
da7a0358 da7a0358       1c     1                 .L_MergedGlobals
da7a0358 da7a0358        1     1                 initSettingPage
da7a035c da7a035c       18     1                 switches
da7a0374 da7a0374       2b     4         build/nanos2/obj/app/src/ui/nbgl_display_address.o:(.bss.g_address)
da7a0374 da7a0374       2b     1                 g_address
da7a03a0 da7a03a0       74     4         build/nanos2/obj/app/src/ui/nbgl_display_transaction.o:(.bss..L_MergedGlobals)
da7a03a0 da7a03a0       74     1                 .L_MergedGlobals
da7a03a0 da7a03a0       14     1                 pairList
da7a03b4 da7a03b4       20     1                 pairs
da7a03d4 da7a03d4       40     1                 g_tx_hash
da7a0414 da7a0414      111     1         build/nanos2/obj/sdk/io/src/os_io.o:(.bss.G_io_tx_buffer)
da7a0414 da7a0414      111     1                 G_io_tx_buffer
da7a0525 da7a0525      111     1         build/nanos2/obj/sdk/io/src/os_io.o:(.bss.G_io_rx_buffer)
da7a0525 da7a0525      111     1                 G_io_rx_buffer
da7a0636 da7a0636        8     2         build/nanos2/obj/sdk/io_legacy/src/os_io_legacy.o:(.bss.G_io_app)
da7a0636 da7a0636        8     1                 G_io_app
da7a063e da7a063e        2     1         build/nanos2/obj/sdk/io_legacy/src/os_io_legacy.o:(.bss..L_MergedGlobals)
da7a063e da7a063e        2     1                 .L_MergedGlobals
da7a063e da7a063e        1     1                 need_to_start_io
da7a063f da7a063f        1     1                 io_os_legacy_apdu_type
da7a0640 da7a0640       24     4         build/nanos2/obj/sdk/lib_nbgl/src/nbgl_layout_nanos.o:(.bss.gLayout)
da7a0640 da7a0640       24     1                 gLayout
da7a0664 da7a0664       14     4         build/nanos2/obj/sdk/lib_nbgl/src/nbgl_layout_nanos.o:(.bss.nbgl_layoutAddText.tmpString)
da7a0664 da7a0664       14     1                 nbgl_layoutAddText.tmpString
da7a0678 da7a0678       d8     4         build/nanos2/obj/sdk/lib_nbgl/src/nbgl_step.o:(.bss.contexts)
da7a0678 da7a0678       d8     1                 contexts
da7a0750 da7a0750       68     4         build/nanos2/obj/sdk/lib_nbgl/src/nbgl_use_case_nanos.o:(.bss..L_MergedGlobals)
da7a0750 da7a0750       68     1                 .L_MergedGlobals
da7a0750 da7a0750       28     1                 reviewWithWarnCtx
da7a0778 da7a0778       40     1                 context
da7a07b8 da7a07b8      110     1         build/nanos2/obj/sdk/lib_standard_app/io.o:(.bss.G_io_seproxyhal_spi_buffer)
da7a07b8 da7a07b8      110     1                 G_io_seproxyhal_spi_buffer
da7a08c8 da7a08c8        1     1         build/nanos2/obj/sdk/lib_standard_app/io.o:(.bss.need_to_start_io)
da7a08c8 da7a08c8        1     1                 need_to_start_io
da7a08cc da7a08cc        c     4         build/nanos2/obj/sdk/lib_standard_app/main.o:(.bss.G_ux_params)
da7a08cc da7a08cc        c     1                 G_ux_params
da7a08d8 da7a08d8        1     1         build/nanos2/obj/sdk/lib_standard_app/swap_utils.o:(.bss.G_called_from_swap)
da7a08d8 da7a08d8        1     1                 G_called_from_swap
da7a08d9 da7a08d9        1     1         build/nanos2/obj/sdk/lib_standard_app/swap_utils.o:(.bss.G_swap_response_ready)
da7a08d9 da7a08d9        1     1                 G_swap_response_ready
da7a08dc da7a08dc        4     4         build/nanos2/obj/sdk/lib_standard_app/swap_utils.o:(.bss.G_swap_signing_return_value_address)
da7a08dc da7a08dc        4     1                 G_swap_signing_return_value_address
da7a08e0 da7a08e0        4     4         build/nanos2/obj/sdk/lib_ux_nbgl/ux.o:(.bss.nbTicks)
da7a08e0 da7a08e0        4     1                 nbTicks
da7a08e4 da7a08e4        0     1         _ebss = .
da7a08e4 da7a08e4        0     1         . = ALIGN ( 4 )
da7a08e4 da7a08e4        0     1         app_stack_canary = .
da7a08e4 da7a08e4        4     1         . += 4
da7a08e8 da7a08e8        0     1         _stack = .
da7a08e8 da7a08e8        0     1         _estack = ABSOLUTE ( END_STACK )
da7a08e8 da7a08e8        0     1 
d0000000 d0000000       10     4 DEBUG
d0000000 d0000000       10     4         <internal>:(.ARM.exidx)
       0        0       5d     1 .comment
       0        0       5d     1         <internal>:(.comment)
       0        0        6     1 ledger.target
       0        0        6     1         build/nanos2/obj/sdk/src/app_metadata.o:(ledger.target)
       0        0        6     1                 target
       0        0        d     1 ledger.target_name
       0        0        d     1         build/nanos2/obj/sdk/src/app_metadata.o:(ledger.target_name)
       0        0        d     1                 target_name
       0        0        a     1 ledger.target_id
       0        0        a     1         build/nanos2/obj/sdk/src/app_metadata.o:(ledger.target_id)
       0        0        a     1                 target_id
       0        0        7     1 ledger.app_name
       0        0        7     1         build/nanos2/obj/sdk/src/app_metadata.o:(ledger.app_name)
       0        0        7     1                 app_name
       0        0        5     1 ledger.app_version
       0        0        5     1         build/nanos2/obj/sdk/src/app_metadata.o:(ledger.app_version)
       0        0        5     1                 app_version
       0        0        2     1 ledger.api_level
       0        0        2     1         build/nanos2/obj/sdk/src/app_metadata.o:(ledger.api_level)
       0        0        2     1                 api_level
       0        0       11     1 ledger.sdk_name
       0        0       11     1         build/nanos2/obj/sdk/src/app_metadata.o:(ledger.sdk_name)
       0        0       11     1                 sdk_name
       0        0        7     1 ledger.sdk_version
       0        0        7     1         build/nanos2/obj/sdk/src/app_metadata.o:(ledger.sdk_version)
       0        0        7     1                 sdk_version
       0        0       28     1 ledger.sdk_hash
       0        0       28     1         build/nanos2/obj/sdk/src/app_metadata.o:(ledger.sdk_hash)
       0        0       28     1                 sdk_hash
       0        0        4     1 ledger.sdk_graphics
       0        0        4     1         build/nanos2/obj/sdk/src/app_metadata.o:(ledger.sdk_graphics)
       0        0        4     1                 sdk_graphics
d0000010 d0000010        0     1 PROVIDE ( _nvram = ABSOLUTE ( _nvram_start ) )
d0000010 d0000010        0     1 PROVIDE ( _envram = ABSOLUTE ( _nvram_end ) )
       0        0       45     1 .ARM.attributes
       0        0       45     1         build/nanos2/gen_src/glyphs.o:(.ARM.attributes)
       0        0     46c0     4 .symtab
       0        0     46c0     4         <internal>:(.symtab)
       0        0       f8     1 .shstrtab
       0        0       f8     1         <internal>:(.shstrtab)
       0        0     356e     1 .strtab
       0        0     356e     1         <internal>:(.strtab)
