     VMA      LMA     Size Align Out     In      Symbol
       0        0        0     1 PAGE_SIZE = 512
       0        0        0     1 STACK_MIN_SIZE = DEFINED ( stack_min_size ) ? stack_min_size : 1500
       0        0        0     1 END_STACK = ORIGIN ( SRAM ) + LENGTH ( SRAM )
c0de0000 c0de0000     903f     8 .text
c0de0000 c0de0000        0     1         _text = .
c0de0000 c0de0000        0     1         _nvram_start = .
c0de0000 c0de0000       28     2         build/nanos2/obj/sdk/lib_standard_app/main.o:(.boot)
c0de0000 c0de0000        0     1                 $t.6
c0de0001 c0de0001       28     1                 main
c0de0028 c0de0028        0     1         _code = .
c0de0028 c0de0028       4a     2         build/nanos2/obj/app/src/address.o:(.text.address_from_pubkey)
c0de0028 c0de0028        0     1                 $t.0
c0de0029 c0de0029       4a     1                 address_from_pubkey
c0de0072 c0de0072      2ae     2         build/nanos2/obj/app/src/apdu/dispatcher.o:(.text.apdu_dispatcher)
c0de0072 c0de0072        0     1                 $t.0
c0de0073 c0de0073      2ae     1                 apdu_dispatcher
c0de0320 c0de0320        e     2         build/nanos2/obj/app/src/apdu/dispatcher.o:(.text.io_send_sw)
c0de0320 c0de0320        0     1                 $t.1
c0de0321 c0de0321        e     1                 io_send_sw
c0de032e c0de032e        8     2         build/nanos2/obj/app/src/apdu/dispatcher.o:(.text.OUTLINED_FUNCTION_0)
c0de032e c0de032e        0     1                 $t.2
c0de032f c0de032f        8     1                 OUTLINED_FUNCTION_0
c0de0338 c0de0338       94     4         build/nanos2/obj/app/src/app_main.o:(.text.app_main)
c0de0338 c0de0338        0     1                 $t.0
c0de0339 c0de0339       94     1                 app_main
c0de03b8 c0de03b8        0     1                 $d.1
c0de03cc c0de03cc       28     4         build/nanos2/obj/app/src/handler/get_app_name.o:(.text.handler_get_app_name)
c0de03cc c0de03cc        0     1                 $t.0
c0de03cd c0de03cd       28     1                 handler_get_app_name
c0de03f0 c0de03f0        0     1                 $d.1
c0de03f4 c0de03f4       98     4         build/nanos2/obj/app/src/handler/get_public_key.o:(.text.handler_get_public_key)
c0de03f4 c0de03f4        0     1                 $t.0
c0de03f5 c0de03f5       98     1                 handler_get_public_key
c0de0488 c0de0488        0     1                 $d.1
c0de048c c0de048c        e     2         build/nanos2/obj/app/src/handler/get_public_key.o:(.text.io_send_sw)
c0de048c c0de048c        0     1                 $t.2
c0de048d c0de048d        e     1                 io_send_sw
c0de049a c0de049a       2e     2         build/nanos2/obj/app/src/handler/get_version.o:(.text.handler_get_version)
c0de049a c0de049a        0     1                 $t.0
c0de049b c0de049b       2e     1                 handler_get_version
c0de04c8 c0de04c8      168     4         build/nanos2/obj/app/src/handler/sign_tx.o:(.text.handler_sign_tx)
c0de04c8 c0de04c8        0     1                 $t.0
c0de04c9 c0de04c9      168     1                 handler_sign_tx
c0de0620 c0de0620        0     1                 $d.1
c0de0630 c0de0630        e     2         build/nanos2/obj/app/src/handler/sign_tx.o:(.text.io_send_sw)
c0de0630 c0de0630        0     1                 $t.2
c0de0631 c0de0631        e     1                 io_send_sw
c0de063e c0de063e       4e     2         build/nanos2/obj/app/src/handler/zkn_magicbox.o:(.text.handler_cmd_blake2b512)
c0de063e c0de063e        0     1                 $t.0
c0de063f c0de063f       4e     1                 handler_cmd_blake2b512
c0de068c c0de068c       16     2         build/nanos2/obj/app/src/handler/zkn_magicbox.o:(.text.io_send_response_pointer)
c0de068c c0de068c        0     1                 $t.1
c0de068d c0de068d       16     1                 io_send_response_pointer
c0de06a2 c0de06a2        e     2         build/nanos2/obj/app/src/handler/zkn_magicbox.o:(.text.io_send_sw)
c0de06a2 c0de06a2        0     1                 $t.2
c0de06a3 c0de06a3        e     1                 io_send_sw
c0de06b0 c0de06b0       3a     2         build/nanos2/obj/app/src/handler/zkn_magicbox.o:(.text.handler_cmd_keccakH)
c0de06b0 c0de06b0        0     1                 $t.3
c0de06b1 c0de06b1       3a     1                 handler_cmd_keccakH
c0de06ec c0de06ec       94     4         build/nanos2/obj/app/src/handler/zkn_magicbox.o:(.text.handler_cmd_bolos_stretch)
c0de06ec c0de06ec        0     1                 $t.4
c0de06ed c0de06ed       94     1                 handler_cmd_bolos_stretch
c0de0774 c0de0774        0     1                 $d.5
c0de0780 c0de0780      10c     4         build/nanos2/obj/app/src/handler/zkn_magicbox.o:(.text.handler_cmd_Poseidon)
c0de0780 c0de0780        0     1                 $t.6
c0de0781 c0de0781      10c     1                 handler_cmd_Poseidon
c0de0884 c0de0884        0     1                 $d.7
c0de088c c0de088c       8c     4         build/nanos2/obj/app/src/handler/zkn_magicbox.o:(.text.handler_cmd_Poseidon_ithRC)
c0de088c c0de088c        0     1                 $t.8
c0de088d c0de088d       8c     1                 handler_cmd_Poseidon_ithRC
c0de0910 c0de0910        0     1                 $d.9
c0de0918 c0de0918       82     2         build/nanos2/obj/app/src/handler/zkn_magicbox.o:(.text.handler_cmd_tEddsaPoseidon_Kpub)
c0de0918 c0de0918        0     1                 $t.12
c0de0919 c0de0919       82     1                 handler_cmd_tEddsaPoseidon_Kpub
c0de099a c0de099a       b2     2         build/nanos2/obj/app/src/handler/zkn_magicbox.o:(.text.handler_cmd_tEddsaPoseidon_Sign)
c0de099a c0de099a        0     1                 $t.13
c0de099b c0de099b       b2     1                 handler_cmd_tEddsaPoseidon_Sign
c0de0a4c c0de0a4c       e8     4         build/nanos2/obj/app/src/handler/zkn_magicbox.o:(.text.handler_cmd_tEddsaPoseidon)
c0de0a4c c0de0a4c        0     1                 $t.14
c0de0a4d c0de0a4d       e8     1                 handler_cmd_tEddsaPoseidon
c0de0b2c c0de0b2c        0     1                 $d.15
c0de0b34 c0de0b34      16c     4         build/nanos2/obj/app/src/handler/zkn_magicbox.o:(.text.handler_cmd_tEdwards)
c0de0b34 c0de0b34        0     1                 $t.16
c0de0b35 c0de0b35      16c     1                 handler_cmd_tEdwards
c0de0c90 c0de0c90        0     1                 $d.17
c0de0ca0 c0de0ca0      16a     2         build/nanos2/obj/app/src/handler/zkn_magicbox.o:(.text.handler_cmd_Interpolate)
c0de0ca0 c0de0ca0        0     1                 $t.20
c0de0ca1 c0de0ca1      16a     1                 handler_cmd_Interpolate
c0de0e0a c0de0e0a      190     2         build/nanos2/obj/app/src/handler/zkn_magicbox.o:(.text.handler_cmd_Split)
c0de0e0a c0de0e0a        0     1                 $t.21
c0de0e0b c0de0e0b      190     1                 handler_cmd_Split
c0de0f9a c0de0f9a       a0     2         build/nanos2/obj/app/src/handler/zkn_magicbox.o:(.text.handler_cmd_frostH)
c0de0f9a c0de0f9a        0     1                 $t.22
c0de0f9b c0de0f9b       a0     1                 handler_cmd_frostH
c0de103c c0de103c       6c     4         build/nanos2/obj/app/src/handler/zkn_magicbox.o:(.text.handler_cmd_encodeCommitment)
c0de103c c0de103c        0     1                 $t.23
c0de103d c0de103d       6c     1                 handler_cmd_encodeCommitment
c0de10a4 c0de10a4        0     1                 $d.24
c0de10a8 c0de10a8       84     4         build/nanos2/obj/app/src/handler/zkn_magicbox.o:(.text.handler_cmd_GroupCommitment)
c0de10a8 c0de10a8        0     1                 $t.25
c0de10a9 c0de10a9       84     1                 handler_cmd_GroupCommitment
c0de1124 c0de1124        0     1                 $d.26
c0de112c c0de112c       e8     4         build/nanos2/obj/app/src/handler/zkn_magicbox.o:(.text.handler_cmd_BindingFactors)
c0de112c c0de112c        0     1                 $t.29
c0de112d c0de112d       e8     1                 handler_cmd_BindingFactors
c0de1208 c0de1208        0     1                 $d.30
c0de1214 c0de1214       50     4         build/nanos2/obj/app/src/handler/zkn_magicbox.o:(.text.handler_get_insecure_secret)
c0de1214 c0de1214        0     1                 $t.32
c0de1215 c0de1215       50     1                 handler_get_insecure_secret
c0de125c c0de125c        0     1                 $d.33
c0de1264 c0de1264       b0     4         build/nanos2/obj/app/src/handler/zkn_magicbox.o:(.text.handler_get_insecure_public)
c0de1264 c0de1264        0     1                 $t.34
c0de1265 c0de1265       b0     1                 handler_get_insecure_public
c0de1308 c0de1308        0     1                 $d.35
c0de1314 c0de1314       b4     4         build/nanos2/obj/app/src/handler/zkn_magicbox.o:(.text.handler_cmd_tEddsaPoseidon_Sign_with_secret)
c0de1314 c0de1314        0     1                 $t.36
c0de1315 c0de1315       b4     1                 handler_cmd_tEddsaPoseidon_Sign_with_secret
c0de13c4 c0de13c4        0     1                 $d.37
c0de13c8 c0de13c8        8     2         build/nanos2/obj/app/src/handler/zkn_magicbox.o:(.text.OUTLINED_FUNCTION_0)
c0de13c8 c0de13c8        0     1                 $t.38
c0de13c9 c0de13c9        8     1                 OUTLINED_FUNCTION_0
c0de13d0 c0de13d0        6     2         build/nanos2/obj/app/src/handler/zkn_magicbox.o:(.text.OUTLINED_FUNCTION_1)
c0de13d0 c0de13d0        0     1                 $t.39
c0de13d1 c0de13d1        6     1                 OUTLINED_FUNCTION_1
c0de13d6 c0de13d6        6     2         build/nanos2/obj/app/src/handler/zkn_magicbox.o:(.text.OUTLINED_FUNCTION_2)
c0de13d6 c0de13d6        0     1                 $t.40
c0de13d7 c0de13d7        6     1                 OUTLINED_FUNCTION_2
c0de13dc c0de13dc        6     2         build/nanos2/obj/app/src/handler/zkn_magicbox.o:(.text.OUTLINED_FUNCTION_3)
c0de13dc c0de13dc        0     1                 $t.41
c0de13dd c0de13dd        6     1                 OUTLINED_FUNCTION_3
c0de13e2 c0de13e2        e     2         build/nanos2/obj/app/src/handler/zkn_magicbox.o:(.text.OUTLINED_FUNCTION_4)
c0de13e2 c0de13e2        0     1                 $t.42
c0de13e3 c0de13e3        e     1                 OUTLINED_FUNCTION_4
c0de13f0 c0de13f0        8     2         build/nanos2/obj/app/src/handler/zkn_magicbox.o:(.text.OUTLINED_FUNCTION_5)
c0de13f0 c0de13f0        0     1                 $t.43
c0de13f1 c0de13f1        8     1                 OUTLINED_FUNCTION_5
c0de13f8 c0de13f8        6     2         build/nanos2/obj/app/src/handler/zkn_magicbox.o:(.text.OUTLINED_FUNCTION_6)
c0de13f8 c0de13f8        0     1                 $t.44
c0de13f9 c0de13f9        6     1                 OUTLINED_FUNCTION_6
c0de13fe c0de13fe        6     2         build/nanos2/obj/app/src/handler/zkn_magicbox.o:(.text.OUTLINED_FUNCTION_7)
c0de13fe c0de13fe        0     1                 $t.45
c0de13ff c0de13ff        6     1                 OUTLINED_FUNCTION_7
c0de1404 c0de1404       10     2         build/nanos2/obj/app/src/handler/zkn_magicbox.o:(.text.OUTLINED_FUNCTION_8)
c0de1404 c0de1404        0     1                 $t.46
c0de1405 c0de1405       10     1                 OUTLINED_FUNCTION_8
c0de1414 c0de1414        c     2         build/nanos2/obj/app/src/handler/zkn_magicbox.o:(.text.OUTLINED_FUNCTION_9)
c0de1414 c0de1414        0     1                 $t.47
c0de1415 c0de1415        c     1                 OUTLINED_FUNCTION_9
c0de1420 c0de1420        8     2         build/nanos2/obj/app/src/handler/zkn_magicbox.o:(.text.OUTLINED_FUNCTION_10)
c0de1420 c0de1420        0     1                 $t.48
c0de1421 c0de1421        8     1                 OUTLINED_FUNCTION_10
c0de1428 c0de1428        6     2         build/nanos2/obj/app/src/handler/zkn_magicbox.o:(.text.OUTLINED_FUNCTION_11)
c0de1428 c0de1428        0     1                 $t.49
c0de1429 c0de1429        6     1                 OUTLINED_FUNCTION_11
c0de142e c0de142e        6     2         build/nanos2/obj/app/src/handler/zkn_magicbox.o:(.text.OUTLINED_FUNCTION_12)
c0de142e c0de142e        0     1                 $t.50
c0de142f c0de142f        6     1                 OUTLINED_FUNCTION_12
c0de1434 c0de1434       44     4         build/nanos2/obj/app/src/helper/send_reponse.o:(.text.helper_send_response_pubkey)
c0de1434 c0de1434        0     1                 $t.0
c0de1435 c0de1435       44     1                 helper_send_response_pubkey
c0de1474 c0de1474        0     1                 $d.1
c0de1478 c0de1478       18     2         build/nanos2/obj/app/src/helper/send_reponse.o:(.text.io_send_response_pointer)
c0de1478 c0de1478        0     1                 $t.2
c0de1479 c0de1479       18     1                 io_send_response_pointer
c0de1490 c0de1490       44     4         build/nanos2/obj/app/src/helper/send_reponse.o:(.text.helper_send_response_sig)
c0de1490 c0de1490        0     1                 $t.3
c0de1491 c0de1491       44     1                 helper_send_response_sig
c0de14d0 c0de14d0        0     1                 $d.4
c0de14d4 c0de14d4       b4     2         build/nanos2/obj/app/src/swap/handle_check_address.o:(.text.swap_handle_check_address)
c0de14d4 c0de14d4        0     1                 $t.0
c0de14d5 c0de14d5       b4     1                 swap_handle_check_address
c0de1588 c0de1588       58     4         build/nanos2/obj/app/src/swap/handle_get_printable_amount.o:(.text.swap_handle_get_printable_amount)
c0de1588 c0de1588        0     1                 $t.0
c0de1589 c0de1589       58     1                 swap_handle_get_printable_amount
c0de15dc c0de15dc        0     1                 $d.1
c0de15e0 c0de15e0       80     4         build/nanos2/obj/app/src/swap/handle_swap_sign_transaction.o:(.text.swap_copy_transaction_parameters)
c0de15e0 c0de15e0        0     1                 $t.0
c0de15e1 c0de15e1       80     1                 swap_copy_transaction_parameters
c0de165c c0de165c        0     1                 $d.1
c0de1660 c0de1660       80     4         build/nanos2/obj/app/src/swap/handle_swap_sign_transaction.o:(.text.swap_check_validity)
c0de1660 c0de1660        0     1                 $t.2
c0de1661 c0de1661       80     1                 swap_check_validity
c0de16dc c0de16dc        0     1                 $d.3
c0de16e0 c0de16e0       be     2         build/nanos2/obj/app/src/transaction/deserialize.o:(.text.transaction_deserialize)
c0de16e0 c0de16e0        0     1                 $t.0
c0de16e1 c0de16e1       be     1                 transaction_deserialize
c0de179e c0de179e       3a     2         build/nanos2/obj/app/src/transaction/utils.o:(.text.transaction_utils_check_encoding)
c0de179e c0de179e        0     1                 $t.0
c0de179f c0de179f       3a     1                 transaction_utils_check_encoding
c0de17d8 c0de17d8        e     2         build/nanos2/obj/app/src/ui/action/validate.o:(.text.validate_pubkey)
c0de17d8 c0de17d8        0     1                 $t.0
c0de17d9 c0de17d9        e     1                 validate_pubkey
c0de17e6 c0de17e6        e     2         build/nanos2/obj/app/src/ui/action/validate.o:(.text.io_send_sw)
c0de17e6 c0de17e6        0     1                 $t.1
c0de17e7 c0de17e7        e     1                 io_send_sw
c0de17f4 c0de17f4       a4     4         build/nanos2/obj/app/src/ui/action/validate.o:(.text.validate_transaction)
c0de17f4 c0de17f4        0     1                 $t.2
c0de17f5 c0de17f5       a4     1                 validate_transaction
c0de1894 c0de1894        0     1                 $d.3
c0de1898 c0de1898        6     2         build/nanos2/obj/app/src/ui/menu_nbgl.o:(.text.app_quit)
c0de1898 c0de1898        0     1                 $t.0
c0de1899 c0de1899        6     1                 app_quit
c0de18a0 c0de18a0       90     4         build/nanos2/obj/app/src/ui/menu_nbgl.o:(.text.ui_menu_main)
c0de18a0 c0de18a0        0     1                 $t.1
c0de18a1 c0de18a1       90     1                 ui_menu_main
c0de1904 c0de1904        0     1                 $d.2
c0de1930 c0de1930       b4     4         build/nanos2/obj/app/src/ui/menu_nbgl.o:(.text.controls_callback)
c0de1930 c0de1930        0     1                 $t.3
c0de1931 c0de1931       b4     1                 controls_callback
c0de19bc c0de19bc        0     1                 $d.4
c0de19e4 c0de19e4       7c     4         build/nanos2/obj/app/src/ui/menu_nbgl.o:(.text.review_warning_choice)
c0de19e4 c0de19e4        0     1                 $t.5
c0de19e5 c0de19e5       7c     1                 review_warning_choice
c0de1a44 c0de1a44        0     1                 $d.6
c0de1a60 c0de1a60        6     2         build/nanos2/obj/app/src/ui/menu_nbgl.o:(.text.OUTLINED_FUNCTION_0)
c0de1a60 c0de1a60        0     1                 $t.7
c0de1a61 c0de1a61        6     1                 OUTLINED_FUNCTION_0
c0de1a68 c0de1a68       a4     4         build/nanos2/obj/app/src/ui/nbgl_display_address.o:(.text.ui_display_address)
c0de1a68 c0de1a68        0     1                 $t.0
c0de1a69 c0de1a69       a4     1                 ui_display_address
c0de1af8 c0de1af8        0     1                 $d.1
c0de1b0c c0de1b0c        e     2         build/nanos2/obj/app/src/ui/nbgl_display_address.o:(.text.io_send_sw)
c0de1b0c c0de1b0c        0     1                 $t.2
c0de1b0d c0de1b0d        e     1                 io_send_sw
c0de1b1c c0de1b1c       20     4         build/nanos2/obj/app/src/ui/nbgl_display_address.o:(.text.review_choice)
c0de1b1c c0de1b1c        0     1                 $t.3
c0de1b1d c0de1b1d       20     1                 review_choice
c0de1b38 c0de1b38        0     1                 $d.4
c0de1b3c c0de1b3c      13c     4         build/nanos2/obj/app/src/ui/nbgl_display_transaction.o:(.text.ui_display_transaction_bs_choice)
c0de1b3c c0de1b3c        0     1                 $t.0
c0de1b3d c0de1b3d      13c     1                 ui_display_transaction_bs_choice
c0de1c50 c0de1c50        0     1                 $d.1
c0de1c78 c0de1c78        e     2         build/nanos2/obj/app/src/ui/nbgl_display_transaction.o:(.text.io_send_sw)
c0de1c78 c0de1c78        0     1                 $t.2
c0de1c79 c0de1c79        e     1                 io_send_sw
c0de1c88 c0de1c88       1c     4         build/nanos2/obj/app/src/ui/nbgl_display_transaction.o:(.text.review_choice)
c0de1c88 c0de1c88        0     1                 $t.3
c0de1c89 c0de1c89       1c     1                 review_choice
c0de1ca0 c0de1ca0        0     1                 $d.4
c0de1ca4 c0de1ca4        6     2         build/nanos2/obj/app/src/ui/nbgl_display_transaction.o:(.text.ui_display_blind_signed_transaction)
c0de1ca4 c0de1ca4        0     1                 $t.5
c0de1ca5 c0de1ca5        6     1                 ui_display_blind_signed_transaction
c0de1caa c0de1caa        6     2         build/nanos2/obj/app/src/ui/nbgl_display_transaction.o:(.text.ui_display_transaction)
c0de1caa c0de1caa        0     1                 $t.6
c0de1cab c0de1cab        6     1                 ui_display_transaction
c0de1cb0 c0de1cb0       6c     4         build/nanos2/obj/app/src/zknox/ecc/zkn_eddsa.o:(.text.zkn_prv_hash)
c0de1cb0 c0de1cb0        0     1                 $t.0
c0de1cb1 c0de1cb1       6c     1                 zkn_prv_hash
c0de1d18 c0de1d18        0     1                 $d.1
c0de1d1c c0de1d1c       4e     2         build/nanos2/obj/app/src/zknox/ecc/zkn_eddsa.o:(.text.zkn_prv2pub)
c0de1d1c c0de1d1c        0     1                 $t.2
c0de1d1d c0de1d1d       4e     1                 zkn_prv2pub
c0de1d6c c0de1d6c      2b8     4         build/nanos2/obj/app/src/zknox/ecc/zkn_eddsa.o:(.text.EddsaPoseidon_Sign_final)
c0de1d6c c0de1d6c        0     1                 $t.3
c0de1d6d c0de1d6d      2b8     1                 EddsaPoseidon_Sign_final
c0de201c c0de201c        0     1                 $d.4
c0de2024 c0de2024        8     2         build/nanos2/obj/app/src/zknox/ecc/zkn_eddsa.o:(.text.rev64)
c0de2024 c0de2024        0     1                 $t.5
c0de2025 c0de2025        8     1                 rev64
c0de202c c0de202c        8     2         build/nanos2/obj/app/src/zknox/ecc/zkn_eddsa.o:(.text.OUTLINED_FUNCTION_0)
c0de202c c0de202c        0     1                 $t.6
c0de202d c0de202d        8     1                 OUTLINED_FUNCTION_0
c0de2034 c0de2034        6     2         build/nanos2/obj/app/src/zknox/ecc/zkn_eddsa.o:(.text.OUTLINED_FUNCTION_1)
c0de2034 c0de2034        0     1                 $t.7
c0de2035 c0de2035        6     1                 OUTLINED_FUNCTION_1
c0de203a c0de203a       c0     2         build/nanos2/obj/app/src/zknox/ecc/zkn_frost.o:(.text.zkn_frost_interpolate)
c0de203a c0de203a        0     1                 $t.0
c0de203b c0de203b       c0     1                 zkn_frost_interpolate
c0de20fa c0de20fa       84     2         build/nanos2/obj/app/src/zknox/ecc/zkn_frost.o:(.text.zkn_frost_interpolate_secrets)
c0de20fa c0de20fa        0     1                 $t.1
c0de20fb c0de20fb       84     1                 zkn_frost_interpolate_secrets
c0de217e c0de217e       72     2         build/nanos2/obj/app/src/zknox/ecc/zkn_frost.o:(.text.zkn_evalshare)
c0de217e c0de217e        0     1                 $t.3
c0de217f c0de217f       72     1                 zkn_evalshare
c0de21f0 c0de21f0       fa     2         build/nanos2/obj/app/src/zknox/ecc/zkn_frost.o:(.text.zkn_encode_group_commitmentHash)
c0de21f0 c0de21f0        0     1                 $t.6
c0de21f1 c0de21f1       fa     1                 zkn_encode_group_commitmentHash
c0de22ea c0de22ea       d6     2         build/nanos2/obj/app/src/zknox/ecc/zkn_frost.o:(.text.zkn_compute_group_commitment)
c0de22ea c0de22ea        0     1                 $t.7
c0de22eb c0de22eb       d6     1                 zkn_compute_group_commitment
c0de23c0 c0de23c0      106     2         build/nanos2/obj/app/src/zknox/ecc/zkn_frost.o:(.text.zkn_compute_binding_factors)
c0de23c0 c0de23c0        0     1                 $t.8
c0de23c1 c0de23c1      106     1                 zkn_compute_binding_factors
c0de24c6 c0de24c6       10     2         build/nanos2/obj/app/src/zknox/ecc/zkn_frost.o:(.text.zkn_serialize_scalar_for_hash)
c0de24c6 c0de24c6        0     1                 $t.9
c0de24c7 c0de24c7       10     1                 zkn_serialize_scalar_for_hash
c0de24d6 c0de24d6       16     2         build/nanos2/obj/app/src/zknox/ecc/zkn_frost.o:(.text.OUTLINED_FUNCTION_0)
c0de24d6 c0de24d6        0     1                 $t.16
c0de24d7 c0de24d7       16     1                 OUTLINED_FUNCTION_0
c0de24ec c0de24ec        8     2         build/nanos2/obj/app/src/zknox/ecc/zkn_frost.o:(.text.OUTLINED_FUNCTION_2)
c0de24ec c0de24ec        0     1                 $t.18
c0de24ed c0de24ed        8     1                 OUTLINED_FUNCTION_2
c0de24f4 c0de24f4        6     2         build/nanos2/obj/app/src/zknox/ecc/zkn_frost.o:(.text.OUTLINED_FUNCTION_3)
c0de24f4 c0de24f4        0     1                 $t.19
c0de24f5 c0de24f5        6     1                 OUTLINED_FUNCTION_3
c0de24fa c0de24fa        6     2         build/nanos2/obj/app/src/zknox/ecc/zkn_frost.o:(.text.OUTLINED_FUNCTION_4)
c0de24fa c0de24fa        0     1                 $t.20
c0de24fb c0de24fb        6     1                 OUTLINED_FUNCTION_4
c0de2500 c0de2500       2a     2         build/nanos2/obj/app/src/zknox/ecc/zkn_tEdwards.o:(.text.tEdwards_alloc)
c0de2500 c0de2500        0     1                 $t.0
c0de2501 c0de2501       2a     1                 tEdwards_alloc
c0de252a c0de252a       22     2         build/nanos2/obj/app/src/zknox/ecc/zkn_tEdwards.o:(.text.tEdwards_destroy)
c0de252a c0de252a        0     1                 $t.1
c0de252b c0de252b       22     1                 tEdwards_destroy
c0de254c c0de254c       d6     2         build/nanos2/obj/app/src/zknox/ecc/zkn_tEdwards.o:(.text.tEdwards_double)
c0de254c c0de254c        0     1                 $t.2
c0de254d c0de254d       d6     1                 tEdwards_double
c0de2622 c0de2622      130     2         build/nanos2/obj/app/src/zknox/ecc/zkn_tEdwards.o:(.text.tEdwards_add)
c0de2622 c0de2622        0     1                 $t.3
c0de2623 c0de2623      130     1                 tEdwards_add
c0de2752 c0de2752       ac     2         build/nanos2/obj/app/src/zknox/ecc/zkn_tEdwards.o:(.text.tEdwards_IsOnCurve)
c0de2752 c0de2752        0     1                 $t.4
c0de2753 c0de2753       ac     1                 tEdwards_IsOnCurve
c0de2800 c0de2800      1e0     4         build/nanos2/obj/app/src/zknox/ecc/zkn_tEdwards.o:(.text.tEdwards_Curve_alloc_init)
c0de2800 c0de2800        0     1                 $t.5
c0de2801 c0de2801      1e0     1                 tEdwards_Curve_alloc_init
c0de29b4 c0de29b4        0     1                 $d.6
c0de29e0 c0de29e0       7e     2         build/nanos2/obj/app/src/zknox/ecc/zkn_tEdwards.o:(.text.tEdwards_init)
c0de29e0 c0de29e0        0     1                 $t.7
c0de29e1 c0de29e1       7e     1                 tEdwards_init
c0de2a5e c0de2a5e       92     2         build/nanos2/obj/app/src/zknox/ecc/zkn_tEdwards.o:(.text.tEdwards_Curve_partial_destroy)
c0de2a5e c0de2a5e        0     1                 $t.9
c0de2a5f c0de2a5f       92     1                 tEdwards_Curve_partial_destroy
c0de2af0 c0de2af0       26     2         build/nanos2/obj/app/src/zknox/ecc/zkn_tEdwards.o:(.text.tEdwards_SetNeutral)
c0de2af0 c0de2af0        0     1                 $t.11
c0de2af1 c0de2af1       26     1                 tEdwards_SetNeutral
c0de2b16 c0de2b16       4c     2         build/nanos2/obj/app/src/zknox/ecc/zkn_tEdwards.o:(.text.tEdwards_export)
c0de2b16 c0de2b16        0     1                 $t.12
c0de2b17 c0de2b17       4c     1                 tEdwards_export
c0de2b62 c0de2b62       5a     2         build/nanos2/obj/app/src/zknox/ecc/zkn_tEdwards.o:(.text.tEdwards_normalize)
c0de2b62 c0de2b62        0     1                 $t.13
c0de2b63 c0de2b63       5a     1                 tEdwards_normalize
c0de2bbc c0de2bbc       26     2         build/nanos2/obj/app/src/zknox/ecc/zkn_tEdwards.o:(.text.tEdwards_copy)
c0de2bbc c0de2bbc        0     1                 $t.14
c0de2bbd c0de2bbd       26     1                 tEdwards_copy
c0de2be2 c0de2be2       3e     2         build/nanos2/obj/app/src/zknox/ecc/zkn_tEdwards.o:(.text.tEdwards_alloc_init)
c0de2be2 c0de2be2        0     1                 $t.15
c0de2be3 c0de2be3       3e     1                 tEdwards_alloc_init
c0de2c20 c0de2c20       ca     2         build/nanos2/obj/app/src/zknox/ecc/zkn_tEdwards.o:(.text.tEdwards_scalarMul_bn)
c0de2c20 c0de2c20        0     1                 $t.17
c0de2c21 c0de2c21       ca     1                 tEdwards_scalarMul_bn
c0de2cec c0de2cec       40     4         build/nanos2/obj/app/src/zknox/ecc/zkn_tEdwards.o:(.text.tEdwards_scalarMul)
c0de2cec c0de2cec        0     1                 $t.18
c0de2ced c0de2ced       40     1                 tEdwards_scalarMul
c0de2d28 c0de2d28        0     1                 $d.19
c0de2d2c c0de2d2c        6     2         build/nanos2/obj/app/src/zknox/ecc/zkn_tEdwards.o:(.text.OUTLINED_FUNCTION_0)
c0de2d2c c0de2d2c        0     1                 $t.22
c0de2d2d c0de2d2d        6     1                 OUTLINED_FUNCTION_0
c0de2d32 c0de2d32        6     2         build/nanos2/obj/app/src/zknox/ecc/zkn_tEdwards.o:(.text.OUTLINED_FUNCTION_1)
c0de2d32 c0de2d32        0     1                 $t.23
c0de2d33 c0de2d33        6     1                 OUTLINED_FUNCTION_1
c0de2d38 c0de2d38        8     2         build/nanos2/obj/app/src/zknox/ecc/zkn_tEdwards.o:(.text.OUTLINED_FUNCTION_2)
c0de2d38 c0de2d38        0     1                 $t.24
c0de2d39 c0de2d39        8     1                 OUTLINED_FUNCTION_2
c0de2d40 c0de2d40        8     2         build/nanos2/obj/app/src/zknox/ecc/zkn_tEdwards.o:(.text.OUTLINED_FUNCTION_3)
c0de2d40 c0de2d40        0     1                 $t.25
c0de2d41 c0de2d41        8     1                 OUTLINED_FUNCTION_3
c0de2d48 c0de2d48        a     2         build/nanos2/obj/app/src/zknox/ecc/zkn_tEdwards.o:(.text.OUTLINED_FUNCTION_4)
c0de2d48 c0de2d48        0     1                 $t.26
c0de2d49 c0de2d49        a     1                 OUTLINED_FUNCTION_4
c0de2d52 c0de2d52        a     2         build/nanos2/obj/app/src/zknox/ecc/zkn_tEdwards.o:(.text.OUTLINED_FUNCTION_5)
c0de2d52 c0de2d52        0     1                 $t.27
c0de2d53 c0de2d53        a     1                 OUTLINED_FUNCTION_5
c0de2d5c c0de2d5c        a     2         build/nanos2/obj/app/src/zknox/ecc/zkn_tEdwards.o:(.text.OUTLINED_FUNCTION_6)
c0de2d5c c0de2d5c        0     1                 $t.28
c0de2d5d c0de2d5d        a     1                 OUTLINED_FUNCTION_6
c0de2d66 c0de2d66        a     2         build/nanos2/obj/app/src/zknox/ecc/zkn_tEdwards.o:(.text.OUTLINED_FUNCTION_7)
c0de2d66 c0de2d66        0     1                 $t.29
c0de2d67 c0de2d67        a     1                 OUTLINED_FUNCTION_7
c0de2d70 c0de2d70        a     2         build/nanos2/obj/app/src/zknox/ecc/zkn_tEdwards.o:(.text.OUTLINED_FUNCTION_8)
c0de2d70 c0de2d70        0     1                 $t.30
c0de2d71 c0de2d71        a     1                 OUTLINED_FUNCTION_8
c0de2d7a c0de2d7a        a     2         build/nanos2/obj/app/src/zknox/ecc/zkn_tEdwards.o:(.text.OUTLINED_FUNCTION_9)
c0de2d7a c0de2d7a        0     1                 $t.31
c0de2d7b c0de2d7b        a     1                 OUTLINED_FUNCTION_9
c0de2d84 c0de2d84        a     2         build/nanos2/obj/app/src/zknox/ecc/zkn_tEdwards.o:(.text.OUTLINED_FUNCTION_10)
c0de2d84 c0de2d84        0     1                 $t.32
c0de2d85 c0de2d85        a     1                 OUTLINED_FUNCTION_10
c0de2d8e c0de2d8e        6     2         build/nanos2/obj/app/src/zknox/ecc/zkn_tEdwards.o:(.text.OUTLINED_FUNCTION_11)
c0de2d8e c0de2d8e        0     1                 $t.33
c0de2d8f c0de2d8f        6     1                 OUTLINED_FUNCTION_11
c0de2d94 c0de2d94       80     4         build/nanos2/obj/app/src/zknox/hash/zkn_poseidon_constants.o:(.text.grain_lfsr_advance)
c0de2d94 c0de2d94        0     1                 $t.0
c0de2d95 c0de2d95       80     1                 grain_lfsr_advance
c0de2e0c c0de2e0c        0     1                 $d.1
c0de2e14 c0de2e14       4a     2         build/nanos2/obj/app/src/zknox/hash/zkn_poseidon_constants.o:(.text.next64_graingen)
c0de2e14 c0de2e14        0     1                 $t.2
c0de2e15 c0de2e15       4a     1                 next64_graingen
c0de2e60 c0de2e60       30     4         build/nanos2/obj/app/src/zknox/hash/zkn_poseidon_constants.o:(.text.init_generator)
c0de2e60 c0de2e60        0     1                 $t.3
c0de2e61 c0de2e61       30     1                 init_generator
c0de2e88 c0de2e88        0     1                 $d.4
c0de2e90 c0de2e90       98     4         build/nanos2/obj/app/src/zknox/hash/zkn_poseidon_constants.o:(.text.gen_integer)
c0de2e90 c0de2e90        0     1                 $t.5
c0de2e91 c0de2e91       98     1                 gen_integer
c0de2f18 c0de2f18        0     1                 $d.6
c0de2f28 c0de2f28        8     2         build/nanos2/obj/app/src/zknox/hash/zkn_poseidon_constants.o:(.text.rev64)
c0de2f28 c0de2f28        0     1                 $t.7
c0de2f29 c0de2f29        8     1                 rev64
c0de2f30 c0de2f30        6     2         build/nanos2/obj/app/src/zknox/hash/zkn_poseidon_constants.o:(.text.Poseidon_getNext_RC)
c0de2f30 c0de2f30        0     1                 $t.8
c0de2f31 c0de2f31        6     1                 Poseidon_getNext_RC
c0de2f38 c0de2f38       cc     4         build/nanos2/obj/app/src/zknox/hash/zkn_poseidon_constants.o:(.text.Poseidon_alloc_init)
c0de2f38 c0de2f38        0     1                 $t.9
c0de2f39 c0de2f39       cc     1                 Poseidon_alloc_init
c0de3000 c0de3000        0     1                 $d.10
c0de3004 c0de3004      1a0     4         build/nanos2/obj/app/src/zknox/hash/zkn_poseidon_constants.o:(.text.Poseidon)
c0de3004 c0de3004        0     1                 $t.13
c0de3005 c0de3005      1a0     1                 Poseidon
c0de31a0 c0de31a0        0     1                 $d.14
c0de31a4 c0de31a4       98     4         build/nanos2/obj/app/src/zknox/hash/zkn_rfc9591frost.o:(.text.RFC9591_taggedHash)
c0de31a4 c0de31a4        0     1                 $t.0
c0de31a5 c0de31a5       98     1                 RFC9591_taggedHash
c0de3238 c0de3238        0     1                 $d.1
c0de323c c0de323c       1c     2         build/nanos2/obj/app/src/zknox/hash/zkn_rfc9591frost.o:(.text.Babyfrost_H1)
c0de323c c0de323c        0     1                 $t.2
c0de323d c0de323d       1c     1                 Babyfrost_H1
c0de3258 c0de3258       28     4         build/nanos2/obj/app/src/zknox/hash/zkn_rfc9591frost.o:(.text.Babyfrost_H3)
c0de3258 c0de3258        0     1                 $t.3
c0de3259 c0de3259       28     1                 Babyfrost_H3
c0de327c c0de327c        0     1                 $d.4
c0de3280 c0de3280       1c     2         build/nanos2/obj/app/src/zknox/hash/zkn_rfc9591frost.o:(.text.Babyfrost_H4)
c0de3280 c0de3280        0     1                 $t.5
c0de3281 c0de3281       1c     1                 Babyfrost_H4
c0de329c c0de329c       1c     2         build/nanos2/obj/app/src/zknox/hash/zkn_rfc9591frost.o:(.text.Babyfrost_H5)
c0de329c c0de329c        0     1                 $t.6
c0de329d c0de329d       1c     1                 Babyfrost_H5
c0de32b8 c0de32b8       2c     2         build/nanos2/obj/app/src/zknox/hash/zkn_rfc9591frost.o:(.text.zkn_frost_hash_init)
c0de32b8 c0de32b8        0     1                 $t.7
c0de32b9 c0de32b9       2c     1                 zkn_frost_hash_init
c0de32e4 c0de32e4       34     4         build/nanos2/obj/app/src/zknox/hash/zkn_rfc9591frost.o:(.text.zkn_frost_H1_init)
c0de32e4 c0de32e4        0     1                 $t.8
c0de32e5 c0de32e5       34     1                 zkn_frost_H1_init
c0de3314 c0de3314        0     1                 $d.9
c0de3318 c0de3318       34     4         build/nanos2/obj/app/src/zknox/hash/zkn_rfc9591frost.o:(.text.zkn_frost_H5_init)
c0de3318 c0de3318        0     1                 $t.10
c0de3319 c0de3319       34     1                 zkn_frost_H5_init
c0de3348 c0de3348        0     1                 $d.11
c0de334c c0de334c        4     2         build/nanos2/obj/app/src/zknox/hash/zkn_rfc9591frost.o:(.text.zkn_frost_hash_update)
c0de334c c0de334c        0     1                 $t.12
c0de334d c0de334d        4     1                 zkn_frost_hash_update
c0de3350 c0de3350       50     2         build/nanos2/obj/app/src/zknox/hash/zkn_rfc9591frost.o:(.text.zkn_frost_hash_final)
c0de3350 c0de3350        0     1                 $t.13
c0de3351 c0de3351       50     1                 zkn_frost_hash_final
c0de33a0 c0de33a0       14     2         build/nanos2/obj/app/src/zknox/hash/zkn_rfc9591frost.o:(.text.OUTLINED_FUNCTION_0)
c0de33a0 c0de33a0        0     1                 $t.14
c0de33a1 c0de33a1       14     1                 OUTLINED_FUNCTION_0
c0de33b4 c0de33b4        e     2         build/nanos2/obj/app/src/zknox/hash/zkn_rfc9591frost.o:(.text.OUTLINED_FUNCTION_1)
c0de33b4 c0de33b4        0     1                 $t.15
c0de33b5 c0de33b5        e     1                 OUTLINED_FUNCTION_1
c0de33c2 c0de33c2        a     2         build/nanos2/obj/app/src/zknox/hash/zkn_rfc9591frost.o:(.text.OUTLINED_FUNCTION_2)
c0de33c2 c0de33c2        0     1                 $t.16
c0de33c3 c0de33c3        a     1                 OUTLINED_FUNCTION_2
c0de33cc c0de33cc        e     2         build/nanos2/obj/app/src/zknox/hash/zkn_rfc9591frost.o:(.text.OUTLINED_FUNCTION_3)
c0de33cc c0de33cc        0     1                 $t.17
c0de33cd c0de33cd        e     1                 OUTLINED_FUNCTION_3
c0de33da c0de33da       d6     2         build/nanos2/obj/sdk/io/src/os_io_default_apdu.o:(.text.os_io_handle_default_apdu)
c0de33da c0de33da        0     1                 $t.0
c0de33db c0de33db       d6     1                 os_io_handle_default_apdu
c0de34b0 c0de34b0        e     2         build/nanos2/obj/sdk/io/src/os_io_default_apdu.o:(.text.OUTLINED_FUNCTION_0)
c0de34b0 c0de34b0        0     1                 $t.1
c0de34b1 c0de34b1        e     1                 OUTLINED_FUNCTION_0
c0de34be c0de34be       1c     2         build/nanos2/obj/sdk/io/src/os_io_seph_ux.o:(.text.io_process_itc_ux_event)
c0de34be c0de34be        0     1                 $t.2
c0de34bf c0de34bf       1c     1                 io_process_itc_ux_event
c0de34dc c0de34dc       28     4         build/nanos2/obj/sdk/io_legacy/src/os_io_legacy.o:(.text.io_legacy_apdu_tx)
c0de34dc c0de34dc        0     1                 $t.12
c0de34dd c0de34dd       28     1                 io_legacy_apdu_tx
c0de34fc c0de34fc        0     1                 $d.13
c0de3504 c0de3504      1b4     4         build/nanos2/obj/sdk/io_legacy/src/os_io_legacy.o:(.text.io_legacy_apdu_rx)
c0de3504 c0de3504        0     1                 $t.14
c0de3505 c0de3505      1b4     1                 io_legacy_apdu_rx
c0de369c c0de369c        0     1                 $d.15
c0de36b8 c0de36b8       38     4         build/nanos2/obj/sdk/io_legacy/src/os_io_legacy.o:(.text.io_seproxyhal_init)
c0de36b8 c0de36b8        0     1                 $t.16
c0de36b9 c0de36b9       38     1                 io_seproxyhal_init
c0de36ec c0de36ec        0     1                 $d.17
c0de36f0 c0de36f0       ac     2         build/nanos2/obj/sdk/lib_nbgl/src/nbgl_layout_nanos.o:(.text.getTextMaxLenAndWidth)
c0de36f0 c0de36f0        0     1                 $t.0
c0de36f1 c0de36f1       ac     1                 getTextMaxLenAndWidth
c0de379c c0de379c       78     4         build/nanos2/obj/sdk/lib_nbgl/src/nbgl_layout_nanos.o:(.text.nbgl_layoutGet)
c0de379c c0de379c        0     1                 $t.2
c0de379d c0de379d       78     1                 nbgl_layoutGet
c0de380c c0de380c        0     1                 $d.3
c0de3814 c0de3814       50     4         build/nanos2/obj/sdk/lib_nbgl/src/nbgl_layout_nanos.o:(.text.buttonCallback)
c0de3814 c0de3814        0     1                 $t.4
c0de3815 c0de3815       50     1                 buttonCallback
c0de3860 c0de3860        0     1                 $d.5
c0de3864 c0de3864       bc     4         build/nanos2/obj/sdk/lib_nbgl/src/nbgl_layout_nanos.o:(.text.nbgl_layoutAddNavigation)
c0de3864 c0de3864        0     1                 $t.6
c0de3865 c0de3865       bc     1                 nbgl_layoutAddNavigation
c0de3910 c0de3910        0     1                 $d.7
c0de3920 c0de3920      380     4         build/nanos2/obj/sdk/lib_nbgl/src/nbgl_layout_nanos.o:(.text.nbgl_layoutAddText)
c0de3920 c0de3920        0     1                 $t.8
c0de3921 c0de3921      380     1                 nbgl_layoutAddText
c0de3c9c c0de3c9c        0     1                 $d.9
c0de3ca0 c0de3ca0       a8     2         build/nanos2/obj/sdk/lib_nbgl/src/nbgl_layout_nanos.o:(.text.nbgl_layoutAddMenuList)
c0de3ca0 c0de3ca0        0     1                 $t.10
c0de3ca1 c0de3ca1       a8     1                 nbgl_layoutAddMenuList
c0de3d48 c0de3d48      340     2         build/nanos2/obj/sdk/lib_nbgl/src/nbgl_layout_nanos.o:(.text.nbgl_layoutAddCenteredInfo)
c0de3d48 c0de3d48        0     1                 $t.11
c0de3d49 c0de3d49      340     1                 nbgl_layoutAddCenteredInfo
c0de4088 c0de4088      1dc     4         build/nanos2/obj/sdk/lib_nbgl/src/nbgl_layout_nanos.o:(.text.nbgl_layoutAddSwitch)
c0de4088 c0de4088        0     1                 $t.14
c0de4089 c0de4089      1dc     1                 nbgl_layoutAddSwitch
c0de4254 c0de4254        0     1                 $d.15
c0de4264 c0de4264       10     2         build/nanos2/obj/sdk/lib_nbgl/src/nbgl_layout_nanos.o:(.text.nbgl_layoutDraw)
c0de4264 c0de4264        0     1                 $t.16
c0de4265 c0de4265       10     1                 nbgl_layoutDraw
c0de4274 c0de4274       1a     2         build/nanos2/obj/sdk/lib_nbgl/src/nbgl_layout_nanos.o:(.text.nbgl_layoutRelease)
c0de4274 c0de4274        0     1                 $t.17
c0de4275 c0de4275       1a     1                 nbgl_layoutRelease
c0de428e c0de428e       1a     2         build/nanos2/obj/sdk/lib_nbgl/src/nbgl_layout_nanos.o:(.text.OUTLINED_FUNCTION_1)
c0de428e c0de428e        0     1                 $t.19
c0de428f c0de428f       1a     1                 OUTLINED_FUNCTION_1
c0de42a8 c0de42a8       1a     2         build/nanos2/obj/sdk/lib_nbgl/src/nbgl_layout_nanos.o:(.text.OUTLINED_FUNCTION_2)
c0de42a8 c0de42a8        0     1                 $t.20
c0de42a9 c0de42a9       1a     1                 OUTLINED_FUNCTION_2
c0de42c2 c0de42c2       12     2         build/nanos2/obj/sdk/lib_nbgl/src/nbgl_layout_nanos.o:(.text.OUTLINED_FUNCTION_3)
c0de42c2 c0de42c2        0     1                 $t.21
c0de42c3 c0de42c3       12     1                 OUTLINED_FUNCTION_3
c0de42d4 c0de42d4        6     2         build/nanos2/obj/sdk/lib_nbgl/src/nbgl_layout_nanos.o:(.text.OUTLINED_FUNCTION_4)
c0de42d4 c0de42d4        0     1                 $t.22
c0de42d5 c0de42d5        6     1                 OUTLINED_FUNCTION_4
c0de42da c0de42da        a     2         build/nanos2/obj/sdk/lib_nbgl/src/nbgl_layout_nanos.o:(.text.OUTLINED_FUNCTION_5)
c0de42da c0de42da        0     1                 $t.23
c0de42db c0de42db        a     1                 OUTLINED_FUNCTION_5
c0de42e4 c0de42e4       10     2         build/nanos2/obj/sdk/lib_nbgl/src/nbgl_layout_nanos.o:(.text.OUTLINED_FUNCTION_6)
c0de42e4 c0de42e4        0     1                 $t.24
c0de42e5 c0de42e5       10     1                 OUTLINED_FUNCTION_6
c0de42f4 c0de42f4        8     2         build/nanos2/obj/sdk/lib_nbgl/src/nbgl_layout_nanos.o:(.text.OUTLINED_FUNCTION_7)
c0de42f4 c0de42f4        0     1                 $t.25
c0de42f5 c0de42f5        8     1                 OUTLINED_FUNCTION_7
c0de42fc c0de42fc        6     2         build/nanos2/obj/sdk/lib_nbgl/src/nbgl_layout_nanos.o:(.text.OUTLINED_FUNCTION_8)
c0de42fc c0de42fc        0     1                 $t.26
c0de42fd c0de42fd        6     1                 OUTLINED_FUNCTION_8
c0de4302 c0de4302        e     2         build/nanos2/obj/sdk/lib_nbgl/src/nbgl_layout_nanos.o:(.text.OUTLINED_FUNCTION_9)
c0de4302 c0de4302        0     1                 $t.27
c0de4303 c0de4303        e     1                 OUTLINED_FUNCTION_9
c0de4310 c0de4310       72     2         build/nanos2/obj/sdk/lib_nbgl/src/nbgl_step.o:(.text.nbgl_stepDrawText)
c0de4310 c0de4310        0     1                 $t.0
c0de4311 c0de4311       72     1                 nbgl_stepDrawText
c0de4384 c0de4384       4c     4         build/nanos2/obj/sdk/lib_nbgl/src/nbgl_step.o:(.text.getFreeContext)
c0de4384 c0de4384        0     1                 $t.1
c0de4385 c0de4385       4c     1                 getFreeContext
c0de43cc c0de43cc        0     1                 $d.2
c0de43d0 c0de43d0      1cc     4         build/nanos2/obj/sdk/lib_nbgl/src/nbgl_step.o:(.text.displayTextPage)
c0de43d0 c0de43d0        0     1                 $t.3
c0de43d1 c0de43d1      1cc     1                 displayTextPage
c0de4594 c0de4594        0     1                 $d.4
c0de459c c0de459c       7c     4         build/nanos2/obj/sdk/lib_nbgl/src/nbgl_step.o:(.text.nbgl_stepDrawCenteredInfo)
c0de459c c0de459c        0     1                 $t.5
c0de459d c0de459d       7c     1                 nbgl_stepDrawCenteredInfo
c0de4614 c0de4614        0     1                 $d.6
c0de4618 c0de4618       6c     2         build/nanos2/obj/sdk/lib_nbgl/src/nbgl_step.o:(.text.actionCallback)
c0de4618 c0de4618        0     1                 $t.7
c0de4619 c0de4619       6c     1                 actionCallback
c0de4684 c0de4684       38     2         build/nanos2/obj/sdk/lib_nbgl/src/nbgl_step.o:(.text.getNavigationInfo)
c0de4684 c0de4684        0     1                 $t.8
c0de4685 c0de4685       38     1                 getNavigationInfo
c0de46bc c0de46bc       36     2         build/nanos2/obj/sdk/lib_nbgl/src/nbgl_step.o:(.text.nbgl_stepDrawMenuList)
c0de46bc c0de46bc        0     1                 $t.9
c0de46bd c0de46bd       36     1                 nbgl_stepDrawMenuList
c0de46f4 c0de46f4       78     4         build/nanos2/obj/sdk/lib_nbgl/src/nbgl_step.o:(.text.displayMenuList)
c0de46f4 c0de46f4        0     1                 $t.10
c0de46f5 c0de46f5       78     1                 displayMenuList
c0de4768 c0de4768        0     1                 $d.11
c0de476c c0de476c       7c     4         build/nanos2/obj/sdk/lib_nbgl/src/nbgl_step.o:(.text.nbgl_stepDrawSwitch)
c0de476c c0de476c        0     1                 $t.13
c0de476d c0de476d       7c     1                 nbgl_stepDrawSwitch
c0de47e4 c0de47e4        0     1                 $d.14
c0de47e8 c0de47e8       18     2         build/nanos2/obj/sdk/lib_nbgl/src/nbgl_step.o:(.text.nbgl_stepRelease)
c0de47e8 c0de47e8        0     1                 $t.15
c0de47e9 c0de47e9       18     1                 nbgl_stepRelease
c0de4800 c0de4800       28     4         build/nanos2/obj/sdk/lib_nbgl/src/nbgl_step.o:(.text.getContextFromLayout)
c0de4800 c0de4800        0     1                 $t.16
c0de4801 c0de4801       28     1                 getContextFromLayout
c0de4824 c0de4824        0     1                 $d.17
c0de4828 c0de4828       40     2         build/nanos2/obj/sdk/lib_nbgl/src/nbgl_step.o:(.text.menuListActionCallback)
c0de4828 c0de4828        0     1                 $t.18
c0de4829 c0de4829       40     1                 menuListActionCallback
c0de4868 c0de4868       8e     2         build/nanos2/obj/sdk/lib_nbgl/src/nbgl_step.o:(.text.OUTLINED_FUNCTION_0)
c0de4868 c0de4868        0     1                 $t.19
c0de4869 c0de4869       8e     1                 OUTLINED_FUNCTION_0
c0de48f6 c0de48f6       4a     2         build/nanos2/obj/sdk/lib_nbgl/src/nbgl_step.o:(.text.OUTLINED_FUNCTION_1)
c0de48f6 c0de48f6        0     1                 $t.20
c0de48f7 c0de48f7       4a     1                 OUTLINED_FUNCTION_1
c0de4940 c0de4940       12     2         build/nanos2/obj/sdk/lib_nbgl/src/nbgl_step.o:(.text.OUTLINED_FUNCTION_2)
c0de4940 c0de4940        0     1                 $t.21
c0de4941 c0de4941       12     1                 OUTLINED_FUNCTION_2
c0de4952 c0de4952        a     2         build/nanos2/obj/sdk/lib_nbgl/src/nbgl_step.o:(.text.OUTLINED_FUNCTION_3)
c0de4952 c0de4952        0     1                 $t.22
c0de4953 c0de4953        a     1                 OUTLINED_FUNCTION_3
c0de495c c0de495c        6     2         build/nanos2/obj/sdk/lib_nbgl/src/nbgl_step.o:(.text.OUTLINED_FUNCTION_4)
c0de495c c0de495c        0     1                 $t.23
c0de495d c0de495d        6     1                 OUTLINED_FUNCTION_4
c0de4962 c0de4962        e     2         build/nanos2/obj/sdk/lib_nbgl/src/nbgl_step.o:(.text.OUTLINED_FUNCTION_5)
c0de4962 c0de4962        0     1                 $t.24
c0de4963 c0de4963        e     1                 OUTLINED_FUNCTION_5
c0de4970 c0de4970       4c     4         build/nanos2/obj/sdk/lib_nbgl/src/nbgl_use_case_nanos.o:(.text.nbgl_useCaseHomeAndSettings)
c0de4970 c0de4970        0     1                 $t.11
c0de4971 c0de4971       4c     1                 nbgl_useCaseHomeAndSettings
c0de49b8 c0de49b8        0     1                 $d.12
c0de49bc c0de49bc       78     4         build/nanos2/obj/sdk/lib_nbgl/src/nbgl_use_case_nanos.o:(.text.startUseCaseSettingsAtPage)
c0de49bc c0de49bc        0     1                 $t.13
c0de49bd c0de49bd       78     1                 startUseCaseSettingsAtPage
c0de4a30 c0de4a30        0     1                 $d.14
c0de4a34 c0de4a34       8c     4         build/nanos2/obj/sdk/lib_nbgl/src/nbgl_use_case_nanos.o:(.text.startUseCaseHome)
c0de4a34 c0de4a34        0     1                 $t.15
c0de4a35 c0de4a35       8c     1                 startUseCaseHome
c0de4abc c0de4abc        0     1                 $d.16
c0de4ac0 c0de4ac0       20     2         build/nanos2/obj/sdk/lib_nbgl/src/nbgl_use_case_nanos.o:(.text.nbgl_useCaseReview)
c0de4ac0 c0de4ac0        0     1                 $t.20
c0de4ac1 c0de4ac1       20     1                 nbgl_useCaseReview
c0de4ae0 c0de4ae0       50     4         build/nanos2/obj/sdk/lib_nbgl/src/nbgl_use_case_nanos.o:(.text.useCaseReview)
c0de4ae0 c0de4ae0        0     1                 $t.21
c0de4ae1 c0de4ae1       50     1                 useCaseReview
c0de4b2c c0de4b2c        0     1                 $d.22
c0de4b30 c0de4b30       bc     4         build/nanos2/obj/sdk/lib_nbgl/src/nbgl_use_case_nanos.o:(.text.nbgl_useCaseAdvancedReview)
c0de4b30 c0de4b30        0     1                 $t.23
c0de4b31 c0de4b31       bc     1                 nbgl_useCaseAdvancedReview
c0de4be8 c0de4be8        0     1                 $d.24
c0de4bec c0de4bec       14     4         build/nanos2/obj/sdk/lib_nbgl/src/nbgl_use_case_nanos.o:(.text.displayInitialWarning)
c0de4bec c0de4bec        0     1                 $t.25
c0de4bed c0de4bed       14     1                 displayInitialWarning
c0de4bfc c0de4bfc        0     1                 $d.26
c0de4c00 c0de4c00       24     4         build/nanos2/obj/sdk/lib_nbgl/src/nbgl_use_case_nanos.o:(.text.nbgl_useCaseReviewBlindSigning)
c0de4c00 c0de4c00        0     1                 $t.27
c0de4c01 c0de4c01       24     1                 nbgl_useCaseReviewBlindSigning
c0de4c20 c0de4c20        0     1                 $d.28
c0de4c24 c0de4c24       68     4         build/nanos2/obj/sdk/lib_nbgl/src/nbgl_use_case_nanos.o:(.text.nbgl_useCaseAddressReview)
c0de4c24 c0de4c24        0     1                 $t.30
c0de4c25 c0de4c25       68     1                 nbgl_useCaseAddressReview
c0de4c88 c0de4c88        0     1                 $d.31
c0de4c8c c0de4c8c      198     4         build/nanos2/obj/sdk/lib_nbgl/src/nbgl_use_case_nanos.o:(.text.displayReviewPage)
c0de4c8c c0de4c8c        0     1                 $t.32
c0de4c8d c0de4c8d      198     1                 displayReviewPage
c0de4e08 c0de4e08        0     1                 $d.33
c0de4e24 c0de4e24       40     4         build/nanos2/obj/sdk/lib_nbgl/src/nbgl_use_case_nanos.o:(.text.nbgl_useCaseStatus)
c0de4e24 c0de4e24        0     1                 $t.36
c0de4e25 c0de4e25       40     1                 nbgl_useCaseStatus
c0de4e5c c0de4e5c        0     1                 $d.37
c0de4e64 c0de4e64      188     4         build/nanos2/obj/sdk/lib_nbgl/src/nbgl_use_case_nanos.o:(.text.drawStep)
c0de4e64 c0de4e64        0     1                 $t.38
c0de4e65 c0de4e65      188     1                 drawStep
c0de4fd8 c0de4fd8        0     1                 $d.39
c0de4fec c0de4fec       1c     4         build/nanos2/obj/sdk/lib_nbgl/src/nbgl_use_case_nanos.o:(.text.statusButtonCallback)
c0de4fec c0de4fec        0     1                 $t.40
c0de4fed c0de4fed       1c     1                 statusButtonCallback
c0de5004 c0de5004        0     1                 $d.41
c0de5008 c0de5008       94     4         build/nanos2/obj/sdk/lib_nbgl/src/nbgl_use_case_nanos.o:(.text.nbgl_useCaseReviewStatus)
c0de5008 c0de5008        0     1                 $t.42
c0de5009 c0de5009       94     1                 nbgl_useCaseReviewStatus
c0de507c c0de507c        0     1                 $d.43
c0de509c c0de509c      184     4         build/nanos2/obj/sdk/lib_nbgl/src/nbgl_use_case_nanos.o:(.text.displayStreamingReviewPage)
c0de509c c0de509c        0     1                 $t.46
c0de509d c0de509d      184     1                 displayStreamingReviewPage
c0de520c c0de520c        0     1                 $d.47
c0de5220 c0de5220       3c     4         build/nanos2/obj/sdk/lib_nbgl/src/nbgl_use_case_nanos.o:(.text.nbgl_useCaseSpinner)
c0de5220 c0de5220        0     1                 $t.57
c0de5221 c0de5221       3c     1                 nbgl_useCaseSpinner
c0de5254 c0de5254        0     1                 $d.58
c0de525c c0de525c       38     4         build/nanos2/obj/sdk/lib_nbgl/src/nbgl_use_case_nanos.o:(.text.nbgl_useCaseChoice)
c0de525c c0de525c        0     1                 $t.59
c0de525d c0de525d       38     1                 nbgl_useCaseChoice
c0de5290 c0de5290        0     1                 $d.60
c0de5294 c0de5294       bc     4         build/nanos2/obj/sdk/lib_nbgl/src/nbgl_use_case_nanos.o:(.text.displayChoicePage)
c0de5294 c0de5294        0     1                 $t.61
c0de5295 c0de5295       bc     1                 displayChoicePage
c0de5338 c0de5338        0     1                 $d.62
c0de5350 c0de5350       b4     4         build/nanos2/obj/sdk/lib_nbgl/src/nbgl_use_case_nanos.o:(.text.getContentAtIdx)
c0de5350 c0de5350        0     1                 $t.71
c0de5351 c0de5351       b4     1                 getContentAtIdx
c0de5400 c0de5400        0     1                 $d.72
c0de5404 c0de5404       34     2         build/nanos2/obj/sdk/lib_nbgl/src/nbgl_use_case_nanos.o:(.text.getContentNbElement)
c0de5404 c0de5404        0     1                 $t.73
c0de5405 c0de5405       34     1                 getContentNbElement
c0de5438 c0de5438       ac     4         build/nanos2/obj/sdk/lib_nbgl/src/nbgl_use_case_nanos.o:(.text.displayContent)
c0de5438 c0de5438        0     1                 $t.74
c0de5439 c0de5439       ac     1                 displayContent
c0de54cc c0de54cc        0     1                 $d.75
c0de54e4 c0de54e4      144     4         build/nanos2/obj/sdk/lib_nbgl/src/nbgl_use_case_nanos.o:(.text.getContentPage)
c0de54e4 c0de54e4        0     1                 $t.76
c0de54e5 c0de54e5      144     1                 getContentPage
c0de561c c0de561c        0     1                 $d.77
c0de5628 c0de5628       50     4         build/nanos2/obj/sdk/lib_nbgl/src/nbgl_use_case_nanos.o:(.text.drawSwitchStep)
c0de5628 c0de5628        0     1                 $t.78
c0de5629 c0de5629       50     1                 drawSwitchStep
c0de5674 c0de5674        0     1                 $d.79
c0de5678 c0de5678       1e     2         build/nanos2/obj/sdk/lib_nbgl/src/nbgl_use_case_nanos.o:(.text.contentCallback)
c0de5678 c0de5678        0     1                 $t.80
c0de5679 c0de5679       1e     1                 contentCallback
c0de5698 c0de5698       88     4         build/nanos2/obj/sdk/lib_nbgl/src/nbgl_use_case_nanos.o:(.text.getContentElemAtIdx)
c0de5698 c0de5698        0     1                 $t.81
c0de5699 c0de5699       88     1                 getContentElemAtIdx
c0de5718 c0de5718        0     1                 $d.82
c0de5720 c0de5720       46     2         build/nanos2/obj/sdk/lib_nbgl/src/nbgl_use_case_nanos.o:(.text.getPairData)
c0de5720 c0de5720        0     1                 $t.83
c0de5721 c0de5721       46     1                 getPairData
c0de5768 c0de5768       b0     4         build/nanos2/obj/sdk/lib_nbgl/src/nbgl_use_case_nanos.o:(.text.onSwitchAction)
c0de5768 c0de5768        0     1                 $t.84
c0de5769 c0de5769       b0     1                 onSwitchAction
c0de5810 c0de5810        0     1                 $d.85
c0de5818 c0de5818       9c     4         build/nanos2/obj/sdk/lib_nbgl/src/nbgl_use_case_nanos.o:(.text.displaySettingsPage)
c0de5818 c0de5818        0     1                 $t.86
c0de5819 c0de5819       9c     1                 displaySettingsPage
c0de589c c0de589c        0     1                 $d.87
c0de58b4 c0de58b4       1e     2         build/nanos2/obj/sdk/lib_nbgl/src/nbgl_use_case_nanos.o:(.text.settingsCallback)
c0de58b4 c0de58b4        0     1                 $t.88
c0de58b5 c0de58b5       1e     1                 settingsCallback
c0de58d4 c0de58d4      124     4         build/nanos2/obj/sdk/lib_nbgl/src/nbgl_use_case_nanos.o:(.text.buttonGenericCallback)
c0de58d4 c0de58d4        0     1                 $t.89
c0de58d5 c0de58d5      124     1                 buttonGenericCallback
c0de59f0 c0de59f0        0     1                 $d.90
c0de59f8 c0de59f8       fc     4         build/nanos2/obj/sdk/lib_nbgl/src/nbgl_use_case_nanos.o:(.text.displayHomePage)
c0de59f8 c0de59f8        0     1                 $t.91
c0de59f9 c0de59f9       fc     1                 displayHomePage
c0de5ac8 c0de5ac8        0     1                 $d.92
c0de5af4 c0de5af4        6     2         build/nanos2/obj/sdk/lib_nbgl/src/nbgl_use_case_nanos.o:(.text.startUseCaseSettings)
c0de5af4 c0de5af4        0     1                 $t.93
c0de5af5 c0de5af5        6     1                 startUseCaseSettings
c0de5afc c0de5afc       24     4         build/nanos2/obj/sdk/lib_nbgl/src/nbgl_use_case_nanos.o:(.text.startUseCaseInfo)
c0de5afc c0de5afc        0     1                 $t.94
c0de5afd c0de5afd       24     1                 startUseCaseInfo
c0de5b1c c0de5b1c        0     1                 $d.95
c0de5b20 c0de5b20       1c     2         build/nanos2/obj/sdk/lib_nbgl/src/nbgl_use_case_nanos.o:(.text.homeCallback)
c0de5b20 c0de5b20        0     1                 $t.96
c0de5b21 c0de5b21       1c     1                 homeCallback
c0de5b3c c0de5b3c       78     4         build/nanos2/obj/sdk/lib_nbgl/src/nbgl_use_case_nanos.o:(.text.displayInfoPage)
c0de5b3c c0de5b3c        0     1                 $t.97
c0de5b3d c0de5b3d       78     1                 displayInfoPage
c0de5b9c c0de5b9c        0     1                 $d.98
c0de5bb4 c0de5bb4       1c     2         build/nanos2/obj/sdk/lib_nbgl/src/nbgl_use_case_nanos.o:(.text.infoCallback)
c0de5bb4 c0de5bb4        0     1                 $t.99
c0de5bb5 c0de5bb5       1c     1                 infoCallback
c0de5bd0 c0de5bd0       d0     4         build/nanos2/obj/sdk/lib_nbgl/src/nbgl_use_case_nanos.o:(.text.displayWarningStep)
c0de5bd0 c0de5bd0        0     1                 $t.100
c0de5bd1 c0de5bd1       d0     1                 displayWarningStep
c0de5c8c c0de5c8c        0     1                 $d.101
c0de5ca0 c0de5ca0      128     4         build/nanos2/obj/sdk/lib_nbgl/src/nbgl_use_case_nanos.o:(.text.getLastPageInfo)
c0de5ca0 c0de5ca0        0     1                 $t.102
c0de5ca1 c0de5ca1      128     1                 getLastPageInfo
c0de5d6c c0de5d6c        0     1                 $d.103
c0de5dc8 c0de5dc8       84     4         build/nanos2/obj/sdk/lib_nbgl/src/nbgl_use_case_nanos.o:(.text.warningNavigate)
c0de5dc8 c0de5dc8        0     1                 $t.104
c0de5dc9 c0de5dc9       84     1                 warningNavigate
c0de5e48 c0de5e48        0     1                 $d.105
c0de5e4c c0de5e4c       14     4         build/nanos2/obj/sdk/lib_nbgl/src/nbgl_use_case_nanos.o:(.text.onReviewAccept)
c0de5e4c c0de5e4c        0     1                 $t.106
c0de5e4d c0de5e4d       14     1                 onReviewAccept
c0de5e5c c0de5e5c        0     1                 $d.107
c0de5e60 c0de5e60       14     4         build/nanos2/obj/sdk/lib_nbgl/src/nbgl_use_case_nanos.o:(.text.onReviewReject)
c0de5e60 c0de5e60        0     1                 $t.108
c0de5e61 c0de5e61       14     1                 onReviewReject
c0de5e70 c0de5e70        0     1                 $d.109
c0de5e74 c0de5e74       38     4         build/nanos2/obj/sdk/lib_nbgl/src/nbgl_use_case_nanos.o:(.text.launchReviewAfterWarning)
c0de5e74 c0de5e74        0     1                 $t.110
c0de5e75 c0de5e75       38     1                 launchReviewAfterWarning
c0de5ea8 c0de5ea8        0     1                 $d.111
c0de5eac c0de5eac       b8     4         build/nanos2/obj/sdk/lib_nbgl/src/nbgl_use_case_nanos.o:(.text.buttonSkipCallback)
c0de5eac c0de5eac        0     1                 $t.112
c0de5ead c0de5ead       b8     1                 buttonSkipCallback
c0de5f60 c0de5f60        0     1                 $d.113
c0de5f64 c0de5f64       74     4         build/nanos2/obj/sdk/lib_nbgl/src/nbgl_use_case_nanos.o:(.text.displayAliasFullValue)
c0de5f64 c0de5f64        0     1                 $t.114
c0de5f65 c0de5f65       74     1                 displayAliasFullValue
c0de5fd4 c0de5fd4        0     1                 $d.115
c0de5fd8 c0de5fd8       24     4         build/nanos2/obj/sdk/lib_nbgl/src/nbgl_use_case_nanos.o:(.text.reviewCallback)
c0de5fd8 c0de5fd8        0     1                 $t.116
c0de5fd9 c0de5fd9       24     1                 reviewCallback
c0de5ff8 c0de5ff8        0     1                 $d.117
c0de5ffc c0de5ffc       f4     4         build/nanos2/obj/sdk/lib_nbgl/src/nbgl_use_case_nanos.o:(.text.displayExtensionStep)
c0de5ffc c0de5ffc        0     1                 $t.118
c0de5ffd c0de5ffd       f4     1                 displayExtensionStep
c0de60dc c0de60dc        0     1                 $d.119
c0de60f0 c0de60f0       74     4         build/nanos2/obj/sdk/lib_nbgl/src/nbgl_use_case_nanos.o:(.text.extensionNavigate)
c0de60f0 c0de60f0        0     1                 $t.120
c0de60f1 c0de60f1       74     1                 extensionNavigate
c0de6160 c0de6160        0     1                 $d.121
c0de6164 c0de6164       10     4         build/nanos2/obj/sdk/lib_nbgl/src/nbgl_use_case_nanos.o:(.text.statusTickerCallback)
c0de6164 c0de6164        0     1                 $t.122
c0de6165 c0de6165       10     1                 statusTickerCallback
c0de6170 c0de6170        0     1                 $d.123
c0de6174 c0de6174       64     4         build/nanos2/obj/sdk/lib_nbgl/src/nbgl_use_case_nanos.o:(.text.getChoiceName)
c0de6174 c0de6174        0     1                 $t.124
c0de6175 c0de6175       64     1                 getChoiceName
c0de61d0 c0de61d0        0     1                 $d.125
c0de61d8 c0de61d8       6c     4         build/nanos2/obj/sdk/lib_nbgl/src/nbgl_use_case_nanos.o:(.text.onChoiceSelected)
c0de61d8 c0de61d8        0     1                 $t.126
c0de61d9 c0de61d9       6c     1                 onChoiceSelected
c0de6240 c0de6240        0     1                 $d.127
c0de6244 c0de6244       24     4         build/nanos2/obj/sdk/lib_nbgl/src/nbgl_use_case_nanos.o:(.text.streamingReviewCallback)
c0de6244 c0de6244        0     1                 $t.128
c0de6245 c0de6245       24     1                 streamingReviewCallback
c0de6264 c0de6264        0     1                 $d.129
c0de6268 c0de6268       14     4         build/nanos2/obj/sdk/lib_nbgl/src/nbgl_use_case_nanos.o:(.text.onChoiceAccept)
c0de6268 c0de6268        0     1                 $t.130
c0de6269 c0de6269       14     1                 onChoiceAccept
c0de6278 c0de6278        0     1                 $d.131
c0de627c c0de627c       14     4         build/nanos2/obj/sdk/lib_nbgl/src/nbgl_use_case_nanos.o:(.text.onChoiceReject)
c0de627c c0de627c        0     1                 $t.132
c0de627d c0de627d       14     1                 onChoiceReject
c0de628c c0de628c        0     1                 $d.133
c0de6290 c0de6290       1c     2         build/nanos2/obj/sdk/lib_nbgl/src/nbgl_use_case_nanos.o:(.text.genericChoiceCallback)
c0de6290 c0de6290        0     1                 $t.134
c0de6291 c0de6291       1c     1                 genericChoiceCallback
c0de62ac c0de62ac       14     2         build/nanos2/obj/sdk/lib_nbgl/src/nbgl_use_case_nanos.o:(.text.OUTLINED_FUNCTION_0)
c0de62ac c0de62ac        0     1                 $t.140
c0de62ad c0de62ad       14     1                 OUTLINED_FUNCTION_0
c0de62c0 c0de62c0       16     2         build/nanos2/obj/sdk/lib_nbgl/src/nbgl_use_case_nanos.o:(.text.OUTLINED_FUNCTION_1)
c0de62c0 c0de62c0        0     1                 $t.141
c0de62c1 c0de62c1       16     1                 OUTLINED_FUNCTION_1
c0de62d6 c0de62d6        c     2         build/nanos2/obj/sdk/lib_nbgl/src/nbgl_use_case_nanos.o:(.text.OUTLINED_FUNCTION_2)
c0de62d6 c0de62d6        0     1                 $t.142
c0de62d7 c0de62d7        c     1                 OUTLINED_FUNCTION_2
c0de62e2 c0de62e2        c     2         build/nanos2/obj/sdk/lib_nbgl/src/nbgl_use_case_nanos.o:(.text.OUTLINED_FUNCTION_3)
c0de62e2 c0de62e2        0     1                 $t.143
c0de62e3 c0de62e3        c     1                 OUTLINED_FUNCTION_3
c0de62ee c0de62ee        8     2         build/nanos2/obj/sdk/lib_nbgl/src/nbgl_use_case_nanos.o:(.text.OUTLINED_FUNCTION_4)
c0de62ee c0de62ee        0     1                 $t.144
c0de62ef c0de62ef        8     1                 OUTLINED_FUNCTION_4
c0de62f6 c0de62f6        6     2         build/nanos2/obj/sdk/lib_nbgl/src/nbgl_use_case_nanos.o:(.text.OUTLINED_FUNCTION_5)
c0de62f6 c0de62f6        0     1                 $t.145
c0de62f7 c0de62f7        6     1                 OUTLINED_FUNCTION_5
c0de62fc c0de62fc        8     2         build/nanos2/obj/sdk/lib_nbgl/src/nbgl_use_case_nanos.o:(.text.OUTLINED_FUNCTION_6)
c0de62fc c0de62fc        0     1                 $t.146
c0de62fd c0de62fd        8     1                 OUTLINED_FUNCTION_6
c0de6304 c0de6304        a     2         build/nanos2/obj/sdk/lib_nbgl/src/nbgl_use_case_nanos.o:(.text.OUTLINED_FUNCTION_7)
c0de6304 c0de6304        0     1                 $t.147
c0de6305 c0de6305        a     1                 OUTLINED_FUNCTION_7
c0de630e c0de630e        e     2         build/nanos2/obj/sdk/lib_nbgl/src/nbgl_use_case_nanos.o:(.text.OUTLINED_FUNCTION_8)
c0de630e c0de630e        0     1                 $t.148
c0de630f c0de630f        e     1                 OUTLINED_FUNCTION_8
c0de631c c0de631c        a     2         build/nanos2/obj/sdk/lib_nbgl/src/nbgl_use_case_nanos.o:(.text.OUTLINED_FUNCTION_9)
c0de631c c0de631c        0     1                 $t.149
c0de631d c0de631d        a     1                 OUTLINED_FUNCTION_9
c0de6326 c0de6326        e     2         build/nanos2/obj/sdk/lib_nbgl/src/nbgl_use_case_nanos.o:(.text.OUTLINED_FUNCTION_10)
c0de6326 c0de6326        0     1                 $t.150
c0de6327 c0de6327        e     1                 OUTLINED_FUNCTION_10
c0de6334 c0de6334       4e     2         build/nanos2/obj/sdk/lib_standard_app/bip32.o:(.text.bip32_path_read)
c0de6334 c0de6334        0     1                 $t.0
c0de6335 c0de6335       4e     1                 bip32_path_read
c0de6382 c0de6382       16     2         build/nanos2/obj/sdk/lib_standard_app/buffer.o:(.text.buffer_seek_cur)
c0de6382 c0de6382        0     1                 $t.2
c0de6383 c0de6383       16     1                 buffer_seek_cur
c0de6398 c0de6398       2c     2         build/nanos2/obj/sdk/lib_standard_app/buffer.o:(.text.buffer_read_u8)
c0de6398 c0de6398        0     1                 $t.4
c0de6399 c0de6399       2c     1                 buffer_read_u8
c0de63c4 c0de63c4       40     2         build/nanos2/obj/sdk/lib_standard_app/buffer.o:(.text.buffer_read_u64)
c0de63c4 c0de63c4        0     1                 $t.7
c0de63c5 c0de63c5       40     1                 buffer_read_u64
c0de6404 c0de6404       3a     2         build/nanos2/obj/sdk/lib_standard_app/buffer.o:(.text.buffer_read_varint)
c0de6404 c0de6404        0     1                 $t.8
c0de6405 c0de6405       3a     1                 buffer_read_varint
c0de643e c0de643e       2e     2         build/nanos2/obj/sdk/lib_standard_app/buffer.o:(.text.buffer_read_bip32_path)
c0de643e c0de643e        0     1                 $t.9
c0de643f c0de643f       2e     1                 buffer_read_bip32_path
c0de646c c0de646c       26     2         build/nanos2/obj/sdk/lib_standard_app/buffer.o:(.text.buffer_copy)
c0de646c c0de646c        0     1                 $t.10
c0de646d c0de646d       26     1                 buffer_copy
c0de6492 c0de6492       32     2         build/nanos2/obj/sdk/lib_standard_app/buffer.o:(.text.buffer_move)
c0de6492 c0de6492        0     1                 $t.11
c0de6493 c0de6493       32     1                 buffer_move
c0de64c4 c0de64c4        c     2         build/nanos2/obj/sdk/lib_standard_app/buffer.o:(.text.OUTLINED_FUNCTION_0)
c0de64c4 c0de64c4        0     1                 $t.12
c0de64c5 c0de64c5        c     1                 OUTLINED_FUNCTION_0
c0de64d0 c0de64d0       70     2         build/nanos2/obj/sdk/lib_standard_app/crypto_helpers.o:(.text.bip32_derive_with_seed_init_privkey_256)
c0de64d0 c0de64d0        0     1                 $t.0
c0de64d1 c0de64d1       70     1                 bip32_derive_with_seed_init_privkey_256
c0de6540 c0de6540       80     2         build/nanos2/obj/sdk/lib_standard_app/crypto_helpers.o:(.text.os_derive_bip32_with_seed_no_throw)
c0de6540 c0de6540        0     1                 $t.1
c0de6541 c0de6541       80     1                 os_derive_bip32_with_seed_no_throw
c0de65c0 c0de65c0       68     2         build/nanos2/obj/sdk/lib_standard_app/crypto_helpers.o:(.text.bip32_derive_with_seed_get_pubkey_256)
c0de65c0 c0de65c0        0     1                 $t.2
c0de65c1 c0de65c1       68     1                 bip32_derive_with_seed_get_pubkey_256
c0de6628 c0de6628       4e     2         build/nanos2/obj/sdk/lib_standard_app/crypto_helpers.o:(.text.bip32_derive_with_seed_ecdsa_sign_hash_256)
c0de6628 c0de6628        0     1                 $t.3
c0de6629 c0de6629       4e     1                 bip32_derive_with_seed_ecdsa_sign_hash_256
c0de6676 c0de6676        6     2         build/nanos2/obj/sdk/lib_standard_app/crypto_helpers.o:(.text.OUTLINED_FUNCTION_0)
c0de6676 c0de6676        0     1                 $t.6
c0de6677 c0de6677        6     1                 OUTLINED_FUNCTION_0
c0de667c c0de667c       72     2         build/nanos2/obj/sdk/lib_standard_app/format.o:(.text.format_u64)
c0de667c c0de667c        0     1                 $t.2
c0de667d c0de667d       72     1                 format_u64
c0de66ee c0de66ee       8e     2         build/nanos2/obj/sdk/lib_standard_app/format.o:(.text.format_fpu64)
c0de66ee c0de66ee        0     1                 $t.3
c0de66ef c0de66ef       8e     1                 format_fpu64
c0de677c c0de677c       50     4         build/nanos2/obj/sdk/lib_standard_app/format.o:(.text.format_hex)
c0de677c c0de677c        0     1                 $t.5
c0de677d c0de677d       50     1                 format_hex
c0de67c8 c0de67c8        0     1                 $d.6
c0de67cc c0de67cc        2     2         build/nanos2/obj/sdk/lib_standard_app/io.o:(.text.app_ticker_event_callback)
c0de67cc c0de67cc        0     1                 $t.0
c0de67cd c0de67cd        2     1                 app_ticker_event_callback
c0de67d0 c0de67d0       30     4         build/nanos2/obj/sdk/lib_standard_app/io.o:(.text.io_event)
c0de67d0 c0de67d0        0     1                 $t.1
c0de67d1 c0de67d1       30     1                 io_event
c0de67fc c0de67fc        0     1                 $d.2
c0de6800 c0de6800       10     4         build/nanos2/obj/sdk/lib_standard_app/io.o:(.text.io_init)
c0de6800 c0de6800        0     1                 $t.3
c0de6801 c0de6801       10     1                 io_init
c0de680c c0de680c        0     1                 $d.4
c0de6810 c0de6810       2c     4         build/nanos2/obj/sdk/lib_standard_app/io.o:(.text.io_recv_command)
c0de6810 c0de6810        0     1                 $t.5
c0de6811 c0de6811       2c     1                 io_recv_command
c0de6838 c0de6838        0     1                 $d.6
c0de683c c0de683c       a8     4         build/nanos2/obj/sdk/lib_standard_app/io.o:(.text.io_send_response_buffers)
c0de683c c0de683c        0     1                 $t.7
c0de683d c0de683d       a8     1                 io_send_response_buffers
c0de68d4 c0de68d4        0     1                 $d.8
c0de68e4 c0de68e4        a     2         build/nanos2/obj/sdk/lib_standard_app/io.o:(.text.OUTLINED_FUNCTION_0)
c0de68e4 c0de68e4        0     1                 $t.10
c0de68e5 c0de68e5        a     1                 OUTLINED_FUNCTION_0
c0de68ee c0de68ee        6     2         build/nanos2/obj/sdk/lib_standard_app/main.o:(.text.app_exit)
c0de68ee c0de68ee        0     1                 $t.0
c0de68ef c0de68ef        6     1                 app_exit
c0de68f4 c0de68f4        e     2         build/nanos2/obj/sdk/lib_standard_app/main.o:(.text.common_app_init)
c0de68f4 c0de68f4        0     1                 $t.1
c0de68f5 c0de68f5        e     1                 common_app_init
c0de6904 c0de6904       6c     4         build/nanos2/obj/sdk/lib_standard_app/main.o:(.text.standalone_app_main)
c0de6904 c0de6904        0     1                 $t.2
c0de6905 c0de6905       6c     1                 standalone_app_main
c0de6964 c0de6964        0     1                 $d.3
c0de6970 c0de6970       a0     4         build/nanos2/obj/sdk/lib_standard_app/main.o:(.text.library_app_main)
c0de6970 c0de6970        0     1                 $t.4
c0de6971 c0de6971       a0     1                 library_app_main
c0de6a00 c0de6a00        0     1                 $d.5
c0de6a10 c0de6a10       36     2         build/nanos2/obj/sdk/lib_standard_app/parser.o:(.text.apdu_parser)
c0de6a10 c0de6a10        0     1                 $t.0
c0de6a11 c0de6a11       36     1                 apdu_parser
c0de6a46 c0de6a46       18     2         build/nanos2/obj/sdk/lib_standard_app/read.o:(.text.read_u32_be)
c0de6a46 c0de6a46        0     1                 $t.1
c0de6a47 c0de6a47       18     1                 read_u32_be
c0de6a5e c0de6a5e       30     2         build/nanos2/obj/sdk/lib_standard_app/read.o:(.text.read_u64_be)
c0de6a5e c0de6a5e        0     1                 $t.2
c0de6a5f c0de6a5f       30     1                 read_u64_be
c0de6a8e c0de6a8e        e     2         build/nanos2/obj/sdk/lib_standard_app/read.o:(.text.read_u16_le)
c0de6a8e c0de6a8e        0     1                 $t.3
c0de6a8f c0de6a8f        e     1                 read_u16_le
c0de6a9c c0de6a9c       18     2         build/nanos2/obj/sdk/lib_standard_app/read.o:(.text.read_u32_le)
c0de6a9c c0de6a9c        0     1                 $t.4
c0de6a9d c0de6a9d       18     1                 read_u32_le
c0de6ab4 c0de6ab4       2e     2         build/nanos2/obj/sdk/lib_standard_app/read.o:(.text.read_u64_le)
c0de6ab4 c0de6ab4        0     1                 $t.5
c0de6ab5 c0de6ab5       2e     1                 read_u64_le
c0de6ae2 c0de6ae2        c     2         build/nanos2/obj/sdk/lib_standard_app/swap_error_code_helpers.o:(.text.send_swap_error_simple)
c0de6ae2 c0de6ae2        0     1                 $t.0
c0de6ae3 c0de6ae3        c     1                 send_swap_error_simple
c0de6af0 c0de6af0       64     4         build/nanos2/obj/sdk/lib_standard_app/swap_error_code_helpers.o:(.text.send_swap_error_with_buffers)
c0de6af0 c0de6af0        0     1                 $t.1
c0de6af1 c0de6af1       64     1                 send_swap_error_with_buffers
c0de6b4c c0de6b4c        0     1                 $d.2
c0de6b54 c0de6b54       34     2         build/nanos2/obj/sdk/lib_standard_app/swap_utils.o:(.text.swap_str_to_u64)
c0de6b54 c0de6b54        0     1                 $t.0
c0de6b55 c0de6b55       34     1                 swap_str_to_u64
c0de6b88 c0de6b88       5c     2         build/nanos2/obj/sdk/lib_standard_app/varint.o:(.text.varint_read)
c0de6b88 c0de6b88        0     1                 $t.1
c0de6b89 c0de6b89       5c     1                 varint_read
c0de6be4 c0de6be4        a     2         build/nanos2/obj/sdk/lib_standard_app/write.o:(.text.write_u16_be)
c0de6be4 c0de6be4        0     1                 $t.0
c0de6be5 c0de6be5        a     1                 write_u16_be
c0de6bf0 c0de6bf0       34     4         build/nanos2/obj/sdk/lib_ux_nbgl/ux.o:(.text.ux_process_button_event)
c0de6bf0 c0de6bf0        0     1                 $t.0
c0de6bf1 c0de6bf1       34     1                 ux_process_button_event
c0de6c20 c0de6c20        0     1                 $d.1
c0de6c24 c0de6c24       54     4         build/nanos2/obj/sdk/lib_ux_nbgl/ux.o:(.text.ux_forward_event)
c0de6c24 c0de6c24        0     1                 $t.2
c0de6c25 c0de6c25       54     1                 ux_forward_event
c0de6c74 c0de6c74        0     1                 $d.3
c0de6c78 c0de6c78       30     4         build/nanos2/obj/sdk/lib_ux_nbgl/ux.o:(.text.ux_process_ticker_event)
c0de6c78 c0de6c78        0     1                 $t.4
c0de6c79 c0de6c79       30     1                 ux_process_ticker_event
c0de6ca4 c0de6ca4        0     1                 $d.5
c0de6ca8 c0de6ca8        6     2         build/nanos2/obj/sdk/lib_ux_nbgl/ux.o:(.text.ux_process_default_event)
c0de6ca8 c0de6ca8        0     1                 $t.6
c0de6ca9 c0de6ca9        6     1                 ux_process_default_event
c0de6cae c0de6cae       4e     2         build/nanos2/obj/sdk/src/cx_hash_iovec.o:(.text.hash_iovec_ex)
c0de6cae c0de6cae        0     1                 $t.7
c0de6caf c0de6caf       4e     1                 hash_iovec_ex
c0de6cfc c0de6cfc       1a     2         build/nanos2/obj/sdk/src/cx_hash_iovec.o:(.text.cx_keccak_256_hash_iovec)
c0de6cfc c0de6cfc        0     1                 $t.12
c0de6cfd c0de6cfd       1a     1                 cx_keccak_256_hash_iovec
c0de6d16 c0de6d16       1a     2         build/nanos2/obj/sdk/src/cx_hash_iovec.o:(.text.cx_blake2b_512_hash_iovec)
c0de6d16 c0de6d16        0     1                 $t.18
c0de6d17 c0de6d17       1a     1                 cx_blake2b_512_hash_iovec
c0de6d30 c0de6d30        a     1         build/nanos2/obj/sdk/src/cx_stubs.o:(.text.cx_ecdsa_sign_no_throw)
c0de6d30 c0de6d30        0     1                 $t.44
c0de6d31 c0de6d31        0     1                 cx_ecdsa_sign_no_throw
c0de6d3a c0de6d3a        a     1         build/nanos2/obj/sdk/src/cx_stubs.o:(.text.cx_ecfp_generate_pair2_no_throw)
c0de6d3a c0de6d3a        0     1                 $t.49
c0de6d3b c0de6d3b        0     1                 cx_ecfp_generate_pair2_no_throw
c0de6d44 c0de6d44        a     1         build/nanos2/obj/sdk/src/cx_stubs.o:(.text.cx_ecfp_init_private_key_no_throw)
c0de6d44 c0de6d44        0     1                 $t.51
c0de6d45 c0de6d45        0     1                 cx_ecfp_init_private_key_no_throw
c0de6d4e c0de6d4e        a     1         build/nanos2/obj/sdk/src/cx_stubs.o:(.text.cx_hash_final)
c0de6d4e c0de6d4e        0     1                 $t.63
c0de6d4f c0de6d4f        0     1                 cx_hash_final
c0de6d58 c0de6d58        a     1         build/nanos2/obj/sdk/src/cx_stubs.o:(.text.cx_hash_init_ex)
c0de6d58 c0de6d58        0     1                 $t.67
c0de6d59 c0de6d59        0     1                 cx_hash_init_ex
c0de6d62 c0de6d62        a     1         build/nanos2/obj/sdk/src/cx_stubs.o:(.text.cx_hash_update)
c0de6d62 c0de6d62        0     1                 $t.72
c0de6d63 c0de6d63        0     1                 cx_hash_update
c0de6d6c c0de6d6c       10     4         build/nanos2/obj/sdk/src/cx_stubs.o:(.text.cx_aes_siv_reset)
c0de6d6c c0de6d6c        0     1                 $t.144
c0de6d6d c0de6d6d        0     1                 cx_aes_siv_reset
c0de6d75 c0de6d75        0     1                 cx_trampoline_helper
c0de6d78 c0de6d78        0     1                 $d.145
c0de6d7c c0de6d7c        6     2         build/nanos2/obj/sdk/src/ledger_assert.o:(.text.assert_exit)
c0de6d7c c0de6d7c        0     1                 $t.0
c0de6d7d c0de6d7d        6     1                 assert_exit
c0de6d82 c0de6d82        a     1         build/nanos2/obj/sdk/src/nbgl_stubs.o:(.text.nbgl_refresh)
c0de6d82 c0de6d82        0     1                 $t.0
c0de6d83 c0de6d83        0     1                 nbgl_refresh
c0de6d8c c0de6d8c        a     1         build/nanos2/obj/sdk/src/nbgl_stubs.o:(.text.nbgl_objInit)
c0de6d8c c0de6d8c        0     1                 $t.5
c0de6d8d c0de6d8d        0     1                 nbgl_objInit
c0de6d96 c0de6d96        a     1         build/nanos2/obj/sdk/src/nbgl_stubs.o:(.text.nbgl_objAllowDrawing)
c0de6d96 c0de6d96        0     1                 $t.7
c0de6d97 c0de6d97        0     1                 nbgl_objAllowDrawing
c0de6da0 c0de6da0        a     1         build/nanos2/obj/sdk/src/nbgl_stubs.o:(.text.nbgl_screenSet)
c0de6da0 c0de6da0        0     1                 $t.10
c0de6da1 c0de6da1        0     1                 nbgl_screenSet
c0de6daa c0de6daa        a     1         build/nanos2/obj/sdk/src/nbgl_stubs.o:(.text.nbgl_screenPush)
c0de6daa c0de6daa        0     1                 $t.11
c0de6dab c0de6dab        0     1                 nbgl_screenPush
c0de6db4 c0de6db4        a     1         build/nanos2/obj/sdk/src/nbgl_stubs.o:(.text.nbgl_screenRedraw)
c0de6db4 c0de6db4        0     1                 $t.12
c0de6db5 c0de6db5        0     1                 nbgl_screenRedraw
[...]
c0de77b8 c0de77b8        0     1                 $t.0
c0de77b9 c0de77b9       14     1                 __aeabi_uldivmod
c0de77cc c0de77cc        4     2         /opt/nanosplus-secure-sdk/arch/st33k1/lib/libc.a(lib_a-explicit_bzero.o):(.text.explicit_bzero)
c0de77cc c0de77cc        0     1                 $t
c0de77cd c0de77cd        4     1                 explicit_bzero
c0de77d0 c0de77d0        8     2         /opt/nanosplus-secure-sdk/arch/st33k1/lib/libc.a(lib_a-bzero.o):(.text.bzero)
c0de77d0 c0de77d0        0     1                 $t
c0de77d1 c0de77d1        8     1                 bzero
c0de77d8 c0de77d8       1c     2         /opt/nanosplus-secure-sdk/arch/st33k1/lib/libc.a(lib_a-memcpy-stub.o):(.text.memcpy)
c0de77d8 c0de77d8        0     1                 $t
c0de77d9 c0de77d9       1c     1                 memcpy
c0de77f4 c0de77f4       34     2         /opt/nanosplus-secure-sdk/arch/st33k1/lib/libc.a(lib_a-memmove.o):(.text.memmove)
c0de77f4 c0de77f4        0     1                 $t
c0de77f5 c0de77f5       34     1                 memmove
c0de7828 c0de7828       10     2         /opt/nanosplus-secure-sdk/arch/st33k1/lib/libc.a(lib_a-memset.o):(.text.memset)
c0de7828 c0de7828        0     1                 $t
c0de7829 c0de7829       10     1                 memset
c0de7838 c0de7838       1c     4         /opt/nanosplus-secure-sdk/arch/st33k1/lib/libc.a(lib_a-setjmp.o):(.text)
c0de7838 c0de7838        0     1                 $t
c0de7839 c0de7839        c     1                 setjmp
c0de7845 c0de7845        e     1                 longjmp
c0de7854 c0de7854       14     2         /opt/nanosplus-secure-sdk/arch/st33k1/lib/libc.a(lib_a-strcmp.o):(.text)
c0de7854 c0de7854        0     1                 $t
c0de7855 c0de7855       14     1                 strcmp
c0de7868 c0de7868       10     2         /opt/nanosplus-secure-sdk/arch/st33k1/lib/libc.a(lib_a-strlen.o):(.text)
c0de7868 c0de7868        0     1                 $t
c0de7869 c0de7869       10     1                 strlen
c0de7878 c0de7878       24     2         /opt/nanosplus-secure-sdk/arch/st33k1/lib/libc.a(lib_a-strncmp.o):(.text.strncmp)
c0de7878 c0de7878        0     1                 $t
c0de7879 c0de7879       24     1                 strncmp
c0de789c c0de789c       26     2         /opt/nanosplus-secure-sdk/arch/st33k1/lib/libc.a(lib_a-strncpy.o):(.text.strncpy)
c0de789c c0de789c        0     1                 $t
c0de789d c0de789d       26     1                 strncpy
c0de78c2 c0de78c2        0     1         _ecode = .
c0de78c2 c0de78c2       19     1         build/nanos2/gen_src/glyphs.o:(.rodata.C_home_boilerplate_14px_bitmap)
c0de78c2 c0de78c2       19     1                 C_home_boilerplate_14px_bitmap
c0de78db c0de78db        a     1         build/nanos2/gen_src/glyphs.o:(.rodata.C_home_boilerplate_14px)
c0de78db c0de78db        a     1                 C_home_boilerplate_14px
c0de78e5 c0de78e5       19     1         build/nanos2/gen_src/glyphs.o:(.rodata.C_Information_circle_14px_bitmap)
c0de78e5 c0de78e5       19     1                 C_Information_circle_14px_bitmap
c0de78fe c0de78fe        a     1         build/nanos2/gen_src/glyphs.o:(.rodata.C_Information_circle_14px)
c0de78fe c0de78fe        a     1                 C_Information_circle_14px
c0de7908 c0de7908       19     1         build/nanos2/gen_src/glyphs.o:(.rodata.C_Quit_14px_bitmap)
c0de7908 c0de7908       19     1                 C_Quit_14px_bitmap
c0de7921 c0de7921        a     1         build/nanos2/gen_src/glyphs.o:(.rodata.C_Quit_14px)
c0de7921 c0de7921        a     1                 C_Quit_14px
c0de792b c0de792b        c     1         build/nanos2/gen_src/glyphs.o:(.rodata.C_Switch_Off_8px_bitmap)
c0de792b c0de792b        c     1                 C_Switch_Off_8px_bitmap
c0de7937 c0de7937        a     1         build/nanos2/gen_src/glyphs.o:(.rodata.C_Switch_Off_8px)
c0de7937 c0de7937        a     1                 C_Switch_Off_8px
c0de7941 c0de7941        c     1         build/nanos2/gen_src/glyphs.o:(.rodata.C_Switch_On_8px_bitmap)
c0de7941 c0de7941        c     1                 C_Switch_On_8px_bitmap
c0de794d c0de794d        a     1         build/nanos2/gen_src/glyphs.o:(.rodata.C_Switch_On_8px)
c0de794d c0de794d        a     1                 C_Switch_On_8px
c0de7957 c0de7957       19     1         build/nanos2/gen_src/glyphs.o:(.rodata.C_icon_back_x_bitmap)
c0de7957 c0de7957       19     1                 C_icon_back_x_bitmap
c0de7970 c0de7970        a     1         build/nanos2/gen_src/glyphs.o:(.rodata.C_icon_back_x)
c0de7970 c0de7970        a     1                 C_icon_back_x
c0de797a c0de797a       19     1         build/nanos2/gen_src/glyphs.o:(.rodata.C_icon_coggle_bitmap)
c0de797a c0de797a       19     1                 C_icon_coggle_bitmap
c0de7993 c0de7993        a     1         build/nanos2/gen_src/glyphs.o:(.rodata.C_icon_coggle)
c0de7993 c0de7993        a     1                 C_icon_coggle
c0de799d c0de799d       19     1         build/nanos2/gen_src/glyphs.o:(.rodata.C_icon_crossmark_bitmap)
c0de799d c0de799d       19     1                 C_icon_crossmark_bitmap
c0de79b6 c0de79b6        a     1         build/nanos2/gen_src/glyphs.o:(.rodata.C_icon_crossmark)
c0de79b6 c0de79b6        a     1                 C_icon_crossmark
c0de79c0 c0de79c0        4     1         build/nanos2/gen_src/glyphs.o:(.rodata.C_icon_down_bitmap)
c0de79c0 c0de79c0        4     1                 C_icon_down_bitmap
c0de79c4 c0de79c4        a     1         build/nanos2/gen_src/glyphs.o:(.rodata.C_icon_down)
c0de79c4 c0de79c4        a     1                 C_icon_down
c0de79ce c0de79ce        4     1         build/nanos2/gen_src/glyphs.o:(.rodata.C_icon_left_bitmap)
c0de79ce c0de79ce        4     1                 C_icon_left_bitmap
c0de79d2 c0de79d2        a     1         build/nanos2/gen_src/glyphs.o:(.rodata.C_icon_left)
c0de79d2 c0de79d2        a     1                 C_icon_left
c0de79dc c0de79dc       19     1         build/nanos2/gen_src/glyphs.o:(.rodata.C_icon_processing_bitmap)
c0de79dc c0de79dc       19     1                 C_icon_processing_bitmap
c0de79f5 c0de79f5        a     1         build/nanos2/gen_src/glyphs.o:(.rodata.C_icon_processing)
c0de79f5 c0de79f5        a     1                 C_icon_processing
c0de79ff c0de79ff        4     1         build/nanos2/gen_src/glyphs.o:(.rodata.C_icon_right_bitmap)
c0de79ff c0de79ff        4     1                 C_icon_right_bitmap
c0de7a03 c0de7a03        a     1         build/nanos2/gen_src/glyphs.o:(.rodata.C_icon_right)
c0de7a03 c0de7a03        a     1                 C_icon_right
c0de7a0d c0de7a0d        4     1         build/nanos2/gen_src/glyphs.o:(.rodata.C_icon_up_bitmap)
c0de7a0d c0de7a0d        4     1                 C_icon_up_bitmap
c0de7a11 c0de7a11        a     1         build/nanos2/gen_src/glyphs.o:(.rodata.C_icon_up)
c0de7a11 c0de7a11        a     1                 C_icon_up
c0de7a1b c0de7a1b       17     1         build/nanos2/gen_src/glyphs.o:(.rodata.C_icon_validate_14_bitmap)
c0de7a1b c0de7a1b       17     1                 C_icon_validate_14_bitmap
c0de7a32 c0de7a32        a     1         build/nanos2/gen_src/glyphs.o:(.rodata.C_icon_validate_14)
c0de7a32 c0de7a32        a     1                 C_icon_validate_14
c0de7a3c c0de7a3c       19     1         build/nanos2/gen_src/glyphs.o:(.rodata.C_icon_warning_bitmap)
c0de7a3c c0de7a3c       19     1                 C_icon_warning_bitmap
c0de7a55 c0de7a55        a     1         build/nanos2/gen_src/glyphs.o:(.rodata.C_icon_warning)
c0de7a55 c0de7a55        a     1                 C_icon_warning
c0de7a5f c0de7a5f       19     1         build/nanos2/gen_src/glyphs.o:(.rodata.C_app_boilerplate_14px_bitmap)
c0de7a5f c0de7a5f       19     1                 C_app_boilerplate_14px_bitmap
c0de7a78 c0de7a78        a     1         build/nanos2/gen_src/glyphs.o:(.rodata.C_app_boilerplate_14px)
c0de7a78 c0de7a78        a     1                 C_app_boilerplate_14px
c0de7a82 c0de7a82      350     1         <internal>:(.text)
c0de7dd8 c0de7dd8      260     8         <internal>:(.text)
c0de8038 c0de8038       a0     4         build/nanos2/obj/app/src/handler/zkn_magicbox.o:(.rodata..L__const.handler_cmd_Poseidon.input)
c0de8038 c0de8038       a0     1                 .L__const.handler_cmd_Poseidon.input
c0de80d8 c0de80d8      1e0     4         build/nanos2/obj/app/src/handler/zkn_magicbox.o:(.rodata..L__const.handler_cmd_encodeCommitment.commitmentlist_be)
c0de80d8 c0de80d8      1e0     1                 .L__const.handler_cmd_encodeCommitment.commitmentlist_be
c0de82b8 c0de82b8      1e0     4         build/nanos2/obj/app/src/handler/zkn_magicbox.o:(.rodata..L__const.handler_cmd_GroupCommitment.commitmentlist_be)
c0de82b8 c0de82b8      1e0     1                 .L__const.handler_cmd_GroupCommitment.commitmentlist_be
c0de8498 c0de8498       60     4         build/nanos2/obj/app/src/handler/zkn_magicbox.o:(.rodata..L__const.handler_cmd_GroupCommitment.binding_factors)
c0de8498 c0de8498       60     1                 .L__const.handler_cmd_GroupCommitment.binding_factors
c0de84f8 c0de84f8      1e0     4         build/nanos2/obj/app/src/handler/zkn_magicbox.o:(.rodata..L__const.handler_cmd_BindingFactors.commitmentlist_be)
c0de84f8 c0de84f8      1e0     1                 .L__const.handler_cmd_BindingFactors.commitmentlist_be
c0de86d8 c0de86d8        c     4         build/nanos2/obj/app/src/ui/menu_nbgl.o:(.rodata.settingContents)
c0de86d8 c0de86d8        c     1                 settingContents
c0de86e4 c0de86e4       10     4         build/nanos2/obj/app/src/ui/menu_nbgl.o:(.rodata.infoList)
c0de86e4 c0de86e4       10     1                 infoList
c0de86f4 c0de86f4       38     4         build/nanos2/obj/app/src/ui/menu_nbgl.o:(.rodata.contents)
c0de86f4 c0de86f4       38     1                 contents
c0de872c c0de872c        8     4         build/nanos2/obj/app/src/ui/menu_nbgl.o:(.rodata.INFO_TYPES)
c0de872c c0de872c        8     1                 INFO_TYPES
c0de8734 c0de8734        8     4         build/nanos2/obj/app/src/ui/menu_nbgl.o:(.rodata.INFO_CONTENTS)
c0de8734 c0de8734        8     1                 INFO_CONTENTS
c0de873c c0de873c       40     4         build/nanos2/obj/app/src/zknox/ecc/zkn_eddsa.o:(.rodata..L__const.EddsaPoseidon_Sign_final.big_n)
c0de873c c0de873c       40     1                 .L__const.EddsaPoseidon_Sign_final.big_n
c0de877c c0de877c      480     4         build/nanos2/obj/app/src/zknox/hash/zkn_poseidon_constants.o:(.rodata..L__const.Poseidon_alloc_init.MixColumn)
c0de877c c0de877c      480     1                 .L__const.Poseidon_alloc_init.MixColumn
c0de8bfc c0de8bfc       1d     4         build/nanos2/obj/app/src/zknox/hash/zkn_rfc9591frost.o:(.rodata..L__const.zkn_frost_H5_init.contextString_BabyFROST)
c0de8bfc c0de8bfc       1d     1                 .L__const.zkn_frost_H5_init.contextString_BabyFROST
c0de8c1c c0de8c1c       28     4         build/nanos2/obj/sdk/lib_nbgl/src/nbgl_use_case_nanos.o:(.rodata.blindSigningWarning)
c0de8c1c c0de8c1c       28     1                 blindSigningWarning
c0de8c44 c0de8c44       20     1         <internal>:(.text)
c0de8c64 c0de8c64        0     1         . = ALIGN ( 4 )
c0de8c64 c0de8c64        0     1         _etext = .
c0de8c64 c0de8c64      19c     1         . = ALIGN ( PAGE_SIZE )
c0de8e00 c0de8e00        0     1         _nvram_data = .
c0de8e00 c0de8e00        3     1         build/nanos2/obj/app/src/app_main.o:(.rodata.N_storage_real)
c0de8e00 c0de8e00        3     1                 N_storage_real
c0de8e03 c0de8e03      1fd     1         . = ALIGN ( PAGE_SIZE )
c0de9000 c0de9000        0     1         _envram_data = .
c0de9000 c0de9000        0     1         _install_parameters = .
c0de9000 c0de9000       3f     1         build/nanos2/obj/sdk/src/app_metadata.o:(.install_parameters)
c0de9000 c0de9000       3f     1                 install_parameters
c0de903f c0de903f        0     1         _einstall_parameters = .
c0de903f c0de903f        0     1         _nvram_end = .
d0000000 d0000000        0     1 .data
d0000000 d0000000        0     1         . = ALIGN ( 4 )
d0000000 d0000000        0     1         _data = .
d0000000 d0000000        0     1         _edata = .
d0000000 d0000000        0     1 
da7a0000 da7a0000      8dc     8 .bss
da7a0000 da7a0000        0     1         _bss = .
da7a0000 da7a0000      2d8     8         build/nanos2/obj/app/src/app_main.o:(.bss.G_context)
da7a0000 da7a0000      2d8     1                 G_context
da7a02d8 da7a02d8       20     1         build/nanos2/obj/app/src/app_main.o:(.bss.g_insecure_secret)
da7a02d8 da7a02d8       20     1                 g_insecure_secret
da7a02f8 da7a02f8       48     8         build/nanos2/obj/app/src/swap/handle_swap_sign_transaction.o:(.bss.G_swap_validated)
da7a02f8 da7a02f8       48     1                 G_swap_validated
da7a0340 da7a0340       1c     4         build/nanos2/obj/app/src/ui/menu_nbgl.o:(.bss..L_MergedGlobals)
da7a0340 da7a0340       1c     1                 .L_MergedGlobals
da7a0340 da7a0340        1     1                 initSettingPage
da7a0344 da7a0344       18     1                 switches
da7a035c da7a035c       2b     4         build/nanos2/obj/app/src/ui/nbgl_display_address.o:(.bss.g_address)
da7a035c da7a035c       2b     1                 g_address
da7a0388 da7a0388       7f     4         build/nanos2/obj/app/src/ui/nbgl_display_transaction.o:(.bss..L_MergedGlobals)
da7a0388 da7a0388       7f     1                 .L_MergedGlobals
da7a0388 da7a0388       14     1                 pairList
da7a039c da7a039c       1e     1                 g_amount
da7a03bc da7a03bc       20     1                 pairs
da7a03dc da7a03dc       2b     1                 g_address
da7a0407 da7a0407      111     1         build/nanos2/obj/sdk/io/src/os_io.o:(.bss.G_io_tx_buffer)
da7a0407 da7a0407      111     1                 G_io_tx_buffer
da7a0518 da7a0518      111     1         build/nanos2/obj/sdk/io/src/os_io.o:(.bss.G_io_rx_buffer)
da7a0518 da7a0518      111     1                 G_io_rx_buffer
da7a062a da7a062a        8     2         build/nanos2/obj/sdk/io_legacy/src/os_io_legacy.o:(.bss.G_io_app)
da7a062a da7a062a        8     1                 G_io_app
da7a0632 da7a0632        2     1         build/nanos2/obj/sdk/io_legacy/src/os_io_legacy.o:(.bss..L_MergedGlobals)
da7a0632 da7a0632        2     1                 .L_MergedGlobals
da7a0632 da7a0632        1     1                 need_to_start_io
da7a0633 da7a0633        1     1                 io_os_legacy_apdu_type
da7a0634 da7a0634       24     4         build/nanos2/obj/sdk/lib_nbgl/src/nbgl_layout_nanos.o:(.bss.gLayout)
da7a0634 da7a0634       24     1                 gLayout
da7a0658 da7a0658       14     4         build/nanos2/obj/sdk/lib_nbgl/src/nbgl_layout_nanos.o:(.bss.nbgl_layoutAddText.tmpString)
da7a0658 da7a0658       14     1                 nbgl_layoutAddText.tmpString
da7a066c da7a066c       d8     4         build/nanos2/obj/sdk/lib_nbgl/src/nbgl_step.o:(.bss.contexts)
da7a066c da7a066c       d8     1                 contexts
da7a0744 da7a0744       68     4         build/nanos2/obj/sdk/lib_nbgl/src/nbgl_use_case_nanos.o:(.bss..L_MergedGlobals)
da7a0744 da7a0744       68     1                 .L_MergedGlobals
da7a0744 da7a0744       28     1                 reviewWithWarnCtx
da7a076c da7a076c       40     1                 context
da7a07ac da7a07ac      110     1         build/nanos2/obj/sdk/lib_standard_app/io.o:(.bss.G_io_seproxyhal_spi_buffer)
da7a07ac da7a07ac      110     1                 G_io_seproxyhal_spi_buffer
da7a08bc da7a08bc        1     1         build/nanos2/obj/sdk/lib_standard_app/io.o:(.bss.need_to_start_io)
da7a08bc da7a08bc        1     1                 need_to_start_io
da7a08c0 da7a08c0        c     4         build/nanos2/obj/sdk/lib_standard_app/main.o:(.bss.G_ux_params)
da7a08c0 da7a08c0        c     1                 G_ux_params
da7a08cc da7a08cc        1     1         build/nanos2/obj/sdk/lib_standard_app/swap_utils.o:(.bss.G_called_from_swap)
da7a08cc da7a08cc        1     1                 G_called_from_swap
da7a08cd da7a08cd        1     1         build/nanos2/obj/sdk/lib_standard_app/swap_utils.o:(.bss.G_swap_response_ready)
da7a08cd da7a08cd        1     1                 G_swap_response_ready
da7a08d0 da7a08d0        4     4         build/nanos2/obj/sdk/lib_standard_app/swap_utils.o:(.bss.G_swap_signing_return_value_address)
da7a08d0 da7a08d0        4     1                 G_swap_signing_return_value_address
da7a08d4 da7a08d4        4     4         build/nanos2/obj/sdk/lib_ux_nbgl/ux.o:(.bss.nbTicks)
da7a08d4 da7a08d4        4     1                 nbTicks
da7a08d8 da7a08d8        0     1         _ebss = .
da7a08d8 da7a08d8        0     1         . = ALIGN ( 4 )
da7a08d8 da7a08d8        0     1         app_stack_canary = .
da7a08d8 da7a08d8        4     1         . += 4
da7a08dc da7a08dc        0     1         _stack = .
da7a08dc da7a08dc        0     1         _estack = ABSOLUTE ( END_STACK )
da7a08dc da7a08dc        0     1 
d0000000 d0000000       10     4 DEBUG
d0000000 d0000000       10     4         <internal>:(.ARM.exidx)
       0        0       5d     1 .comment
       0        0       5d     1         <internal>:(.comment)
       0        0        6     1 ledger.target
       0        0        6     1         build/nanos2/obj/sdk/src/app_metadata.o:(ledger.target)
       0        0        6     1                 target
       0        0        d     1 ledger.target_name
       0        0        d     1         build/nanos2/obj/sdk/src/app_metadata.o:(ledger.target_name)
       0        0        d     1                 target_name
       0        0        a     1 ledger.target_id
       0        0        a     1         build/nanos2/obj/sdk/src/app_metadata.o:(ledger.target_id)
       0        0        a     1                 target_id
       0        0        7     1 ledger.app_name
       0        0        7     1         build/nanos2/obj/sdk/src/app_metadata.o:(ledger.app_name)
       0        0        7     1                 app_name
       0        0        5     1 ledger.app_version
       0        0        5     1         build/nanos2/obj/sdk/src/app_metadata.o:(ledger.app_version)
       0        0        5     1                 app_version
       0        0        2     1 ledger.api_level
       0        0        2     1         build/nanos2/obj/sdk/src/app_metadata.o:(ledger.api_level)
       0        0        2     1                 api_level
       0        0       11     1 ledger.sdk_name
       0        0       11     1         build/nanos2/obj/sdk/src/app_metadata.o:(ledger.sdk_name)
       0        0       11     1                 sdk_name
       0        0        7     1 ledger.sdk_version
       0        0        7     1         build/nanos2/obj/sdk/src/app_metadata.o:(ledger.sdk_version)
       0        0        7     1                 sdk_version
       0        0       28     1 ledger.sdk_hash
       0        0       28     1         build/nanos2/obj/sdk/src/app_metadata.o:(ledger.sdk_hash)
       0        0       28     1                 sdk_hash
       0        0        4     1 ledger.sdk_graphics
       0        0        4     1         build/nanos2/obj/sdk/src/app_metadata.o:(ledger.sdk_graphics)
       0        0        4     1                 sdk_graphics
d0000010 d0000010        0     1 PROVIDE ( _nvram = ABSOLUTE ( _nvram_start ) )
d0000010 d0000010        0     1 PROVIDE ( _envram = ABSOLUTE ( _nvram_end ) )
       0        0       45     1 .ARM.attributes
       0        0       45     1         build/nanos2/gen_src/glyphs.o:(.ARM.attributes)
       0        0     46f0     4 .symtab
       0        0     46f0     4         <internal>:(.symtab)
       0        0       f8     1 .shstrtab
       0        0       f8     1         <internal>:(.shstrtab)
       0        0     35a7     1 .strtab
       0        0     35a7     1         <internal>:(.strtab)
