     VMA      LMA     Size Align Out     In      Symbol
       0        0        0     1 PAGE_SIZE = 512
       0        0        0     1 STACK_MIN_SIZE = DEFINED ( stack_min_size ) ? stack_min_size : 1500
       0        0        0     1 END_STACK = ORIGIN ( SRAM ) + LENGTH ( SRAM )
c0de0000 c0de0000     903f     8 .text
c0de0000 c0de0000        0     1         _text = .
c0de0000 c0de0000        0     1         _nvram_start = .
c0de0000 c0de0000       28     2         build/nanos2/obj/sdk/lib_standard_app/main.o:(.boot)
c0de0000 c0de0000        0     1                 $t.6
c0de0001 c0de0001       28     1                 main
c0de0028 c0de0028        0     1         _code = .
c0de0028 c0de0028       4a     2         build/nanos2/obj/app/src/address.o:(.text.address_from_pubkey)
c0de0028 c0de0028        0     1                 $t.0
c0de0029 c0de0029       4a     1                 address_from_pubkey
c0de0072 c0de0072      2ae     2         build/nanos2/obj/app/src/apdu/dispatcher.o:(.text.apdu_dispatcher)
c0de0072 c0de0072        0     1                 $t.0
c0de0073 c0de0073      2ae     1                 apdu_dispatcher
c0de0320 c0de0320        e     2         build/nanos2/obj/app/src/apdu/dispatcher.o:(.text.io_send_sw)
c0de0320 c0de0320        0     1                 $t.1
c0de0321 c0de0321        e     1                 io_send_sw
c0de032e c0de032e        8     2         build/nanos2/obj/app/src/apdu/dispatcher.o:(.text.OUTLINED_FUNCTION_0)
c0de032e c0de032e        0     1                 $t.2
c0de032f c0de032f        8     1                 OUTLINED_FUNCTION_0
c0de0338 c0de0338       94     4         build/nanos2/obj/app/src/app_main.o:(.text.app_main)
c0de0338 c0de0338        0     1                 $t.0
c0de0339 c0de0339       94     1                 app_main
c0de03b8 c0de03b8        0     1                 $d.1
c0de03cc c0de03cc       28     4         build/nanos2/obj/app/src/handler/get_app_name.o:(.text.handler_get_app_name)
c0de03cc c0de03cc        0     1                 $t.0
c0de03cd c0de03cd       28     1                 handler_get_app_name
c0de03f0 c0de03f0        0     1                 $d.1
c0de03f4 c0de03f4       98     4         build/nanos2/obj/app/src/handler/get_public_key.o:(.text.handler_get_public_key)
c0de03f4 c0de03f4        0     1                 $t.0
c0de03f5 c0de03f5       98     1                 handler_get_public_key
c0de0488 c0de0488        0     1                 $d.1
c0de048c c0de048c        e     2         build/nanos2/obj/app/src/handler/get_public_key.o:(.text.io_send_sw)
c0de048c c0de048c        0     1                 $t.2
c0de048d c0de048d        e     1                 io_send_sw
c0de049a c0de049a       2e     2         build/nanos2/obj/app/src/handler/get_version.o:(.text.handler_get_version)
c0de049a c0de049a        0     1                 $t.0
c0de049b c0de049b       2e     1                 handler_get_version
c0de04c8 c0de04c8      168     4         build/nanos2/obj/app/src/handler/sign_tx.o:(.text.handler_sign_tx)
c0de04c8 c0de04c8        0     1                 $t.0
c0de04c9 c0de04c9      168     1                 handler_sign_tx
c0de0620 c0de0620        0     1                 $d.1
c0de0630 c0de0630        e     2         build/nanos2/obj/app/src/handler/sign_tx.o:(.text.io_send_sw)
c0de0630 c0de0630        0     1                 $t.2
c0de0631 c0de0631        e     1                 io_send_sw
c0de063e c0de063e       4e     2         build/nanos2/obj/app/src/handler/zkn_magicbox.o:(.text.handler_cmd_blake2b512)
c0de063e c0de063e        0     1                 $t.0
c0de063f c0de063f       4e     1                 handler_cmd_blake2b512
c0de068c c0de068c       16     2         build/nanos2/obj/app/src/handler/zkn_magicbox.o:(.text.io_send_response_pointer)
c0de068c c0de068c        0     1                 $t.1
c0de068d c0de068d       16     1                 io_send_response_pointer
c0de06a2 c0de06a2        e     2         build/nanos2/obj/app/src/handler/zkn_magicbox.o:(.text.io_send_sw)
c0de06a2 c0de06a2        0     1                 $t.2
c0de06a3 c0de06a3        e     1                 io_send_sw
c0de06b0 c0de06b0       3a     2         build/nanos2/obj/app/src/handler/zkn_magicbox.o:(.text.handler_cmd_keccakH)
c0de06b0 c0de06b0        0     1                 $t.3
c0de06b1 c0de06b1       3a     1                 handler_cmd_keccakH
c0de06ec c0de06ec       94     4         build/nanos2/obj/app/src/handler/zkn_magicbox.o:(.text.handler_cmd_bolos_stretch)
c0de06ec c0de06ec        0     1                 $t.4
c0de06ed c0de06ed       94     1                 handler_cmd_bolos_stretch
c0de0774 c0de0774        0     1                 $d.5
c0de0780 c0de0780      10c     4         build/nanos2/obj/app/src/handler/zkn_magicbox.o:(.text.handler_cmd_Poseidon)
c0de0780 c0de0780        0     1                 $t.6
c0de0781 c0de0781      10c     1                 handler_cmd_Poseidon
c0de0884 c0de0884        0     1                 $d.7
c0de088c c0de088c       8c     4         build/nanos2/obj/app/src/handler/zkn_magicbox.o:(.text.handler_cmd_Poseidon_ithRC)
c0de088c c0de088c        0     1                 $t.8
c0de088d c0de088d       8c     1                 handler_cmd_Poseidon_ithRC
c0de0910 c0de0910        0     1                 $d.9
c0de0918 c0de0918       82     2         build/nanos2/obj/app/src/handler/zkn_magicbox.o:(.text.handler_cmd_tEddsaPoseidon_Kpub)
c0de0918 c0de0918        0     1                 $t.12
c0de0919 c0de0919       82     1                 handler_cmd_tEddsaPoseidon_Kpub
c0de099a c0de099a       b2     2         build/nanos2/obj/app/src/handler/zkn_magicbox.o:(.text.handler_cmd_tEddsaPoseidon_Sign)
c0de099a c0de099a        0     1                 $t.13
c0de099b c0de099b       b2     1                 handler_cmd_tEddsaPoseidon_Sign
c0de0a4c c0de0a4c       e8     4         build/nanos2/obj/app/src/handler/zkn_magicbox.o:(.text.handler_cmd_tEddsaPoseidon)
c0de0a4c c0de0a4c        0     1                 $t.14
c0de0a4d c0de0a4d       e8     1                 handler_cmd_tEddsaPoseidon
c0de0b2c c0de0b2c        0     1                 $d.15
c0de0b34 c0de0b34      16c     4         build/nanos2/obj/app/src/handler/zkn_magicbox.o:(.text.handler_cmd_tEdwards)
c0de0b34 c0de0b34        0     1                 $t.16
c0de0b35 c0de0b35      16c     1                 handler_cmd_tEdwards
c0de0c90 c0de0c90        0     1                 $d.17
c0de0ca0 c0de0ca0      16a     2         build/nanos2/obj/app/src/handler/zkn_magicbox.o:(.text.handler_cmd_Interpolate)
c0de0ca0 c0de0ca0        0     1                 $t.20
c0de0ca1 c0de0ca1      16a     1                 handler_cmd_Interpolate
c0de0e0a c0de0e0a      190     2         build/nanos2/obj/app/src/handler/zkn_magicbox.o:(.text.handler_cmd_Split)
c0de0e0a c0de0e0a        0     1                 $t.21
c0de0e0b c0de0e0b      190     1                 handler_cmd_Split
c0de0f9a c0de0f9a       a0     2         build/nanos2/obj/app/src/handler/zkn_magicbox.o:(.text.handler_cmd_frostH)
c0de0f9a c0de0f9a        0     1                 $t.22
c0de0f9b c0de0f9b       a0     1                 handler_cmd_frostH
c0de103c c0de103c       6c     4         build/nanos2/obj/app/src/handler/zkn_magicbox.o:(.text.handler_cmd_encodeCommitment)
c0de103c c0de103c        0     1                 $t.23
c0de103d c0de103d       6c     1                 handler_cmd_encodeCommitment
c0de10a4 c0de10a4        0     1                 $d.24
c0de10a8 c0de10a8       84     4         build/nanos2/obj/app/src/handler/zkn_magicbox.o:(.text.handler_cmd_GroupCommitment)
c0de10a8 c0de10a8        0     1                 $t.25
c0de10a9 c0de10a9       84     1                 handler_cmd_GroupCommitment
c0de1124 c0de1124        0     1                 $d.26
c0de112c c0de112c       e8     4         build/nanos2/obj/app/src/handler/zkn_magicbox.o:(.text.handler_cmd_BindingFactors)
c0de112c c0de112c        0     1                 $t.29
c0de112d c0de112d       e8     1                 handler_cmd_BindingFactors
c0de1208 c0de1208        0     1                 $d.30
c0de1214 c0de1214       4c     4         build/nanos2/obj/app/src/handler/zkn_magicbox.o:(.text.handler_get_insecure_secret)
c0de1214 c0de1214        0     1                 $t.32
c0de1215 c0de1215       4c     1                 handler_get_insecure_secret
c0de1258 c0de1258        0     1                 $d.33
c0de1260 c0de1260       70     4         build/nanos2/obj/app/src/handler/zkn_magicbox.o:(.text.handler_get_insecure_public)
c0de1260 c0de1260        0     1                 $t.34
c0de1261 c0de1261       70     1                 handler_get_insecure_public
c0de12cc c0de12cc        0     1                 $d.35
c0de12d0 c0de12d0       b4     4         build/nanos2/obj/app/src/handler/zkn_magicbox.o:(.text.handler_cmd_tEddsaPoseidon_Sign_with_secret)
c0de12d0 c0de12d0        0     1                 $t.36
c0de12d1 c0de12d1       b4     1                 handler_cmd_tEddsaPoseidon_Sign_with_secret
c0de1380 c0de1380        0     1                 $d.37
c0de1384 c0de1384        8     2         build/nanos2/obj/app/src/handler/zkn_magicbox.o:(.text.OUTLINED_FUNCTION_0)
c0de1384 c0de1384        0     1                 $t.38
c0de1385 c0de1385        8     1                 OUTLINED_FUNCTION_0
c0de138c c0de138c        6     2         build/nanos2/obj/app/src/handler/zkn_magicbox.o:(.text.OUTLINED_FUNCTION_1)
c0de138c c0de138c        0     1                 $t.39
c0de138d c0de138d        6     1                 OUTLINED_FUNCTION_1
c0de1392 c0de1392        6     2         build/nanos2/obj/app/src/handler/zkn_magicbox.o:(.text.OUTLINED_FUNCTION_2)
c0de1392 c0de1392        0     1                 $t.40
c0de1393 c0de1393        6     1                 OUTLINED_FUNCTION_2
c0de1398 c0de1398        6     2         build/nanos2/obj/app/src/handler/zkn_magicbox.o:(.text.OUTLINED_FUNCTION_3)
c0de1398 c0de1398        0     1                 $t.41
c0de1399 c0de1399        6     1                 OUTLINED_FUNCTION_3
c0de139e c0de139e        e     2         build/nanos2/obj/app/src/handler/zkn_magicbox.o:(.text.OUTLINED_FUNCTION_4)
c0de139e c0de139e        0     1                 $t.42
c0de139f c0de139f        e     1                 OUTLINED_FUNCTION_4
c0de13ac c0de13ac        8     2         build/nanos2/obj/app/src/handler/zkn_magicbox.o:(.text.OUTLINED_FUNCTION_5)
c0de13ac c0de13ac        0     1                 $t.43
c0de13ad c0de13ad        8     1                 OUTLINED_FUNCTION_5
c0de13b4 c0de13b4        6     2         build/nanos2/obj/app/src/handler/zkn_magicbox.o:(.text.OUTLINED_FUNCTION_6)
c0de13b4 c0de13b4        0     1                 $t.44
c0de13b5 c0de13b5        6     1                 OUTLINED_FUNCTION_6
c0de13ba c0de13ba        6     2         build/nanos2/obj/app/src/handler/zkn_magicbox.o:(.text.OUTLINED_FUNCTION_7)
c0de13ba c0de13ba        0     1                 $t.45
c0de13bb c0de13bb        6     1                 OUTLINED_FUNCTION_7
c0de13c0 c0de13c0       10     2         build/nanos2/obj/app/src/handler/zkn_magicbox.o:(.text.OUTLINED_FUNCTION_8)
c0de13c0 c0de13c0        0     1                 $t.46
c0de13c1 c0de13c1       10     1                 OUTLINED_FUNCTION_8
c0de13d0 c0de13d0        c     2         build/nanos2/obj/app/src/handler/zkn_magicbox.o:(.text.OUTLINED_FUNCTION_9)
c0de13d0 c0de13d0        0     1                 $t.47
c0de13d1 c0de13d1        c     1                 OUTLINED_FUNCTION_9
c0de13dc c0de13dc        8     2         build/nanos2/obj/app/src/handler/zkn_magicbox.o:(.text.OUTLINED_FUNCTION_10)
c0de13dc c0de13dc        0     1                 $t.48
c0de13dd c0de13dd        8     1                 OUTLINED_FUNCTION_10
c0de13e4 c0de13e4        6     2         build/nanos2/obj/app/src/handler/zkn_magicbox.o:(.text.OUTLINED_FUNCTION_11)
c0de13e4 c0de13e4        0     1                 $t.49
c0de13e5 c0de13e5        6     1                 OUTLINED_FUNCTION_11
c0de13ea c0de13ea        6     2         build/nanos2/obj/app/src/handler/zkn_magicbox.o:(.text.OUTLINED_FUNCTION_12)
c0de13ea c0de13ea        0     1                 $t.50
c0de13eb c0de13eb        6     1                 OUTLINED_FUNCTION_12
c0de13f0 c0de13f0       44     4         build/nanos2/obj/app/src/helper/send_reponse.o:(.text.helper_send_response_pubkey)
c0de13f0 c0de13f0        0     1                 $t.0
c0de13f1 c0de13f1       44     1                 helper_send_response_pubkey
c0de1430 c0de1430        0     1                 $d.1
c0de1434 c0de1434       18     2         build/nanos2/obj/app/src/helper/send_reponse.o:(.text.io_send_response_pointer)
c0de1434 c0de1434        0     1                 $t.2
c0de1435 c0de1435       18     1                 io_send_response_pointer
c0de144c c0de144c       44     4         build/nanos2/obj/app/src/helper/send_reponse.o:(.text.helper_send_response_sig)
c0de144c c0de144c        0     1                 $t.3
c0de144d c0de144d       44     1                 helper_send_response_sig
c0de148c c0de148c        0     1                 $d.4
c0de1490 c0de1490       b4     2         build/nanos2/obj/app/src/swap/handle_check_address.o:(.text.swap_handle_check_address)
c0de1490 c0de1490        0     1                 $t.0
c0de1491 c0de1491       b4     1                 swap_handle_check_address
c0de1544 c0de1544       58     4         build/nanos2/obj/app/src/swap/handle_get_printable_amount.o:(.text.swap_handle_get_printable_amount)
c0de1544 c0de1544        0     1                 $t.0
c0de1545 c0de1545       58     1                 swap_handle_get_printable_amount
c0de1598 c0de1598        0     1                 $d.1
c0de159c c0de159c       80     4         build/nanos2/obj/app/src/swap/handle_swap_sign_transaction.o:(.text.swap_copy_transaction_parameters)
c0de159c c0de159c        0     1                 $t.0
c0de159d c0de159d       80     1                 swap_copy_transaction_parameters
c0de1618 c0de1618        0     1                 $d.1
c0de161c c0de161c       80     4         build/nanos2/obj/app/src/swap/handle_swap_sign_transaction.o:(.text.swap_check_validity)
c0de161c c0de161c        0     1                 $t.2
c0de161d c0de161d       80     1                 swap_check_validity
c0de1698 c0de1698        0     1                 $d.3
c0de169c c0de169c       be     2         build/nanos2/obj/app/src/transaction/deserialize.o:(.text.transaction_deserialize)
c0de169c c0de169c        0     1                 $t.0
c0de169d c0de169d       be     1                 transaction_deserialize
c0de175a c0de175a       3a     2         build/nanos2/obj/app/src/transaction/utils.o:(.text.transaction_utils_check_encoding)
c0de175a c0de175a        0     1                 $t.0
c0de175b c0de175b       3a     1                 transaction_utils_check_encoding
c0de1794 c0de1794        e     2         build/nanos2/obj/app/src/ui/action/validate.o:(.text.validate_pubkey)
c0de1794 c0de1794        0     1                 $t.0
c0de1795 c0de1795        e     1                 validate_pubkey
c0de17a2 c0de17a2        e     2         build/nanos2/obj/app/src/ui/action/validate.o:(.text.io_send_sw)
c0de17a2 c0de17a2        0     1                 $t.1
c0de17a3 c0de17a3        e     1                 io_send_sw
c0de17b0 c0de17b0       a4     4         build/nanos2/obj/app/src/ui/action/validate.o:(.text.validate_transaction)
c0de17b0 c0de17b0        0     1                 $t.2
c0de17b1 c0de17b1       a4     1                 validate_transaction
c0de1850 c0de1850        0     1                 $d.3
c0de1854 c0de1854        6     2         build/nanos2/obj/app/src/ui/menu_nbgl.o:(.text.app_quit)
c0de1854 c0de1854        0     1                 $t.0
c0de1855 c0de1855        6     1                 app_quit
c0de185c c0de185c       90     4         build/nanos2/obj/app/src/ui/menu_nbgl.o:(.text.ui_menu_main)
c0de185c c0de185c        0     1                 $t.1
c0de185d c0de185d       90     1                 ui_menu_main
c0de18c0 c0de18c0        0     1                 $d.2
c0de18ec c0de18ec       b4     4         build/nanos2/obj/app/src/ui/menu_nbgl.o:(.text.controls_callback)
c0de18ec c0de18ec        0     1                 $t.3
c0de18ed c0de18ed       b4     1                 controls_callback
c0de1978 c0de1978        0     1                 $d.4
c0de19a0 c0de19a0       7c     4         build/nanos2/obj/app/src/ui/menu_nbgl.o:(.text.review_warning_choice)
c0de19a0 c0de19a0        0     1                 $t.5
c0de19a1 c0de19a1       7c     1                 review_warning_choice
c0de1a00 c0de1a00        0     1                 $d.6
c0de1a1c c0de1a1c        6     2         build/nanos2/obj/app/src/ui/menu_nbgl.o:(.text.OUTLINED_FUNCTION_0)
c0de1a1c c0de1a1c        0     1                 $t.7
c0de1a1d c0de1a1d        6     1                 OUTLINED_FUNCTION_0
c0de1a24 c0de1a24       a4     4         build/nanos2/obj/app/src/ui/nbgl_display_address.o:(.text.ui_display_address)
c0de1a24 c0de1a24        0     1                 $t.0
c0de1a25 c0de1a25       a4     1                 ui_display_address
c0de1ab4 c0de1ab4        0     1                 $d.1
c0de1ac8 c0de1ac8        e     2         build/nanos2/obj/app/src/ui/nbgl_display_address.o:(.text.io_send_sw)
c0de1ac8 c0de1ac8        0     1                 $t.2
c0de1ac9 c0de1ac9        e     1                 io_send_sw
c0de1ad8 c0de1ad8       20     4         build/nanos2/obj/app/src/ui/nbgl_display_address.o:(.text.review_choice)
c0de1ad8 c0de1ad8        0     1                 $t.3
c0de1ad9 c0de1ad9       20     1                 review_choice
c0de1af4 c0de1af4        0     1                 $d.4
c0de1af8 c0de1af8      13c     4         build/nanos2/obj/app/src/ui/nbgl_display_transaction.o:(.text.ui_display_transaction_bs_choice)
c0de1af8 c0de1af8        0     1                 $t.0
c0de1af9 c0de1af9      13c     1                 ui_display_transaction_bs_choice
c0de1c0c c0de1c0c        0     1                 $d.1
c0de1c34 c0de1c34        e     2         build/nanos2/obj/app/src/ui/nbgl_display_transaction.o:(.text.io_send_sw)
c0de1c34 c0de1c34        0     1                 $t.2
c0de1c35 c0de1c35        e     1                 io_send_sw
c0de1c44 c0de1c44       1c     4         build/nanos2/obj/app/src/ui/nbgl_display_transaction.o:(.text.review_choice)
c0de1c44 c0de1c44        0     1                 $t.3
c0de1c45 c0de1c45       1c     1                 review_choice
c0de1c5c c0de1c5c        0     1                 $d.4
c0de1c60 c0de1c60        6     2         build/nanos2/obj/app/src/ui/nbgl_display_transaction.o:(.text.ui_display_blind_signed_transaction)
c0de1c60 c0de1c60        0     1                 $t.5
c0de1c61 c0de1c61        6     1                 ui_display_blind_signed_transaction
c0de1c66 c0de1c66        6     2         build/nanos2/obj/app/src/ui/nbgl_display_transaction.o:(.text.ui_display_transaction)
c0de1c66 c0de1c66        0     1                 $t.6
c0de1c67 c0de1c67        6     1                 ui_display_transaction
c0de1c6c c0de1c6c       6c     4         build/nanos2/obj/app/src/zknox/ecc/zkn_eddsa.o:(.text.zkn_prv_hash)
c0de1c6c c0de1c6c        0     1                 $t.0
c0de1c6d c0de1c6d       6c     1                 zkn_prv_hash
c0de1cd4 c0de1cd4        0     1                 $d.1
c0de1cd8 c0de1cd8       4e     2         build/nanos2/obj/app/src/zknox/ecc/zkn_eddsa.o:(.text.zkn_prv2pub)
c0de1cd8 c0de1cd8        0     1                 $t.2
c0de1cd9 c0de1cd9       4e     1                 zkn_prv2pub
c0de1d28 c0de1d28      2b8     4         build/nanos2/obj/app/src/zknox/ecc/zkn_eddsa.o:(.text.EddsaPoseidon_Sign_final)
c0de1d28 c0de1d28        0     1                 $t.3
c0de1d29 c0de1d29      2b8     1                 EddsaPoseidon_Sign_final
c0de1fd8 c0de1fd8        0     1                 $d.4
c0de1fe0 c0de1fe0        8     2         build/nanos2/obj/app/src/zknox/ecc/zkn_eddsa.o:(.text.rev64)
c0de1fe0 c0de1fe0        0     1                 $t.5
c0de1fe1 c0de1fe1        8     1                 rev64
c0de1fe8 c0de1fe8        8     2         build/nanos2/obj/app/src/zknox/ecc/zkn_eddsa.o:(.text.OUTLINED_FUNCTION_0)
c0de1fe8 c0de1fe8        0     1                 $t.6
c0de1fe9 c0de1fe9        8     1                 OUTLINED_FUNCTION_0
c0de1ff0 c0de1ff0        6     2         build/nanos2/obj/app/src/zknox/ecc/zkn_eddsa.o:(.text.OUTLINED_FUNCTION_1)
c0de1ff0 c0de1ff0        0     1                 $t.7
c0de1ff1 c0de1ff1        6     1                 OUTLINED_FUNCTION_1
c0de1ff6 c0de1ff6       c0     2         build/nanos2/obj/app/src/zknox/ecc/zkn_frost.o:(.text.zkn_frost_interpolate)
c0de1ff6 c0de1ff6        0     1                 $t.0
c0de1ff7 c0de1ff7       c0     1                 zkn_frost_interpolate
c0de20b6 c0de20b6       84     2         build/nanos2/obj/app/src/zknox/ecc/zkn_frost.o:(.text.zkn_frost_interpolate_secrets)
c0de20b6 c0de20b6        0     1                 $t.1
c0de20b7 c0de20b7       84     1                 zkn_frost_interpolate_secrets
c0de213a c0de213a       72     2         build/nanos2/obj/app/src/zknox/ecc/zkn_frost.o:(.text.zkn_evalshare)
c0de213a c0de213a        0     1                 $t.3
c0de213b c0de213b       72     1                 zkn_evalshare
c0de21ac c0de21ac       fa     2         build/nanos2/obj/app/src/zknox/ecc/zkn_frost.o:(.text.zkn_encode_group_commitmentHash)
c0de21ac c0de21ac        0     1                 $t.6
c0de21ad c0de21ad       fa     1                 zkn_encode_group_commitmentHash
c0de22a6 c0de22a6       d6     2         build/nanos2/obj/app/src/zknox/ecc/zkn_frost.o:(.text.zkn_compute_group_commitment)
c0de22a6 c0de22a6        0     1                 $t.7
c0de22a7 c0de22a7       d6     1                 zkn_compute_group_commitment
c0de237c c0de237c      106     2         build/nanos2/obj/app/src/zknox/ecc/zkn_frost.o:(.text.zkn_compute_binding_factors)
c0de237c c0de237c        0     1                 $t.8
c0de237d c0de237d      106     1                 zkn_compute_binding_factors
c0de2482 c0de2482       10     2         build/nanos2/obj/app/src/zknox/ecc/zkn_frost.o:(.text.zkn_serialize_scalar_for_hash)
c0de2482 c0de2482        0     1                 $t.9
c0de2483 c0de2483       10     1                 zkn_serialize_scalar_for_hash
c0de2492 c0de2492       16     2         build/nanos2/obj/app/src/zknox/ecc/zkn_frost.o:(.text.OUTLINED_FUNCTION_0)
c0de2492 c0de2492        0     1                 $t.16
c0de2493 c0de2493       16     1                 OUTLINED_FUNCTION_0
c0de24a8 c0de24a8        8     2         build/nanos2/obj/app/src/zknox/ecc/zkn_frost.o:(.text.OUTLINED_FUNCTION_2)
c0de24a8 c0de24a8        0     1                 $t.18
c0de24a9 c0de24a9        8     1                 OUTLINED_FUNCTION_2
c0de24b0 c0de24b0        6     2         build/nanos2/obj/app/src/zknox/ecc/zkn_frost.o:(.text.OUTLINED_FUNCTION_3)
c0de24b0 c0de24b0        0     1                 $t.19
c0de24b1 c0de24b1        6     1                 OUTLINED_FUNCTION_3
c0de24b6 c0de24b6        6     2         build/nanos2/obj/app/src/zknox/ecc/zkn_frost.o:(.text.OUTLINED_FUNCTION_4)
c0de24b6 c0de24b6        0     1                 $t.20
c0de24b7 c0de24b7        6     1                 OUTLINED_FUNCTION_4
c0de24bc c0de24bc       2a     2         build/nanos2/obj/app/src/zknox/ecc/zkn_tEdwards.o:(.text.tEdwards_alloc)
c0de24bc c0de24bc        0     1                 $t.0
c0de24bd c0de24bd       2a     1                 tEdwards_alloc
c0de24e6 c0de24e6       22     2         build/nanos2/obj/app/src/zknox/ecc/zkn_tEdwards.o:(.text.tEdwards_destroy)
c0de24e6 c0de24e6        0     1                 $t.1
c0de24e7 c0de24e7       22     1                 tEdwards_destroy
c0de2508 c0de2508       d6     2         build/nanos2/obj/app/src/zknox/ecc/zkn_tEdwards.o:(.text.tEdwards_double)
c0de2508 c0de2508        0     1                 $t.2
c0de2509 c0de2509       d6     1                 tEdwards_double
c0de25de c0de25de      130     2         build/nanos2/obj/app/src/zknox/ecc/zkn_tEdwards.o:(.text.tEdwards_add)
c0de25de c0de25de        0     1                 $t.3
c0de25df c0de25df      130     1                 tEdwards_add
c0de270e c0de270e       ac     2         build/nanos2/obj/app/src/zknox/ecc/zkn_tEdwards.o:(.text.tEdwards_IsOnCurve)
c0de270e c0de270e        0     1                 $t.4
c0de270f c0de270f       ac     1                 tEdwards_IsOnCurve
c0de27bc c0de27bc      1e0     4         build/nanos2/obj/app/src/zknox/ecc/zkn_tEdwards.o:(.text.tEdwards_Curve_alloc_init)
c0de27bc c0de27bc        0     1                 $t.5
c0de27bd c0de27bd      1e0     1                 tEdwards_Curve_alloc_init
c0de2970 c0de2970        0     1                 $d.6
c0de299c c0de299c       7e     2         build/nanos2/obj/app/src/zknox/ecc/zkn_tEdwards.o:(.text.tEdwards_init)
c0de299c c0de299c        0     1                 $t.7
c0de299d c0de299d       7e     1                 tEdwards_init
c0de2a1a c0de2a1a       92     2         build/nanos2/obj/app/src/zknox/ecc/zkn_tEdwards.o:(.text.tEdwards_Curve_partial_destroy)
c0de2a1a c0de2a1a        0     1                 $t.9
c0de2a1b c0de2a1b       92     1                 tEdwards_Curve_partial_destroy
c0de2aac c0de2aac       26     2         build/nanos2/obj/app/src/zknox/ecc/zkn_tEdwards.o:(.text.tEdwards_SetNeutral)
c0de2aac c0de2aac        0     1                 $t.11
c0de2aad c0de2aad       26     1                 tEdwards_SetNeutral
c0de2ad2 c0de2ad2       4c     2         build/nanos2/obj/app/src/zknox/ecc/zkn_tEdwards.o:(.text.tEdwards_export)
c0de2ad2 c0de2ad2        0     1                 $t.12
c0de2ad3 c0de2ad3       4c     1                 tEdwards_export
c0de2b1e c0de2b1e       5a     2         build/nanos2/obj/app/src/zknox/ecc/zkn_tEdwards.o:(.text.tEdwards_normalize)
c0de2b1e c0de2b1e        0     1                 $t.13
c0de2b1f c0de2b1f       5a     1                 tEdwards_normalize
c0de2b78 c0de2b78       26     2         build/nanos2/obj/app/src/zknox/ecc/zkn_tEdwards.o:(.text.tEdwards_copy)
c0de2b78 c0de2b78        0     1                 $t.14
c0de2b79 c0de2b79       26     1                 tEdwards_copy
c0de2b9e c0de2b9e       3e     2         build/nanos2/obj/app/src/zknox/ecc/zkn_tEdwards.o:(.text.tEdwards_alloc_init)
c0de2b9e c0de2b9e        0     1                 $t.15
c0de2b9f c0de2b9f       3e     1                 tEdwards_alloc_init
c0de2bdc c0de2bdc       ca     2         build/nanos2/obj/app/src/zknox/ecc/zkn_tEdwards.o:(.text.tEdwards_scalarMul_bn)
c0de2bdc c0de2bdc        0     1                 $t.17
c0de2bdd c0de2bdd       ca     1                 tEdwards_scalarMul_bn
c0de2ca8 c0de2ca8       40     4         build/nanos2/obj/app/src/zknox/ecc/zkn_tEdwards.o:(.text.tEdwards_scalarMul)
c0de2ca8 c0de2ca8        0     1                 $t.18
c0de2ca9 c0de2ca9       40     1                 tEdwards_scalarMul
c0de2ce4 c0de2ce4        0     1                 $d.19
c0de2ce8 c0de2ce8        6     2         build/nanos2/obj/app/src/zknox/ecc/zkn_tEdwards.o:(.text.OUTLINED_FUNCTION_0)
c0de2ce8 c0de2ce8        0     1                 $t.22
c0de2ce9 c0de2ce9        6     1                 OUTLINED_FUNCTION_0
c0de2cee c0de2cee        6     2         build/nanos2/obj/app/src/zknox/ecc/zkn_tEdwards.o:(.text.OUTLINED_FUNCTION_1)
c0de2cee c0de2cee        0     1                 $t.23
c0de2cef c0de2cef        6     1                 OUTLINED_FUNCTION_1
c0de2cf4 c0de2cf4        8     2         build/nanos2/obj/app/src/zknox/ecc/zkn_tEdwards.o:(.text.OUTLINED_FUNCTION_2)
c0de2cf4 c0de2cf4        0     1                 $t.24
c0de2cf5 c0de2cf5        8     1                 OUTLINED_FUNCTION_2
c0de2cfc c0de2cfc        8     2         build/nanos2/obj/app/src/zknox/ecc/zkn_tEdwards.o:(.text.OUTLINED_FUNCTION_3)
c0de2cfc c0de2cfc        0     1                 $t.25
c0de2cfd c0de2cfd        8     1                 OUTLINED_FUNCTION_3
c0de2d04 c0de2d04        a     2         build/nanos2/obj/app/src/zknox/ecc/zkn_tEdwards.o:(.text.OUTLINED_FUNCTION_4)
c0de2d04 c0de2d04        0     1                 $t.26
c0de2d05 c0de2d05        a     1                 OUTLINED_FUNCTION_4
c0de2d0e c0de2d0e        a     2         build/nanos2/obj/app/src/zknox/ecc/zkn_tEdwards.o:(.text.OUTLINED_FUNCTION_5)
c0de2d0e c0de2d0e        0     1                 $t.27
c0de2d0f c0de2d0f        a     1                 OUTLINED_FUNCTION_5
c0de2d18 c0de2d18        a     2         build/nanos2/obj/app/src/zknox/ecc/zkn_tEdwards.o:(.text.OUTLINED_FUNCTION_6)
c0de2d18 c0de2d18        0     1                 $t.28
c0de2d19 c0de2d19        a     1                 OUTLINED_FUNCTION_6
c0de2d22 c0de2d22        a     2         build/nanos2/obj/app/src/zknox/ecc/zkn_tEdwards.o:(.text.OUTLINED_FUNCTION_7)
c0de2d22 c0de2d22        0     1                 $t.29
c0de2d23 c0de2d23        a     1                 OUTLINED_FUNCTION_7
c0de2d2c c0de2d2c        a     2         build/nanos2/obj/app/src/zknox/ecc/zkn_tEdwards.o:(.text.OUTLINED_FUNCTION_8)
c0de2d2c c0de2d2c        0     1                 $t.30
c0de2d2d c0de2d2d        a     1                 OUTLINED_FUNCTION_8
c0de2d36 c0de2d36        a     2         build/nanos2/obj/app/src/zknox/ecc/zkn_tEdwards.o:(.text.OUTLINED_FUNCTION_9)
c0de2d36 c0de2d36        0     1                 $t.31
c0de2d37 c0de2d37        a     1                 OUTLINED_FUNCTION_9
c0de2d40 c0de2d40        a     2         build/nanos2/obj/app/src/zknox/ecc/zkn_tEdwards.o:(.text.OUTLINED_FUNCTION_10)
c0de2d40 c0de2d40        0     1                 $t.32
c0de2d41 c0de2d41        a     1                 OUTLINED_FUNCTION_10
c0de2d4a c0de2d4a        6     2         build/nanos2/obj/app/src/zknox/ecc/zkn_tEdwards.o:(.text.OUTLINED_FUNCTION_11)
c0de2d4a c0de2d4a        0     1                 $t.33
c0de2d4b c0de2d4b        6     1                 OUTLINED_FUNCTION_11
c0de2d50 c0de2d50       80     4         build/nanos2/obj/app/src/zknox/hash/zkn_poseidon_constants.o:(.text.grain_lfsr_advance)
c0de2d50 c0de2d50        0     1                 $t.0
c0de2d51 c0de2d51       80     1                 grain_lfsr_advance
c0de2dc8 c0de2dc8        0     1                 $d.1
c0de2dd0 c0de2dd0       4a     2         build/nanos2/obj/app/src/zknox/hash/zkn_poseidon_constants.o:(.text.next64_graingen)
c0de2dd0 c0de2dd0        0     1                 $t.2
c0de2dd1 c0de2dd1       4a     1                 next64_graingen
c0de2e1c c0de2e1c       30     4         build/nanos2/obj/app/src/zknox/hash/zkn_poseidon_constants.o:(.text.init_generator)
c0de2e1c c0de2e1c        0     1                 $t.3
c0de2e1d c0de2e1d       30     1                 init_generator
c0de2e44 c0de2e44        0     1                 $d.4
c0de2e4c c0de2e4c       98     4         build/nanos2/obj/app/src/zknox/hash/zkn_poseidon_constants.o:(.text.gen_integer)
c0de2e4c c0de2e4c        0     1                 $t.5
c0de2e4d c0de2e4d       98     1                 gen_integer
c0de2ed4 c0de2ed4        0     1                 $d.6
c0de2ee4 c0de2ee4        8     2         build/nanos2/obj/app/src/zknox/hash/zkn_poseidon_constants.o:(.text.rev64)
c0de2ee4 c0de2ee4        0     1                 $t.7
c0de2ee5 c0de2ee5        8     1                 rev64
c0de2eec c0de2eec        6     2         build/nanos2/obj/app/src/zknox/hash/zkn_poseidon_constants.o:(.text.Poseidon_getNext_RC)
c0de2eec c0de2eec        0     1                 $t.8
c0de2eed c0de2eed        6     1                 Poseidon_getNext_RC
c0de2ef4 c0de2ef4       cc     4         build/nanos2/obj/app/src/zknox/hash/zkn_poseidon_constants.o:(.text.Poseidon_alloc_init)
c0de2ef4 c0de2ef4        0     1                 $t.9
c0de2ef5 c0de2ef5       cc     1                 Poseidon_alloc_init
c0de2fbc c0de2fbc        0     1                 $d.10
c0de2fc0 c0de2fc0      1a0     4         build/nanos2/obj/app/src/zknox/hash/zkn_poseidon_constants.o:(.text.Poseidon)
c0de2fc0 c0de2fc0        0     1                 $t.13
c0de2fc1 c0de2fc1      1a0     1                 Poseidon
c0de315c c0de315c        0     1                 $d.14
c0de3160 c0de3160       98     4         build/nanos2/obj/app/src/zknox/hash/zkn_rfc9591frost.o:(.text.RFC9591_taggedHash)
c0de3160 c0de3160        0     1                 $t.0
c0de3161 c0de3161       98     1                 RFC9591_taggedHash
c0de31f4 c0de31f4        0     1                 $d.1
c0de31f8 c0de31f8       1c     2         build/nanos2/obj/app/src/zknox/hash/zkn_rfc9591frost.o:(.text.Babyfrost_H1)
c0de31f8 c0de31f8        0     1                 $t.2
c0de31f9 c0de31f9       1c     1                 Babyfrost_H1
c0de3214 c0de3214       28     4         build/nanos2/obj/app/src/zknox/hash/zkn_rfc9591frost.o:(.text.Babyfrost_H3)
c0de3214 c0de3214        0     1                 $t.3
c0de3215 c0de3215       28     1                 Babyfrost_H3
c0de3238 c0de3238        0     1                 $d.4
c0de323c c0de323c       1c     2         build/nanos2/obj/app/src/zknox/hash/zkn_rfc9591frost.o:(.text.Babyfrost_H4)
c0de323c c0de323c        0     1                 $t.5
c0de323d c0de323d       1c     1                 Babyfrost_H4
c0de3258 c0de3258       1c     2         build/nanos2/obj/app/src/zknox/hash/zkn_rfc9591frost.o:(.text.Babyfrost_H5)
c0de3258 c0de3258        0     1                 $t.6
c0de3259 c0de3259       1c     1                 Babyfrost_H5
c0de3274 c0de3274       2c     2         build/nanos2/obj/app/src/zknox/hash/zkn_rfc9591frost.o:(.text.zkn_frost_hash_init)
c0de3274 c0de3274        0     1                 $t.7
c0de3275 c0de3275       2c     1                 zkn_frost_hash_init
c0de32a0 c0de32a0       34     4         build/nanos2/obj/app/src/zknox/hash/zkn_rfc9591frost.o:(.text.zkn_frost_H1_init)
c0de32a0 c0de32a0        0     1                 $t.8
c0de32a1 c0de32a1       34     1                 zkn_frost_H1_init
c0de32d0 c0de32d0        0     1                 $d.9
c0de32d4 c0de32d4       34     4         build/nanos2/obj/app/src/zknox/hash/zkn_rfc9591frost.o:(.text.zkn_frost_H5_init)
c0de32d4 c0de32d4        0     1                 $t.10
c0de32d5 c0de32d5       34     1                 zkn_frost_H5_init
c0de3304 c0de3304        0     1                 $d.11
c0de3308 c0de3308        4     2         build/nanos2/obj/app/src/zknox/hash/zkn_rfc9591frost.o:(.text.zkn_frost_hash_update)
c0de3308 c0de3308        0     1                 $t.12
c0de3309 c0de3309        4     1                 zkn_frost_hash_update
c0de330c c0de330c       50     2         build/nanos2/obj/app/src/zknox/hash/zkn_rfc9591frost.o:(.text.zkn_frost_hash_final)
c0de330c c0de330c        0     1                 $t.13
c0de330d c0de330d       50     1                 zkn_frost_hash_final
c0de335c c0de335c       14     2         build/nanos2/obj/app/src/zknox/hash/zkn_rfc9591frost.o:(.text.OUTLINED_FUNCTION_0)
c0de335c c0de335c        0     1                 $t.14
c0de335d c0de335d       14     1                 OUTLINED_FUNCTION_0
c0de3370 c0de3370        e     2         build/nanos2/obj/app/src/zknox/hash/zkn_rfc9591frost.o:(.text.OUTLINED_FUNCTION_1)
c0de3370 c0de3370        0     1                 $t.15
c0de3371 c0de3371        e     1                 OUTLINED_FUNCTION_1
c0de337e c0de337e        a     2         build/nanos2/obj/app/src/zknox/hash/zkn_rfc9591frost.o:(.text.OUTLINED_FUNCTION_2)
c0de337e c0de337e        0     1                 $t.16
c0de337f c0de337f        a     1                 OUTLINED_FUNCTION_2
c0de3388 c0de3388        e     2         build/nanos2/obj/app/src/zknox/hash/zkn_rfc9591frost.o:(.text.OUTLINED_FUNCTION_3)
c0de3388 c0de3388        0     1                 $t.17
c0de3389 c0de3389        e     1                 OUTLINED_FUNCTION_3
c0de3396 c0de3396       d6     2         build/nanos2/obj/sdk/io/src/os_io_default_apdu.o:(.text.os_io_handle_default_apdu)
c0de3396 c0de3396        0     1                 $t.0
c0de3397 c0de3397       d6     1                 os_io_handle_default_apdu
c0de346c c0de346c        e     2         build/nanos2/obj/sdk/io/src/os_io_default_apdu.o:(.text.OUTLINED_FUNCTION_0)
c0de346c c0de346c        0     1                 $t.1
c0de346d c0de346d        e     1                 OUTLINED_FUNCTION_0
c0de347a c0de347a       1c     2         build/nanos2/obj/sdk/io/src/os_io_seph_ux.o:(.text.io_process_itc_ux_event)
c0de347a c0de347a        0     1                 $t.2
c0de347b c0de347b       1c     1                 io_process_itc_ux_event
c0de3498 c0de3498       28     4         build/nanos2/obj/sdk/io_legacy/src/os_io_legacy.o:(.text.io_legacy_apdu_tx)
c0de3498 c0de3498        0     1                 $t.12
c0de3499 c0de3499       28     1                 io_legacy_apdu_tx
c0de34b8 c0de34b8        0     1                 $d.13
c0de34c0 c0de34c0      1b4     4         build/nanos2/obj/sdk/io_legacy/src/os_io_legacy.o:(.text.io_legacy_apdu_rx)
c0de34c0 c0de34c0        0     1                 $t.14
c0de34c1 c0de34c1      1b4     1                 io_legacy_apdu_rx
c0de3658 c0de3658        0     1                 $d.15
c0de3674 c0de3674       38     4         build/nanos2/obj/sdk/io_legacy/src/os_io_legacy.o:(.text.io_seproxyhal_init)
c0de3674 c0de3674        0     1                 $t.16
c0de3675 c0de3675       38     1                 io_seproxyhal_init
c0de36a8 c0de36a8        0     1                 $d.17
c0de36ac c0de36ac       ac     2         build/nanos2/obj/sdk/lib_nbgl/src/nbgl_layout_nanos.o:(.text.getTextMaxLenAndWidth)
c0de36ac c0de36ac        0     1                 $t.0
c0de36ad c0de36ad       ac     1                 getTextMaxLenAndWidth
c0de3758 c0de3758       78     4         build/nanos2/obj/sdk/lib_nbgl/src/nbgl_layout_nanos.o:(.text.nbgl_layoutGet)
c0de3758 c0de3758        0     1                 $t.2
c0de3759 c0de3759       78     1                 nbgl_layoutGet
c0de37c8 c0de37c8        0     1                 $d.3
c0de37d0 c0de37d0       50     4         build/nanos2/obj/sdk/lib_nbgl/src/nbgl_layout_nanos.o:(.text.buttonCallback)
c0de37d0 c0de37d0        0     1                 $t.4
c0de37d1 c0de37d1       50     1                 buttonCallback
c0de381c c0de381c        0     1                 $d.5
c0de3820 c0de3820       bc     4         build/nanos2/obj/sdk/lib_nbgl/src/nbgl_layout_nanos.o:(.text.nbgl_layoutAddNavigation)
c0de3820 c0de3820        0     1                 $t.6
c0de3821 c0de3821       bc     1                 nbgl_layoutAddNavigation
c0de38cc c0de38cc        0     1                 $d.7
c0de38dc c0de38dc      380     4         build/nanos2/obj/sdk/lib_nbgl/src/nbgl_layout_nanos.o:(.text.nbgl_layoutAddText)
c0de38dc c0de38dc        0     1                 $t.8
c0de38dd c0de38dd      380     1                 nbgl_layoutAddText
c0de3c58 c0de3c58        0     1                 $d.9
c0de3c5c c0de3c5c       a8     2         build/nanos2/obj/sdk/lib_nbgl/src/nbgl_layout_nanos.o:(.text.nbgl_layoutAddMenuList)
c0de3c5c c0de3c5c        0     1                 $t.10
c0de3c5d c0de3c5d       a8     1                 nbgl_layoutAddMenuList
c0de3d04 c0de3d04      340     2         build/nanos2/obj/sdk/lib_nbgl/src/nbgl_layout_nanos.o:(.text.nbgl_layoutAddCenteredInfo)
c0de3d04 c0de3d04        0     1                 $t.11
c0de3d05 c0de3d05      340     1                 nbgl_layoutAddCenteredInfo
c0de4044 c0de4044      1dc     4         build/nanos2/obj/sdk/lib_nbgl/src/nbgl_layout_nanos.o:(.text.nbgl_layoutAddSwitch)
c0de4044 c0de4044        0     1                 $t.14
c0de4045 c0de4045      1dc     1                 nbgl_layoutAddSwitch
c0de4210 c0de4210        0     1                 $d.15
c0de4220 c0de4220       10     2         build/nanos2/obj/sdk/lib_nbgl/src/nbgl_layout_nanos.o:(.text.nbgl_layoutDraw)
c0de4220 c0de4220        0     1                 $t.16
c0de4221 c0de4221       10     1                 nbgl_layoutDraw
c0de4230 c0de4230       1a     2         build/nanos2/obj/sdk/lib_nbgl/src/nbgl_layout_nanos.o:(.text.nbgl_layoutRelease)
c0de4230 c0de4230        0     1                 $t.17
c0de4231 c0de4231       1a     1                 nbgl_layoutRelease
c0de424a c0de424a       1a     2         build/nanos2/obj/sdk/lib_nbgl/src/nbgl_layout_nanos.o:(.text.OUTLINED_FUNCTION_1)
c0de424a c0de424a        0     1                 $t.19
c0de424b c0de424b       1a     1                 OUTLINED_FUNCTION_1
c0de4264 c0de4264       1a     2         build/nanos2/obj/sdk/lib_nbgl/src/nbgl_layout_nanos.o:(.text.OUTLINED_FUNCTION_2)
c0de4264 c0de4264        0     1                 $t.20
c0de4265 c0de4265       1a     1                 OUTLINED_FUNCTION_2
c0de427e c0de427e       12     2         build/nanos2/obj/sdk/lib_nbgl/src/nbgl_layout_nanos.o:(.text.OUTLINED_FUNCTION_3)
c0de427e c0de427e        0     1                 $t.21
c0de427f c0de427f       12     1                 OUTLINED_FUNCTION_3
c0de4290 c0de4290        6     2         build/nanos2/obj/sdk/lib_nbgl/src/nbgl_layout_nanos.o:(.text.OUTLINED_FUNCTION_4)
c0de4290 c0de4290        0     1                 $t.22
c0de4291 c0de4291        6     1                 OUTLINED_FUNCTION_4
c0de4296 c0de4296        a     2         build/nanos2/obj/sdk/lib_nbgl/src/nbgl_layout_nanos.o:(.text.OUTLINED_FUNCTION_5)
c0de4296 c0de4296        0     1                 $t.23
c0de4297 c0de4297        a     1                 OUTLINED_FUNCTION_5
c0de42a0 c0de42a0       10     2         build/nanos2/obj/sdk/lib_nbgl/src/nbgl_layout_nanos.o:(.text.OUTLINED_FUNCTION_6)
c0de42a0 c0de42a0        0     1                 $t.24
c0de42a1 c0de42a1       10     1                 OUTLINED_FUNCTION_6
c0de42b0 c0de42b0        8     2         build/nanos2/obj/sdk/lib_nbgl/src/nbgl_layout_nanos.o:(.text.OUTLINED_FUNCTION_7)
c0de42b0 c0de42b0        0     1                 $t.25
c0de42b1 c0de42b1        8     1                 OUTLINED_FUNCTION_7
c0de42b8 c0de42b8        6     2         build/nanos2/obj/sdk/lib_nbgl/src/nbgl_layout_nanos.o:(.text.OUTLINED_FUNCTION_8)
c0de42b8 c0de42b8        0     1                 $t.26
c0de42b9 c0de42b9        6     1                 OUTLINED_FUNCTION_8
c0de42be c0de42be        e     2         build/nanos2/obj/sdk/lib_nbgl/src/nbgl_layout_nanos.o:(.text.OUTLINED_FUNCTION_9)
c0de42be c0de42be        0     1                 $t.27
c0de42bf c0de42bf        e     1                 OUTLINED_FUNCTION_9
c0de42cc c0de42cc       72     2         build/nanos2/obj/sdk/lib_nbgl/src/nbgl_step.o:(.text.nbgl_stepDrawText)
c0de42cc c0de42cc        0     1                 $t.0
c0de42cd c0de42cd       72     1                 nbgl_stepDrawText
c0de4340 c0de4340       4c     4         build/nanos2/obj/sdk/lib_nbgl/src/nbgl_step.o:(.text.getFreeContext)
c0de4340 c0de4340        0     1                 $t.1
c0de4341 c0de4341       4c     1                 getFreeContext
c0de4388 c0de4388        0     1                 $d.2
c0de438c c0de438c      1cc     4         build/nanos2/obj/sdk/lib_nbgl/src/nbgl_step.o:(.text.displayTextPage)
c0de438c c0de438c        0     1                 $t.3
c0de438d c0de438d      1cc     1                 displayTextPage
c0de4550 c0de4550        0     1                 $d.4
c0de4558 c0de4558       7c     4         build/nanos2/obj/sdk/lib_nbgl/src/nbgl_step.o:(.text.nbgl_stepDrawCenteredInfo)
c0de4558 c0de4558        0     1                 $t.5
c0de4559 c0de4559       7c     1                 nbgl_stepDrawCenteredInfo
c0de45d0 c0de45d0        0     1                 $d.6
c0de45d4 c0de45d4       6c     2         build/nanos2/obj/sdk/lib_nbgl/src/nbgl_step.o:(.text.actionCallback)
c0de45d4 c0de45d4        0     1                 $t.7
c0de45d5 c0de45d5       6c     1                 actionCallback
c0de4640 c0de4640       38     2         build/nanos2/obj/sdk/lib_nbgl/src/nbgl_step.o:(.text.getNavigationInfo)
c0de4640 c0de4640        0     1                 $t.8
c0de4641 c0de4641       38     1                 getNavigationInfo
c0de4678 c0de4678       36     2         build/nanos2/obj/sdk/lib_nbgl/src/nbgl_step.o:(.text.nbgl_stepDrawMenuList)
c0de4678 c0de4678        0     1                 $t.9
c0de4679 c0de4679       36     1                 nbgl_stepDrawMenuList
c0de46b0 c0de46b0       78     4         build/nanos2/obj/sdk/lib_nbgl/src/nbgl_step.o:(.text.displayMenuList)
c0de46b0 c0de46b0        0     1                 $t.10
c0de46b1 c0de46b1       78     1                 displayMenuList
c0de4724 c0de4724        0     1                 $d.11
c0de4728 c0de4728       7c     4         build/nanos2/obj/sdk/lib_nbgl/src/nbgl_step.o:(.text.nbgl_stepDrawSwitch)
c0de4728 c0de4728        0     1                 $t.13
c0de4729 c0de4729       7c     1                 nbgl_stepDrawSwitch
c0de47a0 c0de47a0        0     1                 $d.14
c0de47a4 c0de47a4       18     2         build/nanos2/obj/sdk/lib_nbgl/src/nbgl_step.o:(.text.nbgl_stepRelease)
c0de47a4 c0de47a4        0     1                 $t.15
c0de47a5 c0de47a5       18     1                 nbgl_stepRelease
c0de47bc c0de47bc       28     4         build/nanos2/obj/sdk/lib_nbgl/src/nbgl_step.o:(.text.getContextFromLayout)
c0de47bc c0de47bc        0     1                 $t.16
c0de47bd c0de47bd       28     1                 getContextFromLayout
c0de47e0 c0de47e0        0     1                 $d.17
c0de47e4 c0de47e4       40     2         build/nanos2/obj/sdk/lib_nbgl/src/nbgl_step.o:(.text.menuListActionCallback)
c0de47e4 c0de47e4        0     1                 $t.18
c0de47e5 c0de47e5       40     1                 menuListActionCallback
c0de4824 c0de4824       8e     2         build/nanos2/obj/sdk/lib_nbgl/src/nbgl_step.o:(.text.OUTLINED_FUNCTION_0)
c0de4824 c0de4824        0     1                 $t.19
c0de4825 c0de4825       8e     1                 OUTLINED_FUNCTION_0
c0de48b2 c0de48b2       4a     2         build/nanos2/obj/sdk/lib_nbgl/src/nbgl_step.o:(.text.OUTLINED_FUNCTION_1)
c0de48b2 c0de48b2        0     1                 $t.20
c0de48b3 c0de48b3       4a     1                 OUTLINED_FUNCTION_1
c0de48fc c0de48fc       12     2         build/nanos2/obj/sdk/lib_nbgl/src/nbgl_step.o:(.text.OUTLINED_FUNCTION_2)
c0de48fc c0de48fc        0     1                 $t.21
c0de48fd c0de48fd       12     1                 OUTLINED_FUNCTION_2
c0de490e c0de490e        a     2         build/nanos2/obj/sdk/lib_nbgl/src/nbgl_step.o:(.text.OUTLINED_FUNCTION_3)
c0de490e c0de490e        0     1                 $t.22
c0de490f c0de490f        a     1                 OUTLINED_FUNCTION_3
c0de4918 c0de4918        6     2         build/nanos2/obj/sdk/lib_nbgl/src/nbgl_step.o:(.text.OUTLINED_FUNCTION_4)
c0de4918 c0de4918        0     1                 $t.23
c0de4919 c0de4919        6     1                 OUTLINED_FUNCTION_4
c0de491e c0de491e        e     2         build/nanos2/obj/sdk/lib_nbgl/src/nbgl_step.o:(.text.OUTLINED_FUNCTION_5)
c0de491e c0de491e        0     1                 $t.24
c0de491f c0de491f        e     1                 OUTLINED_FUNCTION_5
c0de492c c0de492c       4c     4         build/nanos2/obj/sdk/lib_nbgl/src/nbgl_use_case_nanos.o:(.text.nbgl_useCaseHomeAndSettings)
c0de492c c0de492c        0     1                 $t.11
c0de492d c0de492d       4c     1                 nbgl_useCaseHomeAndSettings
c0de4974 c0de4974        0     1                 $d.12
c0de4978 c0de4978       78     4         build/nanos2/obj/sdk/lib_nbgl/src/nbgl_use_case_nanos.o:(.text.startUseCaseSettingsAtPage)
c0de4978 c0de4978        0     1                 $t.13
c0de4979 c0de4979       78     1                 startUseCaseSettingsAtPage
c0de49ec c0de49ec        0     1                 $d.14
c0de49f0 c0de49f0       8c     4         build/nanos2/obj/sdk/lib_nbgl/src/nbgl_use_case_nanos.o:(.text.startUseCaseHome)
c0de49f0 c0de49f0        0     1                 $t.15
c0de49f1 c0de49f1       8c     1                 startUseCaseHome
c0de4a78 c0de4a78        0     1                 $d.16
c0de4a7c c0de4a7c       20     2         build/nanos2/obj/sdk/lib_nbgl/src/nbgl_use_case_nanos.o:(.text.nbgl_useCaseReview)
c0de4a7c c0de4a7c        0     1                 $t.20
c0de4a7d c0de4a7d       20     1                 nbgl_useCaseReview
c0de4a9c c0de4a9c       50     4         build/nanos2/obj/sdk/lib_nbgl/src/nbgl_use_case_nanos.o:(.text.useCaseReview)
c0de4a9c c0de4a9c        0     1                 $t.21
c0de4a9d c0de4a9d       50     1                 useCaseReview
c0de4ae8 c0de4ae8        0     1                 $d.22
c0de4aec c0de4aec       bc     4         build/nanos2/obj/sdk/lib_nbgl/src/nbgl_use_case_nanos.o:(.text.nbgl_useCaseAdvancedReview)
c0de4aec c0de4aec        0     1                 $t.23
c0de4aed c0de4aed       bc     1                 nbgl_useCaseAdvancedReview
c0de4ba4 c0de4ba4        0     1                 $d.24
c0de4ba8 c0de4ba8       14     4         build/nanos2/obj/sdk/lib_nbgl/src/nbgl_use_case_nanos.o:(.text.displayInitialWarning)
c0de4ba8 c0de4ba8        0     1                 $t.25
c0de4ba9 c0de4ba9       14     1                 displayInitialWarning
c0de4bb8 c0de4bb8        0     1                 $d.26
c0de4bbc c0de4bbc       24     4         build/nanos2/obj/sdk/lib_nbgl/src/nbgl_use_case_nanos.o:(.text.nbgl_useCaseReviewBlindSigning)
c0de4bbc c0de4bbc        0     1                 $t.27
c0de4bbd c0de4bbd       24     1                 nbgl_useCaseReviewBlindSigning
c0de4bdc c0de4bdc        0     1                 $d.28
c0de4be0 c0de4be0       68     4         build/nanos2/obj/sdk/lib_nbgl/src/nbgl_use_case_nanos.o:(.text.nbgl_useCaseAddressReview)
c0de4be0 c0de4be0        0     1                 $t.30
c0de4be1 c0de4be1       68     1                 nbgl_useCaseAddressReview
c0de4c44 c0de4c44        0     1                 $d.31
c0de4c48 c0de4c48      198     4         build/nanos2/obj/sdk/lib_nbgl/src/nbgl_use_case_nanos.o:(.text.displayReviewPage)
c0de4c48 c0de4c48        0     1                 $t.32
c0de4c49 c0de4c49      198     1                 displayReviewPage
c0de4dc4 c0de4dc4        0     1                 $d.33
c0de4de0 c0de4de0       40     4         build/nanos2/obj/sdk/lib_nbgl/src/nbgl_use_case_nanos.o:(.text.nbgl_useCaseStatus)
c0de4de0 c0de4de0        0     1                 $t.36
c0de4de1 c0de4de1       40     1                 nbgl_useCaseStatus
c0de4e18 c0de4e18        0     1                 $d.37
c0de4e20 c0de4e20      188     4         build/nanos2/obj/sdk/lib_nbgl/src/nbgl_use_case_nanos.o:(.text.drawStep)
c0de4e20 c0de4e20        0     1                 $t.38
c0de4e21 c0de4e21      188     1                 drawStep
c0de4f94 c0de4f94        0     1                 $d.39
c0de4fa8 c0de4fa8       1c     4         build/nanos2/obj/sdk/lib_nbgl/src/nbgl_use_case_nanos.o:(.text.statusButtonCallback)
c0de4fa8 c0de4fa8        0     1                 $t.40
c0de4fa9 c0de4fa9       1c     1                 statusButtonCallback
c0de4fc0 c0de4fc0        0     1                 $d.41
c0de4fc4 c0de4fc4       94     4         build/nanos2/obj/sdk/lib_nbgl/src/nbgl_use_case_nanos.o:(.text.nbgl_useCaseReviewStatus)
c0de4fc4 c0de4fc4        0     1                 $t.42
c0de4fc5 c0de4fc5       94     1                 nbgl_useCaseReviewStatus
c0de5038 c0de5038        0     1                 $d.43
c0de5058 c0de5058      184     4         build/nanos2/obj/sdk/lib_nbgl/src/nbgl_use_case_nanos.o:(.text.displayStreamingReviewPage)
c0de5058 c0de5058        0     1                 $t.46
c0de5059 c0de5059      184     1                 displayStreamingReviewPage
c0de51c8 c0de51c8        0     1                 $d.47
c0de51dc c0de51dc       3c     4         build/nanos2/obj/sdk/lib_nbgl/src/nbgl_use_case_nanos.o:(.text.nbgl_useCaseSpinner)
c0de51dc c0de51dc        0     1                 $t.57
c0de51dd c0de51dd       3c     1                 nbgl_useCaseSpinner
c0de5210 c0de5210        0     1                 $d.58
c0de5218 c0de5218       38     4         build/nanos2/obj/sdk/lib_nbgl/src/nbgl_use_case_nanos.o:(.text.nbgl_useCaseChoice)
c0de5218 c0de5218        0     1                 $t.59
c0de5219 c0de5219       38     1                 nbgl_useCaseChoice
c0de524c c0de524c        0     1                 $d.60
c0de5250 c0de5250       bc     4         build/nanos2/obj/sdk/lib_nbgl/src/nbgl_use_case_nanos.o:(.text.displayChoicePage)
c0de5250 c0de5250        0     1                 $t.61
c0de5251 c0de5251       bc     1                 displayChoicePage
c0de52f4 c0de52f4        0     1                 $d.62
c0de530c c0de530c       b4     4         build/nanos2/obj/sdk/lib_nbgl/src/nbgl_use_case_nanos.o:(.text.getContentAtIdx)
c0de530c c0de530c        0     1                 $t.71
c0de530d c0de530d       b4     1                 getContentAtIdx
c0de53bc c0de53bc        0     1                 $d.72
c0de53c0 c0de53c0       34     2         build/nanos2/obj/sdk/lib_nbgl/src/nbgl_use_case_nanos.o:(.text.getContentNbElement)
c0de53c0 c0de53c0        0     1                 $t.73
c0de53c1 c0de53c1       34     1                 getContentNbElement
c0de53f4 c0de53f4       ac     4         build/nanos2/obj/sdk/lib_nbgl/src/nbgl_use_case_nanos.o:(.text.displayContent)
c0de53f4 c0de53f4        0     1                 $t.74
c0de53f5 c0de53f5       ac     1                 displayContent
c0de5488 c0de5488        0     1                 $d.75
c0de54a0 c0de54a0      144     4         build/nanos2/obj/sdk/lib_nbgl/src/nbgl_use_case_nanos.o:(.text.getContentPage)
c0de54a0 c0de54a0        0     1                 $t.76
c0de54a1 c0de54a1      144     1                 getContentPage
c0de55d8 c0de55d8        0     1                 $d.77
c0de55e4 c0de55e4       50     4         build/nanos2/obj/sdk/lib_nbgl/src/nbgl_use_case_nanos.o:(.text.drawSwitchStep)
c0de55e4 c0de55e4        0     1                 $t.78
c0de55e5 c0de55e5       50     1                 drawSwitchStep
c0de5630 c0de5630        0     1                 $d.79
c0de5634 c0de5634       1e     2         build/nanos2/obj/sdk/lib_nbgl/src/nbgl_use_case_nanos.o:(.text.contentCallback)
c0de5634 c0de5634        0     1                 $t.80
c0de5635 c0de5635       1e     1                 contentCallback
c0de5654 c0de5654       88     4         build/nanos2/obj/sdk/lib_nbgl/src/nbgl_use_case_nanos.o:(.text.getContentElemAtIdx)
c0de5654 c0de5654        0     1                 $t.81
c0de5655 c0de5655       88     1                 getContentElemAtIdx
c0de56d4 c0de56d4        0     1                 $d.82
c0de56dc c0de56dc       46     2         build/nanos2/obj/sdk/lib_nbgl/src/nbgl_use_case_nanos.o:(.text.getPairData)
c0de56dc c0de56dc        0     1                 $t.83
c0de56dd c0de56dd       46     1                 getPairData
c0de5724 c0de5724       b0     4         build/nanos2/obj/sdk/lib_nbgl/src/nbgl_use_case_nanos.o:(.text.onSwitchAction)
c0de5724 c0de5724        0     1                 $t.84
c0de5725 c0de5725       b0     1                 onSwitchAction
c0de57cc c0de57cc        0     1                 $d.85
c0de57d4 c0de57d4       9c     4         build/nanos2/obj/sdk/lib_nbgl/src/nbgl_use_case_nanos.o:(.text.displaySettingsPage)
c0de57d4 c0de57d4        0     1                 $t.86
c0de57d5 c0de57d5       9c     1                 displaySettingsPage
c0de5858 c0de5858        0     1                 $d.87
c0de5870 c0de5870       1e     2         build/nanos2/obj/sdk/lib_nbgl/src/nbgl_use_case_nanos.o:(.text.settingsCallback)
c0de5870 c0de5870        0     1                 $t.88
c0de5871 c0de5871       1e     1                 settingsCallback
c0de5890 c0de5890      124     4         build/nanos2/obj/sdk/lib_nbgl/src/nbgl_use_case_nanos.o:(.text.buttonGenericCallback)
c0de5890 c0de5890        0     1                 $t.89
c0de5891 c0de5891      124     1                 buttonGenericCallback
c0de59ac c0de59ac        0     1                 $d.90
c0de59b4 c0de59b4       fc     4         build/nanos2/obj/sdk/lib_nbgl/src/nbgl_use_case_nanos.o:(.text.displayHomePage)
c0de59b4 c0de59b4        0     1                 $t.91
c0de59b5 c0de59b5       fc     1                 displayHomePage
c0de5a84 c0de5a84        0     1                 $d.92
c0de5ab0 c0de5ab0        6     2         build/nanos2/obj/sdk/lib_nbgl/src/nbgl_use_case_nanos.o:(.text.startUseCaseSettings)
c0de5ab0 c0de5ab0        0     1                 $t.93
c0de5ab1 c0de5ab1        6     1                 startUseCaseSettings
c0de5ab8 c0de5ab8       24     4         build/nanos2/obj/sdk/lib_nbgl/src/nbgl_use_case_nanos.o:(.text.startUseCaseInfo)
c0de5ab8 c0de5ab8        0     1                 $t.94
c0de5ab9 c0de5ab9       24     1                 startUseCaseInfo
c0de5ad8 c0de5ad8        0     1                 $d.95
c0de5adc c0de5adc       1c     2         build/nanos2/obj/sdk/lib_nbgl/src/nbgl_use_case_nanos.o:(.text.homeCallback)
c0de5adc c0de5adc        0     1                 $t.96
c0de5add c0de5add       1c     1                 homeCallback
c0de5af8 c0de5af8       78     4         build/nanos2/obj/sdk/lib_nbgl/src/nbgl_use_case_nanos.o:(.text.displayInfoPage)
c0de5af8 c0de5af8        0     1                 $t.97
c0de5af9 c0de5af9       78     1                 displayInfoPage
c0de5b58 c0de5b58        0     1                 $d.98
c0de5b70 c0de5b70       1c     2         build/nanos2/obj/sdk/lib_nbgl/src/nbgl_use_case_nanos.o:(.text.infoCallback)
c0de5b70 c0de5b70        0     1                 $t.99
c0de5b71 c0de5b71       1c     1                 infoCallback
c0de5b8c c0de5b8c       d0     4         build/nanos2/obj/sdk/lib_nbgl/src/nbgl_use_case_nanos.o:(.text.displayWarningStep)
c0de5b8c c0de5b8c        0     1                 $t.100
c0de5b8d c0de5b8d       d0     1                 displayWarningStep
c0de5c48 c0de5c48        0     1                 $d.101
c0de5c5c c0de5c5c      128     4         build/nanos2/obj/sdk/lib_nbgl/src/nbgl_use_case_nanos.o:(.text.getLastPageInfo)
c0de5c5c c0de5c5c        0     1                 $t.102
c0de5c5d c0de5c5d      128     1                 getLastPageInfo
c0de5d28 c0de5d28        0     1                 $d.103
c0de5d84 c0de5d84       84     4         build/nanos2/obj/sdk/lib_nbgl/src/nbgl_use_case_nanos.o:(.text.warningNavigate)
c0de5d84 c0de5d84        0     1                 $t.104
c0de5d85 c0de5d85       84     1                 warningNavigate
c0de5e04 c0de5e04        0     1                 $d.105
c0de5e08 c0de5e08       14     4         build/nanos2/obj/sdk/lib_nbgl/src/nbgl_use_case_nanos.o:(.text.onReviewAccept)
c0de5e08 c0de5e08        0     1                 $t.106
c0de5e09 c0de5e09       14     1                 onReviewAccept
c0de5e18 c0de5e18        0     1                 $d.107
c0de5e1c c0de5e1c       14     4         build/nanos2/obj/sdk/lib_nbgl/src/nbgl_use_case_nanos.o:(.text.onReviewReject)
c0de5e1c c0de5e1c        0     1                 $t.108
c0de5e1d c0de5e1d       14     1                 onReviewReject
c0de5e2c c0de5e2c        0     1                 $d.109
c0de5e30 c0de5e30       38     4         build/nanos2/obj/sdk/lib_nbgl/src/nbgl_use_case_nanos.o:(.text.launchReviewAfterWarning)
c0de5e30 c0de5e30        0     1                 $t.110
c0de5e31 c0de5e31       38     1                 launchReviewAfterWarning
c0de5e64 c0de5e64        0     1                 $d.111
c0de5e68 c0de5e68       b8     4         build/nanos2/obj/sdk/lib_nbgl/src/nbgl_use_case_nanos.o:(.text.buttonSkipCallback)
c0de5e68 c0de5e68        0     1                 $t.112
c0de5e69 c0de5e69       b8     1                 buttonSkipCallback
c0de5f1c c0de5f1c        0     1                 $d.113
c0de5f20 c0de5f20       74     4         build/nanos2/obj/sdk/lib_nbgl/src/nbgl_use_case_nanos.o:(.text.displayAliasFullValue)
c0de5f20 c0de5f20        0     1                 $t.114
c0de5f21 c0de5f21       74     1                 displayAliasFullValue
c0de5f90 c0de5f90        0     1                 $d.115
c0de5f94 c0de5f94       24     4         build/nanos2/obj/sdk/lib_nbgl/src/nbgl_use_case_nanos.o:(.text.reviewCallback)
c0de5f94 c0de5f94        0     1                 $t.116
c0de5f95 c0de5f95       24     1                 reviewCallback
c0de5fb4 c0de5fb4        0     1                 $d.117
c0de5fb8 c0de5fb8       f4     4         build/nanos2/obj/sdk/lib_nbgl/src/nbgl_use_case_nanos.o:(.text.displayExtensionStep)
c0de5fb8 c0de5fb8        0     1                 $t.118
c0de5fb9 c0de5fb9       f4     1                 displayExtensionStep
c0de6098 c0de6098        0     1                 $d.119
c0de60ac c0de60ac       74     4         build/nanos2/obj/sdk/lib_nbgl/src/nbgl_use_case_nanos.o:(.text.extensionNavigate)
c0de60ac c0de60ac        0     1                 $t.120
c0de60ad c0de60ad       74     1                 extensionNavigate
c0de611c c0de611c        0     1                 $d.121
c0de6120 c0de6120       10     4         build/nanos2/obj/sdk/lib_nbgl/src/nbgl_use_case_nanos.o:(.text.statusTickerCallback)
c0de6120 c0de6120        0     1                 $t.122
c0de6121 c0de6121       10     1                 statusTickerCallback
c0de612c c0de612c        0     1                 $d.123
c0de6130 c0de6130       64     4         build/nanos2/obj/sdk/lib_nbgl/src/nbgl_use_case_nanos.o:(.text.getChoiceName)
c0de6130 c0de6130        0     1                 $t.124
c0de6131 c0de6131       64     1                 getChoiceName
c0de618c c0de618c        0     1                 $d.125
c0de6194 c0de6194       6c     4         build/nanos2/obj/sdk/lib_nbgl/src/nbgl_use_case_nanos.o:(.text.onChoiceSelected)
c0de6194 c0de6194        0     1                 $t.126
c0de6195 c0de6195       6c     1                 onChoiceSelected
c0de61fc c0de61fc        0     1                 $d.127
c0de6200 c0de6200       24     4         build/nanos2/obj/sdk/lib_nbgl/src/nbgl_use_case_nanos.o:(.text.streamingReviewCallback)
c0de6200 c0de6200        0     1                 $t.128
c0de6201 c0de6201       24     1                 streamingReviewCallback
c0de6220 c0de6220        0     1                 $d.129
c0de6224 c0de6224       14     4         build/nanos2/obj/sdk/lib_nbgl/src/nbgl_use_case_nanos.o:(.text.onChoiceAccept)
c0de6224 c0de6224        0     1                 $t.130
c0de6225 c0de6225       14     1                 onChoiceAccept
c0de6234 c0de6234        0     1                 $d.131
c0de6238 c0de6238       14     4         build/nanos2/obj/sdk/lib_nbgl/src/nbgl_use_case_nanos.o:(.text.onChoiceReject)
c0de6238 c0de6238        0     1                 $t.132
c0de6239 c0de6239       14     1                 onChoiceReject
c0de6248 c0de6248        0     1                 $d.133
c0de624c c0de624c       1c     2         build/nanos2/obj/sdk/lib_nbgl/src/nbgl_use_case_nanos.o:(.text.genericChoiceCallback)
c0de624c c0de624c        0     1                 $t.134
c0de624d c0de624d       1c     1                 genericChoiceCallback
c0de6268 c0de6268       14     2         build/nanos2/obj/sdk/lib_nbgl/src/nbgl_use_case_nanos.o:(.text.OUTLINED_FUNCTION_0)
c0de6268 c0de6268        0     1                 $t.140
c0de6269 c0de6269       14     1                 OUTLINED_FUNCTION_0
c0de627c c0de627c       16     2         build/nanos2/obj/sdk/lib_nbgl/src/nbgl_use_case_nanos.o:(.text.OUTLINED_FUNCTION_1)
c0de627c c0de627c        0     1                 $t.141
c0de627d c0de627d       16     1                 OUTLINED_FUNCTION_1
c0de6292 c0de6292        c     2         build/nanos2/obj/sdk/lib_nbgl/src/nbgl_use_case_nanos.o:(.text.OUTLINED_FUNCTION_2)
c0de6292 c0de6292        0     1                 $t.142
c0de6293 c0de6293        c     1                 OUTLINED_FUNCTION_2
c0de629e c0de629e        c     2         build/nanos2/obj/sdk/lib_nbgl/src/nbgl_use_case_nanos.o:(.text.OUTLINED_FUNCTION_3)
c0de629e c0de629e        0     1                 $t.143
c0de629f c0de629f        c     1                 OUTLINED_FUNCTION_3
c0de62aa c0de62aa        8     2         build/nanos2/obj/sdk/lib_nbgl/src/nbgl_use_case_nanos.o:(.text.OUTLINED_FUNCTION_4)
c0de62aa c0de62aa        0     1                 $t.144
c0de62ab c0de62ab        8     1                 OUTLINED_FUNCTION_4
c0de62b2 c0de62b2        6     2         build/nanos2/obj/sdk/lib_nbgl/src/nbgl_use_case_nanos.o:(.text.OUTLINED_FUNCTION_5)
c0de62b2 c0de62b2        0     1                 $t.145
c0de62b3 c0de62b3        6     1                 OUTLINED_FUNCTION_5
c0de62b8 c0de62b8        8     2         build/nanos2/obj/sdk/lib_nbgl/src/nbgl_use_case_nanos.o:(.text.OUTLINED_FUNCTION_6)
c0de62b8 c0de62b8        0     1                 $t.146
c0de62b9 c0de62b9        8     1                 OUTLINED_FUNCTION_6
c0de62c0 c0de62c0        a     2         build/nanos2/obj/sdk/lib_nbgl/src/nbgl_use_case_nanos.o:(.text.OUTLINED_FUNCTION_7)
c0de62c0 c0de62c0        0     1                 $t.147
c0de62c1 c0de62c1        a     1                 OUTLINED_FUNCTION_7
c0de62ca c0de62ca        e     2         build/nanos2/obj/sdk/lib_nbgl/src/nbgl_use_case_nanos.o:(.text.OUTLINED_FUNCTION_8)
c0de62ca c0de62ca        0     1                 $t.148
c0de62cb c0de62cb        e     1                 OUTLINED_FUNCTION_8
c0de62d8 c0de62d8        a     2         build/nanos2/obj/sdk/lib_nbgl/src/nbgl_use_case_nanos.o:(.text.OUTLINED_FUNCTION_9)
c0de62d8 c0de62d8        0     1                 $t.149
c0de62d9 c0de62d9        a     1                 OUTLINED_FUNCTION_9
c0de62e2 c0de62e2        e     2         build/nanos2/obj/sdk/lib_nbgl/src/nbgl_use_case_nanos.o:(.text.OUTLINED_FUNCTION_10)
c0de62e2 c0de62e2        0     1                 $t.150
c0de62e3 c0de62e3        e     1                 OUTLINED_FUNCTION_10
c0de62f0 c0de62f0       4e     2         build/nanos2/obj/sdk/lib_standard_app/bip32.o:(.text.bip32_path_read)
c0de62f0 c0de62f0        0     1                 $t.0
c0de62f1 c0de62f1       4e     1                 bip32_path_read
c0de633e c0de633e       16     2         build/nanos2/obj/sdk/lib_standard_app/buffer.o:(.text.buffer_seek_cur)
c0de633e c0de633e        0     1                 $t.2
c0de633f c0de633f       16     1                 buffer_seek_cur
c0de6354 c0de6354       2c     2         build/nanos2/obj/sdk/lib_standard_app/buffer.o:(.text.buffer_read_u8)
c0de6354 c0de6354        0     1                 $t.4
c0de6355 c0de6355       2c     1                 buffer_read_u8
c0de6380 c0de6380       40     2         build/nanos2/obj/sdk/lib_standard_app/buffer.o:(.text.buffer_read_u64)
c0de6380 c0de6380        0     1                 $t.7
c0de6381 c0de6381       40     1                 buffer_read_u64
c0de63c0 c0de63c0       3a     2         build/nanos2/obj/sdk/lib_standard_app/buffer.o:(.text.buffer_read_varint)
c0de63c0 c0de63c0        0     1                 $t.8
c0de63c1 c0de63c1       3a     1                 buffer_read_varint
c0de63fa c0de63fa       2e     2         build/nanos2/obj/sdk/lib_standard_app/buffer.o:(.text.buffer_read_bip32_path)
c0de63fa c0de63fa        0     1                 $t.9
c0de63fb c0de63fb       2e     1                 buffer_read_bip32_path
c0de6428 c0de6428       26     2         build/nanos2/obj/sdk/lib_standard_app/buffer.o:(.text.buffer_copy)
c0de6428 c0de6428        0     1                 $t.10
c0de6429 c0de6429       26     1                 buffer_copy
c0de644e c0de644e       32     2         build/nanos2/obj/sdk/lib_standard_app/buffer.o:(.text.buffer_move)
c0de644e c0de644e        0     1                 $t.11
c0de644f c0de644f       32     1                 buffer_move
c0de6480 c0de6480        c     2         build/nanos2/obj/sdk/lib_standard_app/buffer.o:(.text.OUTLINED_FUNCTION_0)
c0de6480 c0de6480        0     1                 $t.12
c0de6481 c0de6481        c     1                 OUTLINED_FUNCTION_0
c0de648c c0de648c       70     2         build/nanos2/obj/sdk/lib_standard_app/crypto_helpers.o:(.text.bip32_derive_with_seed_init_privkey_256)
c0de648c c0de648c        0     1                 $t.0
c0de648d c0de648d       70     1                 bip32_derive_with_seed_init_privkey_256
c0de64fc c0de64fc       80     2         build/nanos2/obj/sdk/lib_standard_app/crypto_helpers.o:(.text.os_derive_bip32_with_seed_no_throw)
c0de64fc c0de64fc        0     1                 $t.1
c0de64fd c0de64fd       80     1                 os_derive_bip32_with_seed_no_throw
c0de657c c0de657c       68     2         build/nanos2/obj/sdk/lib_standard_app/crypto_helpers.o:(.text.bip32_derive_with_seed_get_pubkey_256)
c0de657c c0de657c        0     1                 $t.2
c0de657d c0de657d       68     1                 bip32_derive_with_seed_get_pubkey_256
c0de65e4 c0de65e4       4e     2         build/nanos2/obj/sdk/lib_standard_app/crypto_helpers.o:(.text.bip32_derive_with_seed_ecdsa_sign_hash_256)
c0de65e4 c0de65e4        0     1                 $t.3
c0de65e5 c0de65e5       4e     1                 bip32_derive_with_seed_ecdsa_sign_hash_256
c0de6632 c0de6632        6     2         build/nanos2/obj/sdk/lib_standard_app/crypto_helpers.o:(.text.OUTLINED_FUNCTION_0)
c0de6632 c0de6632        0     1                 $t.6
c0de6633 c0de6633        6     1                 OUTLINED_FUNCTION_0
c0de6638 c0de6638       72     2         build/nanos2/obj/sdk/lib_standard_app/format.o:(.text.format_u64)
c0de6638 c0de6638        0     1                 $t.2
c0de6639 c0de6639       72     1                 format_u64
c0de66aa c0de66aa       8e     2         build/nanos2/obj/sdk/lib_standard_app/format.o:(.text.format_fpu64)
c0de66aa c0de66aa        0     1                 $t.3
c0de66ab c0de66ab       8e     1                 format_fpu64
c0de6738 c0de6738       50     4         build/nanos2/obj/sdk/lib_standard_app/format.o:(.text.format_hex)
c0de6738 c0de6738        0     1                 $t.5
c0de6739 c0de6739       50     1                 format_hex
c0de6784 c0de6784        0     1                 $d.6
c0de6788 c0de6788        2     2         build/nanos2/obj/sdk/lib_standard_app/io.o:(.text.app_ticker_event_callback)
c0de6788 c0de6788        0     1                 $t.0
c0de6789 c0de6789        2     1                 app_ticker_event_callback
c0de678c c0de678c       30     4         build/nanos2/obj/sdk/lib_standard_app/io.o:(.text.io_event)
c0de678c c0de678c        0     1                 $t.1
c0de678d c0de678d       30     1                 io_event
c0de67b8 c0de67b8        0     1                 $d.2
c0de67bc c0de67bc       10     4         build/nanos2/obj/sdk/lib_standard_app/io.o:(.text.io_init)
c0de67bc c0de67bc        0     1                 $t.3
c0de67bd c0de67bd       10     1                 io_init
c0de67c8 c0de67c8        0     1                 $d.4
c0de67cc c0de67cc       2c     4         build/nanos2/obj/sdk/lib_standard_app/io.o:(.text.io_recv_command)
c0de67cc c0de67cc        0     1                 $t.5
c0de67cd c0de67cd       2c     1                 io_recv_command
c0de67f4 c0de67f4        0     1                 $d.6
c0de67f8 c0de67f8       a8     4         build/nanos2/obj/sdk/lib_standard_app/io.o:(.text.io_send_response_buffers)
c0de67f8 c0de67f8        0     1                 $t.7
c0de67f9 c0de67f9       a8     1                 io_send_response_buffers
c0de6890 c0de6890        0     1                 $d.8
c0de68a0 c0de68a0        a     2         build/nanos2/obj/sdk/lib_standard_app/io.o:(.text.OUTLINED_FUNCTION_0)
c0de68a0 c0de68a0        0     1                 $t.10
c0de68a1 c0de68a1        a     1                 OUTLINED_FUNCTION_0
c0de68aa c0de68aa        6     2         build/nanos2/obj/sdk/lib_standard_app/main.o:(.text.app_exit)
c0de68aa c0de68aa        0     1                 $t.0
c0de68ab c0de68ab        6     1                 app_exit
c0de68b0 c0de68b0        e     2         build/nanos2/obj/sdk/lib_standard_app/main.o:(.text.common_app_init)
c0de68b0 c0de68b0        0     1                 $t.1
c0de68b1 c0de68b1        e     1                 common_app_init
c0de68c0 c0de68c0       6c     4         build/nanos2/obj/sdk/lib_standard_app/main.o:(.text.standalone_app_main)
c0de68c0 c0de68c0        0     1                 $t.2
c0de68c1 c0de68c1       6c     1                 standalone_app_main
c0de6920 c0de6920        0     1                 $d.3
c0de692c c0de692c       a0     4         build/nanos2/obj/sdk/lib_standard_app/main.o:(.text.library_app_main)
c0de692c c0de692c        0     1                 $t.4
c0de692d c0de692d       a0     1                 library_app_main
c0de69bc c0de69bc        0     1                 $d.5
c0de69cc c0de69cc       36     2         build/nanos2/obj/sdk/lib_standard_app/parser.o:(.text.apdu_parser)
c0de69cc c0de69cc        0     1                 $t.0
c0de69cd c0de69cd       36     1                 apdu_parser
c0de6a02 c0de6a02       18     2         build/nanos2/obj/sdk/lib_standard_app/read.o:(.text.read_u32_be)
c0de6a02 c0de6a02        0     1                 $t.1
c0de6a03 c0de6a03       18     1                 read_u32_be
c0de6a1a c0de6a1a       30     2         build/nanos2/obj/sdk/lib_standard_app/read.o:(.text.read_u64_be)
c0de6a1a c0de6a1a        0     1                 $t.2
c0de6a1b c0de6a1b       30     1                 read_u64_be
c0de6a4a c0de6a4a        e     2         build/nanos2/obj/sdk/lib_standard_app/read.o:(.text.read_u16_le)
c0de6a4a c0de6a4a        0     1                 $t.3
c0de6a4b c0de6a4b        e     1                 read_u16_le
c0de6a58 c0de6a58       18     2         build/nanos2/obj/sdk/lib_standard_app/read.o:(.text.read_u32_le)
c0de6a58 c0de6a58        0     1                 $t.4
c0de6a59 c0de6a59       18     1                 read_u32_le
c0de6a70 c0de6a70       2e     2         build/nanos2/obj/sdk/lib_standard_app/read.o:(.text.read_u64_le)
c0de6a70 c0de6a70        0     1                 $t.5
c0de6a71 c0de6a71       2e     1                 read_u64_le
c0de6a9e c0de6a9e        c     2         build/nanos2/obj/sdk/lib_standard_app/swap_error_code_helpers.o:(.text.send_swap_error_simple)
c0de6a9e c0de6a9e        0     1                 $t.0
c0de6a9f c0de6a9f        c     1                 send_swap_error_simple
c0de6aac c0de6aac       64     4         build/nanos2/obj/sdk/lib_standard_app/swap_error_code_helpers.o:(.text.send_swap_error_with_buffers)
c0de6aac c0de6aac        0     1                 $t.1
c0de6aad c0de6aad       64     1                 send_swap_error_with_buffers
c0de6b08 c0de6b08        0     1                 $d.2
c0de6b10 c0de6b10       34     2         build/nanos2/obj/sdk/lib_standard_app/swap_utils.o:(.text.swap_str_to_u64)
c0de6b10 c0de6b10        0     1                 $t.0
c0de6b11 c0de6b11       34     1                 swap_str_to_u64
c0de6b44 c0de6b44       5c     2         build/nanos2/obj/sdk/lib_standard_app/varint.o:(.text.varint_read)
c0de6b44 c0de6b44        0     1                 $t.1
c0de6b45 c0de6b45       5c     1                 varint_read
c0de6ba0 c0de6ba0        a     2         build/nanos2/obj/sdk/lib_standard_app/write.o:(.text.write_u16_be)
c0de6ba0 c0de6ba0        0     1                 $t.0
c0de6ba1 c0de6ba1        a     1                 write_u16_be
c0de6bac c0de6bac       34     4         build/nanos2/obj/sdk/lib_ux_nbgl/ux.o:(.text.ux_process_button_event)
c0de6bac c0de6bac        0     1                 $t.0
c0de6bad c0de6bad       34     1                 ux_process_button_event
c0de6bdc c0de6bdc        0     1                 $d.1
c0de6be0 c0de6be0       54     4         build/nanos2/obj/sdk/lib_ux_nbgl/ux.o:(.text.ux_forward_event)
c0de6be0 c0de6be0        0     1                 $t.2
c0de6be1 c0de6be1       54     1                 ux_forward_event
c0de6c30 c0de6c30        0     1                 $d.3
c0de6c34 c0de6c34       30     4         build/nanos2/obj/sdk/lib_ux_nbgl/ux.o:(.text.ux_process_ticker_event)
c0de6c34 c0de6c34        0     1                 $t.4
c0de6c35 c0de6c35       30     1                 ux_process_ticker_event
c0de6c60 c0de6c60        0     1                 $d.5
c0de6c64 c0de6c64        6     2         build/nanos2/obj/sdk/lib_ux_nbgl/ux.o:(.text.ux_process_default_event)
c0de6c64 c0de6c64        0     1                 $t.6
c0de6c65 c0de6c65        6     1                 ux_process_default_event
c0de6c6a c0de6c6a       4e     2         build/nanos2/obj/sdk/src/cx_hash_iovec.o:(.text.hash_iovec_ex)
c0de6c6a c0de6c6a        0     1                 $t.7
c0de6c6b c0de6c6b       4e     1                 hash_iovec_ex
c0de6cb8 c0de6cb8       1a     2         build/nanos2/obj/sdk/src/cx_hash_iovec.o:(.text.cx_keccak_256_hash_iovec)
c0de6cb8 c0de6cb8        0     1                 $t.12
c0de6cb9 c0de6cb9       1a     1                 cx_keccak_256_hash_iovec
c0de6cd2 c0de6cd2       1a     2         build/nanos2/obj/sdk/src/cx_hash_iovec.o:(.text.cx_blake2b_512_hash_iovec)
c0de6cd2 c0de6cd2        0     1                 $t.18
c0de6cd3 c0de6cd3       1a     1                 cx_blake2b_512_hash_iovec
c0de6cec c0de6cec        a     1         build/nanos2/obj/sdk/src/cx_stubs.o:(.text.cx_ecdsa_sign_no_throw)
c0de6cec c0de6cec        0     1                 $t.44
c0de6ced c0de6ced        0     1                 cx_ecdsa_sign_no_throw
c0de6cf6 c0de6cf6        a     1         build/nanos2/obj/sdk/src/cx_stubs.o:(.text.cx_ecfp_generate_pair2_no_throw)
c0de6cf6 c0de6cf6        0     1                 $t.49
c0de6cf7 c0de6cf7        0     1                 cx_ecfp_generate_pair2_no_throw
c0de6d00 c0de6d00        a     1         build/nanos2/obj/sdk/src/cx_stubs.o:(.text.cx_ecfp_init_private_key_no_throw)
c0de6d00 c0de6d00        0     1                 $t.51
c0de6d01 c0de6d01        0     1                 cx_ecfp_init_private_key_no_throw
c0de6d0a c0de6d0a        a     1         build/nanos2/obj/sdk/src/cx_stubs.o:(.text.cx_hash_final)
c0de6d0a c0de6d0a        0     1                 $t.63
c0de6d0b c0de6d0b        0     1                 cx_hash_final
c0de6d14 c0de6d14        a     1         build/nanos2/obj/sdk/src/cx_stubs.o:(.text.cx_hash_init_ex)
c0de6d14 c0de6d14        0     1                 $t.67
c0de6d15 c0de6d15        0     1                 cx_hash_init_ex
c0de6d1e c0de6d1e        a     1         build/nanos2/obj/sdk/src/cx_stubs.o:(.text.cx_hash_update)
c0de6d1e c0de6d1e        0     1                 $t.72
c0de6d1f c0de6d1f        0     1                 cx_hash_update
c0de6d28 c0de6d28       10     4         build/nanos2/obj/sdk/src/cx_stubs.o:(.text.cx_aes_siv_reset)
c0de6d28 c0de6d28        0     1                 $t.144
c0de6d29 c0de6d29        0     1                 cx_aes_siv_reset
c0de6d31 c0de6d31        0     1                 cx_trampoline_helper
c0de6d34 c0de6d34        0     1                 $d.145
c0de6d38 c0de6d38        6     2         build/nanos2/obj/sdk/src/ledger_assert.o:(.text.assert_exit)
c0de6d38 c0de6d38        0     1                 $t.0
c0de6d39 c0de6d39        6     1                 assert_exit
c0de6d3e c0de6d3e        a     1         build/nanos2/obj/sdk/src/nbgl_stubs.o:(.text.nbgl_refresh)
c0de6d3e c0de6d3e        0     1                 $t.0
c0de6d3f c0de6d3f        0     1                 nbgl_refresh
c0de6d48 c0de6d48        a     1         build/nanos2/obj/sdk/src/nbgl_stubs.o:(.text.nbgl_objInit)
c0de6d48 c0de6d48        0     1                 $t.5
c0de6d49 c0de6d49        0     1                 nbgl_objInit
c0de6d52 c0de6d52        a     1         build/nanos2/obj/sdk/src/nbgl_stubs.o:(.text.nbgl_objAllowDrawing)
c0de6d52 c0de6d52        0     1                 $t.7
c0de6d53 c0de6d53        0     1                 nbgl_objAllowDrawing
c0de6d5c c0de6d5c        a     1         build/nanos2/obj/sdk/src/nbgl_stubs.o:(.text.nbgl_screenSet)
c0de6d5c c0de6d5c        0     1                 $t.10
c0de6d5d c0de6d5d        0     1                 nbgl_screenSet
c0de6d66 c0de6d66        a     1         build/nanos2/obj/sdk/src/nbgl_stubs.o:(.text.nbgl_screenPush)
c0de6d66 c0de6d66        0     1                 $t.11
c0de6d67 c0de6d67        0     1                 nbgl_screenPush
c0de6d70 c0de6d70        a     1         build/nanos2/obj/sdk/src/nbgl_stubs.o:(.text.nbgl_screenRedraw)
c0de6d70 c0de6d70        0     1                 $t.12
c0de6d71 c0de6d71        0     1                 nbgl_screenRedraw
[...]
c0de7774 c0de7774        0     1                 $t.0
c0de7775 c0de7775       14     1                 __aeabi_uldivmod
c0de7788 c0de7788        4     2         /opt/nanosplus-secure-sdk/arch/st33k1/lib/libc.a(lib_a-explicit_bzero.o):(.text.explicit_bzero)
c0de7788 c0de7788        0     1                 $t
c0de7789 c0de7789        4     1                 explicit_bzero
c0de778c c0de778c        8     2         /opt/nanosplus-secure-sdk/arch/st33k1/lib/libc.a(lib_a-bzero.o):(.text.bzero)
c0de778c c0de778c        0     1                 $t
c0de778d c0de778d        8     1                 bzero
c0de7794 c0de7794       1c     2         /opt/nanosplus-secure-sdk/arch/st33k1/lib/libc.a(lib_a-memcpy-stub.o):(.text.memcpy)
c0de7794 c0de7794        0     1                 $t
c0de7795 c0de7795       1c     1                 memcpy
c0de77b0 c0de77b0       34     2         /opt/nanosplus-secure-sdk/arch/st33k1/lib/libc.a(lib_a-memmove.o):(.text.memmove)
c0de77b0 c0de77b0        0     1                 $t
c0de77b1 c0de77b1       34     1                 memmove
c0de77e4 c0de77e4       10     2         /opt/nanosplus-secure-sdk/arch/st33k1/lib/libc.a(lib_a-memset.o):(.text.memset)
c0de77e4 c0de77e4        0     1                 $t
c0de77e5 c0de77e5       10     1                 memset
c0de77f4 c0de77f4       1c     4         /opt/nanosplus-secure-sdk/arch/st33k1/lib/libc.a(lib_a-setjmp.o):(.text)
c0de77f4 c0de77f4        0     1                 $t
c0de77f5 c0de77f5        c     1                 setjmp
c0de7801 c0de7801        e     1                 longjmp
c0de7810 c0de7810       14     2         /opt/nanosplus-secure-sdk/arch/st33k1/lib/libc.a(lib_a-strcmp.o):(.text)
c0de7810 c0de7810        0     1                 $t
c0de7811 c0de7811       14     1                 strcmp
c0de7824 c0de7824       10     2         /opt/nanosplus-secure-sdk/arch/st33k1/lib/libc.a(lib_a-strlen.o):(.text)
c0de7824 c0de7824        0     1                 $t
c0de7825 c0de7825       10     1                 strlen
c0de7834 c0de7834       24     2         /opt/nanosplus-secure-sdk/arch/st33k1/lib/libc.a(lib_a-strncmp.o):(.text.strncmp)
c0de7834 c0de7834        0     1                 $t
c0de7835 c0de7835       24     1                 strncmp
c0de7858 c0de7858       26     2         /opt/nanosplus-secure-sdk/arch/st33k1/lib/libc.a(lib_a-strncpy.o):(.text.strncpy)
c0de7858 c0de7858        0     1                 $t
c0de7859 c0de7859       26     1                 strncpy
c0de787e c0de787e        0     1         _ecode = .
c0de787e c0de787e       19     1         build/nanos2/gen_src/glyphs.o:(.rodata.C_home_boilerplate_14px_bitmap)
c0de787e c0de787e       19     1                 C_home_boilerplate_14px_bitmap
c0de7897 c0de7897        a     1         build/nanos2/gen_src/glyphs.o:(.rodata.C_home_boilerplate_14px)
c0de7897 c0de7897        a     1                 C_home_boilerplate_14px
c0de78a1 c0de78a1       19     1         build/nanos2/gen_src/glyphs.o:(.rodata.C_Information_circle_14px_bitmap)
c0de78a1 c0de78a1       19     1                 C_Information_circle_14px_bitmap
c0de78ba c0de78ba        a     1         build/nanos2/gen_src/glyphs.o:(.rodata.C_Information_circle_14px)
c0de78ba c0de78ba        a     1                 C_Information_circle_14px
c0de78c4 c0de78c4       19     1         build/nanos2/gen_src/glyphs.o:(.rodata.C_Quit_14px_bitmap)
c0de78c4 c0de78c4       19     1                 C_Quit_14px_bitmap
c0de78dd c0de78dd        a     1         build/nanos2/gen_src/glyphs.o:(.rodata.C_Quit_14px)
c0de78dd c0de78dd        a     1                 C_Quit_14px
c0de78e7 c0de78e7        c     1         build/nanos2/gen_src/glyphs.o:(.rodata.C_Switch_Off_8px_bitmap)
c0de78e7 c0de78e7        c     1                 C_Switch_Off_8px_bitmap
c0de78f3 c0de78f3        a     1         build/nanos2/gen_src/glyphs.o:(.rodata.C_Switch_Off_8px)
c0de78f3 c0de78f3        a     1                 C_Switch_Off_8px
c0de78fd c0de78fd        c     1         build/nanos2/gen_src/glyphs.o:(.rodata.C_Switch_On_8px_bitmap)
c0de78fd c0de78fd        c     1                 C_Switch_On_8px_bitmap
c0de7909 c0de7909        a     1         build/nanos2/gen_src/glyphs.o:(.rodata.C_Switch_On_8px)
c0de7909 c0de7909        a     1                 C_Switch_On_8px
c0de7913 c0de7913       19     1         build/nanos2/gen_src/glyphs.o:(.rodata.C_icon_back_x_bitmap)
c0de7913 c0de7913       19     1                 C_icon_back_x_bitmap
c0de792c c0de792c        a     1         build/nanos2/gen_src/glyphs.o:(.rodata.C_icon_back_x)
c0de792c c0de792c        a     1                 C_icon_back_x
c0de7936 c0de7936       19     1         build/nanos2/gen_src/glyphs.o:(.rodata.C_icon_coggle_bitmap)
c0de7936 c0de7936       19     1                 C_icon_coggle_bitmap
c0de794f c0de794f        a     1         build/nanos2/gen_src/glyphs.o:(.rodata.C_icon_coggle)
c0de794f c0de794f        a     1                 C_icon_coggle
c0de7959 c0de7959       19     1         build/nanos2/gen_src/glyphs.o:(.rodata.C_icon_crossmark_bitmap)
c0de7959 c0de7959       19     1                 C_icon_crossmark_bitmap
c0de7972 c0de7972        a     1         build/nanos2/gen_src/glyphs.o:(.rodata.C_icon_crossmark)
c0de7972 c0de7972        a     1                 C_icon_crossmark
c0de797c c0de797c        4     1         build/nanos2/gen_src/glyphs.o:(.rodata.C_icon_down_bitmap)
c0de797c c0de797c        4     1                 C_icon_down_bitmap
c0de7980 c0de7980        a     1         build/nanos2/gen_src/glyphs.o:(.rodata.C_icon_down)
c0de7980 c0de7980        a     1                 C_icon_down
c0de798a c0de798a        4     1         build/nanos2/gen_src/glyphs.o:(.rodata.C_icon_left_bitmap)
c0de798a c0de798a        4     1                 C_icon_left_bitmap
c0de798e c0de798e        a     1         build/nanos2/gen_src/glyphs.o:(.rodata.C_icon_left)
c0de798e c0de798e        a     1                 C_icon_left
c0de7998 c0de7998       19     1         build/nanos2/gen_src/glyphs.o:(.rodata.C_icon_processing_bitmap)
c0de7998 c0de7998       19     1                 C_icon_processing_bitmap
c0de79b1 c0de79b1        a     1         build/nanos2/gen_src/glyphs.o:(.rodata.C_icon_processing)
c0de79b1 c0de79b1        a     1                 C_icon_processing
c0de79bb c0de79bb        4     1         build/nanos2/gen_src/glyphs.o:(.rodata.C_icon_right_bitmap)
c0de79bb c0de79bb        4     1                 C_icon_right_bitmap
c0de79bf c0de79bf        a     1         build/nanos2/gen_src/glyphs.o:(.rodata.C_icon_right)
c0de79bf c0de79bf        a     1                 C_icon_right
c0de79c9 c0de79c9        4     1         build/nanos2/gen_src/glyphs.o:(.rodata.C_icon_up_bitmap)
c0de79c9 c0de79c9        4     1                 C_icon_up_bitmap
c0de79cd c0de79cd        a     1         build/nanos2/gen_src/glyphs.o:(.rodata.C_icon_up)
c0de79cd c0de79cd        a     1                 C_icon_up
c0de79d7 c0de79d7       17     1         build/nanos2/gen_src/glyphs.o:(.rodata.C_icon_validate_14_bitmap)
c0de79d7 c0de79d7       17     1                 C_icon_validate_14_bitmap
c0de79ee c0de79ee        a     1         build/nanos2/gen_src/glyphs.o:(.rodata.C_icon_validate_14)
c0de79ee c0de79ee        a     1                 C_icon_validate_14
c0de79f8 c0de79f8       19     1         build/nanos2/gen_src/glyphs.o:(.rodata.C_icon_warning_bitmap)
c0de79f8 c0de79f8       19     1                 C_icon_warning_bitmap
c0de7a11 c0de7a11        a     1         build/nanos2/gen_src/glyphs.o:(.rodata.C_icon_warning)
c0de7a11 c0de7a11        a     1                 C_icon_warning
c0de7a1b c0de7a1b       19     1         build/nanos2/gen_src/glyphs.o:(.rodata.C_app_boilerplate_14px_bitmap)
c0de7a1b c0de7a1b       19     1                 C_app_boilerplate_14px_bitmap
c0de7a34 c0de7a34        a     1         build/nanos2/gen_src/glyphs.o:(.rodata.C_app_boilerplate_14px)
c0de7a34 c0de7a34        a     1                 C_app_boilerplate_14px
c0de7a3e c0de7a3e      350     1         <internal>:(.text)
c0de7d90 c0de7d90      260     8         <internal>:(.text)
c0de7ff0 c0de7ff0       a0     4         build/nanos2/obj/app/src/handler/zkn_magicbox.o:(.rodata..L__const.handler_cmd_Poseidon.input)
c0de7ff0 c0de7ff0       a0     1                 .L__const.handler_cmd_Poseidon.input
c0de8090 c0de8090      1e0     4         build/nanos2/obj/app/src/handler/zkn_magicbox.o:(.rodata..L__const.handler_cmd_encodeCommitment.commitmentlist_be)
c0de8090 c0de8090      1e0     1                 .L__const.handler_cmd_encodeCommitment.commitmentlist_be
c0de8270 c0de8270      1e0     4         build/nanos2/obj/app/src/handler/zkn_magicbox.o:(.rodata..L__const.handler_cmd_GroupCommitment.commitmentlist_be)
c0de8270 c0de8270      1e0     1                 .L__const.handler_cmd_GroupCommitment.commitmentlist_be
c0de8450 c0de8450       60     4         build/nanos2/obj/app/src/handler/zkn_magicbox.o:(.rodata..L__const.handler_cmd_GroupCommitment.binding_factors)
c0de8450 c0de8450       60     1                 .L__const.handler_cmd_GroupCommitment.binding_factors
c0de84b0 c0de84b0      1e0     4         build/nanos2/obj/app/src/handler/zkn_magicbox.o:(.rodata..L__const.handler_cmd_BindingFactors.commitmentlist_be)
c0de84b0 c0de84b0      1e0     1                 .L__const.handler_cmd_BindingFactors.commitmentlist_be
c0de8690 c0de8690        c     4         build/nanos2/obj/app/src/ui/menu_nbgl.o:(.rodata.settingContents)
c0de8690 c0de8690        c     1                 settingContents
c0de869c c0de869c       10     4         build/nanos2/obj/app/src/ui/menu_nbgl.o:(.rodata.infoList)
c0de869c c0de869c       10     1                 infoList
c0de86ac c0de86ac       38     4         build/nanos2/obj/app/src/ui/menu_nbgl.o:(.rodata.contents)
c0de86ac c0de86ac       38     1                 contents
c0de86e4 c0de86e4        8     4         build/nanos2/obj/app/src/ui/menu_nbgl.o:(.rodata.INFO_TYPES)
c0de86e4 c0de86e4        8     1                 INFO_TYPES
c0de86ec c0de86ec        8     4         build/nanos2/obj/app/src/ui/menu_nbgl.o:(.rodata.INFO_CONTENTS)
c0de86ec c0de86ec        8     1                 INFO_CONTENTS
c0de86f4 c0de86f4       40     4         build/nanos2/obj/app/src/zknox/ecc/zkn_eddsa.o:(.rodata..L__const.EddsaPoseidon_Sign_final.big_n)
c0de86f4 c0de86f4       40     1                 .L__const.EddsaPoseidon_Sign_final.big_n
c0de8734 c0de8734      480     4         build/nanos2/obj/app/src/zknox/hash/zkn_poseidon_constants.o:(.rodata..L__const.Poseidon_alloc_init.MixColumn)
c0de8734 c0de8734      480     1                 .L__const.Poseidon_alloc_init.MixColumn
c0de8bb4 c0de8bb4       1d     4         build/nanos2/obj/app/src/zknox/hash/zkn_rfc9591frost.o:(.rodata..L__const.zkn_frost_H5_init.contextString_BabyFROST)
c0de8bb4 c0de8bb4       1d     1                 .L__const.zkn_frost_H5_init.contextString_BabyFROST
c0de8bd4 c0de8bd4       28     4         build/nanos2/obj/sdk/lib_nbgl/src/nbgl_use_case_nanos.o:(.rodata.blindSigningWarning)
c0de8bd4 c0de8bd4       28     1                 blindSigningWarning
c0de8bfc c0de8bfc       20     1         <internal>:(.text)
c0de8c1c c0de8c1c        0     1         . = ALIGN ( 4 )
c0de8c1c c0de8c1c        0     1         _etext = .
c0de8c1c c0de8c1c      1e4     1         . = ALIGN ( PAGE_SIZE )
c0de8e00 c0de8e00        0     1         _nvram_data = .
c0de8e00 c0de8e00        3     1         build/nanos2/obj/app/src/app_main.o:(.rodata.N_storage_real)
c0de8e00 c0de8e00        3     1                 N_storage_real
c0de8e03 c0de8e03      1fd     1         . = ALIGN ( PAGE_SIZE )
c0de9000 c0de9000        0     1         _envram_data = .
c0de9000 c0de9000        0     1         _install_parameters = .
c0de9000 c0de9000       3f     1         build/nanos2/obj/sdk/src/app_metadata.o:(.install_parameters)
c0de9000 c0de9000       3f     1                 install_parameters
c0de903f c0de903f        0     1         _einstall_parameters = .
c0de903f c0de903f        0     1         _nvram_end = .
d0000000 d0000000        0     1 .data
d0000000 d0000000        0     1         . = ALIGN ( 4 )
d0000000 d0000000        0     1         _data = .
d0000000 d0000000        0     1         _edata = .
d0000000 d0000000        0     1 
da7a0000 da7a0000      8dc     8 .bss
da7a0000 da7a0000        0     1         _bss = .
da7a0000 da7a0000      2d8     8         build/nanos2/obj/app/src/app_main.o:(.bss.G_context)
da7a0000 da7a0000      2d8     1                 G_context
da7a02d8 da7a02d8       20     1         build/nanos2/obj/app/src/app_main.o:(.bss.g_insecure_secret)
da7a02d8 da7a02d8       20     1                 g_insecure_secret
da7a02f8 da7a02f8       48     8         build/nanos2/obj/app/src/swap/handle_swap_sign_transaction.o:(.bss.G_swap_validated)
da7a02f8 da7a02f8       48     1                 G_swap_validated
da7a0340 da7a0340       1c     4         build/nanos2/obj/app/src/ui/menu_nbgl.o:(.bss..L_MergedGlobals)
da7a0340 da7a0340       1c     1                 .L_MergedGlobals
da7a0340 da7a0340        1     1                 initSettingPage
da7a0344 da7a0344       18     1                 switches
da7a035c da7a035c       2b     4         build/nanos2/obj/app/src/ui/nbgl_display_address.o:(.bss.g_address)
da7a035c da7a035c       2b     1                 g_address
da7a0388 da7a0388       7f     4         build/nanos2/obj/app/src/ui/nbgl_display_transaction.o:(.bss..L_MergedGlobals)
da7a0388 da7a0388       7f     1                 .L_MergedGlobals
da7a0388 da7a0388       14     1                 pairList
da7a039c da7a039c       1e     1                 g_amount
da7a03bc da7a03bc       20     1                 pairs
da7a03dc da7a03dc       2b     1                 g_address
da7a0407 da7a0407      111     1         build/nanos2/obj/sdk/io/src/os_io.o:(.bss.G_io_tx_buffer)
da7a0407 da7a0407      111     1                 G_io_tx_buffer
da7a0518 da7a0518      111     1         build/nanos2/obj/sdk/io/src/os_io.o:(.bss.G_io_rx_buffer)
da7a0518 da7a0518      111     1                 G_io_rx_buffer
da7a062a da7a062a        8     2         build/nanos2/obj/sdk/io_legacy/src/os_io_legacy.o:(.bss.G_io_app)
da7a062a da7a062a        8     1                 G_io_app
da7a0632 da7a0632        2     1         build/nanos2/obj/sdk/io_legacy/src/os_io_legacy.o:(.bss..L_MergedGlobals)
da7a0632 da7a0632        2     1                 .L_MergedGlobals
da7a0632 da7a0632        1     1                 need_to_start_io
da7a0633 da7a0633        1     1                 io_os_legacy_apdu_type
da7a0634 da7a0634       24     4         build/nanos2/obj/sdk/lib_nbgl/src/nbgl_layout_nanos.o:(.bss.gLayout)
da7a0634 da7a0634       24     1                 gLayout
da7a0658 da7a0658       14     4         build/nanos2/obj/sdk/lib_nbgl/src/nbgl_layout_nanos.o:(.bss.nbgl_layoutAddText.tmpString)
da7a0658 da7a0658       14     1                 nbgl_layoutAddText.tmpString
da7a066c da7a066c       d8     4         build/nanos2/obj/sdk/lib_nbgl/src/nbgl_step.o:(.bss.contexts)
da7a066c da7a066c       d8     1                 contexts
da7a0744 da7a0744       68     4         build/nanos2/obj/sdk/lib_nbgl/src/nbgl_use_case_nanos.o:(.bss..L_MergedGlobals)
da7a0744 da7a0744       68     1                 .L_MergedGlobals
da7a0744 da7a0744       28     1                 reviewWithWarnCtx
da7a076c da7a076c       40     1                 context
da7a07ac da7a07ac      110     1         build/nanos2/obj/sdk/lib_standard_app/io.o:(.bss.G_io_seproxyhal_spi_buffer)
da7a07ac da7a07ac      110     1                 G_io_seproxyhal_spi_buffer
da7a08bc da7a08bc        1     1         build/nanos2/obj/sdk/lib_standard_app/io.o:(.bss.need_to_start_io)
da7a08bc da7a08bc        1     1                 need_to_start_io
da7a08c0 da7a08c0        c     4         build/nanos2/obj/sdk/lib_standard_app/main.o:(.bss.G_ux_params)
da7a08c0 da7a08c0        c     1                 G_ux_params
da7a08cc da7a08cc        1     1         build/nanos2/obj/sdk/lib_standard_app/swap_utils.o:(.bss.G_called_from_swap)
da7a08cc da7a08cc        1     1                 G_called_from_swap
da7a08cd da7a08cd        1     1         build/nanos2/obj/sdk/lib_standard_app/swap_utils.o:(.bss.G_swap_response_ready)
da7a08cd da7a08cd        1     1                 G_swap_response_ready
da7a08d0 da7a08d0        4     4         build/nanos2/obj/sdk/lib_standard_app/swap_utils.o:(.bss.G_swap_signing_return_value_address)
da7a08d0 da7a08d0        4     1                 G_swap_signing_return_value_address
da7a08d4 da7a08d4        4     4         build/nanos2/obj/sdk/lib_ux_nbgl/ux.o:(.bss.nbTicks)
da7a08d4 da7a08d4        4     1                 nbTicks
da7a08d8 da7a08d8        0     1         _ebss = .
da7a08d8 da7a08d8        0     1         . = ALIGN ( 4 )
da7a08d8 da7a08d8        0     1         app_stack_canary = .
da7a08d8 da7a08d8        4     1         . += 4
da7a08dc da7a08dc        0     1         _stack = .
da7a08dc da7a08dc        0     1         _estack = ABSOLUTE ( END_STACK )
da7a08dc da7a08dc        0     1 
d0000000 d0000000       10     4 DEBUG
d0000000 d0000000       10     4         <internal>:(.ARM.exidx)
       0        0       5d     1 .comment
       0        0       5d     1         <internal>:(.comment)
       0        0        6     1 ledger.target
       0        0        6     1         build/nanos2/obj/sdk/src/app_metadata.o:(ledger.target)
       0        0        6     1                 target
       0        0        d     1 ledger.target_name
       0        0        d     1         build/nanos2/obj/sdk/src/app_metadata.o:(ledger.target_name)
       0        0        d     1                 target_name
       0        0        a     1 ledger.target_id
       0        0        a     1         build/nanos2/obj/sdk/src/app_metadata.o:(ledger.target_id)
       0        0        a     1                 target_id
       0        0        7     1 ledger.app_name
       0        0        7     1         build/nanos2/obj/sdk/src/app_metadata.o:(ledger.app_name)
       0        0        7     1                 app_name
       0        0        5     1 ledger.app_version
       0        0        5     1         build/nanos2/obj/sdk/src/app_metadata.o:(ledger.app_version)
       0        0        5     1                 app_version
       0        0        2     1 ledger.api_level
       0        0        2     1         build/nanos2/obj/sdk/src/app_metadata.o:(ledger.api_level)
       0        0        2     1                 api_level
       0        0       11     1 ledger.sdk_name
       0        0       11     1         build/nanos2/obj/sdk/src/app_metadata.o:(ledger.sdk_name)
       0        0       11     1                 sdk_name
       0        0        7     1 ledger.sdk_version
       0        0        7     1         build/nanos2/obj/sdk/src/app_metadata.o:(ledger.sdk_version)
       0        0        7     1                 sdk_version
       0        0       28     1 ledger.sdk_hash
       0        0       28     1         build/nanos2/obj/sdk/src/app_metadata.o:(ledger.sdk_hash)
       0        0       28     1                 sdk_hash
       0        0        4     1 ledger.sdk_graphics
       0        0        4     1         build/nanos2/obj/sdk/src/app_metadata.o:(ledger.sdk_graphics)
       0        0        4     1                 sdk_graphics
d0000010 d0000010        0     1 PROVIDE ( _nvram = ABSOLUTE ( _nvram_start ) )
d0000010 d0000010        0     1 PROVIDE ( _envram = ABSOLUTE ( _nvram_end ) )
       0        0       45     1 .ARM.attributes
       0        0       45     1         build/nanos2/gen_src/glyphs.o:(.ARM.attributes)
       0        0     46f0     4 .symtab
       0        0     46f0     4         <internal>:(.symtab)
       0        0       f8     1 .shstrtab
       0        0       f8     1         <internal>:(.shstrtab)
       0        0     35a7     1 .strtab
       0        0     35a7     1         <internal>:(.strtab)
