     VMA      LMA     Size Align Out     In      Symbol
       0        0        0     1 PAGE_SIZE = 512
       0        0        0     1 STACK_MIN_SIZE = DEFINED ( stack_min_size ) ? stack_min_size : 1500
       0        0        0     1 END_STACK = ORIGIN ( SRAM ) + LENGTH ( SRAM )
c0de0000 c0de0000     d63f     4 .text
c0de0000 c0de0000        0     1         _text = .
c0de0000 c0de0000        0     1         _nvram_start = .
c0de0000 c0de0000       14     2         build/nanos2/obj/sdk/lib_standard_app/main.o:(.boot)
c0de0000 c0de0000        0     1                 $t.3
c0de0001 c0de0001       14     1                 main
c0de0014 c0de0014        0     1         _code = .
c0de0014 c0de0014       4a     2         build/nanos2/obj/app/src/address.o:(.text.address_from_pubkey)
c0de0014 c0de0014        0     1                 $t.0
c0de0015 c0de0015       4a     1                 address_from_pubkey
c0de005e c0de005e      22e     2         build/nanos2/obj/app/src/apdu/dispatcher.o:(.text.apdu_dispatcher)
c0de005e c0de005e        0     1                 $t.0
c0de005f c0de005f      22e     1                 apdu_dispatcher
c0de028c c0de028c        a     2         build/nanos2/obj/app/src/apdu/dispatcher.o:(.text.io_send_sw)
c0de028c c0de028c        0     1                 $t.1
c0de028d c0de028d        a     1                 io_send_sw
c0de0296 c0de0296        8     2         build/nanos2/obj/app/src/apdu/dispatcher.o:(.text.OUTLINED_FUNCTION_0)
c0de0296 c0de0296        0     1                 $t.2
c0de0297 c0de0297        8     1                 OUTLINED_FUNCTION_0
c0de02a0 c0de02a0       88     4         build/nanos2/obj/app/src/app_main.o:(.text.app_main)
c0de02a0 c0de02a0        0     1                 $t.0
c0de02a1 c0de02a1       88     1                 app_main
c0de0318 c0de0318        0     1                 $d.1
c0de0328 c0de0328       28     4         build/nanos2/obj/app/src/handler/get_app_name.o:(.text.handler_get_app_name)
c0de0328 c0de0328        0     1                 $t.0
c0de0329 c0de0329       28     1                 handler_get_app_name
c0de034c c0de034c        0     1                 $d.1
c0de0350 c0de0350       98     4         build/nanos2/obj/app/src/handler/get_public_key.o:(.text.handler_get_public_key)
c0de0350 c0de0350        0     1                 $t.0
c0de0351 c0de0351       98     1                 handler_get_public_key
c0de03e4 c0de03e4        0     1                 $d.1
c0de03e8 c0de03e8        a     2         build/nanos2/obj/app/src/handler/get_public_key.o:(.text.io_send_sw)
c0de03e8 c0de03e8        0     1                 $t.2
c0de03e9 c0de03e9        a     1                 io_send_sw
c0de03f2 c0de03f2       2e     2         build/nanos2/obj/app/src/handler/get_version.o:(.text.handler_get_version)
c0de03f2 c0de03f2        0     1                 $t.0
c0de03f3 c0de03f3       2e     1                 handler_get_version
c0de0420 c0de0420      128     4         build/nanos2/obj/app/src/handler/sign_tx.o:(.text.handler_sign_tx)
c0de0420 c0de0420        0     1                 $t.0
c0de0421 c0de0421      128     1                 handler_sign_tx
c0de0540 c0de0540        0     1                 $d.1
c0de0548 c0de0548        a     2         build/nanos2/obj/app/src/handler/sign_tx.o:(.text.io_send_sw)
c0de0548 c0de0548        0     1                 $t.2
c0de0549 c0de0549        a     1                 io_send_sw
c0de0552 c0de0552       10     2         build/nanos2/obj/app/src/handler/zkn_magicbox.o:(.text.handler_cmd_dummy)
c0de0552 c0de0552        0     1                 $t.0
c0de0553 c0de0553       10     1                 handler_cmd_dummy
c0de0562 c0de0562       16     2         build/nanos2/obj/app/src/handler/zkn_magicbox.o:(.text.io_send_response_pointer)
c0de0562 c0de0562        0     1                 $t.1
c0de0563 c0de0563       16     1                 io_send_response_pointer
c0de0578 c0de0578        a     2         build/nanos2/obj/app/src/handler/zkn_magicbox.o:(.text.io_send_sw)
c0de0578 c0de0578        0     1                 $t.2
c0de0579 c0de0579        a     1                 io_send_sw
c0de0582 c0de0582       30     2         build/nanos2/obj/app/src/handler/zkn_magicbox.o:(.text.handler_cmd_keccakH)
c0de0582 c0de0582        0     1                 $t.3
c0de0583 c0de0583       30     1                 handler_cmd_keccakH
c0de05b4 c0de05b4       70     4         build/nanos2/obj/app/src/handler/zkn_magicbox.o:(.text.handler_cmd_keccak_prng)
c0de05b4 c0de05b4        0     1                 $t.4
c0de05b5 c0de05b5       70     1                 handler_cmd_keccak_prng
c0de0620 c0de0620        0     1                 $d.5
c0de0624 c0de0624       1e     2         build/nanos2/obj/app/src/handler/zkn_magicbox.o:(.text.handler_cmd_sample_in_ball)
c0de0624 c0de0624        0     1                 $t.6
c0de0625 c0de0625       1e     1                 handler_cmd_sample_in_ball
c0de0642 c0de0642       28     2         build/nanos2/obj/app/src/handler/zkn_magicbox.o:(.text.handler_cmd_keygen_core_dilithium)
c0de0642 c0de0642        0     1                 $t.7
c0de0643 c0de0643       28     1                 handler_cmd_keygen_core_dilithium
c0de066a c0de066a       26     2         build/nanos2/obj/app/src/handler/zkn_magicbox.o:(.text.handler_cmd_keygen_dilithium)
c0de066a c0de066a        0     1                 $t.8
c0de066b c0de066b       26     1                 handler_cmd_keygen_dilithium
c0de0690 c0de0690       d0     4         build/nanos2/obj/app/src/handler/zkn_magicbox.o:(.text.handler_cmd_sign_dilithium)
c0de0690 c0de0690        0     1                 $t.9
c0de0691 c0de0691       d0     1                 handler_cmd_sign_dilithium
c0de0758 c0de0758        0     1                 $d.10
c0de0760 c0de0760       44     4         build/nanos2/obj/app/src/handler/zkn_magicbox.o:(.text.handler_cmd_verify_dilithium)
c0de0760 c0de0760        0     1                 $t.11
c0de0761 c0de0761       44     1                 handler_cmd_verify_dilithium
c0de079c c0de079c        0     1                 $d.12
c0de07a4 c0de07a4       20     4         build/nanos2/obj/app/src/handler/zkn_magicbox.o:(.text.handler_cmd_get_sig_chunk)
c0de07a4 c0de07a4        0     1                 $t.13
c0de07a5 c0de07a5       20     1                 handler_cmd_get_sig_chunk
c0de07c0 c0de07c0        0     1                 $d.14
c0de07c4 c0de07c4       20     4         build/nanos2/obj/app/src/handler/zkn_magicbox.o:(.text.handler_cmd_get_pk_chunk)
c0de07c4 c0de07c4        0     1                 $t.15
c0de07c5 c0de07c5       20     1                 handler_cmd_get_pk_chunk
c0de07e0 c0de07e0        0     1                 $d.16
c0de07e4 c0de07e4       5c     4         build/nanos2/obj/app/src/handler/zkn_magicbox.o:(.text.handler_cmd_Poseidon_ithRC)
c0de07e4 c0de07e4        0     1                 $t.17
c0de07e5 c0de07e5       5c     1                 handler_cmd_Poseidon_ithRC
c0de083c c0de083c        0     1                 $d.18
c0de0840 c0de0840      174     4         build/nanos2/obj/app/src/handler/zkn_magicbox.o:(.text.handler_cmd_tEdwards)
c0de0840 c0de0840        0     1                 $t.19
c0de0841 c0de0841      174     1                 handler_cmd_tEdwards
c0de09a4 c0de09a4        0     1                 $d.20
c0de09b4 c0de09b4        8     2         build/nanos2/obj/app/src/handler/zkn_magicbox.o:(.text.OUTLINED_FUNCTION_0)
c0de09b4 c0de09b4        0     1                 $t.21
c0de09b5 c0de09b5        8     1                 OUTLINED_FUNCTION_0
c0de09bc c0de09bc        8     2         build/nanos2/obj/app/src/handler/zkn_magicbox.o:(.text.OUTLINED_FUNCTION_1)
c0de09bc c0de09bc        0     1                 $t.22
c0de09bd c0de09bd        8     1                 OUTLINED_FUNCTION_1
c0de09c4 c0de09c4        8     2         build/nanos2/obj/app/src/handler/zkn_magicbox.o:(.text.OUTLINED_FUNCTION_2)
c0de09c4 c0de09c4        0     1                 $t.23
c0de09c5 c0de09c5        8     1                 OUTLINED_FUNCTION_2
c0de09cc c0de09cc       44     4         build/nanos2/obj/app/src/helper/send_reponse.o:(.text.helper_send_response_pubkey)
c0de09cc c0de09cc        0     1                 $t.0
c0de09cd c0de09cd       44     1                 helper_send_response_pubkey
c0de0a0c c0de0a0c        0     1                 $d.1
c0de0a10 c0de0a10       18     2         build/nanos2/obj/app/src/helper/send_reponse.o:(.text.io_send_response_pointer)
c0de0a10 c0de0a10        0     1                 $t.2
c0de0a11 c0de0a11       18     1                 io_send_response_pointer
c0de0a28 c0de0a28       44     4         build/nanos2/obj/app/src/helper/send_reponse.o:(.text.helper_send_response_sig)
c0de0a28 c0de0a28        0     1                 $t.3
c0de0a29 c0de0a29       44     1                 helper_send_response_sig
c0de0a68 c0de0a68        0     1                 $d.4
c0de0a6c c0de0a6c       be     2         build/nanos2/obj/app/src/transaction/deserialize.o:(.text.transaction_deserialize)
c0de0a6c c0de0a6c        0     1                 $t.0
c0de0a6d c0de0a6d       be     1                 transaction_deserialize
c0de0b2a c0de0b2a       3a     2         build/nanos2/obj/app/src/transaction/utils.o:(.text.transaction_utils_check_encoding)
c0de0b2a c0de0b2a        0     1                 $t.0
c0de0b2b c0de0b2b       3a     1                 transaction_utils_check_encoding
c0de0b64 c0de0b64        e     2         build/nanos2/obj/app/src/ui/action/validate.o:(.text.validate_pubkey)
c0de0b64 c0de0b64        0     1                 $t.0
c0de0b65 c0de0b65        e     1                 validate_pubkey
c0de0b72 c0de0b72        a     2         build/nanos2/obj/app/src/ui/action/validate.o:(.text.io_send_sw)
c0de0b72 c0de0b72        0     1                 $t.1
c0de0b73 c0de0b73        a     1                 io_send_sw
c0de0b7c c0de0b7c       a4     4         build/nanos2/obj/app/src/ui/action/validate.o:(.text.validate_transaction)
c0de0b7c c0de0b7c        0     1                 $t.2
c0de0b7d c0de0b7d       a4     1                 validate_transaction
c0de0c1c c0de0c1c        0     1                 $d.3
c0de0c20 c0de0c20        6     2         build/nanos2/obj/app/src/ui/menu_nbgl.o:(.text.app_quit)
c0de0c20 c0de0c20        0     1                 $t.0
c0de0c21 c0de0c21        6     1                 app_quit
c0de0c28 c0de0c28       90     4         build/nanos2/obj/app/src/ui/menu_nbgl.o:(.text.ui_menu_main)
c0de0c28 c0de0c28        0     1                 $t.1
c0de0c29 c0de0c29       90     1                 ui_menu_main
c0de0c8c c0de0c8c        0     1                 $d.2
c0de0cb8 c0de0cb8       b4     4         build/nanos2/obj/app/src/ui/menu_nbgl.o:(.text.controls_callback)
c0de0cb8 c0de0cb8        0     1                 $t.3
c0de0cb9 c0de0cb9       b4     1                 controls_callback
c0de0d44 c0de0d44        0     1                 $d.4
c0de0d6c c0de0d6c       7c     4         build/nanos2/obj/app/src/ui/menu_nbgl.o:(.text.review_warning_choice)
c0de0d6c c0de0d6c        0     1                 $t.5
c0de0d6d c0de0d6d       7c     1                 review_warning_choice
c0de0dcc c0de0dcc        0     1                 $d.6
c0de0de8 c0de0de8        6     2         build/nanos2/obj/app/src/ui/menu_nbgl.o:(.text.OUTLINED_FUNCTION_0)
c0de0de8 c0de0de8        0     1                 $t.7
c0de0de9 c0de0de9        6     1                 OUTLINED_FUNCTION_0
c0de0df0 c0de0df0       a4     4         build/nanos2/obj/app/src/ui/nbgl_display_address.o:(.text.ui_display_address)
c0de0df0 c0de0df0        0     1                 $t.0
c0de0df1 c0de0df1       a4     1                 ui_display_address
c0de0e80 c0de0e80        0     1                 $d.1
c0de0e94 c0de0e94        a     2         build/nanos2/obj/app/src/ui/nbgl_display_address.o:(.text.io_send_sw)
c0de0e94 c0de0e94        0     1                 $t.2
c0de0e95 c0de0e95        a     1                 io_send_sw
c0de0ea0 c0de0ea0       20     4         build/nanos2/obj/app/src/ui/nbgl_display_address.o:(.text.review_choice)
c0de0ea0 c0de0ea0        0     1                 $t.3
c0de0ea1 c0de0ea1       20     1                 review_choice
c0de0ebc c0de0ebc        0     1                 $d.4
c0de0ec0 c0de0ec0      13c     4         build/nanos2/obj/app/src/ui/nbgl_display_transaction.o:(.text.ui_display_transaction_bs_choice)
c0de0ec0 c0de0ec0        0     1                 $t.0
c0de0ec1 c0de0ec1      13c     1                 ui_display_transaction_bs_choice
c0de0fd4 c0de0fd4        0     1                 $d.1
c0de0ffc c0de0ffc        a     2         build/nanos2/obj/app/src/ui/nbgl_display_transaction.o:(.text.io_send_sw)
c0de0ffc c0de0ffc        0     1                 $t.2
c0de0ffd c0de0ffd        a     1                 io_send_sw
c0de1008 c0de1008       1c     4         build/nanos2/obj/app/src/ui/nbgl_display_transaction.o:(.text.review_choice)
c0de1008 c0de1008        0     1                 $t.3
c0de1009 c0de1009       1c     1                 review_choice
c0de1020 c0de1020        0     1                 $d.4
c0de1024 c0de1024        6     2         build/nanos2/obj/app/src/ui/nbgl_display_transaction.o:(.text.ui_display_blind_signed_transaction)
c0de1024 c0de1024        0     1                 $t.5
c0de1025 c0de1025        6     1                 ui_display_blind_signed_transaction
c0de102a c0de102a        6     2         build/nanos2/obj/app/src/ui/nbgl_display_transaction.o:(.text.ui_display_transaction)
c0de102a c0de102a        0     1                 $t.6
c0de102b c0de102b        6     1                 ui_display_transaction
c0de1030 c0de1030        8     2         build/nanos2/obj/app/src/zknox/dilithium/keccak256.o:(.text.keccak_init)
c0de1030 c0de1030        0     1                 $t.1
c0de1031 c0de1031        8     1                 keccak_init
c0de1038 c0de1038        4     2         build/nanos2/obj/app/src/zknox/dilithium/keccak256.o:(.text.keccak_update)
c0de1038 c0de1038        0     1                 $t.2
c0de1039 c0de1039        4     1                 keccak_update
c0de103c c0de103c        4     2         build/nanos2/obj/app/src/zknox/dilithium/keccak256.o:(.text.keccak_final)
c0de103c c0de103c        0     1                 $t.3
c0de103d c0de103d        4     1                 keccak_final
c0de1040 c0de1040       22     2         build/nanos2/obj/app/src/zknox/dilithium/keccak_prng.o:(.text.inner_keccak256_init)
c0de1040 c0de1040        0     1                 $t.0
c0de1041 c0de1041       22     1                 inner_keccak256_init
c0de1062 c0de1062       24     2         build/nanos2/obj/app/src/zknox/dilithium/keccak_prng.o:(.text.inner_keccak256_inject)
c0de1062 c0de1062        0     1                 $t.1
c0de1063 c0de1063       24     1                 inner_keccak256_inject
c0de1086 c0de1086       2c     2         build/nanos2/obj/app/src/zknox/dilithium/keccak_prng.o:(.text.inner_keccak256_flip)
c0de1086 c0de1086        0     1                 $t.2
c0de1087 c0de1087       2c     1                 inner_keccak256_flip
c0de10b2 c0de10b2      108     2         build/nanos2/obj/app/src/zknox/dilithium/keccak_prng.o:(.text.inner_keccak256_extract)
c0de10b2 c0de10b2        0     1                 $t.3
c0de10b3 c0de10b3      108     1                 inner_keccak256_extract
c0de11ba c0de11ba       2c     2         build/nanos2/obj/app/src/zknox/dilithium/lowram.o:(.text.pqcrystals_dilithium2_lowram_pack_sig_h)
c0de11ba c0de11ba        0     1                 $t.3
c0de11bb c0de11bb       2c     1                 pqcrystals_dilithium2_lowram_pack_sig_h
c0de11e6 c0de11e6       18     2         build/nanos2/obj/app/src/zknox/dilithium/lowram.o:(.text.pqcrystals_dilithium2_lowram_pack_sig_h_zero)
c0de11e6 c0de11e6        0     1                 $t.4
c0de11e7 c0de11e7       18     1                 pqcrystals_dilithium2_lowram_pack_sig_h_zero
c0de11fe c0de11fe       6a     2         build/nanos2/obj/app/src/zknox/dilithium/lowram.o:(.text.poly_challenge_compress)
c0de11fe c0de11fe        0     1                 $t.8
c0de11ff c0de11ff       6a     1                 poly_challenge_compress
c0de1268 c0de1268       64     2         build/nanos2/obj/app/src/zknox/dilithium/lowram.o:(.text.poly_challenge_decompress)
c0de1268 c0de1268        0     1                 $t.9
c0de1269 c0de1269       64     1                 poly_challenge_decompress
c0de12cc c0de12cc       f4     2         build/nanos2/obj/app/src/zknox/dilithium/lowram.o:(.text.poly_schoolbook)
c0de12cc c0de12cc        0     1                 $t.10
c0de12cd c0de12cd       f4     1                 poly_schoolbook
c0de13c0 c0de13c0       96     2         build/nanos2/obj/app/src/zknox/dilithium/lowram.o:(.text.polyt0_unpack_idx)
c0de13c0 c0de13c0        0     1                 $t.11
c0de13c1 c0de13c1       96     1                 polyt0_unpack_idx
c0de1458 c0de1458      108     4         build/nanos2/obj/app/src/zknox/dilithium/lowram.o:(.text.poly_schoolbook_t1)
c0de1458 c0de1458        0     1                 $t.12
c0de1459 c0de1459      108     1                 poly_schoolbook_t1
c0de155c c0de155c        0     1                 $d.13
c0de1560 c0de1560       46     2         build/nanos2/obj/app/src/zknox/dilithium/lowram.o:(.text.polyt1_unpack_idx)
c0de1560 c0de1560        0     1                 $t.14
c0de1561 c0de1561       46     1                 polyt1_unpack_idx
c0de15a6 c0de15a6       3c     2         build/nanos2/obj/app/src/zknox/dilithium/lowram.o:(.text.polyw_pack)
c0de15a6 c0de15a6        0     1                 $t.15
c0de15a7 c0de15a7       3c     1                 polyw_pack
c0de15e2 c0de15e2       30     2         build/nanos2/obj/app/src/zknox/dilithium/lowram.o:(.text.polyw_unpack)
c0de15e2 c0de15e2        0     1                 $t.16
c0de15e3 c0de15e3       30     1                 polyw_unpack
c0de1612 c0de1612       30     2         build/nanos2/obj/app/src/zknox/dilithium/lowram.o:(.text.polyw_sub)
c0de1612 c0de1612        0     1                 $t.17
c0de1613 c0de1613       30     1                 polyw_sub
c0de1642 c0de1642       30     2         build/nanos2/obj/app/src/zknox/dilithium/lowram.o:(.text.poly_highbits)
c0de1642 c0de1642        0     1                 $t.18
c0de1643 c0de1643       30     1                 poly_highbits
c0de1674 c0de1674       60     4         build/nanos2/obj/app/src/zknox/dilithium/lowram.o:(.text.poly_lowbits)
c0de1674 c0de1674        0     1                 $t.19
c0de1675 c0de1675       60     1                 poly_lowbits
c0de16c8 c0de16c8        0     1                 $d.20
c0de16d4 c0de16d4        e     2         build/nanos2/obj/app/src/zknox/dilithium/lowram.o:(.text.unpack_sk_s1)
c0de16d4 c0de16d4        0     1                 $t.21
c0de16d5 c0de16d5        e     1                 unpack_sk_s1
c0de16e2 c0de16e2       10     2         build/nanos2/obj/app/src/zknox/dilithium/lowram.o:(.text.unpack_sk_s2)
c0de16e2 c0de16e2        0     1                 $t.22
c0de16e3 c0de16e3       10     1                 unpack_sk_s2
c0de16f2 c0de16f2       2a     2         build/nanos2/obj/app/src/zknox/dilithium/lowram.o:(.text.polyw_add_idx)
c0de16f2 c0de16f2        0     1                 $t.25
c0de16f3 c0de16f3       2a     1                 polyw_add_idx
c0de171c c0de171c       88     4         build/nanos2/obj/app/src/zknox/dilithium/lowram.o:(.text.poly_uniform_pointwise_montgomery_polywadd_lowram_eth)
c0de171c c0de171c        0     1                 $t.26
c0de171d c0de171d       88     1                 poly_uniform_pointwise_montgomery_polywadd_lowram_eth
c0de17a0 c0de17a0        0     1                 $d.27
c0de17a4 c0de17a4       58     2         build/nanos2/obj/app/src/zknox/dilithium/lowram.o:(.text.polyz_unpack_inplace)
c0de17a4 c0de17a4        0     1                 $t.29
c0de17a5 c0de17a5       58     1                 polyz_unpack_inplace
c0de17fc c0de17fc       6c     2         build/nanos2/obj/app/src/zknox/dilithium/lowram.o:(.text.poly_uniform_gamma1_lowram_eth)
c0de17fc c0de17fc        0     1                 $t.30
c0de17fd c0de17fd       6c     1                 poly_uniform_gamma1_lowram_eth
c0de1868 c0de1868       70     2         build/nanos2/obj/app/src/zknox/dilithium/lowram.o:(.text.poly_uniform_gamma1_add_lowram_eth)
c0de1868 c0de1868        0     1                 $t.32
c0de1869 c0de1869       70     1                 poly_uniform_gamma1_add_lowram_eth
c0de18d8 c0de18d8       74     4         build/nanos2/obj/app/src/zknox/dilithium/lowram.o:(.text.poly_make_hint_lowram)
c0de18d8 c0de18d8        0     1                 $t.33
c0de18d9 c0de18d9       74     1                 poly_make_hint_lowram
c0de1948 c0de1948        0     1                 $d.34
c0de194c c0de194c       7c     2         build/nanos2/obj/app/src/zknox/dilithium/lowram.o:(.text.unpack_sig_h_indices)
c0de194c c0de194c        0     1                 $t.35
c0de194d c0de194d       7c     1                 unpack_sig_h_indices
c0de19c8 c0de19c8       3e     2         build/nanos2/obj/app/src/zknox/dilithium/lowram.o:(.text.poly_use_hint_lowram)
c0de19c8 c0de19c8        0     1                 $t.36
c0de19c9 c0de19c9       3e     1                 poly_use_hint_lowram
c0de1a06 c0de1a06       10     2         build/nanos2/obj/app/src/zknox/dilithium/lowram.o:(.text.pack_pk_rho)
c0de1a06 c0de1a06        0     1                 $t.37
c0de1a07 c0de1a07       10     1                 pack_pk_rho
c0de1a16 c0de1a16        e     2         build/nanos2/obj/app/src/zknox/dilithium/lowram.o:(.text.pack_pk_t1)
c0de1a16 c0de1a16        0     1                 $t.38
c0de1a17 c0de1a17        e     1                 pack_pk_t1
c0de1a24 c0de1a24        e     2         build/nanos2/obj/app/src/zknox/dilithium/lowram.o:(.text.pack_sk_s1)
c0de1a24 c0de1a24        0     1                 $t.39
c0de1a25 c0de1a25        e     1                 pack_sk_s1
c0de1a32 c0de1a32       10     2         build/nanos2/obj/app/src/zknox/dilithium/lowram.o:(.text.pack_sk_s2)
c0de1a32 c0de1a32        0     1                 $t.40
c0de1a33 c0de1a33       10     1                 pack_sk_s2
c0de1a42 c0de1a42       10     2         build/nanos2/obj/app/src/zknox/dilithium/lowram.o:(.text.pack_sk_t0)
c0de1a42 c0de1a42        0     1                 $t.41
c0de1a43 c0de1a43       10     1                 pack_sk_t0
c0de1a52 c0de1a52       10     2         build/nanos2/obj/app/src/zknox/dilithium/lowram.o:(.text.pack_sk_rho)
c0de1a52 c0de1a52        0     1                 $t.42
c0de1a53 c0de1a53       10     1                 pack_sk_rho
c0de1a62 c0de1a62       12     2         build/nanos2/obj/app/src/zknox/dilithium/lowram.o:(.text.pack_sk_key)
c0de1a62 c0de1a62        0     1                 $t.43
c0de1a63 c0de1a63       12     1                 pack_sk_key
c0de1a74 c0de1a74       12     2         build/nanos2/obj/app/src/zknox/dilithium/lowram.o:(.text.pack_sk_tr)
c0de1a74 c0de1a74        0     1                 $t.44
c0de1a75 c0de1a75       12     1                 pack_sk_tr
c0de1a86 c0de1a86       2c     2         build/nanos2/obj/app/src/zknox/dilithium/lowram.o:(.text.pqcrystals_dilithium2_lowram_poly_pointwise_acc_montgomery)
c0de1a86 c0de1a86        0     1                 $t.46
c0de1a87 c0de1a87       2c     1                 pqcrystals_dilithium2_lowram_poly_pointwise_acc_montgomery
c0de1ab2 c0de1ab2       18     2         build/nanos2/obj/app/src/zknox/dilithium/lowram.o:(.text.OUTLINED_FUNCTION_0)
c0de1ab2 c0de1ab2        0     1                 $t.47
c0de1ab3 c0de1ab3       18     1                 OUTLINED_FUNCTION_0
c0de1aca c0de1aca       12     2         build/nanos2/obj/app/src/zknox/dilithium/lowram.o:(.text.OUTLINED_FUNCTION_1)
c0de1aca c0de1aca        0     1                 $t.48
c0de1acb c0de1acb       12     1                 OUTLINED_FUNCTION_1
c0de1adc c0de1adc        c     2         build/nanos2/obj/app/src/zknox/dilithium/lowram.o:(.text.OUTLINED_FUNCTION_2)
c0de1adc c0de1adc        0     1                 $t.49
c0de1add c0de1add        c     1                 OUTLINED_FUNCTION_2
c0de1ae8 c0de1ae8        8     2         build/nanos2/obj/app/src/zknox/dilithium/lowram.o:(.text.OUTLINED_FUNCTION_3)
c0de1ae8 c0de1ae8        0     1                 $t.50
c0de1ae9 c0de1ae9        8     1                 OUTLINED_FUNCTION_3
c0de1af0 c0de1af0        a     2         build/nanos2/obj/app/src/zknox/dilithium/lowram.o:(.text.OUTLINED_FUNCTION_4)
c0de1af0 c0de1af0        0     1                 $t.51
c0de1af1 c0de1af1        a     1                 OUTLINED_FUNCTION_4
c0de1afc c0de1afc       68     4         build/nanos2/obj/app/src/zknox/dilithium/ntt.o:(.text.pqcrystals_dilithium2_lowram_ntt)
c0de1afc c0de1afc        0     1                 $t.0
c0de1afd c0de1afd       68     1                 pqcrystals_dilithium2_lowram_ntt
c0de1b60 c0de1b60        0     1                 $d.1
c0de1b64 c0de1b64       94     4         build/nanos2/obj/app/src/zknox/dilithium/ntt.o:(.text.pqcrystals_dilithium2_lowram_invntt_tomont)
c0de1b64 c0de1b64        0     1                 $t.2
c0de1b65 c0de1b65       94     1                 pqcrystals_dilithium2_lowram_invntt_tomont
c0de1bf4 c0de1bf4        0     1                 $d.3
c0de1bf8 c0de1bf8       1e     2         build/nanos2/obj/app/src/zknox/dilithium/poly.o:(.text.pqcrystals_dilithium2_lowram_poly_reduce)
c0de1bf8 c0de1bf8        0     1                 $t.0
c0de1bf9 c0de1bf9       1e     1                 pqcrystals_dilithium2_lowram_poly_reduce
c0de1c16 c0de1c16       1e     2         build/nanos2/obj/app/src/zknox/dilithium/poly.o:(.text.pqcrystals_dilithium2_lowram_poly_caddq)
c0de1c16 c0de1c16        0     1                 $t.1
c0de1c17 c0de1c17       1e     1                 pqcrystals_dilithium2_lowram_poly_caddq
c0de1c34 c0de1c34       1e     2         build/nanos2/obj/app/src/zknox/dilithium/poly.o:(.text.pqcrystals_dilithium2_lowram_poly_add)
c0de1c34 c0de1c34        0     1                 $t.2
c0de1c35 c0de1c35       1e     1                 pqcrystals_dilithium2_lowram_poly_add
c0de1c52 c0de1c52        4     2         build/nanos2/obj/app/src/zknox/dilithium/poly.o:(.text.pqcrystals_dilithium2_lowram_poly_ntt)
c0de1c52 c0de1c52        0     1                 $t.5
c0de1c53 c0de1c53        4     1                 pqcrystals_dilithium2_lowram_poly_ntt
c0de1c56 c0de1c56        4     2         build/nanos2/obj/app/src/zknox/dilithium/poly.o:(.text.pqcrystals_dilithium2_lowram_poly_invntt_tomont)
c0de1c56 c0de1c56        0     1                 $t.6
c0de1c57 c0de1c57        4     1                 pqcrystals_dilithium2_lowram_poly_invntt_tomont
c0de1c5a c0de1c5a       26     2         build/nanos2/obj/app/src/zknox/dilithium/poly.o:(.text.pqcrystals_dilithium2_lowram_poly_pointwise_montgomery)
c0de1c5a c0de1c5a        0     1                 $t.7
c0de1c5b c0de1c5b       26     1                 pqcrystals_dilithium2_lowram_poly_pointwise_montgomery
c0de1c80 c0de1c80       1c     2         build/nanos2/obj/app/src/zknox/dilithium/poly.o:(.text.pqcrystals_dilithium2_lowram_poly_power2round)
c0de1c80 c0de1c80        0     1                 $t.8
c0de1c81 c0de1c81       1c     1                 pqcrystals_dilithium2_lowram_poly_power2round
c0de1c9c c0de1c9c       2c     4         build/nanos2/obj/app/src/zknox/dilithium/poly.o:(.text.pqcrystals_dilithium2_lowram_poly_chknorm)
c0de1c9c c0de1c9c        0     1                 $t.12
c0de1c9d c0de1c9d       2c     1                 pqcrystals_dilithium2_lowram_poly_chknorm
c0de1cc4 c0de1cc4        0     1                 $d.13
c0de1cc8 c0de1cc8       a4     2         build/nanos2/obj/app/src/zknox/dilithium/poly.o:(.text.pqcrystals_dilithium2_lowram_poly_uniform)
c0de1cc8 c0de1cc8        0     1                 $t.14
c0de1cc9 c0de1cc9       a4     1                 pqcrystals_dilithium2_lowram_poly_uniform
c0de1d6c c0de1d6c       44     4         build/nanos2/obj/app/src/zknox/dilithium/poly.o:(.text.rej_uniform)
c0de1d6c c0de1d6c        0     1                 $t.15
c0de1d6d c0de1d6d       44     1                 rej_uniform
c0de1dac c0de1dac        0     1                 $d.16
c0de1db0 c0de1db0       ae     2         build/nanos2/obj/app/src/zknox/dilithium/poly.o:(.text.pqcrystals_dilithium2_lowram_poly_uniform_eta)
c0de1db0 c0de1db0        0     1                 $t.17
c0de1db1 c0de1db1       ae     1                 pqcrystals_dilithium2_lowram_poly_uniform_eta
c0de1e5e c0de1e5e       a0     2         build/nanos2/obj/app/src/zknox/dilithium/poly.o:(.text.pqcrystals_dilithium2_lowram_polyz_unpack)
c0de1e5e c0de1e5e        0     1                 $t.19
c0de1e5f c0de1e5f       a0     1                 pqcrystals_dilithium2_lowram_polyz_unpack
c0de1efe c0de1efe       7c     2         build/nanos2/obj/app/src/zknox/dilithium/poly.o:(.text.pqcrystals_dilithium2_lowram_polyeta_pack)
c0de1efe c0de1efe        0     1                 $t.21
c0de1eff c0de1eff       7c     1                 pqcrystals_dilithium2_lowram_polyeta_pack
c0de1f7a c0de1f7a       b6     2         build/nanos2/obj/app/src/zknox/dilithium/poly.o:(.text.pqcrystals_dilithium2_lowram_poly_challenge_eth)
c0de1f7a c0de1f7a        0     1                 $t.22
c0de1f7b c0de1f7b       b6     1                 pqcrystals_dilithium2_lowram_poly_challenge_eth
c0de2030 c0de2030       48     2         build/nanos2/obj/app/src/zknox/dilithium/poly.o:(.text.pqcrystals_dilithium2_lowram_polyt1_pack)
c0de2030 c0de2030        0     1                 $t.24
c0de2031 c0de2031       48     1                 pqcrystals_dilithium2_lowram_polyt1_pack
c0de2078 c0de2078       aa     2         build/nanos2/obj/app/src/zknox/dilithium/poly.o:(.text.pqcrystals_dilithium2_lowram_polyt0_pack)
c0de2078 c0de2078        0     1                 $t.26
c0de2079 c0de2079       aa     1                 pqcrystals_dilithium2_lowram_polyt0_pack
c0de2122 c0de2122       62     2         build/nanos2/obj/app/src/zknox/dilithium/poly.o:(.text.pqcrystals_dilithium2_lowram_polyz_pack)
c0de2122 c0de2122        0     1                 $t.28
c0de2123 c0de2123       62     1                 pqcrystals_dilithium2_lowram_polyz_pack
c0de2184 c0de2184       46     2         build/nanos2/obj/app/src/zknox/dilithium/poly.o:(.text.pqcrystals_dilithium2_lowram_polyw1_pack)
c0de2184 c0de2184        0     1                 $t.29
c0de2185 c0de2185       46     1                 pqcrystals_dilithium2_lowram_polyw1_pack
c0de21ca c0de21ca        a     2         build/nanos2/obj/app/src/zknox/dilithium/poly.o:(.text.OUTLINED_FUNCTION_0)
c0de21ca c0de21ca        0     1                 $t.30
c0de21cb c0de21cb        a     1                 OUTLINED_FUNCTION_0
c0de21d4 c0de21d4        c     2         build/nanos2/obj/app/src/zknox/dilithium/poly.o:(.text.OUTLINED_FUNCTION_1)
c0de21d4 c0de21d4        0     1                 $t.31
c0de21d5 c0de21d5        c     1                 OUTLINED_FUNCTION_1
c0de21e0 c0de21e0        4     2         build/nanos2/obj/app/src/zknox/dilithium/randombytes.o:(.text.randombytes)
c0de21e0 c0de21e0        0     1                 $t.0
c0de21e1 c0de21e1        4     1                 randombytes
c0de21e4 c0de21e4       18     4         build/nanos2/obj/app/src/zknox/dilithium/reduce.o:(.text.pqcrystals_dilithium2_lowram_montgomery_reduce)
c0de21e4 c0de21e4        0     1                 $t.0
c0de21e5 c0de21e5       18     1                 pqcrystals_dilithium2_lowram_montgomery_reduce
c0de21f4 c0de21f4        0     1                 $d.1
c0de21fc c0de21fc       14     4         build/nanos2/obj/app/src/zknox/dilithium/reduce.o:(.text.pqcrystals_dilithium2_lowram_reduce32)
c0de21fc c0de21fc        0     1                 $t.2
c0de21fd c0de21fd       14     1                 pqcrystals_dilithium2_lowram_reduce32
c0de220c c0de220c        0     1                 $d.3
c0de2210 c0de2210       10     4         build/nanos2/obj/app/src/zknox/dilithium/reduce.o:(.text.pqcrystals_dilithium2_lowram_caddq)
c0de2210 c0de2210        0     1                 $t.4
c0de2211 c0de2211       10     1                 pqcrystals_dilithium2_lowram_caddq
c0de221c c0de221c        0     1                 $d.5
c0de2220 c0de2220       20     4         build/nanos2/obj/app/src/zknox/dilithium/reduce.o:(.text.pqcrystals_dilithium2_lowram_freeze)
c0de2220 c0de2220        0     1                 $t.6
c0de2221 c0de2221       20     1                 pqcrystals_dilithium2_lowram_freeze
c0de2238 c0de2238        0     1                 $d.7
c0de2240 c0de2240       14     2         build/nanos2/obj/app/src/zknox/dilithium/rounding.o:(.text.pqcrystals_dilithium2_lowram_power2round)
c0de2240 c0de2240        0     1                 $t.0
c0de2241 c0de2241       14     1                 pqcrystals_dilithium2_lowram_power2round
c0de2254 c0de2254       40     4         build/nanos2/obj/app/src/zknox/dilithium/rounding.o:(.text.pqcrystals_dilithium2_lowram_decompose)
c0de2254 c0de2254        0     1                 $t.1
c0de2255 c0de2255       40     1                 pqcrystals_dilithium2_lowram_decompose
c0de2288 c0de2288        0     1                 $d.2
c0de2294 c0de2294       2a     2         build/nanos2/obj/app/src/zknox/dilithium/rounding.o:(.text.pqcrystals_dilithium2_lowram_use_hint)
c0de2294 c0de2294        0     1                 $t.5
c0de2295 c0de2295       2a     1                 pqcrystals_dilithium2_lowram_use_hint
c0de22be c0de22be       22     2         build/nanos2/obj/app/src/zknox/dilithium/sign.o:(.text.pqcrystals_dilithium2_lowram_keypair)
c0de22be c0de22be        0     1                 $t.0
c0de22bf c0de22bf       22     1                 pqcrystals_dilithium2_lowram_keypair
c0de22e0 c0de22e0      1bc     4         build/nanos2/obj/app/src/zknox/dilithium/sign.o:(.text.crypto_sign_keypair_core)
c0de22e0 c0de22e0        0     1                 $t.1
c0de22e1 c0de22e1      1bc     1                 crypto_sign_keypair_core
c0de2498 c0de2498        0     1                 $d.2
c0de249c c0de249c       58     4         build/nanos2/obj/app/src/zknox/dilithium/sign.o:(.text.crypto_sign_signature_init)
c0de249c c0de249c        0     1                 $t.3
c0de249d c0de249d       58     1                 crypto_sign_signature_init
c0de24ec c0de24ec        0     1                 $d.4
c0de24f4 c0de24f4       10     4         build/nanos2/obj/app/src/zknox/dilithium/sign.o:(.text.crypto_sign_signature_absorb)
c0de24f4 c0de24f4        0     1                 $t.5
c0de24f5 c0de24f5       10     1                 crypto_sign_signature_absorb
c0de2500 c0de2500        0     1                 $d.6
c0de2504 c0de2504      318     4         build/nanos2/obj/app/src/zknox/dilithium/sign.o:(.text.crypto_sign_signature_core)
c0de2504 c0de2504        0     1                 $t.7
c0de2505 c0de2505      318     1                 crypto_sign_signature_core
c0de2810 c0de2810        0     1                 $d.8
c0de281c c0de281c      234     4         build/nanos2/obj/app/src/zknox/dilithium/sign.o:(.text.pqcrystals_dilithium2_lowram_verify)
c0de281c c0de281c        0     1                 $t.11
c0de281d c0de281d      234     1                 pqcrystals_dilithium2_lowram_verify
c0de2a44 c0de2a44        0     1                 $d.12
c0de2a50 c0de2a50       5c     2         build/nanos2/obj/app/src/zknox/dilithium/sign.o:(.text.pqcrystals_dilithium2_lowram_open)
c0de2a50 c0de2a50        0     1                 $t.13
c0de2a51 c0de2a51       5c     1                 pqcrystals_dilithium2_lowram_open
c0de2aac c0de2aac        6     2         build/nanos2/obj/app/src/zknox/dilithium/sign.o:(.text.OUTLINED_FUNCTION_0)
c0de2aac c0de2aac        0     1                 $t.14
c0de2aad c0de2aad        6     1                 OUTLINED_FUNCTION_0
c0de2ab4 c0de2ab4       7c     4         build/nanos2/obj/app/src/zknox/dilithium/smallntt_3329.o:(.text.small_ntt)
c0de2ab4 c0de2ab4        0     1                 $t.0
c0de2ab5 c0de2ab5       7c     1                 small_ntt
c0de2b28 c0de2b28        0     1                 $d.1
c0de2b30 c0de2b30       e4     4         build/nanos2/obj/app/src/zknox/dilithium/smallntt_3329.o:(.text.small_invntt_tomont)
c0de2b30 c0de2b30        0     1                 $t.2
c0de2b31 c0de2b31       e4     1                 small_invntt_tomont
c0de2c08 c0de2c08        0     1                 $d.3
c0de2c14 c0de2c14       78     4         build/nanos2/obj/app/src/zknox/dilithium/smallntt_3329.o:(.text.small_basemul)
c0de2c14 c0de2c14        0     1                 $t.4
c0de2c15 c0de2c15       78     1                 small_basemul
c0de2c88 c0de2c88        0     1                 $d.5
c0de2c8c c0de2c8c       18     2         build/nanos2/obj/app/src/zknox/dilithium/smallpoly.o:(.text.poly_small_ntt_copy)
c0de2c8c c0de2c8c        0     1                 $t.0
c0de2c8d c0de2c8d       18     1                 poly_small_ntt_copy
c0de2ca4 c0de2ca4       58     4         build/nanos2/obj/app/src/zknox/dilithium/smallpoly.o:(.text.poly_small_basemul)
c0de2ca4 c0de2ca4        0     1                 $t.3
c0de2ca5 c0de2ca5       58     1                 poly_small_basemul
c0de2cf8 c0de2cf8        0     1                 $d.4
c0de2cfc c0de2cfc       22     2         build/nanos2/obj/app/src/zknox/dilithium/smallpoly.o:(.text.poly_small_basemul_invntt)
c0de2cfc c0de2cfc        0     1                 $t.5
c0de2cfd c0de2cfd       22     1                 poly_small_basemul_invntt
c0de2d1e c0de2d1e       a4     2         build/nanos2/obj/app/src/zknox/dilithium/smallpoly.o:(.text.small_polyeta_unpack)
c0de2d1e c0de2d1e        0     1                 $t.7
c0de2d1f c0de2d1f       a4     1                 small_polyeta_unpack
c0de2dc2 c0de2dc2       22     2         build/nanos2/obj/app/src/zknox/ecc/zkn_tEdwards.o:(.text.tEdwards_alloc)
c0de2dc2 c0de2dc2        0     1                 $t.0
c0de2dc3 c0de2dc3       22     1                 tEdwards_alloc
c0de2de4 c0de2de4       d6     2         build/nanos2/obj/app/src/zknox/ecc/zkn_tEdwards.o:(.text.tEdwards_double)
c0de2de4 c0de2de4        0     1                 $t.2
c0de2de5 c0de2de5       d6     1                 tEdwards_double
c0de2eba c0de2eba      130     2         build/nanos2/obj/app/src/zknox/ecc/zkn_tEdwards.o:(.text.tEdwards_add)
c0de2eba c0de2eba        0     1                 $t.3
c0de2ebb c0de2ebb      130     1                 tEdwards_add
c0de2fea c0de2fea       ac     2         build/nanos2/obj/app/src/zknox/ecc/zkn_tEdwards.o:(.text.tEdwards_IsOnCurve)
c0de2fea c0de2fea        0     1                 $t.4
c0de2feb c0de2feb       ac     1                 tEdwards_IsOnCurve
c0de3098 c0de3098      1dc     4         build/nanos2/obj/app/src/zknox/ecc/zkn_tEdwards.o:(.text.tEdwards_Curve_alloc_init)
c0de3098 c0de3098        0     1                 $t.5
c0de3099 c0de3099      1dc     1                 tEdwards_Curve_alloc_init
c0de3254 c0de3254        0     1                 $d.6
c0de3274 c0de3274       26     2         build/nanos2/obj/app/src/zknox/ecc/zkn_tEdwards.o:(.text.tEdwards_SetNeutral)
c0de3274 c0de3274        0     1                 $t.7
c0de3275 c0de3275       26     1                 tEdwards_SetNeutral
c0de329a c0de329a       7e     2         build/nanos2/obj/app/src/zknox/ecc/zkn_tEdwards.o:(.text.tEdwards_init)
c0de329a c0de329a        0     1                 $t.9
c0de329b c0de329b       7e     1                 tEdwards_init
c0de3318 c0de3318       4c     2         build/nanos2/obj/app/src/zknox/ecc/zkn_tEdwards.o:(.text.tEdwards_export)
c0de3318 c0de3318        0     1                 $t.10
c0de3319 c0de3319       4c     1                 tEdwards_export
c0de3364 c0de3364       5a     2         build/nanos2/obj/app/src/zknox/ecc/zkn_tEdwards.o:(.text.tEdwards_normalize)
c0de3364 c0de3364        0     1                 $t.11
c0de3365 c0de3365       5a     1                 tEdwards_normalize
c0de33be c0de33be       26     2         build/nanos2/obj/app/src/zknox/ecc/zkn_tEdwards.o:(.text.tEdwards_copy)
c0de33be c0de33be        0     1                 $t.12
c0de33bf c0de33bf       26     1                 tEdwards_copy
c0de33e4 c0de33e4       3e     2         build/nanos2/obj/app/src/zknox/ecc/zkn_tEdwards.o:(.text.tEdwards_alloc_init)
c0de33e4 c0de33e4        0     1                 $t.13
c0de33e5 c0de33e5       3e     1                 tEdwards_alloc_init
c0de3422 c0de3422       ca     2         build/nanos2/obj/app/src/zknox/ecc/zkn_tEdwards.o:(.text.tEdwards_scalarMul_bn)
c0de3422 c0de3422        0     1                 $t.15
c0de3423 c0de3423       ca     1                 tEdwards_scalarMul_bn
c0de34ec c0de34ec       3c     2         build/nanos2/obj/app/src/zknox/ecc/zkn_tEdwards.o:(.text.tEdwards_scalarMul)
c0de34ec c0de34ec        0     1                 $t.16
c0de34ed c0de34ed       3c     1                 tEdwards_scalarMul
c0de3528 c0de3528        6     2         build/nanos2/obj/app/src/zknox/ecc/zkn_tEdwards.o:(.text.OUTLINED_FUNCTION_0)
c0de3528 c0de3528        0     1                 $t.17
c0de3529 c0de3529        6     1                 OUTLINED_FUNCTION_0
c0de352e c0de352e        6     2         build/nanos2/obj/app/src/zknox/ecc/zkn_tEdwards.o:(.text.OUTLINED_FUNCTION_1)
c0de352e c0de352e        0     1                 $t.18
c0de352f c0de352f        6     1                 OUTLINED_FUNCTION_1
c0de3534 c0de3534        8     2         build/nanos2/obj/app/src/zknox/ecc/zkn_tEdwards.o:(.text.OUTLINED_FUNCTION_2)
c0de3534 c0de3534        0     1                 $t.19
c0de3535 c0de3535        8     1                 OUTLINED_FUNCTION_2
c0de353c c0de353c        a     2         build/nanos2/obj/app/src/zknox/ecc/zkn_tEdwards.o:(.text.OUTLINED_FUNCTION_3)
c0de353c c0de353c        0     1                 $t.20
c0de353d c0de353d        a     1                 OUTLINED_FUNCTION_3
c0de3546 c0de3546        c     2         build/nanos2/obj/app/src/zknox/ecc/zkn_tEdwards.o:(.text.OUTLINED_FUNCTION_4)
c0de3546 c0de3546        0     1                 $t.21
c0de3547 c0de3547        c     1                 OUTLINED_FUNCTION_4
c0de3552 c0de3552        6     2         build/nanos2/obj/app/src/zknox/ecc/zkn_tEdwards.o:(.text.OUTLINED_FUNCTION_5)
c0de3552 c0de3552        0     1                 $t.22
c0de3553 c0de3553        6     1                 OUTLINED_FUNCTION_5
c0de3558 c0de3558       80     4         build/nanos2/obj/app/src/zknox/hash/zkn_poseidon_constants.o:(.text.grain_lfsr_advance)
c0de3558 c0de3558        0     1                 $t.0
c0de3559 c0de3559       80     1                 grain_lfsr_advance
c0de35d0 c0de35d0        0     1                 $d.1
c0de35d8 c0de35d8       4a     2         build/nanos2/obj/app/src/zknox/hash/zkn_poseidon_constants.o:(.text.next64_graingen)
c0de35d8 c0de35d8        0     1                 $t.2
c0de35d9 c0de35d9       4a     1                 next64_graingen
c0de3624 c0de3624       30     4         build/nanos2/obj/app/src/zknox/hash/zkn_poseidon_constants.o:(.text.init_generator)
c0de3624 c0de3624        0     1                 $t.3
c0de3625 c0de3625       30     1                 init_generator
c0de364c c0de364c        0     1                 $d.4
c0de3654 c0de3654       98     4         build/nanos2/obj/app/src/zknox/hash/zkn_poseidon_constants.o:(.text.gen_integer)
c0de3654 c0de3654        0     1                 $t.5
c0de3655 c0de3655       98     1                 gen_integer
c0de36dc c0de36dc        0     1                 $d.6
c0de36ec c0de36ec        8     2         build/nanos2/obj/app/src/zknox/hash/zkn_poseidon_constants.o:(.text.rev64)
c0de36ec c0de36ec        0     1                 $t.7
c0de36ed c0de36ed        8     1                 rev64
c0de36f4 c0de36f4        6     2         build/nanos2/obj/app/src/zknox/hash/zkn_poseidon_constants.o:(.text.Poseidon_getNext_RC)
c0de36f4 c0de36f4        0     1                 $t.9
c0de36f5 c0de36f5        6     1                 Poseidon_getNext_RC
c0de36fa c0de36fa       4c     2         build/nanos2/obj/app/src/zknox/hash/zkn_poseidon_constants.o:(.text.Poseidon_alloc_init)
c0de36fa c0de36fa        0     1                 $t.10
c0de36fb c0de36fb       4c     1                 Poseidon_alloc_init
c0de3748 c0de3748       c8     4         build/nanos2/obj/sdk/lib_nbgl/src/nbgl_buttons.o:(.text.nbgl_buttonsHandler)
c0de3748 c0de3748        0     1                 $t.0
c0de3749 c0de3749       c8     1                 nbgl_buttonsHandler
c0de380c c0de380c        0     1                 $d.1
c0de3810 c0de3810      1e4     4         build/nanos2/obj/sdk/lib_nbgl/src/nbgl_draw.o:(.text.nbgl_drawRoundedRect)
c0de3810 c0de3810        0     1                 $t.0
c0de3811 c0de3811      1e4     1                 nbgl_drawRoundedRect
c0de39ec c0de39ec        0     1                 $d.1
c0de39f4 c0de39f4       b0     4         build/nanos2/obj/sdk/lib_nbgl/src/nbgl_draw.o:(.text.draw_circle_helper)
c0de39f4 c0de39f4        0     1                 $t.2
c0de39f5 c0de39f5       b0     1                 draw_circle_helper
c0de3a80 c0de3a80        0     1                 $d.3
c0de3aa4 c0de3aa4      2f0     4         build/nanos2/obj/sdk/lib_nbgl/src/nbgl_draw.o:(.text.nbgl_drawRoundedBorderedRect)
c0de3aa4 c0de3aa4        0     1                 $t.4
c0de3aa5 c0de3aa5      2f0     1                 nbgl_drawRoundedBorderedRect
c0de3d8c c0de3d8c        0     1                 $d.5
c0de3d94 c0de3d94       40     4         build/nanos2/obj/sdk/lib_nbgl/src/nbgl_draw.o:(.text.nbgl_drawIcon)
c0de3d94 c0de3d94        0     1                 $t.6
c0de3d95 c0de3d95       40     1                 nbgl_drawIcon
c0de3dd0 c0de3dd0        0     1                 $d.7
c0de3dd4 c0de3dd4      1c8     2         build/nanos2/obj/sdk/lib_nbgl/src/nbgl_draw.o:(.text.nbgl_drawText)
c0de3dd4 c0de3dd4        0     1                 $t.8
c0de3dd5 c0de3dd5      1c8     1                 nbgl_drawText
c0de3f9c c0de3f9c       10     2         build/nanos2/obj/sdk/lib_nbgl/src/nbgl_draw.o:(.text.OUTLINED_FUNCTION_0)
c0de3f9c c0de3f9c        0     1                 $t.9
c0de3f9d c0de3f9d       10     1                 OUTLINED_FUNCTION_0
c0de3fac c0de3fac       10     2         build/nanos2/obj/sdk/lib_nbgl/src/nbgl_draw.o:(.text.OUTLINED_FUNCTION_1)
c0de3fac c0de3fac        0     1                 $t.10
c0de3fad c0de3fad       10     1                 OUTLINED_FUNCTION_1
c0de3fbc c0de3fbc        a     2         build/nanos2/obj/sdk/lib_nbgl/src/nbgl_draw.o:(.text.OUTLINED_FUNCTION_2)
c0de3fbc c0de3fbc        0     1                 $t.11
c0de3fbd c0de3fbd        a     1                 OUTLINED_FUNCTION_2
c0de3fc6 c0de3fc6        4     2         build/nanos2/obj/sdk/lib_nbgl/src/nbgl_fonts.o:(.text.nbgl_getFont)
c0de3fc6 c0de3fc6        0     1                 $t.0
c0de3fc7 c0de3fc7        4     1                 nbgl_getFont
c0de3fca c0de3fca       8c     2         build/nanos2/obj/sdk/lib_nbgl/src/nbgl_fonts.o:(.text.nbgl_popUnicodeChar)
c0de3fca c0de3fca        0     1                 $t.1
c0de3fcb c0de3fcb       8c     1                 nbgl_popUnicodeChar
c0de4056 c0de4056        a     2         build/nanos2/obj/sdk/lib_nbgl/src/nbgl_fonts.o:(.text.nbgl_getSingleLineTextWidth)
c0de4056 c0de4056        0     1                 $t.2
c0de4057 c0de4057        a     1                 nbgl_getSingleLineTextWidth
c0de4060 c0de4060       9a     2         build/nanos2/obj/sdk/lib_nbgl/src/nbgl_fonts.o:(.text.getTextWidth)
c0de4060 c0de4060        0     1                 $t.3
c0de4061 c0de4061       9a     1                 getTextWidth
c0de40fa c0de40fa        a     2         build/nanos2/obj/sdk/lib_nbgl/src/nbgl_fonts.o:(.text.nbgl_getTextWidth)
c0de40fa c0de40fa        0     1                 $t.5
c0de40fb c0de40fb        a     1                 nbgl_getTextWidth
c0de4104 c0de4104       30     2         build/nanos2/obj/sdk/lib_nbgl/src/nbgl_fonts.o:(.text.getCharWidth)
c0de4104 c0de4104        0     1                 $t.7
c0de4105 c0de4105       30     1                 getCharWidth
c0de4134 c0de4134        a     2         build/nanos2/obj/sdk/lib_nbgl/src/nbgl_fonts.o:(.text.nbgl_getFontHeight)
c0de4134 c0de4134        0     1                 $t.8
c0de4135 c0de4135        a     1                 nbgl_getFontHeight
c0de413e c0de413e        a     2         build/nanos2/obj/sdk/lib_nbgl/src/nbgl_fonts.o:(.text.nbgl_getFontLineHeight)
c0de413e c0de413e        0     1                 $t.9
c0de413f c0de413f        a     1                 nbgl_getFontLineHeight
c0de4148 c0de4148       20     2         build/nanos2/obj/sdk/lib_nbgl/src/nbgl_fonts.o:(.text.nbgl_getTextLength)
c0de4148 c0de4148        0     1                 $t.12
c0de4149 c0de4149       20     1                 nbgl_getTextLength
c0de4168 c0de4168       fc     2         build/nanos2/obj/sdk/lib_nbgl/src/nbgl_fonts.o:(.text.nbgl_getTextMaxLenAndWidth)
c0de4168 c0de4168        0     1                 $t.13
c0de4169 c0de4169       fc     1                 nbgl_getTextMaxLenAndWidth
c0de4264 c0de4264      124     4         build/nanos2/obj/sdk/lib_nbgl/src/nbgl_fonts.o:(.text.nbgl_getTextMaxLenInNbLines)
c0de4264 c0de4264        0     1                 $t.14
c0de4265 c0de4265      124     1                 nbgl_getTextMaxLenInNbLines
c0de4384 c0de4384        0     1                 $d.15
c0de4388 c0de4388       84     2         build/nanos2/obj/sdk/lib_nbgl/src/nbgl_fonts.o:(.text.nbgl_getTextMaxLenAndWidthFromEnd)
c0de4388 c0de4388        0     1                 $t.16
c0de4389 c0de4389       84     1                 nbgl_getTextMaxLenAndWidthFromEnd
c0de440c c0de440c       fc     4         build/nanos2/obj/sdk/lib_nbgl/src/nbgl_fonts.o:(.text.nbgl_getTextNbLinesInWidth)
c0de440c c0de440c        0     1                 $t.17
c0de440d c0de440d       fc     1                 nbgl_getTextNbLinesInWidth
c0de4504 c0de4504        0     1                 $d.18
c0de4508 c0de4508      128     4         build/nanos2/obj/sdk/lib_nbgl/src/nbgl_fonts.o:(.text.nbgl_getTextNbPagesInWidth)
c0de4508 c0de4508        0     1                 $t.19
c0de4509 c0de4509      128     1                 nbgl_getTextNbPagesInWidth
c0de462c c0de462c        0     1                 $d.20
c0de4630 c0de4630      134     4         build/nanos2/obj/sdk/lib_nbgl/src/nbgl_fonts.o:(.text.nbgl_textReduceOnNbLines)
c0de4630 c0de4630        0     1                 $t.24
c0de4631 c0de4631      134     1                 nbgl_textReduceOnNbLines
c0de4760 c0de4760        0     1                 $d.25
c0de4764 c0de4764       78     4         build/nanos2/obj/sdk/lib_nbgl/src/nbgl_layout_nanos.o:(.text.nbgl_layoutGet)
c0de4764 c0de4764        0     1                 $t.1
c0de4765 c0de4765       78     1                 nbgl_layoutGet
c0de47d4 c0de47d4        0     1                 $d.2
c0de47dc c0de47dc       50     4         build/nanos2/obj/sdk/lib_nbgl/src/nbgl_layout_nanos.o:(.text.buttonCallback)
c0de47dc c0de47dc        0     1                 $t.3
c0de47dd c0de47dd       50     1                 buttonCallback
c0de4828 c0de4828        0     1                 $d.4
c0de482c c0de482c       bc     4         build/nanos2/obj/sdk/lib_nbgl/src/nbgl_layout_nanos.o:(.text.nbgl_layoutAddNavigation)
c0de482c c0de482c        0     1                 $t.5
c0de482d c0de482d       bc     1                 nbgl_layoutAddNavigation
c0de48d8 c0de48d8        0     1                 $d.6
c0de48e8 c0de48e8      368     4         build/nanos2/obj/sdk/lib_nbgl/src/nbgl_layout_nanos.o:(.text.nbgl_layoutAddText)
c0de48e8 c0de48e8        0     1                 $t.7
c0de48e9 c0de48e9      368     1                 nbgl_layoutAddText
c0de4c4c c0de4c4c        0     1                 $d.8
c0de4c50 c0de4c50       a8     2         build/nanos2/obj/sdk/lib_nbgl/src/nbgl_layout_nanos.o:(.text.nbgl_layoutAddMenuList)
c0de4c50 c0de4c50        0     1                 $t.9
c0de4c51 c0de4c51       a8     1                 nbgl_layoutAddMenuList
c0de4cf8 c0de4cf8      340     2         build/nanos2/obj/sdk/lib_nbgl/src/nbgl_layout_nanos.o:(.text.nbgl_layoutAddCenteredInfo)
c0de4cf8 c0de4cf8        0     1                 $t.10
c0de4cf9 c0de4cf9      340     1                 nbgl_layoutAddCenteredInfo
c0de5038 c0de5038      1d0     4         build/nanos2/obj/sdk/lib_nbgl/src/nbgl_layout_nanos.o:(.text.nbgl_layoutAddSwitch)
c0de5038 c0de5038        0     1                 $t.13
c0de5039 c0de5039      1d0     1                 nbgl_layoutAddSwitch
c0de51f8 c0de51f8        0     1                 $d.14
c0de5208 c0de5208       10     2         build/nanos2/obj/sdk/lib_nbgl/src/nbgl_layout_nanos.o:(.text.nbgl_layoutDraw)
c0de5208 c0de5208        0     1                 $t.15
c0de5209 c0de5209       10     1                 nbgl_layoutDraw
c0de5218 c0de5218       1a     2         build/nanos2/obj/sdk/lib_nbgl/src/nbgl_layout_nanos.o:(.text.nbgl_layoutRelease)
c0de5218 c0de5218        0     1                 $t.16
c0de5219 c0de5219       1a     1                 nbgl_layoutRelease
c0de5232 c0de5232       22     2         build/nanos2/obj/sdk/lib_nbgl/src/nbgl_layout_nanos.o:(.text.OUTLINED_FUNCTION_1)
c0de5232 c0de5232        0     1                 $t.18
c0de5233 c0de5233       22     1                 OUTLINED_FUNCTION_1
c0de5254 c0de5254       1a     2         build/nanos2/obj/sdk/lib_nbgl/src/nbgl_layout_nanos.o:(.text.OUTLINED_FUNCTION_2)
c0de5254 c0de5254        0     1                 $t.19
c0de5255 c0de5255       1a     1                 OUTLINED_FUNCTION_2
c0de526e c0de526e       1a     2         build/nanos2/obj/sdk/lib_nbgl/src/nbgl_layout_nanos.o:(.text.OUTLINED_FUNCTION_3)
c0de526e c0de526e        0     1                 $t.20
c0de526f c0de526f       1a     1                 OUTLINED_FUNCTION_3
c0de5288 c0de5288        a     2         build/nanos2/obj/sdk/lib_nbgl/src/nbgl_layout_nanos.o:(.text.OUTLINED_FUNCTION_4)
c0de5288 c0de5288        0     1                 $t.21
c0de5289 c0de5289        a     1                 OUTLINED_FUNCTION_4
c0de5292 c0de5292        6     2         build/nanos2/obj/sdk/lib_nbgl/src/nbgl_layout_nanos.o:(.text.OUTLINED_FUNCTION_5)
c0de5292 c0de5292        0     1                 $t.22
c0de5293 c0de5293        6     1                 OUTLINED_FUNCTION_5
c0de5298 c0de5298        8     2         build/nanos2/obj/sdk/lib_nbgl/src/nbgl_layout_nanos.o:(.text.OUTLINED_FUNCTION_6)
c0de5298 c0de5298        0     1                 $t.23
c0de5299 c0de5299        8     1                 OUTLINED_FUNCTION_6
c0de52a0 c0de52a0       10     2         build/nanos2/obj/sdk/lib_nbgl/src/nbgl_layout_nanos.o:(.text.OUTLINED_FUNCTION_7)
c0de52a0 c0de52a0        0     1                 $t.24
c0de52a1 c0de52a1       10     1                 OUTLINED_FUNCTION_7
c0de52b0 c0de52b0        6     2         build/nanos2/obj/sdk/lib_nbgl/src/nbgl_layout_nanos.o:(.text.OUTLINED_FUNCTION_8)
c0de52b0 c0de52b0        0     1                 $t.25
c0de52b1 c0de52b1        6     1                 OUTLINED_FUNCTION_8
c0de52b6 c0de52b6        e     2         build/nanos2/obj/sdk/lib_nbgl/src/nbgl_layout_nanos.o:(.text.OUTLINED_FUNCTION_9)
c0de52b6 c0de52b6        0     1                 $t.26
c0de52b7 c0de52b7        e     1                 OUTLINED_FUNCTION_9
c0de52c4 c0de52c4       58     4         build/nanos2/obj/sdk/lib_nbgl/src/nbgl_obj.o:(.text.nbgl_objDraw)
c0de52c4 c0de52c4        0     1                 $t.0
c0de52c5 c0de52c5       58     1                 nbgl_objDraw
c0de5318 c0de5318        0     1                 $d.1
c0de531c c0de531c      170     4         build/nanos2/obj/sdk/lib_nbgl/src/nbgl_obj.o:(.text.draw_obj_and_chidren)
c0de531c c0de531c        0     1                 $t.2
c0de531d c0de531d      170     1                 draw_obj_and_chidren
c0de5480 c0de5480        0     1                 $d.3
c0de548c c0de548c        6     2         build/nanos2/obj/sdk/lib_nbgl/src/nbgl_obj.o:(.text.nbgl_refresh)
c0de548c c0de548c        0     1                 $t.4
c0de548d c0de548d        6     1                 nbgl_refresh
c0de5494 c0de5494       3c     4         build/nanos2/obj/sdk/lib_nbgl/src/nbgl_obj.o:(.text.nbgl_refreshSpecial)
c0de5494 c0de5494        0     1                 $t.5
c0de5495 c0de5495       3c     1                 nbgl_refreshSpecial
c0de54cc c0de54cc        0     1                 $d.6
c0de54d0 c0de54d0        c     4         build/nanos2/obj/sdk/lib_nbgl/src/nbgl_obj.o:(.text.nbgl_objInit)
c0de54d0 c0de54d0        0     1                 $t.13
c0de54d1 c0de54d1        c     1                 nbgl_objInit
c0de54d8 c0de54d8        0     1                 $d.14
c0de54dc c0de54dc       10     4         build/nanos2/obj/sdk/lib_nbgl/src/nbgl_obj.o:(.text.nbgl_objAllowDrawing)
c0de54dc c0de54dc        0     1                 $t.15
c0de54dd c0de54dd       10     1                 nbgl_objAllowDrawing
c0de54e8 c0de54e8        0     1                 $d.16
c0de54ec c0de54ec       40     2         build/nanos2/obj/sdk/lib_nbgl/src/nbgl_obj.o:(.text.draw_screen)
c0de54ec c0de54ec        0     1                 $t.17
c0de54ed c0de54ed       40     1                 draw_screen
c0de552c c0de552c       28     2         build/nanos2/obj/sdk/lib_nbgl/src/nbgl_obj.o:(.text.draw_container)
c0de552c c0de552c        0     1                 $t.18
c0de552d c0de552d       28     1                 draw_container
c0de5554 c0de5554       84     2         build/nanos2/obj/sdk/lib_nbgl/src/nbgl_obj.o:(.text.draw_image)
c0de5554 c0de5554        0     1                 $t.19
c0de5555 c0de5555       84     1                 draw_image
c0de55d8 c0de55d8      2bc     4         build/nanos2/obj/sdk/lib_nbgl/src/nbgl_obj.o:(.text.draw_textArea)
c0de55d8 c0de55d8        0     1                 $t.20
c0de55d9 c0de55d9      2bc     1                 draw_textArea
c0de5890 c0de5890        0     1                 $d.21
c0de5894 c0de5894      1d2     2         build/nanos2/obj/sdk/lib_nbgl/src/nbgl_obj.o:(.text.draw_button)
c0de5894 c0de5894        0     1                 $t.22
c0de5895 c0de5895      1d2     1                 draw_button
c0de5a66 c0de5a66       9e     2         build/nanos2/obj/sdk/lib_nbgl/src/nbgl_obj.o:(.text.draw_progressBar)
c0de5a66 c0de5a66        0     1                 $t.23
c0de5a67 c0de5a67       9e     1                 draw_progressBar
c0de5b04 c0de5b04       4c     4         build/nanos2/obj/sdk/lib_nbgl/src/nbgl_obj.o:(.text.draw_image_file)
c0de5b04 c0de5b04        0     1                 $t.24
c0de5b05 c0de5b05       4c     1                 draw_image_file
c0de5b4c c0de5b4c        0     1                 $d.25
c0de5b50 c0de5b50      14c     4         build/nanos2/obj/sdk/lib_nbgl/src/nbgl_obj.o:(.text.draw_textEntry)
c0de5b50 c0de5b50        0     1                 $t.26
c0de5b51 c0de5b51      14c     1                 draw_textEntry
c0de5c98 c0de5c98        0     1                 $d.27
c0de5c9c c0de5c9c      56e     2         build/nanos2/obj/sdk/lib_nbgl/src/nbgl_obj.o:(.text.compute_position)
c0de5c9c c0de5c9c        0     1                 $t.28
c0de5c9d c0de5c9d      56e     1                 compute_position
c0de620a c0de620a       14     2         build/nanos2/obj/sdk/lib_nbgl/src/nbgl_obj.o:(.text.OUTLINED_FUNCTION_0)
c0de620a c0de620a        0     1                 $t.29
c0de620b c0de620b       14     1                 OUTLINED_FUNCTION_0
c0de621e c0de621e       14     2         build/nanos2/obj/sdk/lib_nbgl/src/nbgl_obj.o:(.text.OUTLINED_FUNCTION_1)
c0de621e c0de621e        0     1                 $t.30
c0de621f c0de621f       14     1                 OUTLINED_FUNCTION_1
c0de6232 c0de6232       26     2         build/nanos2/obj/sdk/lib_nbgl/src/nbgl_obj.o:(.text.OUTLINED_FUNCTION_2)
c0de6232 c0de6232        0     1                 $t.31
c0de6233 c0de6233       26     1                 OUTLINED_FUNCTION_2
c0de6258 c0de6258       16     2         build/nanos2/obj/sdk/lib_nbgl/src/nbgl_obj.o:(.text.OUTLINED_FUNCTION_3)
c0de6258 c0de6258        0     1                 $t.32
c0de6259 c0de6259       16     1                 OUTLINED_FUNCTION_3
c0de626e c0de626e       1c     2         build/nanos2/obj/sdk/lib_nbgl/src/nbgl_obj.o:(.text.OUTLINED_FUNCTION_4)
c0de626e c0de626e        0     1                 $t.33
c0de626f c0de626f       1c     1                 OUTLINED_FUNCTION_4
c0de628a c0de628a       1c     2         build/nanos2/obj/sdk/lib_nbgl/src/nbgl_obj.o:(.text.OUTLINED_FUNCTION_5)
c0de628a c0de628a        0     1                 $t.34
c0de628b c0de628b       1c     1                 OUTLINED_FUNCTION_5
c0de62a6 c0de62a6       18     2         build/nanos2/obj/sdk/lib_nbgl/src/nbgl_obj.o:(.text.OUTLINED_FUNCTION_6)
c0de62a6 c0de62a6        0     1                 $t.35
c0de62a7 c0de62a7       18     1                 OUTLINED_FUNCTION_6
c0de62be c0de62be       10     2         build/nanos2/obj/sdk/lib_nbgl/src/nbgl_obj.o:(.text.OUTLINED_FUNCTION_7)
c0de62be c0de62be        0     1                 $t.36
c0de62bf c0de62bf       10     1                 OUTLINED_FUNCTION_7
c0de62ce c0de62ce       12     2         build/nanos2/obj/sdk/lib_nbgl/src/nbgl_obj.o:(.text.OUTLINED_FUNCTION_8)
c0de62ce c0de62ce        0     1                 $t.37
c0de62cf c0de62cf       12     1                 OUTLINED_FUNCTION_8
c0de62e0 c0de62e0        6     2         build/nanos2/obj/sdk/lib_nbgl/src/nbgl_obj.o:(.text.OUTLINED_FUNCTION_9)
c0de62e0 c0de62e0        0     1                 $t.38
c0de62e1 c0de62e1        6     1                 OUTLINED_FUNCTION_9
c0de62e6 c0de62e6       10     2         build/nanos2/obj/sdk/lib_nbgl/src/nbgl_obj.o:(.text.OUTLINED_FUNCTION_10)
c0de62e6 c0de62e6        0     1                 $t.39
c0de62e7 c0de62e7       10     1                 OUTLINED_FUNCTION_10
c0de62f6 c0de62f6       10     2         build/nanos2/obj/sdk/lib_nbgl/src/nbgl_obj.o:(.text.OUTLINED_FUNCTION_11)
c0de62f6 c0de62f6        0     1                 $t.40
c0de62f7 c0de62f7       10     1                 OUTLINED_FUNCTION_11
c0de6306 c0de6306        e     2         build/nanos2/obj/sdk/lib_nbgl/src/nbgl_obj.o:(.text.OUTLINED_FUNCTION_12)
c0de6306 c0de6306        0     1                 $t.41
c0de6307 c0de6307        e     1                 OUTLINED_FUNCTION_12
c0de6314 c0de6314        e     2         build/nanos2/obj/sdk/lib_nbgl/src/nbgl_obj.o:(.text.OUTLINED_FUNCTION_13)
c0de6314 c0de6314        0     1                 $t.42
c0de6315 c0de6315        e     1                 OUTLINED_FUNCTION_13
c0de6322 c0de6322        e     2         build/nanos2/obj/sdk/lib_nbgl/src/nbgl_obj.o:(.text.OUTLINED_FUNCTION_14)
c0de6322 c0de6322        0     1                 $t.43
c0de6323 c0de6323        e     1                 OUTLINED_FUNCTION_14
c0de6330 c0de6330       34     4         build/nanos2/obj/sdk/lib_nbgl/src/nbgl_obj_pool.o:(.text.nbgl_objPoolRelease)
c0de6330 c0de6330        0     1                 $t.0
c0de6331 c0de6331       34     1                 nbgl_objPoolRelease
c0de6360 c0de6360        0     1                 $d.1
c0de6364 c0de6364       78     4         build/nanos2/obj/sdk/lib_nbgl/src/nbgl_obj_pool.o:(.text.nbgl_objPoolGet)
c0de6364 c0de6364        0     1                 $t.4
c0de6365 c0de6365       78     1                 nbgl_objPoolGet
c0de63d4 c0de63d4        0     1                 $d.5
c0de63dc c0de63dc       4c     4         build/nanos2/obj/sdk/lib_nbgl/src/nbgl_obj_pool.o:(.text.nbgl_containerPoolRelease)
c0de63dc c0de63dc        0     1                 $t.12
c0de63dd c0de63dd       4c     1                 nbgl_containerPoolRelease
c0de6420 c0de6420        0     1                 $d.13
c0de6428 c0de6428       90     4         build/nanos2/obj/sdk/lib_nbgl/src/nbgl_obj_pool.o:(.text.nbgl_containerPoolGet)
c0de6428 c0de6428        0     1                 $t.14
c0de6429 c0de6429       90     1                 nbgl_containerPoolGet
c0de64b0 c0de64b0        0     1                 $d.15
c0de64b8 c0de64b8        c     2         build/nanos2/obj/sdk/lib_nbgl/src/nbgl_obj_pool.o:(.text.OUTLINED_FUNCTION_0)
c0de64b8 c0de64b8        0     1                 $t.18
c0de64b9 c0de64b9        c     1                 OUTLINED_FUNCTION_0
c0de64c4 c0de64c4        a     2         build/nanos2/obj/sdk/lib_nbgl/src/nbgl_obj_pool.o:(.text.OUTLINED_FUNCTION_1)
c0de64c4 c0de64c4        0     1                 $t.19
c0de64c5 c0de64c5        a     1                 OUTLINED_FUNCTION_1
c0de64d0 c0de64d0       24     4         build/nanos2/obj/sdk/lib_nbgl/src/nbgl_screen.o:(.text.nbgl_screenRedraw)
c0de64d0 c0de64d0        0     1                 $t.0
c0de64d1 c0de64d1       24     1                 nbgl_screenRedraw
c0de64f0 c0de64f0        0     1                 $d.1
c0de64f4 c0de64f4       18     4         build/nanos2/obj/sdk/lib_nbgl/src/nbgl_screen.o:(.text.nbgl_screenGetTop)
c0de64f4 c0de64f4        0     1                 $t.4
c0de64f5 c0de64f5       18     1                 nbgl_screenGetTop
c0de6508 c0de6508        0     1                 $d.5
c0de650c c0de650c       44     4         build/nanos2/obj/sdk/lib_nbgl/src/nbgl_screen.o:(.text.nbgl_screenSet)
c0de650c c0de650c        0     1                 $t.10
c0de650d c0de650d       44     1                 nbgl_screenSet
c0de6548 c0de6548        0     1                 $d.11
c0de6550 c0de6550      12c     4         build/nanos2/obj/sdk/lib_nbgl/src/nbgl_screen.o:(.text.nbgl_screenSetAt)
c0de6550 c0de6550        0     1                 $t.12
c0de6551 c0de6551      12c     1                 nbgl_screenSetAt
c0de6678 c0de6678        0     1                 $d.13
c0de667c c0de667c      108     4         build/nanos2/obj/sdk/lib_nbgl/src/nbgl_screen.o:(.text.nbgl_screenPush)
c0de667c c0de667c        0     1                 $t.22
c0de667d c0de667d      108     1                 nbgl_screenPush
c0de677c c0de677c        0     1                 $d.23
c0de6784 c0de6784      130     4         build/nanos2/obj/sdk/lib_nbgl/src/nbgl_screen.o:(.text.nbgl_screenPop)
c0de6784 c0de6784        0     1                 $t.24
c0de6785 c0de6785      130     1                 nbgl_screenPop
c0de68ac c0de68ac        0     1                 $d.25
c0de68b4 c0de68b4       88     4         build/nanos2/obj/sdk/lib_nbgl/src/nbgl_screen.o:(.text.nbgl_screenHandler)
c0de68b4 c0de68b4        0     1                 $t.28
c0de68b5 c0de68b5       88     1                 nbgl_screenHandler
c0de6938 c0de6938        0     1                 $d.29
c0de693c c0de693c       72     2         build/nanos2/obj/sdk/lib_nbgl/src/nbgl_step.o:(.text.nbgl_stepDrawText)
c0de693c c0de693c        0     1                 $t.0
c0de693d c0de693d       72     1                 nbgl_stepDrawText
c0de69b0 c0de69b0       4c     4         build/nanos2/obj/sdk/lib_nbgl/src/nbgl_step.o:(.text.getFreeContext)
c0de69b0 c0de69b0        0     1                 $t.1
c0de69b1 c0de69b1       4c     1                 getFreeContext
c0de69f8 c0de69f8        0     1                 $d.2
c0de69fc c0de69fc      1cc     4         build/nanos2/obj/sdk/lib_nbgl/src/nbgl_step.o:(.text.displayTextPage)
c0de69fc c0de69fc        0     1                 $t.3
c0de69fd c0de69fd      1cc     1                 displayTextPage
c0de6bc0 c0de6bc0        0     1                 $d.4
c0de6bc8 c0de6bc8       7c     4         build/nanos2/obj/sdk/lib_nbgl/src/nbgl_step.o:(.text.nbgl_stepDrawCenteredInfo)
c0de6bc8 c0de6bc8        0     1                 $t.5
c0de6bc9 c0de6bc9       7c     1                 nbgl_stepDrawCenteredInfo
c0de6c40 c0de6c40        0     1                 $d.6
c0de6c44 c0de6c44       6c     2         build/nanos2/obj/sdk/lib_nbgl/src/nbgl_step.o:(.text.actionCallback)
c0de6c44 c0de6c44        0     1                 $t.7
c0de6c45 c0de6c45       6c     1                 actionCallback
c0de6cb0 c0de6cb0       38     2         build/nanos2/obj/sdk/lib_nbgl/src/nbgl_step.o:(.text.getNavigationInfo)
c0de6cb0 c0de6cb0        0     1                 $t.8
c0de6cb1 c0de6cb1       38     1                 getNavigationInfo
c0de6ce8 c0de6ce8       36     2         build/nanos2/obj/sdk/lib_nbgl/src/nbgl_step.o:(.text.nbgl_stepDrawMenuList)
c0de6ce8 c0de6ce8        0     1                 $t.9
c0de6ce9 c0de6ce9       36     1                 nbgl_stepDrawMenuList
c0de6d20 c0de6d20       78     4         build/nanos2/obj/sdk/lib_nbgl/src/nbgl_step.o:(.text.displayMenuList)
c0de6d20 c0de6d20        0     1                 $t.10
c0de6d21 c0de6d21       78     1                 displayMenuList
c0de6d94 c0de6d94        0     1                 $d.11
c0de6d98 c0de6d98       7c     4         build/nanos2/obj/sdk/lib_nbgl/src/nbgl_step.o:(.text.nbgl_stepDrawSwitch)
c0de6d98 c0de6d98        0     1                 $t.13
c0de6d99 c0de6d99       7c     1                 nbgl_stepDrawSwitch
c0de6e10 c0de6e10        0     1                 $d.14
c0de6e14 c0de6e14       18     2         build/nanos2/obj/sdk/lib_nbgl/src/nbgl_step.o:(.text.nbgl_stepRelease)
c0de6e14 c0de6e14        0     1                 $t.15
c0de6e15 c0de6e15       18     1                 nbgl_stepRelease
c0de6e2c c0de6e2c       28     4         build/nanos2/obj/sdk/lib_nbgl/src/nbgl_step.o:(.text.getContextFromLayout)
c0de6e2c c0de6e2c        0     1                 $t.16
c0de6e2d c0de6e2d       28     1                 getContextFromLayout
c0de6e50 c0de6e50        0     1                 $d.17
c0de6e54 c0de6e54       40     2         build/nanos2/obj/sdk/lib_nbgl/src/nbgl_step.o:(.text.menuListActionCallback)
c0de6e54 c0de6e54        0     1                 $t.18
c0de6e55 c0de6e55       40     1                 menuListActionCallback
c0de6e94 c0de6e94       8e     2         build/nanos2/obj/sdk/lib_nbgl/src/nbgl_step.o:(.text.OUTLINED_FUNCTION_0)
c0de6e94 c0de6e94        0     1                 $t.19
c0de6e95 c0de6e95       8e     1                 OUTLINED_FUNCTION_0
c0de6f22 c0de6f22       4a     2         build/nanos2/obj/sdk/lib_nbgl/src/nbgl_step.o:(.text.OUTLINED_FUNCTION_1)
c0de6f22 c0de6f22        0     1                 $t.20
c0de6f23 c0de6f23       4a     1                 OUTLINED_FUNCTION_1
c0de6f6c c0de6f6c       12     2         build/nanos2/obj/sdk/lib_nbgl/src/nbgl_step.o:(.text.OUTLINED_FUNCTION_2)
c0de6f6c c0de6f6c        0     1                 $t.21
c0de6f6d c0de6f6d       12     1                 OUTLINED_FUNCTION_2
c0de6f7e c0de6f7e        a     2         build/nanos2/obj/sdk/lib_nbgl/src/nbgl_step.o:(.text.OUTLINED_FUNCTION_3)
c0de6f7e c0de6f7e        0     1                 $t.22
c0de6f7f c0de6f7f        a     1                 OUTLINED_FUNCTION_3
c0de6f88 c0de6f88        6     2         build/nanos2/obj/sdk/lib_nbgl/src/nbgl_step.o:(.text.OUTLINED_FUNCTION_4)
c0de6f88 c0de6f88        0     1                 $t.23
c0de6f89 c0de6f89        6     1                 OUTLINED_FUNCTION_4
c0de6f8e c0de6f8e        e     2         build/nanos2/obj/sdk/lib_nbgl/src/nbgl_step.o:(.text.OUTLINED_FUNCTION_5)
c0de6f8e c0de6f8e        0     1                 $t.24
c0de6f8f c0de6f8f        e     1                 OUTLINED_FUNCTION_5
c0de6f9c c0de6f9c       4c     4         build/nanos2/obj/sdk/lib_nbgl/src/nbgl_use_case_nanos.o:(.text.nbgl_useCaseHomeAndSettings)
c0de6f9c c0de6f9c        0     1                 $t.11
c0de6f9d c0de6f9d       4c     1                 nbgl_useCaseHomeAndSettings
c0de6fe4 c0de6fe4        0     1                 $d.12
c0de6fe8 c0de6fe8       78     4         build/nanos2/obj/sdk/lib_nbgl/src/nbgl_use_case_nanos.o:(.text.startUseCaseSettingsAtPage)
c0de6fe8 c0de6fe8        0     1                 $t.13
c0de6fe9 c0de6fe9       78     1                 startUseCaseSettingsAtPage
c0de705c c0de705c        0     1                 $d.14
c0de7060 c0de7060       8c     4         build/nanos2/obj/sdk/lib_nbgl/src/nbgl_use_case_nanos.o:(.text.startUseCaseHome)
c0de7060 c0de7060        0     1                 $t.15
c0de7061 c0de7061       8c     1                 startUseCaseHome
c0de70e8 c0de70e8        0     1                 $d.16
c0de70ec c0de70ec       20     2         build/nanos2/obj/sdk/lib_nbgl/src/nbgl_use_case_nanos.o:(.text.nbgl_useCaseReview)
c0de70ec c0de70ec        0     1                 $t.20
c0de70ed c0de70ed       20     1                 nbgl_useCaseReview
c0de710c c0de710c       50     4         build/nanos2/obj/sdk/lib_nbgl/src/nbgl_use_case_nanos.o:(.text.useCaseReview)
c0de710c c0de710c        0     1                 $t.21
c0de710d c0de710d       50     1                 useCaseReview
c0de7158 c0de7158        0     1                 $d.22
c0de715c c0de715c       b0     4         build/nanos2/obj/sdk/lib_nbgl/src/nbgl_use_case_nanos.o:(.text.nbgl_useCaseAdvancedReview)
c0de715c c0de715c        0     1                 $t.23
c0de715d c0de715d       b0     1                 nbgl_useCaseAdvancedReview
c0de7208 c0de7208        0     1                 $d.24
c0de720c c0de720c       14     4         build/nanos2/obj/sdk/lib_nbgl/src/nbgl_use_case_nanos.o:(.text.displayInitialWarning)
c0de720c c0de720c        0     1                 $t.25
c0de720d c0de720d       14     1                 displayInitialWarning
c0de721c c0de721c        0     1                 $d.26
c0de7220 c0de7220       24     4         build/nanos2/obj/sdk/lib_nbgl/src/nbgl_use_case_nanos.o:(.text.nbgl_useCaseReviewBlindSigning)
c0de7220 c0de7220        0     1                 $t.27
c0de7221 c0de7221       24     1                 nbgl_useCaseReviewBlindSigning
c0de7240 c0de7240        0     1                 $d.28
c0de7244 c0de7244       60     4         build/nanos2/obj/sdk/lib_nbgl/src/nbgl_use_case_nanos.o:(.text.nbgl_useCaseAddressReview)
c0de7244 c0de7244        0     1                 $t.30
c0de7245 c0de7245       60     1                 nbgl_useCaseAddressReview
c0de72a0 c0de72a0        0     1                 $d.31
c0de72a4 c0de72a4      118     4         build/nanos2/obj/sdk/lib_nbgl/src/nbgl_use_case_nanos.o:(.text.displayReviewPage)
c0de72a4 c0de72a4        0     1                 $t.32
c0de72a5 c0de72a5      118     1                 displayReviewPage
c0de73ac c0de73ac        0     1                 $d.33
c0de73bc c0de73bc       40     4         build/nanos2/obj/sdk/lib_nbgl/src/nbgl_use_case_nanos.o:(.text.nbgl_useCaseStatus)
c0de73bc c0de73bc        0     1                 $t.36
c0de73bd c0de73bd       40     1                 nbgl_useCaseStatus
c0de73f4 c0de73f4        0     1                 $d.37
c0de73fc c0de73fc      188     4         build/nanos2/obj/sdk/lib_nbgl/src/nbgl_use_case_nanos.o:(.text.drawStep)
c0de73fc c0de73fc        0     1                 $t.38
c0de73fd c0de73fd      188     1                 drawStep
c0de7570 c0de7570        0     1                 $d.39
c0de7584 c0de7584       1c     4         build/nanos2/obj/sdk/lib_nbgl/src/nbgl_use_case_nanos.o:(.text.statusButtonCallback)
c0de7584 c0de7584        0     1                 $t.40
c0de7585 c0de7585       1c     1                 statusButtonCallback
c0de759c c0de759c        0     1                 $d.41
c0de75a0 c0de75a0       94     4         build/nanos2/obj/sdk/lib_nbgl/src/nbgl_use_case_nanos.o:(.text.nbgl_useCaseReviewStatus)
c0de75a0 c0de75a0        0     1                 $t.42
c0de75a1 c0de75a1       94     1                 nbgl_useCaseReviewStatus
c0de7614 c0de7614        0     1                 $d.43
c0de7634 c0de7634      184     4         build/nanos2/obj/sdk/lib_nbgl/src/nbgl_use_case_nanos.o:(.text.displayStreamingReviewPage)
c0de7634 c0de7634        0     1                 $t.46
c0de7635 c0de7635      184     1                 displayStreamingReviewPage
c0de77a4 c0de77a4        0     1                 $d.47
c0de77b8 c0de77b8       38     4         build/nanos2/obj/sdk/lib_nbgl/src/nbgl_use_case_nanos.o:(.text.nbgl_useCaseChoice)
c0de77b8 c0de77b8        0     1                 $t.59
c0de77b9 c0de77b9       38     1                 nbgl_useCaseChoice
c0de77ec c0de77ec        0     1                 $d.60
c0de77f0 c0de77f0       bc     4         build/nanos2/obj/sdk/lib_nbgl/src/nbgl_use_case_nanos.o:(.text.displayChoicePage)
c0de77f0 c0de77f0        0     1                 $t.61
c0de77f1 c0de77f1       bc     1                 displayChoicePage
c0de7894 c0de7894        0     1                 $d.62
c0de78ac c0de78ac       b4     4         build/nanos2/obj/sdk/lib_nbgl/src/nbgl_use_case_nanos.o:(.text.getContentAtIdx)
c0de78ac c0de78ac        0     1                 $t.71
c0de78ad c0de78ad       b4     1                 getContentAtIdx
c0de795c c0de795c        0     1                 $d.72
c0de7960 c0de7960       34     2         build/nanos2/obj/sdk/lib_nbgl/src/nbgl_use_case_nanos.o:(.text.getContentNbElement)
c0de7960 c0de7960        0     1                 $t.73
c0de7961 c0de7961       34     1                 getContentNbElement
c0de7994 c0de7994       ac     4         build/nanos2/obj/sdk/lib_nbgl/src/nbgl_use_case_nanos.o:(.text.displayContent)
c0de7994 c0de7994        0     1                 $t.74
c0de7995 c0de7995       ac     1                 displayContent
c0de7a28 c0de7a28        0     1                 $d.75
c0de7a40 c0de7a40      144     4         build/nanos2/obj/sdk/lib_nbgl/src/nbgl_use_case_nanos.o:(.text.getContentPage)
c0de7a40 c0de7a40        0     1                 $t.76
c0de7a41 c0de7a41      144     1                 getContentPage
c0de7b78 c0de7b78        0     1                 $d.77
c0de7b84 c0de7b84       50     4         build/nanos2/obj/sdk/lib_nbgl/src/nbgl_use_case_nanos.o:(.text.drawSwitchStep)
c0de7b84 c0de7b84        0     1                 $t.78
c0de7b85 c0de7b85       50     1                 drawSwitchStep
c0de7bd0 c0de7bd0        0     1                 $d.79
c0de7bd4 c0de7bd4       1e     2         build/nanos2/obj/sdk/lib_nbgl/src/nbgl_use_case_nanos.o:(.text.contentCallback)
c0de7bd4 c0de7bd4        0     1                 $t.80
c0de7bd5 c0de7bd5       1e     1                 contentCallback
c0de7bf4 c0de7bf4       88     4         build/nanos2/obj/sdk/lib_nbgl/src/nbgl_use_case_nanos.o:(.text.getContentElemAtIdx)
c0de7bf4 c0de7bf4        0     1                 $t.81
c0de7bf5 c0de7bf5       88     1                 getContentElemAtIdx
c0de7c74 c0de7c74        0     1                 $d.82
c0de7c7c c0de7c7c       46     2         build/nanos2/obj/sdk/lib_nbgl/src/nbgl_use_case_nanos.o:(.text.getPairData)
c0de7c7c c0de7c7c        0     1                 $t.83
c0de7c7d c0de7c7d       46     1                 getPairData
c0de7cc4 c0de7cc4       b0     4         build/nanos2/obj/sdk/lib_nbgl/src/nbgl_use_case_nanos.o:(.text.onSwitchAction)
c0de7cc4 c0de7cc4        0     1                 $t.84
c0de7cc5 c0de7cc5       b0     1                 onSwitchAction
c0de7d6c c0de7d6c        0     1                 $d.85
c0de7d74 c0de7d74       9c     4         build/nanos2/obj/sdk/lib_nbgl/src/nbgl_use_case_nanos.o:(.text.displaySettingsPage)
c0de7d74 c0de7d74        0     1                 $t.86
c0de7d75 c0de7d75       9c     1                 displaySettingsPage
c0de7df8 c0de7df8        0     1                 $d.87
c0de7e10 c0de7e10       1e     2         build/nanos2/obj/sdk/lib_nbgl/src/nbgl_use_case_nanos.o:(.text.settingsCallback)
c0de7e10 c0de7e10        0     1                 $t.88
c0de7e11 c0de7e11       1e     1                 settingsCallback
c0de7e30 c0de7e30      120     4         build/nanos2/obj/sdk/lib_nbgl/src/nbgl_use_case_nanos.o:(.text.buttonGenericCallback)
c0de7e30 c0de7e30        0     1                 $t.89
c0de7e31 c0de7e31      120     1                 buttonGenericCallback
c0de7f48 c0de7f48        0     1                 $d.90
c0de7f50 c0de7f50       fc     4         build/nanos2/obj/sdk/lib_nbgl/src/nbgl_use_case_nanos.o:(.text.displayHomePage)
c0de7f50 c0de7f50        0     1                 $t.91
c0de7f51 c0de7f51       fc     1                 displayHomePage
c0de8020 c0de8020        0     1                 $d.92
c0de804c c0de804c        6     2         build/nanos2/obj/sdk/lib_nbgl/src/nbgl_use_case_nanos.o:(.text.startUseCaseSettings)
c0de804c c0de804c        0     1                 $t.93
c0de804d c0de804d        6     1                 startUseCaseSettings
[...]
c0dec954 c0dec954        c     4         build/nanos2/obj/app/src/ui/menu_nbgl.o:(.rodata.settingContents)
c0dec954 c0dec954        c     1                 settingContents
c0dec960 c0dec960       10     4         build/nanos2/obj/app/src/ui/menu_nbgl.o:(.rodata.infoList)
c0dec960 c0dec960       10     1                 infoList
c0dec970 c0dec970       34     4         build/nanos2/obj/app/src/ui/menu_nbgl.o:(.rodata.contents)
c0dec970 c0dec970       34     1                 contents
c0dec9a4 c0dec9a4        8     4         build/nanos2/obj/app/src/ui/menu_nbgl.o:(.rodata.INFO_TYPES)
c0dec9a4 c0dec9a4        8     1                 INFO_TYPES
c0dec9ac c0dec9ac        8     4         build/nanos2/obj/app/src/ui/menu_nbgl.o:(.rodata.INFO_CONTENTS)
c0dec9ac c0dec9ac        8     1                 INFO_CONTENTS
c0dec9b4 c0dec9b4      400     4         build/nanos2/obj/app/src/zknox/dilithium/ntt.o:(.rodata.zetas)
c0dec9b4 c0dec9b4      400     1                 zetas
c0decdb4 c0decdb4      100     2         build/nanos2/obj/app/src/zknox/dilithium/smallntt_3329.o:(.rodata.small_zetas)
c0decdb4 c0decdb4      100     1                 small_zetas
c0deceb4 c0deceb4        2     1         build/nanos2/obj/sdk/lib_nbgl/src/nbgl_draw.o:(.rodata.radiusValues)
c0deceb4 c0deceb4        2     1                 radiusValues
c0deceb6 c0deceb6        2     1         build/nanos2/obj/sdk/lib_nbgl/src/nbgl_draw.o:(.rodata.quarter_disc_3px_180_1bpp)
c0deceb6 c0deceb6        2     1                 quarter_disc_3px_180_1bpp
c0deceb8 c0deceb8        2     1         build/nanos2/obj/sdk/lib_nbgl/src/nbgl_draw.o:(.rodata.quarter_circle_3px_180_1bpp)
c0deceb8 c0deceb8        2     1                 quarter_circle_3px_180_1bpp
c0deceba c0deceba        2     1         build/nanos2/obj/sdk/lib_nbgl/src/nbgl_draw.o:(.rodata.quarter_disc_3px_270_1bpp)
c0deceba c0deceba        2     1                 quarter_disc_3px_270_1bpp
c0decebc c0decebc        2     1         build/nanos2/obj/sdk/lib_nbgl/src/nbgl_draw.o:(.rodata.quarter_circle_3px_270_1bpp)
c0decebc c0decebc        2     1                 quarter_circle_3px_270_1bpp
c0decebe c0decebe        2     1         build/nanos2/obj/sdk/lib_nbgl/src/nbgl_draw.o:(.rodata.quarter_disc_3px_90_1bpp)
c0decebe c0decebe        2     1                 quarter_disc_3px_90_1bpp
c0decec0 c0decec0        2     1         build/nanos2/obj/sdk/lib_nbgl/src/nbgl_draw.o:(.rodata.quarter_circle_3px_90_1bpp)
c0decec0 c0decec0        2     1                 quarter_circle_3px_90_1bpp
c0decec2 c0decec2        2     1         build/nanos2/obj/sdk/lib_nbgl/src/nbgl_draw.o:(.rodata.quarter_disc_3px_1bpp)
c0decec2 c0decec2        2     1                 quarter_disc_3px_1bpp
c0decec4 c0decec4        2     1         build/nanos2/obj/sdk/lib_nbgl/src/nbgl_draw.o:(.rodata.quarter_circle_3px_1bpp)
c0decec4 c0decec4        2     1                 quarter_circle_3px_1bpp
c0decec8 c0decec8       44     4         build/nanos2/obj/sdk/lib_nbgl/src/nbgl_obj.o:(.rodata.draw_functions)
c0decec8 c0decec8       44     1                 draw_functions
c0decf0c c0decf0c       28     4         build/nanos2/obj/sdk/lib_nbgl/src/nbgl_use_case_nanos.o:(.rodata.blindSigningWarning)
c0decf0c c0decf0c       28     1                 blindSigningWarning
c0decf34 c0decf34        9     4         build/nanos2/obj/sdk/lib_stusb_impl/usbd_impl.o:(.rodata.USBD_HID_Desc)
c0decf34 c0decf34        9     1                 USBD_HID_Desc
c0decf3d c0decf3d       22     1         build/nanos2/obj/sdk/lib_stusb_impl/usbd_impl.o:(.rodata.HID_ReportDesc)
c0decf3d c0decf3d       22     1                 HID_ReportDesc
c0decf5f c0decf5f       39     1         build/nanos2/obj/sdk/lib_stusb_impl/usbd_impl.o:(.rodata.C_usb_bos)
c0decf5f c0decf5f       39     1                 C_usb_bos
c0decf98 c0decf98       20     4         build/nanos2/obj/sdk/lib_stusb_impl/usbd_impl.o:(.rodata.HID_Desc)
c0decf98 c0decf98       20     1                 HID_Desc
c0decfb8 c0decfb8       12     1         build/nanos2/obj/sdk/lib_stusb_impl/usbd_impl.o:(.rodata.C_winusb_string_descriptor)
c0decfb8 c0decfb8       12     1                 C_winusb_string_descriptor
c0decfca c0decfca       92     1         build/nanos2/obj/sdk/lib_stusb_impl/usbd_impl.o:(.rodata.C_winusb_guid)
c0decfca c0decfca       92     1                 C_winusb_guid
c0ded05c c0ded05c       b2     1         build/nanos2/obj/sdk/lib_stusb_impl/usbd_impl.o:(.rodata.C_winusb_request_descriptor)
c0ded05c c0ded05c       b2     1                 C_winusb_request_descriptor
c0ded110 c0ded110       38     4         build/nanos2/obj/sdk/lib_stusb_impl/usbd_impl.o:(.rodata.USBD_HID)
c0ded110 c0ded110       38     1                 USBD_HID
c0ded148 c0ded148       38     4         build/nanos2/obj/sdk/lib_stusb_impl/usbd_impl.o:(.rodata.USBD_WEBUSB)
c0ded148 c0ded148       38     1                 USBD_WEBUSB
c0ded180 c0ded180       12     1         build/nanos2/obj/sdk/lib_stusb_impl/usbd_impl.o:(.rodata.USBD_DeviceDesc)
c0ded180 c0ded180       12     1                 USBD_DeviceDesc
c0ded192 c0ded192        4     1         build/nanos2/obj/sdk/lib_stusb_impl/usbd_impl.o:(.rodata.USBD_LangIDDesc)
c0ded192 c0ded192        4     1                 USBD_LangIDDesc
c0ded196 c0ded196        e     1         build/nanos2/obj/sdk/lib_stusb_impl/usbd_impl.o:(.rodata.USBD_MANUFACTURER_STRING)
c0ded196 c0ded196        e     1                 USBD_MANUFACTURER_STRING
c0ded1a4 c0ded1a4       18     1         build/nanos2/obj/sdk/lib_stusb_impl/usbd_impl.o:(.rodata.USBD_PRODUCT_FS_STRING)
c0ded1a4 c0ded1a4       18     1                 USBD_PRODUCT_FS_STRING
c0ded1bc c0ded1bc        a     1         build/nanos2/obj/sdk/lib_stusb_impl/usbd_impl.o:(.rodata.USB_SERIAL_STRING)
c0ded1bc c0ded1bc        a     1                 USB_SERIAL_STRING
c0ded1c6 c0ded1c6       28     1         build/nanos2/obj/sdk/lib_stusb_impl/usbd_impl.o:(.rodata.C_winusb_wcid)
c0ded1c6 c0ded1c6       28     1                 C_winusb_wcid
c0ded1f0 c0ded1f0       40     4         build/nanos2/obj/sdk/lib_stusb_impl/usbd_impl.o:(.rodata.USBD_CfgDesc)
c0ded1f0 c0ded1f0       40     1                 USBD_CfgDesc
c0ded230 c0ded230        a     4         build/nanos2/obj/sdk/lib_stusb_impl/usbd_impl.o:(.rodata.USBD_DeviceQualifierDesc)
c0ded230 c0ded230        a     1                 USBD_DeviceQualifierDesc
c0ded23a c0ded23a        5     1         build/nanos2/obj/sdk/src/os_io_seproxyhal.o:(.rodata.seph_io_general_status)
c0ded23a c0ded23a        5     1                 seph_io_general_status
c0ded23f c0ded23f       20     1         <internal>:(.text)
c0ded25f c0ded25f        1     1         . = ALIGN ( 4 )
c0ded260 c0ded260        0     1         _etext = .
c0ded260 c0ded260      1a0     1         . = ALIGN ( PAGE_SIZE )
c0ded400 c0ded400        0     1         _nvram_data = .
c0ded400 c0ded400        3     1         build/nanos2/obj/app/src/app_main.o:(.rodata.N_storage_real)
c0ded400 c0ded400        3     1                 N_storage_real
c0ded403 c0ded403      1fd     1         . = ALIGN ( PAGE_SIZE )
c0ded600 c0ded600        0     1         _envram_data = .
c0ded600 c0ded600        0     1         _install_parameters = .
c0ded600 c0ded600       3f     1         build/nanos2/obj/sdk/src/app_metadata.o:(.install_parameters)
c0ded600 c0ded600       3f     1                 install_parameters
c0ded63f c0ded63f        0     1         _einstall_parameters = .
c0ded63f c0ded63f        0     1         _nvram_end = .
d0000000 d0000000        0     1 .data
d0000000 d0000000        0     1         . = ALIGN ( 4 )
d0000000 d0000000        0     1         _data = .
d0000000 d0000000        0     1         _edata = .
d0000000 d0000000        0     1 
da7a0000 da7a0000     2c3c     8 .bss
da7a0000 da7a0000        0     1         _bss = .
da7a0000 da7a0000      2d8     8         build/nanos2/obj/app/src/app_main.o:(.bss.G_context)
da7a0000 da7a0000      2d8     1                 G_context
da7a02d8 da7a02d8     1158     8         build/nanos2/obj/app/src/app_main.o:(.bss.g_zknox)
da7a02d8 da7a02d8     1158     1                 g_zknox
da7a1430 da7a1430       1c     4         build/nanos2/obj/app/src/ui/menu_nbgl.o:(.bss..L_MergedGlobals)
da7a1430 da7a1430       1c     1                 .L_MergedGlobals
da7a1430 da7a1430        1     1                 initSettingPage
da7a1434 da7a1434       18     1                 switches
da7a144c da7a144c       2b     4         build/nanos2/obj/app/src/ui/nbgl_display_address.o:(.bss.g_address)
da7a144c da7a144c       2b     1                 g_address
da7a1478 da7a1478       7f     4         build/nanos2/obj/app/src/ui/nbgl_display_transaction.o:(.bss..L_MergedGlobals)
da7a1478 da7a1478       7f     1                 .L_MergedGlobals
da7a1478 da7a1478       14     1                 pairList
da7a148c da7a148c       1e     1                 g_amount
da7a14ac da7a14ac       20     1                 pairs
da7a14cc da7a14cc       2b     1                 g_address
da7a14f8 da7a14f8        8     4         build/nanos2/obj/sdk/lib_nbgl/src/nbgl_buttons.o:(.bss..L_MergedGlobals)
da7a14f8 da7a14f8        8     1                 .L_MergedGlobals
da7a14f8 da7a14f8        1     1                 gButtonMask
da7a14fc da7a14fc        4     1                 gButtonSameMaskCounter
da7a1500 da7a1500       24     4         build/nanos2/obj/sdk/lib_nbgl/src/nbgl_layout_nanos.o:(.bss.gLayout)
da7a1500 da7a1500       24     1                 gLayout
da7a1524 da7a1524       14     4         build/nanos2/obj/sdk/lib_nbgl/src/nbgl_layout_nanos.o:(.bss.nbgl_layoutAddText.tmpString)
da7a1524 da7a1524       14     1                 nbgl_layoutAddText.tmpString
da7a1538 da7a1538        1     1         build/nanos2/obj/sdk/lib_nbgl/src/nbgl_obj.o:(.bss.objDrawingDisabled)
da7a1538 da7a1538        1     1                 objDrawingDisabled
da7a153a da7a153a        a     2         build/nanos2/obj/sdk/lib_nbgl/src/nbgl_obj.o:(.bss.refreshArea)
da7a153a da7a153a        a     1                 refreshArea
da7a1544 da7a1544      801     1         build/nanos2/obj/sdk/lib_nbgl/src/nbgl_obj.o:(.bss.ramBuffer)
da7a1544 da7a1544      801     1                 ramBuffer
da7a1d45 da7a1d45      7a8     1         build/nanos2/obj/sdk/lib_nbgl/src/nbgl_obj_pool.o:(.bss.objPool)
da7a1d45 da7a1d45      7a8     1                 objPool
da7a24f0 da7a24f0      100     4         build/nanos2/obj/sdk/lib_nbgl/src/nbgl_obj_pool.o:(.bss.objContainerPool)
da7a24f0 da7a24f0      100     1                 objContainerPool
da7a25f0 da7a25f0       6b     1         build/nanos2/obj/sdk/lib_nbgl/src/nbgl_obj_pool.o:(.bss..L_MergedGlobals)
da7a25f0 da7a25f0       6b     1                 .L_MergedGlobals
da7a25f0 da7a25f0        1     1                 nbUsedObjsInPool
da7a25f1 da7a25f1        1     1                 initialized
da7a25f2 da7a25f2        1     1                 nbUsedObjsInContainerPool
da7a25f3 da7a25f3       28     1                 objPoolLayers
da7a261b da7a261b       40     1                 objPointersPoolLayers
da7a265b da7a265b      100     1         build/nanos2/obj/sdk/lib_nbgl/src/nbgl_screen.o:(.bss.screenStack)
da7a265b da7a265b      100     1                 screenStack
da7a275c da7a275c        8     4         build/nanos2/obj/sdk/lib_nbgl/src/nbgl_screen.o:(.bss..L_MergedGlobals)
da7a275c da7a275c        8     1                 .L_MergedGlobals
da7a275c da7a275c        1     1                 nbScreensOnStack
da7a2760 da7a2760        4     1                 topOfStack
da7a2764 da7a2764       d8     4         build/nanos2/obj/sdk/lib_nbgl/src/nbgl_step.o:(.bss.contexts)
da7a2764 da7a2764       d8     1                 contexts
da7a283c da7a283c       68     4         build/nanos2/obj/sdk/lib_nbgl/src/nbgl_use_case_nanos.o:(.bss..L_MergedGlobals)
da7a283c da7a283c       68     1                 .L_MergedGlobals
da7a283c da7a283c       28     1                 reviewWithWarnCtx
da7a2864 da7a2864       40     1                 context
da7a28a4 da7a28a4      12c     1         build/nanos2/obj/sdk/lib_standard_app/io.o:(.bss.G_io_seproxyhal_spi_buffer)
da7a28a4 da7a28a4      12c     1                 G_io_seproxyhal_spi_buffer
da7a29d0 da7a29d0        8     4         build/nanos2/obj/sdk/lib_standard_app/io.o:(.bss..L_MergedGlobals)
da7a29d0 da7a29d0        8     1                 .L_MergedGlobals
da7a29d0 da7a29d0        1     1                 G_io_state
da7a29d4 da7a29d4        4     1                 G_output_len
da7a29d8 da7a29d8        c     4         build/nanos2/obj/sdk/lib_standard_app/main.o:(.bss.G_ux_params)
da7a29d8 da7a29d8        c     1                 G_ux_params
da7a29e4 da7a29e4       d4     4         build/nanos2/obj/sdk/lib_stusb/STM32_USB_Device_Library/Core/Src/usbd_core.o:(.bss.USBD_Device)
da7a29e4 da7a29e4       d4     1                 USBD_Device
da7a2ab8 da7a2ab8        4     4         build/nanos2/obj/sdk/lib_stusb/usbd_conf.o:(.bss.ep_in_stall)
da7a2ab8 da7a2ab8        4     1                 ep_in_stall
da7a2abc da7a2abc        4     4         build/nanos2/obj/sdk/lib_stusb/usbd_conf.o:(.bss.ep_out_stall)
da7a2abc da7a2abc        4     1                 ep_out_stall
da7a2ac0 da7a2ac0        4     4         build/nanos2/obj/sdk/lib_ux_nbgl/ux.o:(.bss.nbTicks)
da7a2ac0 da7a2ac0        4     1                 nbTicks
da7a2ac4 da7a2ac4      104     1         build/nanos2/obj/sdk/src/os.o:(.bss.G_io_apdu_buffer)
da7a2ac4 da7a2ac4      104     1                 G_io_apdu_buffer
da7a2bc8 da7a2bc8       1c     4         build/nanos2/obj/sdk/src/os_io_seproxyhal.o:(.bss.G_io_app)
da7a2bc8 da7a2bc8       1c     1                 G_io_app
da7a2be4 da7a2be4       40     1         build/nanos2/obj/sdk/src/os_io_usb.o:(.bss.G_io_usb_ep_buffer)
da7a2be4 da7a2be4       40     1                 G_io_usb_ep_buffer
da7a2c24 da7a2c24        4     4         build/nanos2/obj/sdk/src/os_io_usb.o:(.bss.G_io_usb_hid_sequence_number)
da7a2c24 da7a2c24        4     1                 G_io_usb_hid_sequence_number
da7a2c28 da7a2c28        4     4         build/nanos2/obj/sdk/src/os_io_usb.o:(.bss.G_io_usb_hid_total_length)
da7a2c28 da7a2c28        4     1                 G_io_usb_hid_total_length
da7a2c2c da7a2c2c        4     4         build/nanos2/obj/sdk/src/os_io_usb.o:(.bss.G_io_usb_hid_remaining_length)
da7a2c2c da7a2c2c        4     1                 G_io_usb_hid_remaining_length
da7a2c30 da7a2c30        4     4         build/nanos2/obj/sdk/src/os_io_usb.o:(.bss.G_io_usb_hid_current_buffer)
da7a2c30 da7a2c30        4     1                 G_io_usb_hid_current_buffer
da7a2c34 da7a2c34        4     4         build/nanos2/obj/sdk/src/os_io_usb.o:(.bss.G_io_usb_hid_channel)
da7a2c34 da7a2c34        4     1                 G_io_usb_hid_channel
da7a2c38 da7a2c38        0     1         _ebss = .
da7a2c38 da7a2c38        0     1         . = ALIGN ( 4 )
da7a2c38 da7a2c38        0     1         app_stack_canary = .
da7a2c38 da7a2c38        4     1         . += 4
da7a2c3c da7a2c3c        0     1         _stack = .
da7a2c3c da7a2c3c        0     1         _estack = ABSOLUTE ( END_STACK )
da7a2c3c da7a2c3c        0     1 
d0000000 d0000000       10     4 DEBUG
d0000000 d0000000       10     4         <internal>:(.ARM.exidx)
       0        0       37     1 .comment
       0        0       37     1         <internal>:(.comment)
       0        0      248     4 .debug_frame
       0        0       44     4         /opt/nanosplus-secure-sdk/arch/st33k1/lib/libgcc.a(_aeabi_ldivmod.o):(.debug_frame)
      44       44       2c     4         /opt/nanosplus-secure-sdk/arch/st33k1/lib/libgcc.a(_aeabi_uldivmod.o):(.debug_frame)
      70       70       38     4         /opt/nanosplus-secure-sdk/arch/st33k1/lib/libgcc.a(_udivmoddi4.o):(.debug_frame)
      a8       a8       20     4         /opt/nanosplus-secure-sdk/arch/st33k1/lib/libc.a(lib_a-aeabi_memclr.o):(.debug_frame)
      c8       c8       20     4         /opt/nanosplus-secure-sdk/arch/st33k1/lib/libc.a(lib_a-aeabi_memcpy.o):(.debug_frame)
      e8       e8       20     4         /opt/nanosplus-secure-sdk/arch/st33k1/lib/libc.a(lib_a-aeabi_memmove.o):(.debug_frame)
     108      108       20     4         /opt/nanosplus-secure-sdk/arch/st33k1/lib/libc.a(lib_a-aeabi_memset.o):(.debug_frame)
     128      128       20     4         /opt/nanosplus-secure-sdk/arch/st33k1/lib/libc.a(lib_a-explicit_bzero.o):(.debug_frame)
     148      148       20     4         /opt/nanosplus-secure-sdk/arch/st33k1/lib/libc.a(lib_a-bzero.o):(.debug_frame)
     168      168       28     4         /opt/nanosplus-secure-sdk/arch/st33k1/lib/libc.a(lib_a-memcmp.o):(.debug_frame)
     190      190       28     4         /opt/nanosplus-secure-sdk/arch/st33k1/lib/libc.a(lib_a-memcpy-stub.o):(.debug_frame)
     1b8      1b8       28     4         /opt/nanosplus-secure-sdk/arch/st33k1/lib/libc.a(lib_a-memmove.o):(.debug_frame)
     1e0      1e0       20     4         /opt/nanosplus-secure-sdk/arch/st33k1/lib/libc.a(lib_a-memset.o):(.debug_frame)
     200      200       20     4         /opt/nanosplus-secure-sdk/arch/st33k1/lib/libc.a(lib_a-strcmp.o):(.debug_frame)
     220      220       28     4         /opt/nanosplus-secure-sdk/arch/st33k1/lib/libc.a(lib_a-strncpy.o):(.debug_frame)
       0        0        6     1 ledger.target
       0        0        6     1         build/nanos2/obj/sdk/src/app_metadata.o:(ledger.target)
       0        0        6     1                 target
       0        0        d     1 ledger.target_name
       0        0        d     1         build/nanos2/obj/sdk/src/app_metadata.o:(ledger.target_name)
       0        0        d     1                 target_name
       0        0        a     1 ledger.target_id
       0        0        a     1         build/nanos2/obj/sdk/src/app_metadata.o:(ledger.target_id)
       0        0        a     1                 target_id
       0        0        7     1 ledger.app_name
       0        0        7     1         build/nanos2/obj/sdk/src/app_metadata.o:(ledger.app_name)
       0        0        7     1                 app_name
       0        0        5     1 ledger.app_version
       0        0        5     1         build/nanos2/obj/sdk/src/app_metadata.o:(ledger.app_version)
       0        0        5     1                 app_version
       0        0        2     1 ledger.api_level
       0        0        2     1         build/nanos2/obj/sdk/src/app_metadata.o:(ledger.api_level)
       0        0        2     1                 api_level
       0        0       11     1 ledger.sdk_name
       0        0       11     1         build/nanos2/obj/sdk/src/app_metadata.o:(ledger.sdk_name)
       0        0       11     1                 sdk_name
       0        0        8     1 ledger.sdk_version
       0        0        8     1         build/nanos2/obj/sdk/src/app_metadata.o:(ledger.sdk_version)
       0        0        8     1                 sdk_version
       0        0       28     1 ledger.sdk_hash
       0        0       28     1         build/nanos2/obj/sdk/src/app_metadata.o:(ledger.sdk_hash)
       0        0       28     1                 sdk_hash
       0        0        4     1 ledger.sdk_graphics
       0        0        4     1         build/nanos2/obj/sdk/src/app_metadata.o:(ledger.sdk_graphics)
       0        0        4     1                 sdk_graphics
d0000010 d0000010        0     1 PROVIDE ( _nvram = ABSOLUTE ( _nvram_start ) )
d0000010 d0000010        0     1 PROVIDE ( _envram = ABSOLUTE ( _nvram_end ) )
       0        0       45     1 .ARM.attributes
       0        0       45     1         build/nanos2/gen_src/glyphs.o:(.ARM.attributes)
       0        0     6420     4 .symtab
       0        0     6420     4         <internal>:(.symtab)
       0        0      105     1 .shstrtab
       0        0      105     1         <internal>:(.shstrtab)
       0        0     4cb4     1 .strtab
       0        0     4cb4     1         <internal>:(.strtab)
