     VMA      LMA     Size Align Out     In      Symbol
       0        0        0     1 PAGE_SIZE = 512
       0        0        0     1 STACK_MIN_SIZE = DEFINED ( stack_min_size ) ? stack_min_size : 1500
       0        0        0     1 END_STACK = ORIGIN ( SRAM ) + LENGTH ( SRAM )
c0de0000 c0de0000     e83f     8 .text
c0de0000 c0de0000        0     1         _text = .
c0de0000 c0de0000        0     1         _nvram_start = .
c0de0000 c0de0000       14     2         build/nanos2/obj/sdk/lib_standard_app/main.o:(.boot)
c0de0000 c0de0000        0     1                 $t.3
c0de0001 c0de0001       14     1                 main
c0de0014 c0de0014        0     1         _code = .
c0de0014 c0de0014       4a     2         build/nanos2/obj/app/src/address.o:(.text.address_from_pubkey)
c0de0014 c0de0014        0     1                 $t.0
c0de0015 c0de0015       4a     1                 address_from_pubkey
c0de005e c0de005e      22e     2         build/nanos2/obj/app/src/apdu/dispatcher.o:(.text.apdu_dispatcher)
c0de005e c0de005e        0     1                 $t.0
c0de005f c0de005f      22e     1                 apdu_dispatcher
c0de028c c0de028c        a     2         build/nanos2/obj/app/src/apdu/dispatcher.o:(.text.io_send_sw)
c0de028c c0de028c        0     1                 $t.1
c0de028d c0de028d        a     1                 io_send_sw
c0de0296 c0de0296        8     2         build/nanos2/obj/app/src/apdu/dispatcher.o:(.text.OUTLINED_FUNCTION_0)
c0de0296 c0de0296        0     1                 $t.2
c0de0297 c0de0297        8     1                 OUTLINED_FUNCTION_0
c0de02a0 c0de02a0       88     4         build/nanos2/obj/app/src/app_main.o:(.text.app_main)
c0de02a0 c0de02a0        0     1                 $t.0
c0de02a1 c0de02a1       88     1                 app_main
c0de0318 c0de0318        0     1                 $d.1
c0de0328 c0de0328       28     4         build/nanos2/obj/app/src/handler/get_app_name.o:(.text.handler_get_app_name)
c0de0328 c0de0328        0     1                 $t.0
c0de0329 c0de0329       28     1                 handler_get_app_name
c0de034c c0de034c        0     1                 $d.1
c0de0350 c0de0350       98     4         build/nanos2/obj/app/src/handler/get_public_key.o:(.text.handler_get_public_key)
c0de0350 c0de0350        0     1                 $t.0
c0de0351 c0de0351       98     1                 handler_get_public_key
c0de03e4 c0de03e4        0     1                 $d.1
c0de03e8 c0de03e8        a     2         build/nanos2/obj/app/src/handler/get_public_key.o:(.text.io_send_sw)
c0de03e8 c0de03e8        0     1                 $t.2
c0de03e9 c0de03e9        a     1                 io_send_sw
c0de03f2 c0de03f2       2e     2         build/nanos2/obj/app/src/handler/get_version.o:(.text.handler_get_version)
c0de03f2 c0de03f2        0     1                 $t.0
c0de03f3 c0de03f3       2e     1                 handler_get_version
c0de0420 c0de0420      128     4         build/nanos2/obj/app/src/handler/sign_tx.o:(.text.handler_sign_tx)
c0de0420 c0de0420        0     1                 $t.0
c0de0421 c0de0421      128     1                 handler_sign_tx
c0de0540 c0de0540        0     1                 $d.1
c0de0548 c0de0548        a     2         build/nanos2/obj/app/src/handler/sign_tx.o:(.text.io_send_sw)
c0de0548 c0de0548        0     1                 $t.2
c0de0549 c0de0549        a     1                 io_send_sw
c0de0552 c0de0552       10     2         build/nanos2/obj/app/src/handler/zkn_magicbox.o:(.text.handler_cmd_dummy)
c0de0552 c0de0552        0     1                 $t.0
c0de0553 c0de0553       10     1                 handler_cmd_dummy
c0de0562 c0de0562       16     2         build/nanos2/obj/app/src/handler/zkn_magicbox.o:(.text.io_send_response_pointer)
c0de0562 c0de0562        0     1                 $t.1
c0de0563 c0de0563       16     1                 io_send_response_pointer
c0de0578 c0de0578        a     2         build/nanos2/obj/app/src/handler/zkn_magicbox.o:(.text.io_send_sw)
c0de0578 c0de0578        0     1                 $t.2
c0de0579 c0de0579        a     1                 io_send_sw
c0de0582 c0de0582       30     2         build/nanos2/obj/app/src/handler/zkn_magicbox.o:(.text.handler_cmd_keccakH)
c0de0582 c0de0582        0     1                 $t.3
c0de0583 c0de0583       30     1                 handler_cmd_keccakH
c0de05b4 c0de05b4       70     4         build/nanos2/obj/app/src/handler/zkn_magicbox.o:(.text.handler_cmd_keccak_prng)
c0de05b4 c0de05b4        0     1                 $t.4
c0de05b5 c0de05b5       70     1                 handler_cmd_keccak_prng
c0de0620 c0de0620        0     1                 $d.5
c0de0624 c0de0624       1e     2         build/nanos2/obj/app/src/handler/zkn_magicbox.o:(.text.handler_cmd_sample_in_ball)
c0de0624 c0de0624        0     1                 $t.6
c0de0625 c0de0625       1e     1                 handler_cmd_sample_in_ball
c0de0642 c0de0642       28     2         build/nanos2/obj/app/src/handler/zkn_magicbox.o:(.text.handler_cmd_keygen_core_dilithium)
c0de0642 c0de0642        0     1                 $t.7
c0de0643 c0de0643       28     1                 handler_cmd_keygen_core_dilithium
c0de066a c0de066a       26     2         build/nanos2/obj/app/src/handler/zkn_magicbox.o:(.text.handler_cmd_keygen_dilithium)
c0de066a c0de066a        0     1                 $t.8
c0de066b c0de066b       26     1                 handler_cmd_keygen_dilithium
c0de0690 c0de0690       d0     4         build/nanos2/obj/app/src/handler/zkn_magicbox.o:(.text.handler_cmd_sign_dilithium)
c0de0690 c0de0690        0     1                 $t.9
c0de0691 c0de0691       d0     1                 handler_cmd_sign_dilithium
c0de0758 c0de0758        0     1                 $d.10
c0de0760 c0de0760       44     4         build/nanos2/obj/app/src/handler/zkn_magicbox.o:(.text.handler_cmd_verify_dilithium)
c0de0760 c0de0760        0     1                 $t.11
c0de0761 c0de0761       44     1                 handler_cmd_verify_dilithium
c0de079c c0de079c        0     1                 $d.12
c0de07a4 c0de07a4       20     4         build/nanos2/obj/app/src/handler/zkn_magicbox.o:(.text.handler_cmd_get_sig_chunk)
c0de07a4 c0de07a4        0     1                 $t.13
c0de07a5 c0de07a5       20     1                 handler_cmd_get_sig_chunk
c0de07c0 c0de07c0        0     1                 $d.14
c0de07c4 c0de07c4       20     4         build/nanos2/obj/app/src/handler/zkn_magicbox.o:(.text.handler_cmd_get_pk_chunk)
c0de07c4 c0de07c4        0     1                 $t.15
c0de07c5 c0de07c5       20     1                 handler_cmd_get_pk_chunk
c0de07e0 c0de07e0        0     1                 $d.16
c0de07e4 c0de07e4       5c     4         build/nanos2/obj/app/src/handler/zkn_magicbox.o:(.text.handler_cmd_Poseidon_ithRC)
c0de07e4 c0de07e4        0     1                 $t.17
c0de07e5 c0de07e5       5c     1                 handler_cmd_Poseidon_ithRC
c0de083c c0de083c        0     1                 $d.18
c0de0840 c0de0840      174     4         build/nanos2/obj/app/src/handler/zkn_magicbox.o:(.text.handler_cmd_tEdwards)
c0de0840 c0de0840        0     1                 $t.19
c0de0841 c0de0841      174     1                 handler_cmd_tEdwards
c0de09a4 c0de09a4        0     1                 $d.20
c0de09b4 c0de09b4        8     2         build/nanos2/obj/app/src/handler/zkn_magicbox.o:(.text.OUTLINED_FUNCTION_0)
c0de09b4 c0de09b4        0     1                 $t.21
c0de09b5 c0de09b5        8     1                 OUTLINED_FUNCTION_0
c0de09bc c0de09bc        8     2         build/nanos2/obj/app/src/handler/zkn_magicbox.o:(.text.OUTLINED_FUNCTION_1)
c0de09bc c0de09bc        0     1                 $t.22
c0de09bd c0de09bd        8     1                 OUTLINED_FUNCTION_1
c0de09c4 c0de09c4        8     2         build/nanos2/obj/app/src/handler/zkn_magicbox.o:(.text.OUTLINED_FUNCTION_2)
c0de09c4 c0de09c4        0     1                 $t.23
c0de09c5 c0de09c5        8     1                 OUTLINED_FUNCTION_2
c0de09cc c0de09cc       44     4         build/nanos2/obj/app/src/helper/send_reponse.o:(.text.helper_send_response_pubkey)
c0de09cc c0de09cc        0     1                 $t.0
c0de09cd c0de09cd       44     1                 helper_send_response_pubkey
c0de0a0c c0de0a0c        0     1                 $d.1
c0de0a10 c0de0a10       18     2         build/nanos2/obj/app/src/helper/send_reponse.o:(.text.io_send_response_pointer)
c0de0a10 c0de0a10        0     1                 $t.2
c0de0a11 c0de0a11       18     1                 io_send_response_pointer
c0de0a28 c0de0a28       44     4         build/nanos2/obj/app/src/helper/send_reponse.o:(.text.helper_send_response_sig)
c0de0a28 c0de0a28        0     1                 $t.3
c0de0a29 c0de0a29       44     1                 helper_send_response_sig
c0de0a68 c0de0a68        0     1                 $d.4
c0de0a6c c0de0a6c       be     2         build/nanos2/obj/app/src/transaction/deserialize.o:(.text.transaction_deserialize)
c0de0a6c c0de0a6c        0     1                 $t.0
c0de0a6d c0de0a6d       be     1                 transaction_deserialize
c0de0b2a c0de0b2a       3a     2         build/nanos2/obj/app/src/transaction/utils.o:(.text.transaction_utils_check_encoding)
c0de0b2a c0de0b2a        0     1                 $t.0
c0de0b2b c0de0b2b       3a     1                 transaction_utils_check_encoding
c0de0b64 c0de0b64        e     2         build/nanos2/obj/app/src/ui/action/validate.o:(.text.validate_pubkey)
c0de0b64 c0de0b64        0     1                 $t.0
c0de0b65 c0de0b65        e     1                 validate_pubkey
c0de0b72 c0de0b72        a     2         build/nanos2/obj/app/src/ui/action/validate.o:(.text.io_send_sw)
c0de0b72 c0de0b72        0     1                 $t.1
c0de0b73 c0de0b73        a     1                 io_send_sw
c0de0b7c c0de0b7c       a4     4         build/nanos2/obj/app/src/ui/action/validate.o:(.text.validate_transaction)
c0de0b7c c0de0b7c        0     1                 $t.2
c0de0b7d c0de0b7d       a4     1                 validate_transaction
c0de0c1c c0de0c1c        0     1                 $d.3
c0de0c20 c0de0c20        6     2         build/nanos2/obj/app/src/ui/menu_nbgl.o:(.text.app_quit)
c0de0c20 c0de0c20        0     1                 $t.0
c0de0c21 c0de0c21        6     1                 app_quit
c0de0c28 c0de0c28       90     4         build/nanos2/obj/app/src/ui/menu_nbgl.o:(.text.ui_menu_main)
c0de0c28 c0de0c28        0     1                 $t.1
c0de0c29 c0de0c29       90     1                 ui_menu_main
c0de0c8c c0de0c8c        0     1                 $d.2
c0de0cb8 c0de0cb8       b4     4         build/nanos2/obj/app/src/ui/menu_nbgl.o:(.text.controls_callback)
c0de0cb8 c0de0cb8        0     1                 $t.3
c0de0cb9 c0de0cb9       b4     1                 controls_callback
c0de0d44 c0de0d44        0     1                 $d.4
c0de0d6c c0de0d6c       7c     4         build/nanos2/obj/app/src/ui/menu_nbgl.o:(.text.review_warning_choice)
c0de0d6c c0de0d6c        0     1                 $t.5
c0de0d6d c0de0d6d       7c     1                 review_warning_choice
c0de0dcc c0de0dcc        0     1                 $d.6
c0de0de8 c0de0de8        6     2         build/nanos2/obj/app/src/ui/menu_nbgl.o:(.text.OUTLINED_FUNCTION_0)
c0de0de8 c0de0de8        0     1                 $t.7
c0de0de9 c0de0de9        6     1                 OUTLINED_FUNCTION_0
c0de0df0 c0de0df0       a4     4         build/nanos2/obj/app/src/ui/nbgl_display_address.o:(.text.ui_display_address)
c0de0df0 c0de0df0        0     1                 $t.0
c0de0df1 c0de0df1       a4     1                 ui_display_address
c0de0e80 c0de0e80        0     1                 $d.1
c0de0e94 c0de0e94        a     2         build/nanos2/obj/app/src/ui/nbgl_display_address.o:(.text.io_send_sw)
c0de0e94 c0de0e94        0     1                 $t.2
c0de0e95 c0de0e95        a     1                 io_send_sw
c0de0ea0 c0de0ea0       20     4         build/nanos2/obj/app/src/ui/nbgl_display_address.o:(.text.review_choice)
c0de0ea0 c0de0ea0        0     1                 $t.3
c0de0ea1 c0de0ea1       20     1                 review_choice
c0de0ebc c0de0ebc        0     1                 $d.4
c0de0ec0 c0de0ec0      13c     4         build/nanos2/obj/app/src/ui/nbgl_display_transaction.o:(.text.ui_display_transaction_bs_choice)
c0de0ec0 c0de0ec0        0     1                 $t.0
c0de0ec1 c0de0ec1      13c     1                 ui_display_transaction_bs_choice
c0de0fd4 c0de0fd4        0     1                 $d.1
c0de0ffc c0de0ffc        a     2         build/nanos2/obj/app/src/ui/nbgl_display_transaction.o:(.text.io_send_sw)
c0de0ffc c0de0ffc        0     1                 $t.2
c0de0ffd c0de0ffd        a     1                 io_send_sw
c0de1008 c0de1008       1c     4         build/nanos2/obj/app/src/ui/nbgl_display_transaction.o:(.text.review_choice)
c0de1008 c0de1008        0     1                 $t.3
c0de1009 c0de1009       1c     1                 review_choice
c0de1020 c0de1020        0     1                 $d.4
c0de1024 c0de1024        6     2         build/nanos2/obj/app/src/ui/nbgl_display_transaction.o:(.text.ui_display_blind_signed_transaction)
c0de1024 c0de1024        0     1                 $t.5
c0de1025 c0de1025        6     1                 ui_display_blind_signed_transaction
c0de102a c0de102a        6     2         build/nanos2/obj/app/src/ui/nbgl_display_transaction.o:(.text.ui_display_transaction)
c0de102a c0de102a        0     1                 $t.6
c0de102b c0de102b        6     1                 ui_display_transaction
c0de1030 c0de1030       10     2         build/nanos2/obj/app/src/zknox/dilithium/fips202.o:(.text.pqcrystals_dilithium_fips202_ref_shake128_init)
c0de1030 c0de1030        0     1                 $t.0
c0de1031 c0de1031       10     1                 pqcrystals_dilithium_fips202_ref_shake128_init
c0de1040 c0de1040       14     2         build/nanos2/obj/app/src/zknox/dilithium/fips202.o:(.text.keccak_init)
c0de1040 c0de1040        0     1                 $t.1
c0de1041 c0de1041       14     1                 keccak_init
c0de1054 c0de1054       16     2         build/nanos2/obj/app/src/zknox/dilithium/fips202.o:(.text.pqcrystals_dilithium_fips202_ref_shake128_absorb)
c0de1054 c0de1054        0     1                 $t.2
c0de1055 c0de1055       16     1                 pqcrystals_dilithium_fips202_ref_shake128_absorb
c0de106a c0de106a       7c     2         build/nanos2/obj/app/src/zknox/dilithium/fips202.o:(.text.keccak_absorb)
c0de106a c0de106a        0     1                 $t.3
c0de106b c0de106b       7c     1                 keccak_absorb
c0de10e6 c0de10e6       16     2         build/nanos2/obj/app/src/zknox/dilithium/fips202.o:(.text.pqcrystals_dilithium_fips202_ref_shake128_finalize)
c0de10e6 c0de10e6        0     1                 $t.4
c0de10e7 c0de10e7       16     1                 pqcrystals_dilithium_fips202_ref_shake128_finalize
c0de10fc c0de10fc       32     2         build/nanos2/obj/app/src/zknox/dilithium/fips202.o:(.text.keccak_finalize)
c0de10fc c0de10fc        0     1                 $t.5
c0de10fd c0de10fd       32     1                 keccak_finalize
c0de112e c0de112e       16     2         build/nanos2/obj/app/src/zknox/dilithium/fips202.o:(.text.pqcrystals_dilithium_fips202_ref_shake128_squeeze)
c0de112e c0de112e        0     1                 $t.6
c0de112f c0de112f       16     1                 pqcrystals_dilithium_fips202_ref_shake128_squeeze
c0de1144 c0de1144       52     2         build/nanos2/obj/app/src/zknox/dilithium/fips202.o:(.text.keccak_squeeze)
c0de1144 c0de1144        0     1                 $t.7
c0de1145 c0de1145       52     1                 keccak_squeeze
c0de1196 c0de1196       e8     2         build/nanos2/obj/app/src/zknox/dilithium/fips202.o:(.text.keccak_absorb_once)
c0de1196 c0de1196        0     1                 $t.9
c0de1197 c0de1197       e8     1                 keccak_absorb_once
c0de127e c0de127e        6     2         build/nanos2/obj/app/src/zknox/dilithium/fips202.o:(.text.pqcrystals_dilithium_fips202_ref_shake128_squeezeblocks)
c0de127e c0de127e        0     1                 $t.10
c0de127f c0de127f        6     1                 pqcrystals_dilithium_fips202_ref_shake128_squeezeblocks
c0de1284 c0de1284       40     2         build/nanos2/obj/app/src/zknox/dilithium/fips202.o:(.text.keccak_squeezeblocks)
c0de1284 c0de1284        0     1                 $t.11
c0de1285 c0de1285       40     1                 keccak_squeezeblocks
c0de12c4 c0de12c4       10     2         build/nanos2/obj/app/src/zknox/dilithium/fips202.o:(.text.pqcrystals_dilithium_fips202_ref_shake256_init)
c0de12c4 c0de12c4        0     1                 $t.12
c0de12c5 c0de12c5       10     1                 pqcrystals_dilithium_fips202_ref_shake256_init
c0de12d4 c0de12d4       16     2         build/nanos2/obj/app/src/zknox/dilithium/fips202.o:(.text.pqcrystals_dilithium_fips202_ref_shake256_absorb)
c0de12d4 c0de12d4        0     1                 $t.13
c0de12d5 c0de12d5       16     1                 pqcrystals_dilithium_fips202_ref_shake256_absorb
c0de12ea c0de12ea       16     2         build/nanos2/obj/app/src/zknox/dilithium/fips202.o:(.text.pqcrystals_dilithium_fips202_ref_shake256_finalize)
c0de12ea c0de12ea        0     1                 $t.14
c0de12eb c0de12eb       16     1                 pqcrystals_dilithium_fips202_ref_shake256_finalize
c0de1300 c0de1300       16     2         build/nanos2/obj/app/src/zknox/dilithium/fips202.o:(.text.pqcrystals_dilithium_fips202_ref_shake256_squeeze)
c0de1300 c0de1300        0     1                 $t.15
c0de1301 c0de1301       16     1                 pqcrystals_dilithium_fips202_ref_shake256_squeeze
c0de1316 c0de1316       1c     2         build/nanos2/obj/app/src/zknox/dilithium/fips202.o:(.text.pqcrystals_dilithium_fips202_ref_shake256_absorb_once)
c0de1316 c0de1316        0     1                 $t.16
c0de1317 c0de1317       1c     1                 pqcrystals_dilithium_fips202_ref_shake256_absorb_once
c0de1332 c0de1332        6     2         build/nanos2/obj/app/src/zknox/dilithium/fips202.o:(.text.pqcrystals_dilithium_fips202_ref_shake256_squeezeblocks)
c0de1332 c0de1332        0     1                 $t.17
c0de1333 c0de1333        6     1                 pqcrystals_dilithium_fips202_ref_shake256_squeezeblocks
c0de1338 c0de1338       3a     2         build/nanos2/obj/app/src/zknox/dilithium/fips202.o:(.text.pqcrystals_dilithium_fips202_ref_shake256)
c0de1338 c0de1338        0     1                 $t.19
c0de1339 c0de1339       3a     1                 pqcrystals_dilithium_fips202_ref_shake256
c0de1374 c0de1374      e9a     4         build/nanos2/obj/app/src/zknox/dilithium/fips202.o:(.text.KeccakF1600_StatePermute)
c0de1374 c0de1374        0     1                 $t.21
c0de1375 c0de1375      e9a     1                 KeccakF1600_StatePermute
c0de146c c0de146c        0     1                 $d.22
c0de1470 c0de1470        0     1                 $t.23
c0de220e c0de220e       22     2         build/nanos2/obj/app/src/zknox/dilithium/fips202.o:(.text.store64)
c0de220e c0de220e        0     1                 $t.24
c0de220f c0de220f       22     1                 store64
c0de2230 c0de2230       10     2         build/nanos2/obj/app/src/zknox/dilithium/fips202.o:(.text.OUTLINED_FUNCTION_0)
c0de2230 c0de2230        0     1                 $t.26
c0de2231 c0de2231       10     1                 OUTLINED_FUNCTION_0
c0de2240 c0de2240       10     2         build/nanos2/obj/app/src/zknox/dilithium/fips202.o:(.text.OUTLINED_FUNCTION_2)
c0de2240 c0de2240        0     1                 $t.28
c0de2241 c0de2241       10     1                 OUTLINED_FUNCTION_2
c0de2250 c0de2250        6     2         build/nanos2/obj/app/src/zknox/dilithium/fips202.o:(.text.OUTLINED_FUNCTION_3)
c0de2250 c0de2250        0     1                 $t.29
c0de2251 c0de2251        6     1                 OUTLINED_FUNCTION_3
c0de2256 c0de2256        8     2         build/nanos2/obj/app/src/zknox/dilithium/keccak256.o:(.text.keccak_init)
c0de2256 c0de2256        0     1                 $t.1
c0de2257 c0de2257        8     1                 keccak_init
c0de225e c0de225e        4     2         build/nanos2/obj/app/src/zknox/dilithium/keccak256.o:(.text.keccak_update)
c0de225e c0de225e        0     1                 $t.2
c0de225f c0de225f        4     1                 keccak_update
c0de2262 c0de2262        4     2         build/nanos2/obj/app/src/zknox/dilithium/keccak256.o:(.text.keccak_final)
c0de2262 c0de2262        0     1                 $t.3
c0de2263 c0de2263        4     1                 keccak_final
c0de2266 c0de2266       22     2         build/nanos2/obj/app/src/zknox/dilithium/keccak_prng.o:(.text.inner_keccak256_init)
c0de2266 c0de2266        0     1                 $t.0
c0de2267 c0de2267       22     1                 inner_keccak256_init
c0de2288 c0de2288       24     2         build/nanos2/obj/app/src/zknox/dilithium/keccak_prng.o:(.text.inner_keccak256_inject)
c0de2288 c0de2288        0     1                 $t.1
c0de2289 c0de2289       24     1                 inner_keccak256_inject
c0de22ac c0de22ac       2c     2         build/nanos2/obj/app/src/zknox/dilithium/keccak_prng.o:(.text.inner_keccak256_flip)
c0de22ac c0de22ac        0     1                 $t.2
c0de22ad c0de22ad       2c     1                 inner_keccak256_flip
c0de22d8 c0de22d8      108     2         build/nanos2/obj/app/src/zknox/dilithium/keccak_prng.o:(.text.inner_keccak256_extract)
c0de22d8 c0de22d8        0     1                 $t.3
c0de22d9 c0de22d9      108     1                 inner_keccak256_extract
c0de23e0 c0de23e0       2c     2         build/nanos2/obj/app/src/zknox/dilithium/lowram.o:(.text.pqcrystals_dilithium2_lowram_pack_sig_h)
c0de23e0 c0de23e0        0     1                 $t.3
c0de23e1 c0de23e1       2c     1                 pqcrystals_dilithium2_lowram_pack_sig_h
c0de240c c0de240c       18     2         build/nanos2/obj/app/src/zknox/dilithium/lowram.o:(.text.pqcrystals_dilithium2_lowram_pack_sig_h_zero)
c0de240c c0de240c        0     1                 $t.4
c0de240d c0de240d       18     1                 pqcrystals_dilithium2_lowram_pack_sig_h_zero
c0de2424 c0de2424       6a     2         build/nanos2/obj/app/src/zknox/dilithium/lowram.o:(.text.poly_challenge_compress)
c0de2424 c0de2424        0     1                 $t.8
c0de2425 c0de2425       6a     1                 poly_challenge_compress
c0de248e c0de248e       64     2         build/nanos2/obj/app/src/zknox/dilithium/lowram.o:(.text.poly_challenge_decompress)
c0de248e c0de248e        0     1                 $t.9
c0de248f c0de248f       64     1                 poly_challenge_decompress
c0de24f2 c0de24f2       f4     2         build/nanos2/obj/app/src/zknox/dilithium/lowram.o:(.text.poly_schoolbook)
c0de24f2 c0de24f2        0     1                 $t.10
c0de24f3 c0de24f3       f4     1                 poly_schoolbook
c0de25e6 c0de25e6       96     2         build/nanos2/obj/app/src/zknox/dilithium/lowram.o:(.text.polyt0_unpack_idx)
c0de25e6 c0de25e6        0     1                 $t.11
c0de25e7 c0de25e7       96     1                 polyt0_unpack_idx
c0de267c c0de267c      108     4         build/nanos2/obj/app/src/zknox/dilithium/lowram.o:(.text.poly_schoolbook_t1)
c0de267c c0de267c        0     1                 $t.12
c0de267d c0de267d      108     1                 poly_schoolbook_t1
c0de2780 c0de2780        0     1                 $d.13
c0de2784 c0de2784       46     2         build/nanos2/obj/app/src/zknox/dilithium/lowram.o:(.text.polyt1_unpack_idx)
c0de2784 c0de2784        0     1                 $t.14
c0de2785 c0de2785       46     1                 polyt1_unpack_idx
c0de27ca c0de27ca       3c     2         build/nanos2/obj/app/src/zknox/dilithium/lowram.o:(.text.polyw_pack)
c0de27ca c0de27ca        0     1                 $t.15
c0de27cb c0de27cb       3c     1                 polyw_pack
c0de2806 c0de2806       30     2         build/nanos2/obj/app/src/zknox/dilithium/lowram.o:(.text.polyw_unpack)
c0de2806 c0de2806        0     1                 $t.16
c0de2807 c0de2807       30     1                 polyw_unpack
c0de2836 c0de2836       30     2         build/nanos2/obj/app/src/zknox/dilithium/lowram.o:(.text.polyw_sub)
c0de2836 c0de2836        0     1                 $t.17
c0de2837 c0de2837       30     1                 polyw_sub
c0de2866 c0de2866       30     2         build/nanos2/obj/app/src/zknox/dilithium/lowram.o:(.text.poly_highbits)
c0de2866 c0de2866        0     1                 $t.18
c0de2867 c0de2867       30     1                 poly_highbits
c0de2898 c0de2898       60     4         build/nanos2/obj/app/src/zknox/dilithium/lowram.o:(.text.poly_lowbits)
c0de2898 c0de2898        0     1                 $t.19
c0de2899 c0de2899       60     1                 poly_lowbits
c0de28ec c0de28ec        0     1                 $d.20
c0de28f8 c0de28f8        e     2         build/nanos2/obj/app/src/zknox/dilithium/lowram.o:(.text.unpack_sk_s1)
c0de28f8 c0de28f8        0     1                 $t.21
c0de28f9 c0de28f9        e     1                 unpack_sk_s1
c0de2906 c0de2906       10     2         build/nanos2/obj/app/src/zknox/dilithium/lowram.o:(.text.unpack_sk_s2)
c0de2906 c0de2906        0     1                 $t.22
c0de2907 c0de2907       10     1                 unpack_sk_s2
c0de2918 c0de2918       5c     4         build/nanos2/obj/app/src/zknox/dilithium/lowram.o:(.text.poly_uniform_pointwise_montgomery_polywadd_lowram)
c0de2918 c0de2918        0     1                 $t.23
c0de2919 c0de2919       5c     1                 poly_uniform_pointwise_montgomery_polywadd_lowram
c0de2970 c0de2970        0     1                 $d.24
c0de2974 c0de2974       2a     2         build/nanos2/obj/app/src/zknox/dilithium/lowram.o:(.text.polyw_add_idx)
c0de2974 c0de2974        0     1                 $t.25
c0de2975 c0de2975       2a     1                 polyw_add_idx
c0de299e c0de299e       42     2         build/nanos2/obj/app/src/zknox/dilithium/lowram.o:(.text.poly_uniform_gamma1_lowram)
c0de299e c0de299e        0     1                 $t.28
c0de299f c0de299f       42     1                 poly_uniform_gamma1_lowram
c0de29e0 c0de29e0       58     2         build/nanos2/obj/app/src/zknox/dilithium/lowram.o:(.text.polyz_unpack_inplace)
c0de29e0 c0de29e0        0     1                 $t.29
c0de29e1 c0de29e1       58     1                 polyz_unpack_inplace
c0de2a38 c0de2a38       46     2         build/nanos2/obj/app/src/zknox/dilithium/lowram.o:(.text.poly_uniform_gamma1_add_lowram)
c0de2a38 c0de2a38        0     1                 $t.31
c0de2a39 c0de2a39       46     1                 poly_uniform_gamma1_add_lowram
c0de2a80 c0de2a80       74     4         build/nanos2/obj/app/src/zknox/dilithium/lowram.o:(.text.poly_make_hint_lowram)
c0de2a80 c0de2a80        0     1                 $t.33
c0de2a81 c0de2a81       74     1                 poly_make_hint_lowram
c0de2af0 c0de2af0        0     1                 $d.34
c0de2af4 c0de2af4       7c     2         build/nanos2/obj/app/src/zknox/dilithium/lowram.o:(.text.unpack_sig_h_indices)
c0de2af4 c0de2af4        0     1                 $t.35
c0de2af5 c0de2af5       7c     1                 unpack_sig_h_indices
c0de2b70 c0de2b70       3e     2         build/nanos2/obj/app/src/zknox/dilithium/lowram.o:(.text.poly_use_hint_lowram)
c0de2b70 c0de2b70        0     1                 $t.36
c0de2b71 c0de2b71       3e     1                 poly_use_hint_lowram
c0de2bae c0de2bae       10     2         build/nanos2/obj/app/src/zknox/dilithium/lowram.o:(.text.pack_pk_rho)
c0de2bae c0de2bae        0     1                 $t.37
c0de2baf c0de2baf       10     1                 pack_pk_rho
c0de2bbe c0de2bbe        e     2         build/nanos2/obj/app/src/zknox/dilithium/lowram.o:(.text.pack_pk_t1)
c0de2bbe c0de2bbe        0     1                 $t.38
c0de2bbf c0de2bbf        e     1                 pack_pk_t1
c0de2bcc c0de2bcc        e     2         build/nanos2/obj/app/src/zknox/dilithium/lowram.o:(.text.pack_sk_s1)
c0de2bcc c0de2bcc        0     1                 $t.39
c0de2bcd c0de2bcd        e     1                 pack_sk_s1
c0de2bda c0de2bda       10     2         build/nanos2/obj/app/src/zknox/dilithium/lowram.o:(.text.pack_sk_s2)
c0de2bda c0de2bda        0     1                 $t.40
c0de2bdb c0de2bdb       10     1                 pack_sk_s2
c0de2bea c0de2bea       10     2         build/nanos2/obj/app/src/zknox/dilithium/lowram.o:(.text.pack_sk_t0)
c0de2bea c0de2bea        0     1                 $t.41
c0de2beb c0de2beb       10     1                 pack_sk_t0
c0de2bfa c0de2bfa       10     2         build/nanos2/obj/app/src/zknox/dilithium/lowram.o:(.text.pack_sk_rho)
c0de2bfa c0de2bfa        0     1                 $t.42
c0de2bfb c0de2bfb       10     1                 pack_sk_rho
c0de2c0a c0de2c0a       12     2         build/nanos2/obj/app/src/zknox/dilithium/lowram.o:(.text.pack_sk_key)
c0de2c0a c0de2c0a        0     1                 $t.43
c0de2c0b c0de2c0b       12     1                 pack_sk_key
c0de2c1c c0de2c1c       12     2         build/nanos2/obj/app/src/zknox/dilithium/lowram.o:(.text.pack_sk_tr)
c0de2c1c c0de2c1c        0     1                 $t.44
c0de2c1d c0de2c1d       12     1                 pack_sk_tr
c0de2c2e c0de2c2e       b2     2         build/nanos2/obj/app/src/zknox/dilithium/lowram.o:(.text.poly_challenge_lowram)
c0de2c2e c0de2c2e        0     1                 $t.45
c0de2c2f c0de2c2f       b2     1                 poly_challenge_lowram
c0de2ce0 c0de2ce0       2c     2         build/nanos2/obj/app/src/zknox/dilithium/lowram.o:(.text.pqcrystals_dilithium2_lowram_poly_pointwise_acc_montgomery)
c0de2ce0 c0de2ce0        0     1                 $t.46
c0de2ce1 c0de2ce1       2c     1                 pqcrystals_dilithium2_lowram_poly_pointwise_acc_montgomery
c0de2d0c c0de2d0c       18     2         build/nanos2/obj/app/src/zknox/dilithium/lowram.o:(.text.OUTLINED_FUNCTION_0)
c0de2d0c c0de2d0c        0     1                 $t.47
c0de2d0d c0de2d0d       18     1                 OUTLINED_FUNCTION_0
c0de2d24 c0de2d24       12     2         build/nanos2/obj/app/src/zknox/dilithium/lowram.o:(.text.OUTLINED_FUNCTION_1)
c0de2d24 c0de2d24        0     1                 $t.48
c0de2d25 c0de2d25       12     1                 OUTLINED_FUNCTION_1
c0de2d36 c0de2d36        c     2         build/nanos2/obj/app/src/zknox/dilithium/lowram.o:(.text.OUTLINED_FUNCTION_2)
c0de2d36 c0de2d36        0     1                 $t.49
c0de2d37 c0de2d37        c     1                 OUTLINED_FUNCTION_2
c0de2d42 c0de2d42        8     2         build/nanos2/obj/app/src/zknox/dilithium/lowram.o:(.text.OUTLINED_FUNCTION_3)
c0de2d42 c0de2d42        0     1                 $t.50
c0de2d43 c0de2d43        8     1                 OUTLINED_FUNCTION_3
c0de2d4a c0de2d4a        a     2         build/nanos2/obj/app/src/zknox/dilithium/lowram.o:(.text.OUTLINED_FUNCTION_4)
c0de2d4a c0de2d4a        0     1                 $t.51
c0de2d4b c0de2d4b        a     1                 OUTLINED_FUNCTION_4
c0de2d54 c0de2d54       68     4         build/nanos2/obj/app/src/zknox/dilithium/ntt.o:(.text.pqcrystals_dilithium2_lowram_ntt)
c0de2d54 c0de2d54        0     1                 $t.0
c0de2d55 c0de2d55       68     1                 pqcrystals_dilithium2_lowram_ntt
c0de2db8 c0de2db8        0     1                 $d.1
c0de2dbc c0de2dbc       94     4         build/nanos2/obj/app/src/zknox/dilithium/ntt.o:(.text.pqcrystals_dilithium2_lowram_invntt_tomont)
c0de2dbc c0de2dbc        0     1                 $t.2
c0de2dbd c0de2dbd       94     1                 pqcrystals_dilithium2_lowram_invntt_tomont
c0de2e4c c0de2e4c        0     1                 $d.3
c0de2e50 c0de2e50       1e     2         build/nanos2/obj/app/src/zknox/dilithium/poly.o:(.text.pqcrystals_dilithium2_lowram_poly_reduce)
c0de2e50 c0de2e50        0     1                 $t.0
c0de2e51 c0de2e51       1e     1                 pqcrystals_dilithium2_lowram_poly_reduce
c0de2e6e c0de2e6e       1e     2         build/nanos2/obj/app/src/zknox/dilithium/poly.o:(.text.pqcrystals_dilithium2_lowram_poly_caddq)
c0de2e6e c0de2e6e        0     1                 $t.1
c0de2e6f c0de2e6f       1e     1                 pqcrystals_dilithium2_lowram_poly_caddq
c0de2e8c c0de2e8c       1e     2         build/nanos2/obj/app/src/zknox/dilithium/poly.o:(.text.pqcrystals_dilithium2_lowram_poly_add)
c0de2e8c c0de2e8c        0     1                 $t.2
c0de2e8d c0de2e8d       1e     1                 pqcrystals_dilithium2_lowram_poly_add
c0de2eaa c0de2eaa        4     2         build/nanos2/obj/app/src/zknox/dilithium/poly.o:(.text.pqcrystals_dilithium2_lowram_poly_ntt)
c0de2eaa c0de2eaa        0     1                 $t.5
c0de2eab c0de2eab        4     1                 pqcrystals_dilithium2_lowram_poly_ntt
c0de2eae c0de2eae        4     2         build/nanos2/obj/app/src/zknox/dilithium/poly.o:(.text.pqcrystals_dilithium2_lowram_poly_invntt_tomont)
c0de2eae c0de2eae        0     1                 $t.6
c0de2eaf c0de2eaf        4     1                 pqcrystals_dilithium2_lowram_poly_invntt_tomont
c0de2eb2 c0de2eb2       26     2         build/nanos2/obj/app/src/zknox/dilithium/poly.o:(.text.pqcrystals_dilithium2_lowram_poly_pointwise_montgomery)
c0de2eb2 c0de2eb2        0     1                 $t.7
c0de2eb3 c0de2eb3       26     1                 pqcrystals_dilithium2_lowram_poly_pointwise_montgomery
c0de2ed8 c0de2ed8       1c     2         build/nanos2/obj/app/src/zknox/dilithium/poly.o:(.text.pqcrystals_dilithium2_lowram_poly_power2round)
c0de2ed8 c0de2ed8        0     1                 $t.8
c0de2ed9 c0de2ed9       1c     1                 pqcrystals_dilithium2_lowram_poly_power2round
c0de2ef4 c0de2ef4       2c     4         build/nanos2/obj/app/src/zknox/dilithium/poly.o:(.text.pqcrystals_dilithium2_lowram_poly_chknorm)
c0de2ef4 c0de2ef4        0     1                 $t.12
c0de2ef5 c0de2ef5       2c     1                 pqcrystals_dilithium2_lowram_poly_chknorm
c0de2f1c c0de2f1c        0     1                 $d.13
c0de2f20 c0de2f20       82     2         build/nanos2/obj/app/src/zknox/dilithium/poly.o:(.text.pqcrystals_dilithium2_lowram_poly_uniform)
c0de2f20 c0de2f20        0     1                 $t.14
c0de2f21 c0de2f21       82     1                 pqcrystals_dilithium2_lowram_poly_uniform
c0de2fa4 c0de2fa4       44     4         build/nanos2/obj/app/src/zknox/dilithium/poly.o:(.text.rej_uniform)
c0de2fa4 c0de2fa4        0     1                 $t.15
c0de2fa5 c0de2fa5       44     1                 rej_uniform
c0de2fe4 c0de2fe4        0     1                 $d.16
c0de2fe8 c0de2fe8       4c     2         build/nanos2/obj/app/src/zknox/dilithium/poly.o:(.text.pqcrystals_dilithium2_lowram_poly_uniform_eta)
c0de2fe8 c0de2fe8        0     1                 $t.17
c0de2fe9 c0de2fe9       4c     1                 pqcrystals_dilithium2_lowram_poly_uniform_eta
c0de3034 c0de3034       56     2         build/nanos2/obj/app/src/zknox/dilithium/poly.o:(.text.rej_eta)
c0de3034 c0de3034        0     1                 $t.18
c0de3035 c0de3035       56     1                 rej_eta
c0de308a c0de308a       a0     2         build/nanos2/obj/app/src/zknox/dilithium/poly.o:(.text.pqcrystals_dilithium2_lowram_polyz_unpack)
c0de308a c0de308a        0     1                 $t.20
c0de308b c0de308b       a0     1                 pqcrystals_dilithium2_lowram_polyz_unpack
c0de312a c0de312a       aa     2         build/nanos2/obj/app/src/zknox/dilithium/poly.o:(.text.pqcrystals_dilithium2_lowram_poly_challenge)
c0de312a c0de312a        0     1                 $t.21
c0de312b c0de312b       aa     1                 pqcrystals_dilithium2_lowram_poly_challenge
c0de31d4 c0de31d4       7c     2         build/nanos2/obj/app/src/zknox/dilithium/poly.o:(.text.pqcrystals_dilithium2_lowram_polyeta_pack)
c0de31d4 c0de31d4        0     1                 $t.22
c0de31d5 c0de31d5       7c     1                 pqcrystals_dilithium2_lowram_polyeta_pack
c0de3250 c0de3250       48     2         build/nanos2/obj/app/src/zknox/dilithium/poly.o:(.text.pqcrystals_dilithium2_lowram_polyt1_pack)
c0de3250 c0de3250        0     1                 $t.25
c0de3251 c0de3251       48     1                 pqcrystals_dilithium2_lowram_polyt1_pack
c0de3298 c0de3298       aa     2         build/nanos2/obj/app/src/zknox/dilithium/poly.o:(.text.pqcrystals_dilithium2_lowram_polyt0_pack)
c0de3298 c0de3298        0     1                 $t.27
c0de3299 c0de3299       aa     1                 pqcrystals_dilithium2_lowram_polyt0_pack
c0de3342 c0de3342       62     2         build/nanos2/obj/app/src/zknox/dilithium/poly.o:(.text.pqcrystals_dilithium2_lowram_polyz_pack)
c0de3342 c0de3342        0     1                 $t.29
c0de3343 c0de3343       62     1                 pqcrystals_dilithium2_lowram_polyz_pack
c0de33a4 c0de33a4       46     2         build/nanos2/obj/app/src/zknox/dilithium/poly.o:(.text.pqcrystals_dilithium2_lowram_polyw1_pack)
c0de33a4 c0de33a4        0     1                 $t.30
c0de33a5 c0de33a5       46     1                 pqcrystals_dilithium2_lowram_polyw1_pack
c0de33ea c0de33ea        a     2         build/nanos2/obj/app/src/zknox/dilithium/poly.o:(.text.OUTLINED_FUNCTION_0)
c0de33ea c0de33ea        0     1                 $t.31
c0de33eb c0de33eb        a     1                 OUTLINED_FUNCTION_0
c0de33f4 c0de33f4        c     2         build/nanos2/obj/app/src/zknox/dilithium/poly.o:(.text.OUTLINED_FUNCTION_1)
c0de33f4 c0de33f4        0     1                 $t.32
c0de33f5 c0de33f5        c     1                 OUTLINED_FUNCTION_1
c0de3400 c0de3400        4     2         build/nanos2/obj/app/src/zknox/dilithium/randombytes.o:(.text.randombytes)
c0de3400 c0de3400        0     1                 $t.0
c0de3401 c0de3401        4     1                 randombytes
c0de3404 c0de3404       18     4         build/nanos2/obj/app/src/zknox/dilithium/reduce.o:(.text.pqcrystals_dilithium2_lowram_montgomery_reduce)
c0de3404 c0de3404        0     1                 $t.0
c0de3405 c0de3405       18     1                 pqcrystals_dilithium2_lowram_montgomery_reduce
c0de3414 c0de3414        0     1                 $d.1
c0de341c c0de341c       14     4         build/nanos2/obj/app/src/zknox/dilithium/reduce.o:(.text.pqcrystals_dilithium2_lowram_reduce32)
c0de341c c0de341c        0     1                 $t.2
c0de341d c0de341d       14     1                 pqcrystals_dilithium2_lowram_reduce32
c0de342c c0de342c        0     1                 $d.3
c0de3430 c0de3430       10     4         build/nanos2/obj/app/src/zknox/dilithium/reduce.o:(.text.pqcrystals_dilithium2_lowram_caddq)
c0de3430 c0de3430        0     1                 $t.4
c0de3431 c0de3431       10     1                 pqcrystals_dilithium2_lowram_caddq
c0de343c c0de343c        0     1                 $d.5
c0de3440 c0de3440       20     4         build/nanos2/obj/app/src/zknox/dilithium/reduce.o:(.text.pqcrystals_dilithium2_lowram_freeze)
c0de3440 c0de3440        0     1                 $t.6
c0de3441 c0de3441       20     1                 pqcrystals_dilithium2_lowram_freeze
c0de3458 c0de3458        0     1                 $d.7
c0de3460 c0de3460       14     2         build/nanos2/obj/app/src/zknox/dilithium/rounding.o:(.text.pqcrystals_dilithium2_lowram_power2round)
c0de3460 c0de3460        0     1                 $t.0
c0de3461 c0de3461       14     1                 pqcrystals_dilithium2_lowram_power2round
c0de3474 c0de3474       40     4         build/nanos2/obj/app/src/zknox/dilithium/rounding.o:(.text.pqcrystals_dilithium2_lowram_decompose)
c0de3474 c0de3474        0     1                 $t.1
c0de3475 c0de3475       40     1                 pqcrystals_dilithium2_lowram_decompose
c0de34a8 c0de34a8        0     1                 $d.2
c0de34b4 c0de34b4       2a     2         build/nanos2/obj/app/src/zknox/dilithium/rounding.o:(.text.pqcrystals_dilithium2_lowram_use_hint)
c0de34b4 c0de34b4        0     1                 $t.5
c0de34b5 c0de34b5       2a     1                 pqcrystals_dilithium2_lowram_use_hint
c0de34de c0de34de       22     2         build/nanos2/obj/app/src/zknox/dilithium/sign.o:(.text.pqcrystals_dilithium2_lowram_keypair)
c0de34de c0de34de        0     1                 $t.0
c0de34df c0de34df       22     1                 pqcrystals_dilithium2_lowram_keypair
c0de3500 c0de3500      1ac     4         build/nanos2/obj/app/src/zknox/dilithium/sign.o:(.text.crypto_sign_keypair_core)
c0de3500 c0de3500        0     1                 $t.1
c0de3501 c0de3501      1ac     1                 crypto_sign_keypair_core
c0de36a8 c0de36a8        0     1                 $d.2
c0de36ac c0de36ac       58     4         build/nanos2/obj/app/src/zknox/dilithium/sign.o:(.text.crypto_sign_signature_init)
c0de36ac c0de36ac        0     1                 $t.3
c0de36ad c0de36ad       58     1                 crypto_sign_signature_init
c0de36fc c0de36fc        0     1                 $d.4
c0de3704 c0de3704       18     4         build/nanos2/obj/app/src/zknox/dilithium/sign.o:(.text.crypto_sign_signature_absorb)
c0de3704 c0de3704        0     1                 $t.5
c0de3705 c0de3705       18     1                 crypto_sign_signature_absorb
c0de3718 c0de3718        0     1                 $d.6
c0de371c c0de371c      318     4         build/nanos2/obj/app/src/zknox/dilithium/sign.o:(.text.crypto_sign_signature_core)
c0de371c c0de371c        0     1                 $t.7
c0de371d c0de371d      318     1                 crypto_sign_signature_core
c0de3a28 c0de3a28        0     1                 $d.8
c0de3a34 c0de3a34      230     4         build/nanos2/obj/app/src/zknox/dilithium/sign.o:(.text.pqcrystals_dilithium2_lowram_verify)
c0de3a34 c0de3a34        0     1                 $t.11
c0de3a35 c0de3a35      230     1                 pqcrystals_dilithium2_lowram_verify
c0de3c58 c0de3c58        0     1                 $d.12
c0de3c64 c0de3c64       5c     2         build/nanos2/obj/app/src/zknox/dilithium/sign.o:(.text.pqcrystals_dilithium2_lowram_open)
c0de3c64 c0de3c64        0     1                 $t.13
c0de3c65 c0de3c65       5c     1                 pqcrystals_dilithium2_lowram_open
c0de3cc0 c0de3cc0        a     2         build/nanos2/obj/app/src/zknox/dilithium/sign.o:(.text.OUTLINED_FUNCTION_0)
c0de3cc0 c0de3cc0        0     1                 $t.14
c0de3cc1 c0de3cc1        a     1                 OUTLINED_FUNCTION_0
c0de3ccc c0de3ccc       7c     4         build/nanos2/obj/app/src/zknox/dilithium/smallntt_3329.o:(.text.small_ntt)
c0de3ccc c0de3ccc        0     1                 $t.0
c0de3ccd c0de3ccd       7c     1                 small_ntt
c0de3d40 c0de3d40        0     1                 $d.1
c0de3d48 c0de3d48       e4     4         build/nanos2/obj/app/src/zknox/dilithium/smallntt_3329.o:(.text.small_invntt_tomont)
c0de3d48 c0de3d48        0     1                 $t.2
c0de3d49 c0de3d49       e4     1                 small_invntt_tomont
c0de3e20 c0de3e20        0     1                 $d.3
c0de3e2c c0de3e2c       78     4         build/nanos2/obj/app/src/zknox/dilithium/smallntt_3329.o:(.text.small_basemul)
c0de3e2c c0de3e2c        0     1                 $t.4
c0de3e2d c0de3e2d       78     1                 small_basemul
c0de3ea0 c0de3ea0        0     1                 $d.5
c0de3ea4 c0de3ea4       18     2         build/nanos2/obj/app/src/zknox/dilithium/smallpoly.o:(.text.poly_small_ntt_copy)
c0de3ea4 c0de3ea4        0     1                 $t.0
c0de3ea5 c0de3ea5       18     1                 poly_small_ntt_copy
c0de3ebc c0de3ebc       58     4         build/nanos2/obj/app/src/zknox/dilithium/smallpoly.o:(.text.poly_small_basemul)
c0de3ebc c0de3ebc        0     1                 $t.3
c0de3ebd c0de3ebd       58     1                 poly_small_basemul
c0de3f10 c0de3f10        0     1                 $d.4
c0de3f14 c0de3f14       22     2         build/nanos2/obj/app/src/zknox/dilithium/smallpoly.o:(.text.poly_small_basemul_invntt)
c0de3f14 c0de3f14        0     1                 $t.5
c0de3f15 c0de3f15       22     1                 poly_small_basemul_invntt
c0de3f36 c0de3f36       a4     2         build/nanos2/obj/app/src/zknox/dilithium/smallpoly.o:(.text.small_polyeta_unpack)
c0de3f36 c0de3f36        0     1                 $t.7
c0de3f37 c0de3f37       a4     1                 small_polyeta_unpack
c0de3fda c0de3fda       28     2         build/nanos2/obj/app/src/zknox/dilithium/symmetric-shake.o:(.text.pqcrystals_dilithium2_lowram_dilithium_shake128_stream_init)
c0de3fda c0de3fda        0     1                 $t.0
c0de3fdb c0de3fdb       28     1                 pqcrystals_dilithium2_lowram_dilithium_shake128_stream_init
c0de4002 c0de4002       28     2         build/nanos2/obj/app/src/zknox/dilithium/symmetric-shake.o:(.text.pqcrystals_dilithium2_lowram_dilithium_shake256_stream_init)
c0de4002 c0de4002        0     1                 $t.1
c0de4003 c0de4003       28     1                 pqcrystals_dilithium2_lowram_dilithium_shake256_stream_init
c0de402a c0de402a       12     2         build/nanos2/obj/app/src/zknox/dilithium/symmetric-shake.o:(.text.OUTLINED_FUNCTION_0)
c0de402a c0de402a        0     1                 $t.2
c0de402b c0de402b       12     1                 OUTLINED_FUNCTION_0
c0de403c c0de403c       22     2         build/nanos2/obj/app/src/zknox/ecc/zkn_tEdwards.o:(.text.tEdwards_alloc)
c0de403c c0de403c        0     1                 $t.0
c0de403d c0de403d       22     1                 tEdwards_alloc
c0de405e c0de405e       d6     2         build/nanos2/obj/app/src/zknox/ecc/zkn_tEdwards.o:(.text.tEdwards_double)
c0de405e c0de405e        0     1                 $t.2
c0de405f c0de405f       d6     1                 tEdwards_double
c0de4134 c0de4134      130     2         build/nanos2/obj/app/src/zknox/ecc/zkn_tEdwards.o:(.text.tEdwards_add)
c0de4134 c0de4134        0     1                 $t.3
c0de4135 c0de4135      130     1                 tEdwards_add
c0de4264 c0de4264       ac     2         build/nanos2/obj/app/src/zknox/ecc/zkn_tEdwards.o:(.text.tEdwards_IsOnCurve)
c0de4264 c0de4264        0     1                 $t.4
c0de4265 c0de4265       ac     1                 tEdwards_IsOnCurve
c0de4310 c0de4310      1dc     4         build/nanos2/obj/app/src/zknox/ecc/zkn_tEdwards.o:(.text.tEdwards_Curve_alloc_init)
c0de4310 c0de4310        0     1                 $t.5
c0de4311 c0de4311      1dc     1                 tEdwards_Curve_alloc_init
c0de44cc c0de44cc        0     1                 $d.6
c0de44ec c0de44ec       26     2         build/nanos2/obj/app/src/zknox/ecc/zkn_tEdwards.o:(.text.tEdwards_SetNeutral)
c0de44ec c0de44ec        0     1                 $t.7
c0de44ed c0de44ed       26     1                 tEdwards_SetNeutral
c0de4512 c0de4512       7e     2         build/nanos2/obj/app/src/zknox/ecc/zkn_tEdwards.o:(.text.tEdwards_init)
c0de4512 c0de4512        0     1                 $t.9
c0de4513 c0de4513       7e     1                 tEdwards_init
c0de4590 c0de4590       4c     2         build/nanos2/obj/app/src/zknox/ecc/zkn_tEdwards.o:(.text.tEdwards_export)
c0de4590 c0de4590        0     1                 $t.10
c0de4591 c0de4591       4c     1                 tEdwards_export
c0de45dc c0de45dc       5a     2         build/nanos2/obj/app/src/zknox/ecc/zkn_tEdwards.o:(.text.tEdwards_normalize)
c0de45dc c0de45dc        0     1                 $t.11
c0de45dd c0de45dd       5a     1                 tEdwards_normalize
c0de4636 c0de4636       26     2         build/nanos2/obj/app/src/zknox/ecc/zkn_tEdwards.o:(.text.tEdwards_copy)
c0de4636 c0de4636        0     1                 $t.12
c0de4637 c0de4637       26     1                 tEdwards_copy
c0de465c c0de465c       3e     2         build/nanos2/obj/app/src/zknox/ecc/zkn_tEdwards.o:(.text.tEdwards_alloc_init)
c0de465c c0de465c        0     1                 $t.13
c0de465d c0de465d       3e     1                 tEdwards_alloc_init
c0de469a c0de469a       ca     2         build/nanos2/obj/app/src/zknox/ecc/zkn_tEdwards.o:(.text.tEdwards_scalarMul_bn)
c0de469a c0de469a        0     1                 $t.15
c0de469b c0de469b       ca     1                 tEdwards_scalarMul_bn
c0de4764 c0de4764       3c     2         build/nanos2/obj/app/src/zknox/ecc/zkn_tEdwards.o:(.text.tEdwards_scalarMul)
c0de4764 c0de4764        0     1                 $t.16
c0de4765 c0de4765       3c     1                 tEdwards_scalarMul
c0de47a0 c0de47a0        6     2         build/nanos2/obj/app/src/zknox/ecc/zkn_tEdwards.o:(.text.OUTLINED_FUNCTION_0)
c0de47a0 c0de47a0        0     1                 $t.17
c0de47a1 c0de47a1        6     1                 OUTLINED_FUNCTION_0
c0de47a6 c0de47a6        6     2         build/nanos2/obj/app/src/zknox/ecc/zkn_tEdwards.o:(.text.OUTLINED_FUNCTION_1)
c0de47a6 c0de47a6        0     1                 $t.18
c0de47a7 c0de47a7        6     1                 OUTLINED_FUNCTION_1
c0de47ac c0de47ac        8     2         build/nanos2/obj/app/src/zknox/ecc/zkn_tEdwards.o:(.text.OUTLINED_FUNCTION_2)
c0de47ac c0de47ac        0     1                 $t.19
c0de47ad c0de47ad        8     1                 OUTLINED_FUNCTION_2
c0de47b4 c0de47b4        a     2         build/nanos2/obj/app/src/zknox/ecc/zkn_tEdwards.o:(.text.OUTLINED_FUNCTION_3)
c0de47b4 c0de47b4        0     1                 $t.20
c0de47b5 c0de47b5        a     1                 OUTLINED_FUNCTION_3
c0de47be c0de47be        c     2         build/nanos2/obj/app/src/zknox/ecc/zkn_tEdwards.o:(.text.OUTLINED_FUNCTION_4)
c0de47be c0de47be        0     1                 $t.21
c0de47bf c0de47bf        c     1                 OUTLINED_FUNCTION_4
c0de47ca c0de47ca        6     2         build/nanos2/obj/app/src/zknox/ecc/zkn_tEdwards.o:(.text.OUTLINED_FUNCTION_5)
c0de47ca c0de47ca        0     1                 $t.22
c0de47cb c0de47cb        6     1                 OUTLINED_FUNCTION_5
c0de47d0 c0de47d0       80     4         build/nanos2/obj/app/src/zknox/hash/zkn_poseidon_constants.o:(.text.grain_lfsr_advance)
c0de47d0 c0de47d0        0     1                 $t.0
c0de47d1 c0de47d1       80     1                 grain_lfsr_advance
c0de4848 c0de4848        0     1                 $d.1
c0de4850 c0de4850       4a     2         build/nanos2/obj/app/src/zknox/hash/zkn_poseidon_constants.o:(.text.next64_graingen)
c0de4850 c0de4850        0     1                 $t.2
c0de4851 c0de4851       4a     1                 next64_graingen
c0de489c c0de489c       30     4         build/nanos2/obj/app/src/zknox/hash/zkn_poseidon_constants.o:(.text.init_generator)
c0de489c c0de489c        0     1                 $t.3
c0de489d c0de489d       30     1                 init_generator
c0de48c4 c0de48c4        0     1                 $d.4
c0de48cc c0de48cc       98     4         build/nanos2/obj/app/src/zknox/hash/zkn_poseidon_constants.o:(.text.gen_integer)
c0de48cc c0de48cc        0     1                 $t.5
c0de48cd c0de48cd       98     1                 gen_integer
c0de4954 c0de4954        0     1                 $d.6
c0de4964 c0de4964        8     2         build/nanos2/obj/app/src/zknox/hash/zkn_poseidon_constants.o:(.text.rev64)
c0de4964 c0de4964        0     1                 $t.7
c0de4965 c0de4965        8     1                 rev64
c0de496c c0de496c        6     2         build/nanos2/obj/app/src/zknox/hash/zkn_poseidon_constants.o:(.text.Poseidon_getNext_RC)
c0de496c c0de496c        0     1                 $t.9
c0de496d c0de496d        6     1                 Poseidon_getNext_RC
c0de4972 c0de4972       4c     2         build/nanos2/obj/app/src/zknox/hash/zkn_poseidon_constants.o:(.text.Poseidon_alloc_init)
c0de4972 c0de4972        0     1                 $t.10
c0de4973 c0de4973       4c     1                 Poseidon_alloc_init
c0de49c0 c0de49c0       c8     4         build/nanos2/obj/sdk/lib_nbgl/src/nbgl_buttons.o:(.text.nbgl_buttonsHandler)
c0de49c0 c0de49c0        0     1                 $t.0
c0de49c1 c0de49c1       c8     1                 nbgl_buttonsHandler
c0de4a84 c0de4a84        0     1                 $d.1
c0de4a88 c0de4a88      1e4     4         build/nanos2/obj/sdk/lib_nbgl/src/nbgl_draw.o:(.text.nbgl_drawRoundedRect)
c0de4a88 c0de4a88        0     1                 $t.0
c0de4a89 c0de4a89      1e4     1                 nbgl_drawRoundedRect
c0de4c64 c0de4c64        0     1                 $d.1
c0de4c6c c0de4c6c       b0     4         build/nanos2/obj/sdk/lib_nbgl/src/nbgl_draw.o:(.text.draw_circle_helper)
c0de4c6c c0de4c6c        0     1                 $t.2
c0de4c6d c0de4c6d       b0     1                 draw_circle_helper
c0de4cf8 c0de4cf8        0     1                 $d.3
c0de4d1c c0de4d1c      2f0     4         build/nanos2/obj/sdk/lib_nbgl/src/nbgl_draw.o:(.text.nbgl_drawRoundedBorderedRect)
c0de4d1c c0de4d1c        0     1                 $t.4
c0de4d1d c0de4d1d      2f0     1                 nbgl_drawRoundedBorderedRect
c0de5004 c0de5004        0     1                 $d.5
c0de500c c0de500c       40     4         build/nanos2/obj/sdk/lib_nbgl/src/nbgl_draw.o:(.text.nbgl_drawIcon)
c0de500c c0de500c        0     1                 $t.6
c0de500d c0de500d       40     1                 nbgl_drawIcon
c0de5048 c0de5048        0     1                 $d.7
c0de504c c0de504c      1c8     2         build/nanos2/obj/sdk/lib_nbgl/src/nbgl_draw.o:(.text.nbgl_drawText)
c0de504c c0de504c        0     1                 $t.8
c0de504d c0de504d      1c8     1                 nbgl_drawText
c0de5214 c0de5214       10     2         build/nanos2/obj/sdk/lib_nbgl/src/nbgl_draw.o:(.text.OUTLINED_FUNCTION_0)
c0de5214 c0de5214        0     1                 $t.9
c0de5215 c0de5215       10     1                 OUTLINED_FUNCTION_0
c0de5224 c0de5224       10     2         build/nanos2/obj/sdk/lib_nbgl/src/nbgl_draw.o:(.text.OUTLINED_FUNCTION_1)
c0de5224 c0de5224        0     1                 $t.10
c0de5225 c0de5225       10     1                 OUTLINED_FUNCTION_1
c0de5234 c0de5234        a     2         build/nanos2/obj/sdk/lib_nbgl/src/nbgl_draw.o:(.text.OUTLINED_FUNCTION_2)
c0de5234 c0de5234        0     1                 $t.11
c0de5235 c0de5235        a     1                 OUTLINED_FUNCTION_2
c0de523e c0de523e        4     2         build/nanos2/obj/sdk/lib_nbgl/src/nbgl_fonts.o:(.text.nbgl_getFont)
c0de523e c0de523e        0     1                 $t.0
c0de523f c0de523f        4     1                 nbgl_getFont
c0de5242 c0de5242       8c     2         build/nanos2/obj/sdk/lib_nbgl/src/nbgl_fonts.o:(.text.nbgl_popUnicodeChar)
c0de5242 c0de5242        0     1                 $t.1
c0de5243 c0de5243       8c     1                 nbgl_popUnicodeChar
c0de52ce c0de52ce        a     2         build/nanos2/obj/sdk/lib_nbgl/src/nbgl_fonts.o:(.text.nbgl_getSingleLineTextWidth)
c0de52ce c0de52ce        0     1                 $t.2
c0de52cf c0de52cf        a     1                 nbgl_getSingleLineTextWidth
c0de52d8 c0de52d8       9a     2         build/nanos2/obj/sdk/lib_nbgl/src/nbgl_fonts.o:(.text.getTextWidth)
c0de52d8 c0de52d8        0     1                 $t.3
c0de52d9 c0de52d9       9a     1                 getTextWidth
c0de5372 c0de5372        a     2         build/nanos2/obj/sdk/lib_nbgl/src/nbgl_fonts.o:(.text.nbgl_getTextWidth)
c0de5372 c0de5372        0     1                 $t.5
c0de5373 c0de5373        a     1                 nbgl_getTextWidth
c0de537c c0de537c       30     2         build/nanos2/obj/sdk/lib_nbgl/src/nbgl_fonts.o:(.text.getCharWidth)
c0de537c c0de537c        0     1                 $t.7
c0de537d c0de537d       30     1                 getCharWidth
c0de53ac c0de53ac        a     2         build/nanos2/obj/sdk/lib_nbgl/src/nbgl_fonts.o:(.text.nbgl_getFontHeight)
c0de53ac c0de53ac        0     1                 $t.8
c0de53ad c0de53ad        a     1                 nbgl_getFontHeight
c0de53b6 c0de53b6        a     2         build/nanos2/obj/sdk/lib_nbgl/src/nbgl_fonts.o:(.text.nbgl_getFontLineHeight)
c0de53b6 c0de53b6        0     1                 $t.9
c0de53b7 c0de53b7        a     1                 nbgl_getFontLineHeight
c0de53c0 c0de53c0       20     2         build/nanos2/obj/sdk/lib_nbgl/src/nbgl_fonts.o:(.text.nbgl_getTextLength)
c0de53c0 c0de53c0        0     1                 $t.12
c0de53c1 c0de53c1       20     1                 nbgl_getTextLength
c0de53e0 c0de53e0       fc     2         build/nanos2/obj/sdk/lib_nbgl/src/nbgl_fonts.o:(.text.nbgl_getTextMaxLenAndWidth)
c0de53e0 c0de53e0        0     1                 $t.13
c0de53e1 c0de53e1       fc     1                 nbgl_getTextMaxLenAndWidth
c0de54dc c0de54dc      124     4         build/nanos2/obj/sdk/lib_nbgl/src/nbgl_fonts.o:(.text.nbgl_getTextMaxLenInNbLines)
c0de54dc c0de54dc        0     1                 $t.14
c0de54dd c0de54dd      124     1                 nbgl_getTextMaxLenInNbLines
c0de55fc c0de55fc        0     1                 $d.15
c0de5600 c0de5600       84     2         build/nanos2/obj/sdk/lib_nbgl/src/nbgl_fonts.o:(.text.nbgl_getTextMaxLenAndWidthFromEnd)
c0de5600 c0de5600        0     1                 $t.16
c0de5601 c0de5601       84     1                 nbgl_getTextMaxLenAndWidthFromEnd
c0de5684 c0de5684       fc     4         build/nanos2/obj/sdk/lib_nbgl/src/nbgl_fonts.o:(.text.nbgl_getTextNbLinesInWidth)
c0de5684 c0de5684        0     1                 $t.17
c0de5685 c0de5685       fc     1                 nbgl_getTextNbLinesInWidth
c0de577c c0de577c        0     1                 $d.18
c0de5780 c0de5780      128     4         build/nanos2/obj/sdk/lib_nbgl/src/nbgl_fonts.o:(.text.nbgl_getTextNbPagesInWidth)
c0de5780 c0de5780        0     1                 $t.19
c0de5781 c0de5781      128     1                 nbgl_getTextNbPagesInWidth
c0de58a4 c0de58a4        0     1                 $d.20
c0de58a8 c0de58a8      134     4         build/nanos2/obj/sdk/lib_nbgl/src/nbgl_fonts.o:(.text.nbgl_textReduceOnNbLines)
c0de58a8 c0de58a8        0     1                 $t.24
c0de58a9 c0de58a9      134     1                 nbgl_textReduceOnNbLines
c0de59d8 c0de59d8        0     1                 $d.25
c0de59dc c0de59dc       78     4         build/nanos2/obj/sdk/lib_nbgl/src/nbgl_layout_nanos.o:(.text.nbgl_layoutGet)
c0de59dc c0de59dc        0     1                 $t.1
c0de59dd c0de59dd       78     1                 nbgl_layoutGet
c0de5a4c c0de5a4c        0     1                 $d.2
c0de5a54 c0de5a54       50     4         build/nanos2/obj/sdk/lib_nbgl/src/nbgl_layout_nanos.o:(.text.buttonCallback)
c0de5a54 c0de5a54        0     1                 $t.3
c0de5a55 c0de5a55       50     1                 buttonCallback
c0de5aa0 c0de5aa0        0     1                 $d.4
c0de5aa4 c0de5aa4       bc     4         build/nanos2/obj/sdk/lib_nbgl/src/nbgl_layout_nanos.o:(.text.nbgl_layoutAddNavigation)
c0de5aa4 c0de5aa4        0     1                 $t.5
c0de5aa5 c0de5aa5       bc     1                 nbgl_layoutAddNavigation
c0de5b50 c0de5b50        0     1                 $d.6
c0de5b60 c0de5b60      368     4         build/nanos2/obj/sdk/lib_nbgl/src/nbgl_layout_nanos.o:(.text.nbgl_layoutAddText)
c0de5b60 c0de5b60        0     1                 $t.7
c0de5b61 c0de5b61      368     1                 nbgl_layoutAddText
c0de5ec4 c0de5ec4        0     1                 $d.8
c0de5ec8 c0de5ec8       a8     2         build/nanos2/obj/sdk/lib_nbgl/src/nbgl_layout_nanos.o:(.text.nbgl_layoutAddMenuList)
c0de5ec8 c0de5ec8        0     1                 $t.9
c0de5ec9 c0de5ec9       a8     1                 nbgl_layoutAddMenuList
c0de5f70 c0de5f70      340     2         build/nanos2/obj/sdk/lib_nbgl/src/nbgl_layout_nanos.o:(.text.nbgl_layoutAddCenteredInfo)
c0de5f70 c0de5f70        0     1                 $t.10
c0de5f71 c0de5f71      340     1                 nbgl_layoutAddCenteredInfo
c0de62b0 c0de62b0      1d0     4         build/nanos2/obj/sdk/lib_nbgl/src/nbgl_layout_nanos.o:(.text.nbgl_layoutAddSwitch)
c0de62b0 c0de62b0        0     1                 $t.13
c0de62b1 c0de62b1      1d0     1                 nbgl_layoutAddSwitch
c0de6470 c0de6470        0     1                 $d.14
c0de6480 c0de6480       10     2         build/nanos2/obj/sdk/lib_nbgl/src/nbgl_layout_nanos.o:(.text.nbgl_layoutDraw)
c0de6480 c0de6480        0     1                 $t.15
c0de6481 c0de6481       10     1                 nbgl_layoutDraw
c0de6490 c0de6490       1a     2         build/nanos2/obj/sdk/lib_nbgl/src/nbgl_layout_nanos.o:(.text.nbgl_layoutRelease)
c0de6490 c0de6490        0     1                 $t.16
c0de6491 c0de6491       1a     1                 nbgl_layoutRelease
c0de64aa c0de64aa       22     2         build/nanos2/obj/sdk/lib_nbgl/src/nbgl_layout_nanos.o:(.text.OUTLINED_FUNCTION_1)
c0de64aa c0de64aa        0     1                 $t.18
c0de64ab c0de64ab       22     1                 OUTLINED_FUNCTION_1
c0de64cc c0de64cc       1a     2         build/nanos2/obj/sdk/lib_nbgl/src/nbgl_layout_nanos.o:(.text.OUTLINED_FUNCTION_2)
c0de64cc c0de64cc        0     1                 $t.19
c0de64cd c0de64cd       1a     1                 OUTLINED_FUNCTION_2
c0de64e6 c0de64e6       1a     2         build/nanos2/obj/sdk/lib_nbgl/src/nbgl_layout_nanos.o:(.text.OUTLINED_FUNCTION_3)
c0de64e6 c0de64e6        0     1                 $t.20
c0de64e7 c0de64e7       1a     1                 OUTLINED_FUNCTION_3
c0de6500 c0de6500        a     2         build/nanos2/obj/sdk/lib_nbgl/src/nbgl_layout_nanos.o:(.text.OUTLINED_FUNCTION_4)
c0de6500 c0de6500        0     1                 $t.21
c0de6501 c0de6501        a     1                 OUTLINED_FUNCTION_4
c0de650a c0de650a        6     2         build/nanos2/obj/sdk/lib_nbgl/src/nbgl_layout_nanos.o:(.text.OUTLINED_FUNCTION_5)
c0de650a c0de650a        0     1                 $t.22
c0de650b c0de650b        6     1                 OUTLINED_FUNCTION_5
c0de6510 c0de6510        8     2         build/nanos2/obj/sdk/lib_nbgl/src/nbgl_layout_nanos.o:(.text.OUTLINED_FUNCTION_6)
c0de6510 c0de6510        0     1                 $t.23
c0de6511 c0de6511        8     1                 OUTLINED_FUNCTION_6
c0de6518 c0de6518       10     2         build/nanos2/obj/sdk/lib_nbgl/src/nbgl_layout_nanos.o:(.text.OUTLINED_FUNCTION_7)
c0de6518 c0de6518        0     1                 $t.24
c0de6519 c0de6519       10     1                 OUTLINED_FUNCTION_7
c0de6528 c0de6528        6     2         build/nanos2/obj/sdk/lib_nbgl/src/nbgl_layout_nanos.o:(.text.OUTLINED_FUNCTION_8)
c0de6528 c0de6528        0     1                 $t.25
c0de6529 c0de6529        6     1                 OUTLINED_FUNCTION_8
c0de652e c0de652e        e     2         build/nanos2/obj/sdk/lib_nbgl/src/nbgl_layout_nanos.o:(.text.OUTLINED_FUNCTION_9)
c0de652e c0de652e        0     1                 $t.26
c0de652f c0de652f        e     1                 OUTLINED_FUNCTION_9
c0de653c c0de653c       58     4         build/nanos2/obj/sdk/lib_nbgl/src/nbgl_obj.o:(.text.nbgl_objDraw)
c0de653c c0de653c        0     1                 $t.0
c0de653d c0de653d       58     1                 nbgl_objDraw
c0de6590 c0de6590        0     1                 $d.1
c0de6594 c0de6594      170     4         build/nanos2/obj/sdk/lib_nbgl/src/nbgl_obj.o:(.text.draw_obj_and_chidren)
c0de6594 c0de6594        0     1                 $t.2
c0de6595 c0de6595      170     1                 draw_obj_and_chidren
c0de66f8 c0de66f8        0     1                 $d.3
c0de6704 c0de6704        6     2         build/nanos2/obj/sdk/lib_nbgl/src/nbgl_obj.o:(.text.nbgl_refresh)
c0de6704 c0de6704        0     1                 $t.4
c0de6705 c0de6705        6     1                 nbgl_refresh
c0de670c c0de670c       3c     4         build/nanos2/obj/sdk/lib_nbgl/src/nbgl_obj.o:(.text.nbgl_refreshSpecial)
c0de670c c0de670c        0     1                 $t.5
c0de670d c0de670d       3c     1                 nbgl_refreshSpecial
c0de6744 c0de6744        0     1                 $d.6
c0de6748 c0de6748        c     4         build/nanos2/obj/sdk/lib_nbgl/src/nbgl_obj.o:(.text.nbgl_objInit)
c0de6748 c0de6748        0     1                 $t.13
c0de6749 c0de6749        c     1                 nbgl_objInit
c0de6750 c0de6750        0     1                 $d.14
c0de6754 c0de6754       10     4         build/nanos2/obj/sdk/lib_nbgl/src/nbgl_obj.o:(.text.nbgl_objAllowDrawing)
c0de6754 c0de6754        0     1                 $t.15
c0de6755 c0de6755       10     1                 nbgl_objAllowDrawing
c0de6760 c0de6760        0     1                 $d.16
c0de6764 c0de6764       40     2         build/nanos2/obj/sdk/lib_nbgl/src/nbgl_obj.o:(.text.draw_screen)
c0de6764 c0de6764        0     1                 $t.17
c0de6765 c0de6765       40     1                 draw_screen
c0de67a4 c0de67a4       28     2         build/nanos2/obj/sdk/lib_nbgl/src/nbgl_obj.o:(.text.draw_container)
c0de67a4 c0de67a4        0     1                 $t.18
c0de67a5 c0de67a5       28     1                 draw_container
c0de67cc c0de67cc       84     2         build/nanos2/obj/sdk/lib_nbgl/src/nbgl_obj.o:(.text.draw_image)
c0de67cc c0de67cc        0     1                 $t.19
c0de67cd c0de67cd       84     1                 draw_image
c0de6850 c0de6850      2bc     4         build/nanos2/obj/sdk/lib_nbgl/src/nbgl_obj.o:(.text.draw_textArea)
c0de6850 c0de6850        0     1                 $t.20
c0de6851 c0de6851      2bc     1                 draw_textArea
c0de6b08 c0de6b08        0     1                 $d.21
c0de6b0c c0de6b0c      1d2     2         build/nanos2/obj/sdk/lib_nbgl/src/nbgl_obj.o:(.text.draw_button)
c0de6b0c c0de6b0c        0     1                 $t.22
c0de6b0d c0de6b0d      1d2     1                 draw_button
c0de6cde c0de6cde       9e     2         build/nanos2/obj/sdk/lib_nbgl/src/nbgl_obj.o:(.text.draw_progressBar)
c0de6cde c0de6cde        0     1                 $t.23
c0de6cdf c0de6cdf       9e     1                 draw_progressBar
c0de6d7c c0de6d7c       4c     4         build/nanos2/obj/sdk/lib_nbgl/src/nbgl_obj.o:(.text.draw_image_file)
c0de6d7c c0de6d7c        0     1                 $t.24
c0de6d7d c0de6d7d       4c     1                 draw_image_file
c0de6dc4 c0de6dc4        0     1                 $d.25
c0de6dc8 c0de6dc8      14c     4         build/nanos2/obj/sdk/lib_nbgl/src/nbgl_obj.o:(.text.draw_textEntry)
c0de6dc8 c0de6dc8        0     1                 $t.26
c0de6dc9 c0de6dc9      14c     1                 draw_textEntry
c0de6f10 c0de6f10        0     1                 $d.27
c0de6f14 c0de6f14      56e     2         build/nanos2/obj/sdk/lib_nbgl/src/nbgl_obj.o:(.text.compute_position)
c0de6f14 c0de6f14        0     1                 $t.28
c0de6f15 c0de6f15      56e     1                 compute_position
c0de7482 c0de7482       14     2         build/nanos2/obj/sdk/lib_nbgl/src/nbgl_obj.o:(.text.OUTLINED_FUNCTION_0)
c0de7482 c0de7482        0     1                 $t.29
c0de7483 c0de7483       14     1                 OUTLINED_FUNCTION_0
c0de7496 c0de7496       14     2         build/nanos2/obj/sdk/lib_nbgl/src/nbgl_obj.o:(.text.OUTLINED_FUNCTION_1)
c0de7496 c0de7496        0     1                 $t.30
c0de7497 c0de7497       14     1                 OUTLINED_FUNCTION_1
c0de74aa c0de74aa       26     2         build/nanos2/obj/sdk/lib_nbgl/src/nbgl_obj.o:(.text.OUTLINED_FUNCTION_2)
c0de74aa c0de74aa        0     1                 $t.31
c0de74ab c0de74ab       26     1                 OUTLINED_FUNCTION_2
c0de74d0 c0de74d0       16     2         build/nanos2/obj/sdk/lib_nbgl/src/nbgl_obj.o:(.text.OUTLINED_FUNCTION_3)
c0de74d0 c0de74d0        0     1                 $t.32
c0de74d1 c0de74d1       16     1                 OUTLINED_FUNCTION_3
c0de74e6 c0de74e6       1c     2         build/nanos2/obj/sdk/lib_nbgl/src/nbgl_obj.o:(.text.OUTLINED_FUNCTION_4)
c0de74e6 c0de74e6        0     1                 $t.33
c0de74e7 c0de74e7       1c     1                 OUTLINED_FUNCTION_4
c0de7502 c0de7502       1c     2         build/nanos2/obj/sdk/lib_nbgl/src/nbgl_obj.o:(.text.OUTLINED_FUNCTION_5)
c0de7502 c0de7502        0     1                 $t.34
c0de7503 c0de7503       1c     1                 OUTLINED_FUNCTION_5
c0de751e c0de751e       18     2         build/nanos2/obj/sdk/lib_nbgl/src/nbgl_obj.o:(.text.OUTLINED_FUNCTION_6)
c0de751e c0de751e        0     1                 $t.35
c0de751f c0de751f       18     1                 OUTLINED_FUNCTION_6
c0de7536 c0de7536       10     2         build/nanos2/obj/sdk/lib_nbgl/src/nbgl_obj.o:(.text.OUTLINED_FUNCTION_7)
c0de7536 c0de7536        0     1                 $t.36
c0de7537 c0de7537       10     1                 OUTLINED_FUNCTION_7
c0de7546 c0de7546       12     2         build/nanos2/obj/sdk/lib_nbgl/src/nbgl_obj.o:(.text.OUTLINED_FUNCTION_8)
c0de7546 c0de7546        0     1                 $t.37
c0de7547 c0de7547       12     1                 OUTLINED_FUNCTION_8
c0de7558 c0de7558        6     2         build/nanos2/obj/sdk/lib_nbgl/src/nbgl_obj.o:(.text.OUTLINED_FUNCTION_9)
c0de7558 c0de7558        0     1                 $t.38
c0de7559 c0de7559        6     1                 OUTLINED_FUNCTION_9
c0de755e c0de755e       10     2         build/nanos2/obj/sdk/lib_nbgl/src/nbgl_obj.o:(.text.OUTLINED_FUNCTION_10)
c0de755e c0de755e        0     1                 $t.39
c0de755f c0de755f       10     1                 OUTLINED_FUNCTION_10
c0de756e c0de756e       10     2         build/nanos2/obj/sdk/lib_nbgl/src/nbgl_obj.o:(.text.OUTLINED_FUNCTION_11)
c0de756e c0de756e        0     1                 $t.40
c0de756f c0de756f       10     1                 OUTLINED_FUNCTION_11
c0de757e c0de757e        e     2         build/nanos2/obj/sdk/lib_nbgl/src/nbgl_obj.o:(.text.OUTLINED_FUNCTION_12)
c0de757e c0de757e        0     1                 $t.41
c0de757f c0de757f        e     1                 OUTLINED_FUNCTION_12
c0de758c c0de758c        e     2         build/nanos2/obj/sdk/lib_nbgl/src/nbgl_obj.o:(.text.OUTLINED_FUNCTION_13)
c0de758c c0de758c        0     1                 $t.42
c0de758d c0de758d        e     1                 OUTLINED_FUNCTION_13
c0de759a c0de759a        e     2         build/nanos2/obj/sdk/lib_nbgl/src/nbgl_obj.o:(.text.OUTLINED_FUNCTION_14)
c0de759a c0de759a        0     1                 $t.43
c0de759b c0de759b        e     1                 OUTLINED_FUNCTION_14
c0de75a8 c0de75a8       34     4         build/nanos2/obj/sdk/lib_nbgl/src/nbgl_obj_pool.o:(.text.nbgl_objPoolRelease)
c0de75a8 c0de75a8        0     1                 $t.0
c0de75a9 c0de75a9       34     1                 nbgl_objPoolRelease
c0de75d8 c0de75d8        0     1                 $d.1
c0de75dc c0de75dc       78     4         build/nanos2/obj/sdk/lib_nbgl/src/nbgl_obj_pool.o:(.text.nbgl_objPoolGet)
c0de75dc c0de75dc        0     1                 $t.4
c0de75dd c0de75dd       78     1                 nbgl_objPoolGet
c0de764c c0de764c        0     1                 $d.5
c0de7654 c0de7654       4c     4         build/nanos2/obj/sdk/lib_nbgl/src/nbgl_obj_pool.o:(.text.nbgl_containerPoolRelease)
c0de7654 c0de7654        0     1                 $t.12
c0de7655 c0de7655       4c     1                 nbgl_containerPoolRelease
c0de7698 c0de7698        0     1                 $d.13
c0de76a0 c0de76a0       90     4         build/nanos2/obj/sdk/lib_nbgl/src/nbgl_obj_pool.o:(.text.nbgl_containerPoolGet)
c0de76a0 c0de76a0        0     1                 $t.14
c0de76a1 c0de76a1       90     1                 nbgl_containerPoolGet
c0de7728 c0de7728        0     1                 $d.15
c0de7730 c0de7730        c     2         build/nanos2/obj/sdk/lib_nbgl/src/nbgl_obj_pool.o:(.text.OUTLINED_FUNCTION_0)
c0de7730 c0de7730        0     1                 $t.18
c0de7731 c0de7731        c     1                 OUTLINED_FUNCTION_0
c0de773c c0de773c        a     2         build/nanos2/obj/sdk/lib_nbgl/src/nbgl_obj_pool.o:(.text.OUTLINED_FUNCTION_1)
c0de773c c0de773c        0     1                 $t.19
c0de773d c0de773d        a     1                 OUTLINED_FUNCTION_1
c0de7748 c0de7748       24     4         build/nanos2/obj/sdk/lib_nbgl/src/nbgl_screen.o:(.text.nbgl_screenRedraw)
c0de7748 c0de7748        0     1                 $t.0
c0de7749 c0de7749       24     1                 nbgl_screenRedraw
c0de7768 c0de7768        0     1                 $d.1
c0de776c c0de776c       18     4         build/nanos2/obj/sdk/lib_nbgl/src/nbgl_screen.o:(.text.nbgl_screenGetTop)
c0de776c c0de776c        0     1                 $t.4
c0de776d c0de776d       18     1                 nbgl_screenGetTop
c0de7780 c0de7780        0     1                 $d.5
c0de7784 c0de7784       44     4         build/nanos2/obj/sdk/lib_nbgl/src/nbgl_screen.o:(.text.nbgl_screenSet)
c0de7784 c0de7784        0     1                 $t.10
c0de7785 c0de7785       44     1                 nbgl_screenSet
c0de77c0 c0de77c0        0     1                 $d.11
c0de77c8 c0de77c8      12c     4         build/nanos2/obj/sdk/lib_nbgl/src/nbgl_screen.o:(.text.nbgl_screenSetAt)
c0de77c8 c0de77c8        0     1                 $t.12
c0de77c9 c0de77c9      12c     1                 nbgl_screenSetAt
c0de78f0 c0de78f0        0     1                 $d.13
c0de78f4 c0de78f4      108     4         build/nanos2/obj/sdk/lib_nbgl/src/nbgl_screen.o:(.text.nbgl_screenPush)
c0de78f4 c0de78f4        0     1                 $t.22
c0de78f5 c0de78f5      108     1                 nbgl_screenPush
c0de79f4 c0de79f4        0     1                 $d.23
c0de79fc c0de79fc      130     4         build/nanos2/obj/sdk/lib_nbgl/src/nbgl_screen.o:(.text.nbgl_screenPop)
c0de79fc c0de79fc        0     1                 $t.24
c0de79fd c0de79fd      130     1                 nbgl_screenPop
c0de7b24 c0de7b24        0     1                 $d.25
c0de7b2c c0de7b2c       88     4         build/nanos2/obj/sdk/lib_nbgl/src/nbgl_screen.o:(.text.nbgl_screenHandler)
c0de7b2c c0de7b2c        0     1                 $t.28
c0de7b2d c0de7b2d       88     1                 nbgl_screenHandler
c0de7bb0 c0de7bb0        0     1                 $d.29
c0de7bb4 c0de7bb4       72     2         build/nanos2/obj/sdk/lib_nbgl/src/nbgl_step.o:(.text.nbgl_stepDrawText)
c0de7bb4 c0de7bb4        0     1                 $t.0
c0de7bb5 c0de7bb5       72     1                 nbgl_stepDrawText
c0de7c28 c0de7c28       4c     4         build/nanos2/obj/sdk/lib_nbgl/src/nbgl_step.o:(.text.getFreeContext)
c0de7c28 c0de7c28        0     1                 $t.1
c0de7c29 c0de7c29       4c     1                 getFreeContext
c0de7c70 c0de7c70        0     1                 $d.2
c0de7c74 c0de7c74      1cc     4         build/nanos2/obj/sdk/lib_nbgl/src/nbgl_step.o:(.text.displayTextPage)
c0de7c74 c0de7c74        0     1                 $t.3
c0de7c75 c0de7c75      1cc     1                 displayTextPage
c0de7e38 c0de7e38        0     1                 $d.4
c0de7e40 c0de7e40       7c     4         build/nanos2/obj/sdk/lib_nbgl/src/nbgl_step.o:(.text.nbgl_stepDrawCenteredInfo)
c0de7e40 c0de7e40        0     1                 $t.5
c0de7e41 c0de7e41       7c     1                 nbgl_stepDrawCenteredInfo
c0de7eb8 c0de7eb8        0     1                 $d.6
c0de7ebc c0de7ebc       6c     2         build/nanos2/obj/sdk/lib_nbgl/src/nbgl_step.o:(.text.actionCallback)
c0de7ebc c0de7ebc        0     1                 $t.7
c0de7ebd c0de7ebd       6c     1                 actionCallback
c0de7f28 c0de7f28       38     2         build/nanos2/obj/sdk/lib_nbgl/src/nbgl_step.o:(.text.getNavigationInfo)
c0de7f28 c0de7f28        0     1                 $t.8
c0de7f29 c0de7f29       38     1                 getNavigationInfo
c0de7f60 c0de7f60       36     2         build/nanos2/obj/sdk/lib_nbgl/src/nbgl_step.o:(.text.nbgl_stepDrawMenuList)
c0de7f60 c0de7f60        0     1                 $t.9
c0de7f61 c0de7f61       36     1                 nbgl_stepDrawMenuList
c0de7f98 c0de7f98       78     4         build/nanos2/obj/sdk/lib_nbgl/src/nbgl_step.o:(.text.displayMenuList)
c0de7f98 c0de7f98        0     1                 $t.10
c0de7f99 c0de7f99       78     1                 displayMenuList
c0de800c c0de800c        0     1                 $d.11
c0de8010 c0de8010       7c     4         build/nanos2/obj/sdk/lib_nbgl/src/nbgl_step.o:(.text.nbgl_stepDrawSwitch)
c0de8010 c0de8010        0     1                 $t.13
c0de8011 c0de8011       7c     1                 nbgl_stepDrawSwitch
c0de8088 c0de8088        0     1                 $d.14
c0de808c c0de808c       18     2         build/nanos2/obj/sdk/lib_nbgl/src/nbgl_step.o:(.text.nbgl_stepRelease)
c0de808c c0de808c        0     1                 $t.15
c0de808d c0de808d       18     1                 nbgl_stepRelease
c0de80a4 c0de80a4       28     4         build/nanos2/obj/sdk/lib_nbgl/src/nbgl_step.o:(.text.getContextFromLayout)
c0de80a4 c0de80a4        0     1                 $t.16
c0de80a5 c0de80a5       28     1                 getContextFromLayout
c0de80c8 c0de80c8        0     1                 $d.17
c0de80cc c0de80cc       40     2         build/nanos2/obj/sdk/lib_nbgl/src/nbgl_step.o:(.text.menuListActionCallback)
c0de80cc c0de80cc        0     1                 $t.18
c0de80cd c0de80cd       40     1                 menuListActionCallback
c0de810c c0de810c       8e     2         build/nanos2/obj/sdk/lib_nbgl/src/nbgl_step.o:(.text.OUTLINED_FUNCTION_0)
c0de810c c0de810c        0     1                 $t.19
c0de810d c0de810d       8e     1                 OUTLINED_FUNCTION_0
c0de819a c0de819a       4a     2         build/nanos2/obj/sdk/lib_nbgl/src/nbgl_step.o:(.text.OUTLINED_FUNCTION_1)
c0de819a c0de819a        0     1                 $t.20
c0de819b c0de819b       4a     1                 OUTLINED_FUNCTION_1
c0de81e4 c0de81e4       12     2         build/nanos2/obj/sdk/lib_nbgl/src/nbgl_step.o:(.text.OUTLINED_FUNCTION_2)
c0de81e4 c0de81e4        0     1                 $t.21
c0de81e5 c0de81e5       12     1                 OUTLINED_FUNCTION_2
c0de81f6 c0de81f6        a     2         build/nanos2/obj/sdk/lib_nbgl/src/nbgl_step.o:(.text.OUTLINED_FUNCTION_3)
c0de81f6 c0de81f6        0     1                 $t.22
c0de81f7 c0de81f7        a     1                 OUTLINED_FUNCTION_3
c0de8200 c0de8200        6     2         build/nanos2/obj/sdk/lib_nbgl/src/nbgl_step.o:(.text.OUTLINED_FUNCTION_4)
c0de8200 c0de8200        0     1                 $t.23
c0de8201 c0de8201        6     1                 OUTLINED_FUNCTION_4
c0de8206 c0de8206        e     2         build/nanos2/obj/sdk/lib_nbgl/src/nbgl_step.o:(.text.OUTLINED_FUNCTION_5)
c0de8206 c0de8206        0     1                 $t.24
c0de8207 c0de8207        e     1                 OUTLINED_FUNCTION_5
c0de8214 c0de8214       4c     4         build/nanos2/obj/sdk/lib_nbgl/src/nbgl_use_case_nanos.o:(.text.nbgl_useCaseHomeAndSettings)
c0de8214 c0de8214        0     1                 $t.11
c0de8215 c0de8215       4c     1                 nbgl_useCaseHomeAndSettings
c0de825c c0de825c        0     1                 $d.12
c0de8260 c0de8260       78     4         build/nanos2/obj/sdk/lib_nbgl/src/nbgl_use_case_nanos.o:(.text.startUseCaseSettingsAtPage)
c0de8260 c0de8260        0     1                 $t.13
c0de8261 c0de8261       78     1                 startUseCaseSettingsAtPage
c0de82d4 c0de82d4        0     1                 $d.14
c0de82d8 c0de82d8       8c     4         build/nanos2/obj/sdk/lib_nbgl/src/nbgl_use_case_nanos.o:(.text.startUseCaseHome)
c0de82d8 c0de82d8        0     1                 $t.15
c0de82d9 c0de82d9       8c     1                 startUseCaseHome
c0de8360 c0de8360        0     1                 $d.16
c0de8364 c0de8364       20     2         build/nanos2/obj/sdk/lib_nbgl/src/nbgl_use_case_nanos.o:(.text.nbgl_useCaseReview)
c0de8364 c0de8364        0     1                 $t.20
c0de8365 c0de8365       20     1                 nbgl_useCaseReview
c0de8384 c0de8384       50     4         build/nanos2/obj/sdk/lib_nbgl/src/nbgl_use_case_nanos.o:(.text.useCaseReview)
c0de8384 c0de8384        0     1                 $t.21
c0de8385 c0de8385       50     1                 useCaseReview
[...]
c0dedbd8 c0dedbd8       10     1                 infoList
c0dedbe8 c0dedbe8       34     4         build/nanos2/obj/app/src/ui/menu_nbgl.o:(.rodata.contents)
c0dedbe8 c0dedbe8       34     1                 contents
c0dedc1c c0dedc1c        8     4         build/nanos2/obj/app/src/ui/menu_nbgl.o:(.rodata.INFO_TYPES)
c0dedc1c c0dedc1c        8     1                 INFO_TYPES
c0dedc24 c0dedc24        8     4         build/nanos2/obj/app/src/ui/menu_nbgl.o:(.rodata.INFO_CONTENTS)
c0dedc24 c0dedc24        8     1                 INFO_CONTENTS
c0dedc30 c0dedc30       c0     8         build/nanos2/obj/app/src/zknox/dilithium/fips202.o:(.rodata.pqcrystals_dilithium_fips202_ref_KeccakF_RoundConstants)
c0dedc30 c0dedc30       c0     1                 pqcrystals_dilithium_fips202_ref_KeccakF_RoundConstants
c0dedcf0 c0dedcf0      400     4         build/nanos2/obj/app/src/zknox/dilithium/ntt.o:(.rodata.zetas)
c0dedcf0 c0dedcf0      400     1                 zetas
c0dee0f0 c0dee0f0      100     2         build/nanos2/obj/app/src/zknox/dilithium/smallntt_3329.o:(.rodata.small_zetas)
c0dee0f0 c0dee0f0      100     1                 small_zetas
c0dee1f0 c0dee1f0        2     1         build/nanos2/obj/sdk/lib_nbgl/src/nbgl_draw.o:(.rodata.radiusValues)
c0dee1f0 c0dee1f0        2     1                 radiusValues
c0dee1f2 c0dee1f2        2     1         build/nanos2/obj/sdk/lib_nbgl/src/nbgl_draw.o:(.rodata.quarter_disc_3px_180_1bpp)
c0dee1f2 c0dee1f2        2     1                 quarter_disc_3px_180_1bpp
c0dee1f4 c0dee1f4        2     1         build/nanos2/obj/sdk/lib_nbgl/src/nbgl_draw.o:(.rodata.quarter_circle_3px_180_1bpp)
c0dee1f4 c0dee1f4        2     1                 quarter_circle_3px_180_1bpp
c0dee1f6 c0dee1f6        2     1         build/nanos2/obj/sdk/lib_nbgl/src/nbgl_draw.o:(.rodata.quarter_disc_3px_270_1bpp)
c0dee1f6 c0dee1f6        2     1                 quarter_disc_3px_270_1bpp
c0dee1f8 c0dee1f8        2     1         build/nanos2/obj/sdk/lib_nbgl/src/nbgl_draw.o:(.rodata.quarter_circle_3px_270_1bpp)
c0dee1f8 c0dee1f8        2     1                 quarter_circle_3px_270_1bpp
c0dee1fa c0dee1fa        2     1         build/nanos2/obj/sdk/lib_nbgl/src/nbgl_draw.o:(.rodata.quarter_disc_3px_90_1bpp)
c0dee1fa c0dee1fa        2     1                 quarter_disc_3px_90_1bpp
c0dee1fc c0dee1fc        2     1         build/nanos2/obj/sdk/lib_nbgl/src/nbgl_draw.o:(.rodata.quarter_circle_3px_90_1bpp)
c0dee1fc c0dee1fc        2     1                 quarter_circle_3px_90_1bpp
c0dee1fe c0dee1fe        2     1         build/nanos2/obj/sdk/lib_nbgl/src/nbgl_draw.o:(.rodata.quarter_disc_3px_1bpp)
c0dee1fe c0dee1fe        2     1                 quarter_disc_3px_1bpp
c0dee200 c0dee200        2     1         build/nanos2/obj/sdk/lib_nbgl/src/nbgl_draw.o:(.rodata.quarter_circle_3px_1bpp)
c0dee200 c0dee200        2     1                 quarter_circle_3px_1bpp
c0dee204 c0dee204       44     4         build/nanos2/obj/sdk/lib_nbgl/src/nbgl_obj.o:(.rodata.draw_functions)
c0dee204 c0dee204       44     1                 draw_functions
c0dee248 c0dee248       28     4         build/nanos2/obj/sdk/lib_nbgl/src/nbgl_use_case_nanos.o:(.rodata.blindSigningWarning)
c0dee248 c0dee248       28     1                 blindSigningWarning
c0dee270 c0dee270        9     4         build/nanos2/obj/sdk/lib_stusb_impl/usbd_impl.o:(.rodata.USBD_HID_Desc)
c0dee270 c0dee270        9     1                 USBD_HID_Desc
c0dee279 c0dee279       22     1         build/nanos2/obj/sdk/lib_stusb_impl/usbd_impl.o:(.rodata.HID_ReportDesc)
c0dee279 c0dee279       22     1                 HID_ReportDesc
c0dee29b c0dee29b       39     1         build/nanos2/obj/sdk/lib_stusb_impl/usbd_impl.o:(.rodata.C_usb_bos)
c0dee29b c0dee29b       39     1                 C_usb_bos
c0dee2d4 c0dee2d4       20     4         build/nanos2/obj/sdk/lib_stusb_impl/usbd_impl.o:(.rodata.HID_Desc)
c0dee2d4 c0dee2d4       20     1                 HID_Desc
c0dee2f4 c0dee2f4       12     1         build/nanos2/obj/sdk/lib_stusb_impl/usbd_impl.o:(.rodata.C_winusb_string_descriptor)
c0dee2f4 c0dee2f4       12     1                 C_winusb_string_descriptor
c0dee306 c0dee306       92     1         build/nanos2/obj/sdk/lib_stusb_impl/usbd_impl.o:(.rodata.C_winusb_guid)
c0dee306 c0dee306       92     1                 C_winusb_guid
c0dee398 c0dee398       b2     1         build/nanos2/obj/sdk/lib_stusb_impl/usbd_impl.o:(.rodata.C_winusb_request_descriptor)
c0dee398 c0dee398       b2     1                 C_winusb_request_descriptor
c0dee44c c0dee44c       38     4         build/nanos2/obj/sdk/lib_stusb_impl/usbd_impl.o:(.rodata.USBD_HID)
c0dee44c c0dee44c       38     1                 USBD_HID
c0dee484 c0dee484       38     4         build/nanos2/obj/sdk/lib_stusb_impl/usbd_impl.o:(.rodata.USBD_WEBUSB)
c0dee484 c0dee484       38     1                 USBD_WEBUSB
c0dee4bc c0dee4bc       12     1         build/nanos2/obj/sdk/lib_stusb_impl/usbd_impl.o:(.rodata.USBD_DeviceDesc)
c0dee4bc c0dee4bc       12     1                 USBD_DeviceDesc
c0dee4ce c0dee4ce        4     1         build/nanos2/obj/sdk/lib_stusb_impl/usbd_impl.o:(.rodata.USBD_LangIDDesc)
c0dee4ce c0dee4ce        4     1                 USBD_LangIDDesc
c0dee4d2 c0dee4d2        e     1         build/nanos2/obj/sdk/lib_stusb_impl/usbd_impl.o:(.rodata.USBD_MANUFACTURER_STRING)
c0dee4d2 c0dee4d2        e     1                 USBD_MANUFACTURER_STRING
c0dee4e0 c0dee4e0       18     1         build/nanos2/obj/sdk/lib_stusb_impl/usbd_impl.o:(.rodata.USBD_PRODUCT_FS_STRING)
c0dee4e0 c0dee4e0       18     1                 USBD_PRODUCT_FS_STRING
c0dee4f8 c0dee4f8        a     1         build/nanos2/obj/sdk/lib_stusb_impl/usbd_impl.o:(.rodata.USB_SERIAL_STRING)
c0dee4f8 c0dee4f8        a     1                 USB_SERIAL_STRING
c0dee502 c0dee502       28     1         build/nanos2/obj/sdk/lib_stusb_impl/usbd_impl.o:(.rodata.C_winusb_wcid)
c0dee502 c0dee502       28     1                 C_winusb_wcid
c0dee52c c0dee52c       40     4         build/nanos2/obj/sdk/lib_stusb_impl/usbd_impl.o:(.rodata.USBD_CfgDesc)
c0dee52c c0dee52c       40     1                 USBD_CfgDesc
c0dee56c c0dee56c        a     4         build/nanos2/obj/sdk/lib_stusb_impl/usbd_impl.o:(.rodata.USBD_DeviceQualifierDesc)
c0dee56c c0dee56c        a     1                 USBD_DeviceQualifierDesc
c0dee576 c0dee576        5     1         build/nanos2/obj/sdk/src/os_io_seproxyhal.o:(.rodata.seph_io_general_status)
c0dee576 c0dee576        5     1                 seph_io_general_status
c0dee57b c0dee57b       20     1         <internal>:(.text)
c0dee59b c0dee59b        1     1         . = ALIGN ( 4 )
c0dee59c c0dee59c        0     1         _etext = .
c0dee59c c0dee59c       64     1         . = ALIGN ( PAGE_SIZE )
c0dee600 c0dee600        0     1         _nvram_data = .
c0dee600 c0dee600        3     1         build/nanos2/obj/app/src/app_main.o:(.rodata.N_storage_real)
c0dee600 c0dee600        3     1                 N_storage_real
c0dee603 c0dee603      1fd     1         . = ALIGN ( PAGE_SIZE )
c0dee800 c0dee800        0     1         _envram_data = .
c0dee800 c0dee800        0     1         _install_parameters = .
c0dee800 c0dee800       3f     1         build/nanos2/obj/sdk/src/app_metadata.o:(.install_parameters)
c0dee800 c0dee800       3f     1                 install_parameters
c0dee83f c0dee83f        0     1         _einstall_parameters = .
c0dee83f c0dee83f        0     1         _nvram_end = .
d0000000 d0000000        0     1 .data
d0000000 d0000000        0     1         . = ALIGN ( 4 )
d0000000 d0000000        0     1         _data = .
d0000000 d0000000        0     1         _edata = .
d0000000 d0000000        0     1 
da7a0000 da7a0000     2bdc     8 .bss
da7a0000 da7a0000        0     1         _bss = .
da7a0000 da7a0000      2d8     8         build/nanos2/obj/app/src/app_main.o:(.bss.G_context)
da7a0000 da7a0000      2d8     1                 G_context
da7a02d8 da7a02d8     10f8     8         build/nanos2/obj/app/src/app_main.o:(.bss.g_zknox)
da7a02d8 da7a02d8     10f8     1                 g_zknox
da7a13d0 da7a13d0       1c     4         build/nanos2/obj/app/src/ui/menu_nbgl.o:(.bss..L_MergedGlobals)
da7a13d0 da7a13d0       1c     1                 .L_MergedGlobals
da7a13d0 da7a13d0        1     1                 initSettingPage
da7a13d4 da7a13d4       18     1                 switches
da7a13ec da7a13ec       2b     4         build/nanos2/obj/app/src/ui/nbgl_display_address.o:(.bss.g_address)
da7a13ec da7a13ec       2b     1                 g_address
da7a1418 da7a1418       7f     4         build/nanos2/obj/app/src/ui/nbgl_display_transaction.o:(.bss..L_MergedGlobals)
da7a1418 da7a1418       7f     1                 .L_MergedGlobals
da7a1418 da7a1418       14     1                 pairList
da7a142c da7a142c       1e     1                 g_amount
da7a144c da7a144c       20     1                 pairs
da7a146c da7a146c       2b     1                 g_address
da7a1498 da7a1498        8     4         build/nanos2/obj/sdk/lib_nbgl/src/nbgl_buttons.o:(.bss..L_MergedGlobals)
da7a1498 da7a1498        8     1                 .L_MergedGlobals
da7a1498 da7a1498        1     1                 gButtonMask
da7a149c da7a149c        4     1                 gButtonSameMaskCounter
da7a14a0 da7a14a0       24     4         build/nanos2/obj/sdk/lib_nbgl/src/nbgl_layout_nanos.o:(.bss.gLayout)
da7a14a0 da7a14a0       24     1                 gLayout
da7a14c4 da7a14c4       14     4         build/nanos2/obj/sdk/lib_nbgl/src/nbgl_layout_nanos.o:(.bss.nbgl_layoutAddText.tmpString)
da7a14c4 da7a14c4       14     1                 nbgl_layoutAddText.tmpString
da7a14d8 da7a14d8        1     1         build/nanos2/obj/sdk/lib_nbgl/src/nbgl_obj.o:(.bss.objDrawingDisabled)
da7a14d8 da7a14d8        1     1                 objDrawingDisabled
da7a14da da7a14da        a     2         build/nanos2/obj/sdk/lib_nbgl/src/nbgl_obj.o:(.bss.refreshArea)
da7a14da da7a14da        a     1                 refreshArea
da7a14e4 da7a14e4      801     1         build/nanos2/obj/sdk/lib_nbgl/src/nbgl_obj.o:(.bss.ramBuffer)
da7a14e4 da7a14e4      801     1                 ramBuffer
da7a1ce5 da7a1ce5      7a8     1         build/nanos2/obj/sdk/lib_nbgl/src/nbgl_obj_pool.o:(.bss.objPool)
da7a1ce5 da7a1ce5      7a8     1                 objPool
da7a2490 da7a2490      100     4         build/nanos2/obj/sdk/lib_nbgl/src/nbgl_obj_pool.o:(.bss.objContainerPool)
da7a2490 da7a2490      100     1                 objContainerPool
da7a2590 da7a2590       6b     1         build/nanos2/obj/sdk/lib_nbgl/src/nbgl_obj_pool.o:(.bss..L_MergedGlobals)
da7a2590 da7a2590       6b     1                 .L_MergedGlobals
da7a2590 da7a2590        1     1                 nbUsedObjsInPool
da7a2591 da7a2591        1     1                 initialized
da7a2592 da7a2592        1     1                 nbUsedObjsInContainerPool
da7a2593 da7a2593       28     1                 objPoolLayers
da7a25bb da7a25bb       40     1                 objPointersPoolLayers
da7a25fb da7a25fb      100     1         build/nanos2/obj/sdk/lib_nbgl/src/nbgl_screen.o:(.bss.screenStack)
da7a25fb da7a25fb      100     1                 screenStack
da7a26fc da7a26fc        8     4         build/nanos2/obj/sdk/lib_nbgl/src/nbgl_screen.o:(.bss..L_MergedGlobals)
da7a26fc da7a26fc        8     1                 .L_MergedGlobals
da7a26fc da7a26fc        1     1                 nbScreensOnStack
da7a2700 da7a2700        4     1                 topOfStack
da7a2704 da7a2704       d8     4         build/nanos2/obj/sdk/lib_nbgl/src/nbgl_step.o:(.bss.contexts)
da7a2704 da7a2704       d8     1                 contexts
da7a27dc da7a27dc       68     4         build/nanos2/obj/sdk/lib_nbgl/src/nbgl_use_case_nanos.o:(.bss..L_MergedGlobals)
da7a27dc da7a27dc       68     1                 .L_MergedGlobals
da7a27dc da7a27dc       28     1                 reviewWithWarnCtx
da7a2804 da7a2804       40     1                 context
da7a2844 da7a2844      12c     1         build/nanos2/obj/sdk/lib_standard_app/io.o:(.bss.G_io_seproxyhal_spi_buffer)
da7a2844 da7a2844      12c     1                 G_io_seproxyhal_spi_buffer
da7a2970 da7a2970        8     4         build/nanos2/obj/sdk/lib_standard_app/io.o:(.bss..L_MergedGlobals)
da7a2970 da7a2970        8     1                 .L_MergedGlobals
da7a2970 da7a2970        1     1                 G_io_state
da7a2974 da7a2974        4     1                 G_output_len
da7a2978 da7a2978        c     4         build/nanos2/obj/sdk/lib_standard_app/main.o:(.bss.G_ux_params)
da7a2978 da7a2978        c     1                 G_ux_params
da7a2984 da7a2984       d4     4         build/nanos2/obj/sdk/lib_stusb/STM32_USB_Device_Library/Core/Src/usbd_core.o:(.bss.USBD_Device)
da7a2984 da7a2984       d4     1                 USBD_Device
da7a2a58 da7a2a58        4     4         build/nanos2/obj/sdk/lib_stusb/usbd_conf.o:(.bss.ep_in_stall)
da7a2a58 da7a2a58        4     1                 ep_in_stall
da7a2a5c da7a2a5c        4     4         build/nanos2/obj/sdk/lib_stusb/usbd_conf.o:(.bss.ep_out_stall)
da7a2a5c da7a2a5c        4     1                 ep_out_stall
da7a2a60 da7a2a60        4     4         build/nanos2/obj/sdk/lib_ux_nbgl/ux.o:(.bss.nbTicks)
da7a2a60 da7a2a60        4     1                 nbTicks
da7a2a64 da7a2a64      104     1         build/nanos2/obj/sdk/src/os.o:(.bss.G_io_apdu_buffer)
da7a2a64 da7a2a64      104     1                 G_io_apdu_buffer
da7a2b68 da7a2b68       1c     4         build/nanos2/obj/sdk/src/os_io_seproxyhal.o:(.bss.G_io_app)
da7a2b68 da7a2b68       1c     1                 G_io_app
da7a2b84 da7a2b84       40     1         build/nanos2/obj/sdk/src/os_io_usb.o:(.bss.G_io_usb_ep_buffer)
da7a2b84 da7a2b84       40     1                 G_io_usb_ep_buffer
da7a2bc4 da7a2bc4        4     4         build/nanos2/obj/sdk/src/os_io_usb.o:(.bss.G_io_usb_hid_sequence_number)
da7a2bc4 da7a2bc4        4     1                 G_io_usb_hid_sequence_number
da7a2bc8 da7a2bc8        4     4         build/nanos2/obj/sdk/src/os_io_usb.o:(.bss.G_io_usb_hid_total_length)
da7a2bc8 da7a2bc8        4     1                 G_io_usb_hid_total_length
da7a2bcc da7a2bcc        4     4         build/nanos2/obj/sdk/src/os_io_usb.o:(.bss.G_io_usb_hid_remaining_length)
da7a2bcc da7a2bcc        4     1                 G_io_usb_hid_remaining_length
da7a2bd0 da7a2bd0        4     4         build/nanos2/obj/sdk/src/os_io_usb.o:(.bss.G_io_usb_hid_current_buffer)
da7a2bd0 da7a2bd0        4     1                 G_io_usb_hid_current_buffer
da7a2bd4 da7a2bd4        4     4         build/nanos2/obj/sdk/src/os_io_usb.o:(.bss.G_io_usb_hid_channel)
da7a2bd4 da7a2bd4        4     1                 G_io_usb_hid_channel
da7a2bd8 da7a2bd8        0     1         _ebss = .
da7a2bd8 da7a2bd8        0     1         . = ALIGN ( 4 )
da7a2bd8 da7a2bd8        0     1         app_stack_canary = .
da7a2bd8 da7a2bd8        4     1         . += 4
da7a2bdc da7a2bdc        0     1         _stack = .
da7a2bdc da7a2bdc        0     1         _estack = ABSOLUTE ( END_STACK )
da7a2bdc da7a2bdc        0     1 
d0000000 d0000000       10     4 DEBUG
d0000000 d0000000       10     4         <internal>:(.ARM.exidx)
       0        0       37     1 .comment
       0        0       37     1         <internal>:(.comment)
       0        0      248     4 .debug_frame
       0        0       44     4         /opt/nanosplus-secure-sdk/arch/st33k1/lib/libgcc.a(_aeabi_ldivmod.o):(.debug_frame)
      44       44       2c     4         /opt/nanosplus-secure-sdk/arch/st33k1/lib/libgcc.a(_aeabi_uldivmod.o):(.debug_frame)
      70       70       38     4         /opt/nanosplus-secure-sdk/arch/st33k1/lib/libgcc.a(_udivmoddi4.o):(.debug_frame)
      a8       a8       20     4         /opt/nanosplus-secure-sdk/arch/st33k1/lib/libc.a(lib_a-aeabi_memclr.o):(.debug_frame)
      c8       c8       20     4         /opt/nanosplus-secure-sdk/arch/st33k1/lib/libc.a(lib_a-aeabi_memcpy.o):(.debug_frame)
      e8       e8       20     4         /opt/nanosplus-secure-sdk/arch/st33k1/lib/libc.a(lib_a-aeabi_memmove.o):(.debug_frame)
     108      108       20     4         /opt/nanosplus-secure-sdk/arch/st33k1/lib/libc.a(lib_a-aeabi_memset.o):(.debug_frame)
     128      128       20     4         /opt/nanosplus-secure-sdk/arch/st33k1/lib/libc.a(lib_a-explicit_bzero.o):(.debug_frame)
     148      148       20     4         /opt/nanosplus-secure-sdk/arch/st33k1/lib/libc.a(lib_a-bzero.o):(.debug_frame)
     168      168       28     4         /opt/nanosplus-secure-sdk/arch/st33k1/lib/libc.a(lib_a-memcmp.o):(.debug_frame)
     190      190       28     4         /opt/nanosplus-secure-sdk/arch/st33k1/lib/libc.a(lib_a-memcpy-stub.o):(.debug_frame)
     1b8      1b8       28     4         /opt/nanosplus-secure-sdk/arch/st33k1/lib/libc.a(lib_a-memmove.o):(.debug_frame)
     1e0      1e0       20     4         /opt/nanosplus-secure-sdk/arch/st33k1/lib/libc.a(lib_a-memset.o):(.debug_frame)
     200      200       20     4         /opt/nanosplus-secure-sdk/arch/st33k1/lib/libc.a(lib_a-strcmp.o):(.debug_frame)
     220      220       28     4         /opt/nanosplus-secure-sdk/arch/st33k1/lib/libc.a(lib_a-strncpy.o):(.debug_frame)
       0        0        6     1 ledger.target
       0        0        6     1         build/nanos2/obj/sdk/src/app_metadata.o:(ledger.target)
       0        0        6     1                 target
       0        0        d     1 ledger.target_name
       0        0        d     1         build/nanos2/obj/sdk/src/app_metadata.o:(ledger.target_name)
       0        0        d     1                 target_name
       0        0        a     1 ledger.target_id
       0        0        a     1         build/nanos2/obj/sdk/src/app_metadata.o:(ledger.target_id)
       0        0        a     1                 target_id
       0        0        7     1 ledger.app_name
       0        0        7     1         build/nanos2/obj/sdk/src/app_metadata.o:(ledger.app_name)
       0        0        7     1                 app_name
       0        0        5     1 ledger.app_version
       0        0        5     1         build/nanos2/obj/sdk/src/app_metadata.o:(ledger.app_version)
       0        0        5     1                 app_version
       0        0        2     1 ledger.api_level
       0        0        2     1         build/nanos2/obj/sdk/src/app_metadata.o:(ledger.api_level)
       0        0        2     1                 api_level
       0        0       11     1 ledger.sdk_name
       0        0       11     1         build/nanos2/obj/sdk/src/app_metadata.o:(ledger.sdk_name)
       0        0       11     1                 sdk_name
       0        0        8     1 ledger.sdk_version
       0        0        8     1         build/nanos2/obj/sdk/src/app_metadata.o:(ledger.sdk_version)
       0        0        8     1                 sdk_version
       0        0       28     1 ledger.sdk_hash
       0        0       28     1         build/nanos2/obj/sdk/src/app_metadata.o:(ledger.sdk_hash)
       0        0       28     1                 sdk_hash
       0        0        4     1 ledger.sdk_graphics
       0        0        4     1         build/nanos2/obj/sdk/src/app_metadata.o:(ledger.sdk_graphics)
       0        0        4     1                 sdk_graphics
d0000010 d0000010        0     1 PROVIDE ( _nvram = ABSOLUTE ( _nvram_start ) )
d0000010 d0000010        0     1 PROVIDE ( _envram = ABSOLUTE ( _nvram_end ) )
       0        0       45     1 .ARM.attributes
       0        0       45     1         build/nanos2/gen_src/glyphs.o:(.ARM.attributes)
       0        0     67d0     4 .symtab
       0        0     67d0     4         <internal>:(.symtab)
       0        0      105     1 .shstrtab
       0        0      105     1         <internal>:(.shstrtab)
       0        0     5146     1 .strtab
       0        0     5146     1         <internal>:(.strtab)
